 GameCode

 Timestamp is 58b952d2 (Fri Mar  3 16:56:10 2017)

 Preferred load address is 0000000180000000

 Start         Length     Name                   Class
 0001:00000000 00000627H .text                   CODE
 0001:00000630 0006205aH .text$mn                CODE
 0001:00062690 00000012H .text$mn$00             CODE
 0001:000626b0 00000859H .text$x                 CODE
 0002:00000000 00000278H .idata$5                DATA
 0002:00000278 00000010H .00cfg                  DATA
 0002:00000288 00000008H .CRT$XCA                DATA
 0002:00000290 00000008H .CRT$XCZ                DATA
 0002:00000298 00000008H .CRT$XIA                DATA
 0002:000002a0 00000018H .CRT$XIC                DATA
 0002:000002b8 00000008H .CRT$XIZ                DATA
 0002:000002c0 00000008H .CRT$XPA                DATA
 0002:000002c8 00000010H .CRT$XPX                DATA
 0002:000002d8 00000008H .CRT$XPXA               DATA
 0002:000002e0 00000008H .CRT$XPZ                DATA
 0002:000002e8 00000008H .CRT$XTA                DATA
 0002:000002f0 00000008H .CRT$XTZ                DATA
 0002:000002f8 00000000H .gfids$x                DATA
 0002:00000300 00017a64H .rdata                  DATA
 0002:00017d68 0000016cH .rdata$r                DATA
 0002:00017ed8 00000010H .rdata$zETW0            DATA
 0002:00017ee8 00000077H .rdata$zETW1            DATA
 0002:00017f5f 0000002cH .rdata$zETW2            DATA
 0002:00017f8b 00000001H .rdata$zETW9            DATA
 0002:00017f8c 0000035cH .rdata$zzzdbg           DATA
 0002:000182e8 00000008H .rtc$IAA                DATA
 0002:000182f0 00000008H .rtc$IZZ                DATA
 0002:000182f8 00000008H .rtc$TAA                DATA
 0002:00018300 00000008H .rtc$TZZ                DATA
 0002:00018310 00001b24H .xdata                  DATA
 0002:00019e38 00000084H .xdata$x                DATA
 0002:00019ec0 00000053H .edata                  DATA
 0002:00019f14 00000028H .idata$2                DATA
 0002:00019f3c 00000014H .idata$3                DATA
 0002:00019f50 00000278H .idata$4                DATA
 0002:0001a1c8 000005c6H .idata$6                DATA
 0003:00000000 00000df0H .data                   DATA
 0003:00000df0 0000006cH .data$r                 DATA
 0003:00000e60 000018c0H .bss                    DATA
 0004:00000000 00003bacH .pdata                  DATA

  Address         Publics by Value              Rva+Base               Lib:Object

 0000:00000000       __guard_fids_count         0000000000000000     <absolute>
 0000:00000000       ___safe_se_handler_count   0000000000000000     <absolute>
 0000:00000000       ___safe_se_handler_table   0000000000000000     <absolute>
 0000:00000000       __guard_fids_table         0000000000000000     <absolute>
 0000:00000100       __guard_flags              0000000000000100     <absolute>
 0000:00000000       __ImageBase                0000000180000000     <linker-defined>
 0001:00000000       ?TraceLoggingRegister@__vcrt_trace_logging_provider@@YAJPEBU_TlgProvider_t@1@PEBU_GUID@@P6AX1KE_K2PEAU_EVENT_FILTER_DESCRIPTOR@@PEAX@Z4@Z 0000000180001000 f i libvcruntimed:telemetry.obj
 0001:000000f0       ?TraceLoggingSetInformation@__vcrt_trace_logging_provider@@YAJPEBU_TlgProvider_t@1@W4_EVENT_INFO_CLASS@@PEAXK@Z 00000001800010f0 f i libvcruntimed:telemetry.obj
 0001:00000140       ?TraceLoggingUnregister@__vcrt_trace_logging_provider@@YAXPEBU_TlgProvider_t@1@@Z 0000000180001140 f i libvcruntimed:telemetry.obj
 0001:00000170       ?_TlgCreateSz@__vcrt_trace_logging_provider@@YAXPEAU_EVENT_DATA_DESCRIPTOR@@PEBD@Z 0000000180001170 f i libvcruntimed:telemetry.obj
 0001:000001e0       ?_TlgCreateWsz@__vcrt_trace_logging_provider@@YAXPEAU_EVENT_DATA_DESCRIPTOR@@PEB_W@Z 00000001800011e0 f i libvcruntimed:telemetry.obj
 0001:00000250       ?_TlgEnableCallback@__vcrt_trace_logging_provider@@YAXPEBU_GUID@@KE_K1PEAU_EVENT_FILTER_DESCRIPTOR@@PEAX@Z 0000000180001250 f i libvcruntimed:telemetry.obj
 0001:00000370       ?_TlgKeywordOn@__vcrt_trace_logging_provider@@YAEPEBU_TlgProvider_t@1@_K@Z 0000000180001370 f i libvcruntimed:telemetry.obj
 0001:000003e0       ?_TlgWrite@__vcrt_trace_logging_provider@@YAJPEBU_TlgProvider_t@1@PEFBXPEBU_GUID@@2IPEAU_EVENT_DATA_DESCRIPTOR@@@Z 00000001800013e0 f i libvcruntimed:telemetry.obj
 0001:00000630       ?c2CircletoCircle@@YAHUc2Circle@@0@Z 0000000180001630 f   gamecode.obj
 0001:000006e0       ?c2CircletoAABB@@YAHUc2Circle@@Uc2AABB@@@Z 00000001800016e0 f   gamecode.obj
 0001:000007a0       ?c2CircletoCapsule@@YAHUc2Circle@@Uc2Capsule@@@Z 00000001800017a0 f   gamecode.obj
 0001:00000990       ?c2AABBtoAABB@@YAHUc2AABB@@0@Z 0000000180001990 f   gamecode.obj
 0001:00000a90       ?c2AABBtoCapsule@@YAHUc2AABB@@Uc2Capsule@@@Z 0000000180001a90 f   gamecode.obj
 0001:00000b00       ?c2CapsuletoCapsule@@YAHUc2Capsule@@0@Z 0000000180001b00 f   gamecode.obj
 0001:00000b70       ?c2CircletoPoly@@YAHUc2Circle@@PEBUc2Poly@@PEBUc2x@@@Z 0000000180001b70 f   gamecode.obj
 0001:00000be0       ?c2AABBtoPoly@@YAHUc2AABB@@PEBUc2Poly@@PEBUc2x@@@Z 0000000180001be0 f   gamecode.obj
 0001:00000c60       ?c2CapsuletoPoly@@YAHUc2Capsule@@PEBUc2Poly@@PEBUc2x@@@Z 0000000180001c60 f   gamecode.obj
 0001:00000ce0       ?c2PolytoPoly@@YAHPEBUc2Poly@@PEBUc2x@@01@Z 0000000180001ce0 f   gamecode.obj
 0001:00000d60       ?c2RaytoCircle@@YAHUc2Ray@@Uc2Circle@@PEAUc2Raycast@@@Z 0000000180001d60 f   gamecode.obj
 0001:00000f20       ?c2RaytoAABB@@YAHUc2Ray@@Uc2AABB@@PEAUc2Raycast@@@Z 0000000180001f20 f   gamecode.obj
 0001:00001270       ?c2RaytoCapsule@@YAHUc2Ray@@Uc2Capsule@@PEAUc2Raycast@@@Z 0000000180002270 f   gamecode.obj
 0001:00001820       ?c2RaytoPoly@@YAHUc2Ray@@PEBUc2Poly@@PEBUc2x@@PEAUc2Raycast@@@Z 0000000180002820 f   gamecode.obj
 0001:00001b40       ?c2CircletoCircleManifold@@YAXUc2Circle@@0PEAUc2Manifold@@@Z 0000000180002b40 f   gamecode.obj
 0001:00001d10       ?c2CircletoAABBManifold@@YAXUc2Circle@@Uc2AABB@@PEAUc2Manifold@@@Z 0000000180002d10 f   gamecode.obj
 0001:00002180       ?c2CircletoCapsuleManifold@@YAXUc2Circle@@Uc2Capsule@@PEAUc2Manifold@@@Z 0000000180003180 f   gamecode.obj
 0001:00002360       ?c2AABBtoAABBManifold@@YAXUc2AABB@@0PEAUc2Manifold@@@Z 0000000180003360 f   gamecode.obj
 0001:00002800       ?c2AABBtoCapsuleManifold@@YAXUc2AABB@@Uc2Capsule@@PEAUc2Manifold@@@Z 0000000180003800 f   gamecode.obj
 0001:000028c0       ?c2CapsuletoCapsuleManifold@@YAXUc2Capsule@@0PEAUc2Manifold@@@Z 00000001800038c0 f   gamecode.obj
 0001:00002ad0       ?c2CircletoPolyManifold@@YAXUc2Circle@@PEBUc2Poly@@PEBUc2x@@PEAUc2Manifold@@@Z 0000000180003ad0 f   gamecode.obj
 0001:00002fe0       ?c2AABBtoPolyManifold@@YAXUc2AABB@@PEBUc2Poly@@PEBUc2x@@PEAUc2Manifold@@@Z 0000000180003fe0 f   gamecode.obj
 0001:000030a0       ?c2CapsuletoPolyManifold@@YAXUc2Capsule@@PEBUc2Poly@@PEBUc2x@@PEAUc2Manifold@@@Z 00000001800040a0 f   gamecode.obj
 0001:00003760       ?c2PolytoPolyManifold@@YAXPEBUc2Poly@@PEBUc2x@@01PEAUc2Manifold@@@Z 0000000180004760 f   gamecode.obj
 0001:00003bf0       ?c2GJK@@YAMPEBXW4C2_TYPE@@PEBUc2x@@012PEAUc2v@@3H@Z 0000000180004bf0 f   gamecode.obj
 0001:00004480       ?c2Hull@@YAHPEAUc2v@@H@Z   0000000180005480 f   gamecode.obj
 0001:000047b0       ?c2Norms@@YAXPEAUc2v@@0H@Z 00000001800057b0 f   gamecode.obj
 0001:00004890       ?c2MakePoly@@YAXPEAUc2Poly@@@Z 0000000180005890 f   gamecode.obj
 0001:000048f0       ?c2Collided@@YAHPEBXPEBUc2x@@W4C2_TYPE@@012@Z 00000001800058f0 f   gamecode.obj
 0001:00004e80       ?c2Collide@@YAXPEBXPEBUc2x@@W4C2_TYPE@@012PEAUc2Manifold@@@Z 0000000180005e80 f   gamecode.obj
 0001:00007580       stbi_load                  0000000180008580 f   gamecode.obj
 0001:00007630       stbi_load_from_memory      0000000180008630 f   gamecode.obj
 0001:000076d0       stbi_load_from_callbacks   00000001800086d0 f   gamecode.obj
 0001:00007770       stbi_load_from_file        0000000180008770 f   gamecode.obj
 0001:00007840       stbi_loadf                 0000000180008840 f   gamecode.obj
 0001:000078f0       stbi_loadf_from_memory     00000001800088f0 f   gamecode.obj
 0001:00007990       stbi_loadf_from_callbacks  0000000180008990 f   gamecode.obj
 0001:00007a30       stbi_loadf_from_file       0000000180008a30 f   gamecode.obj
 0001:00007ac0       stbi_hdr_to_ldr_gamma      0000000180008ac0 f   gamecode.obj
 0001:00007af0       stbi_hdr_to_ldr_scale      0000000180008af0 f   gamecode.obj
 0001:00007b20       stbi_ldr_to_hdr_gamma      0000000180008b20 f   gamecode.obj
 0001:00007b40       stbi_ldr_to_hdr_scale      0000000180008b40 f   gamecode.obj
 0001:00007b60       stbi_is_hdr_from_callbacks 0000000180008b60 f   gamecode.obj
 0001:00007bd0       stbi_is_hdr_from_memory    0000000180008bd0 f   gamecode.obj
 0001:00007c40       stbi_is_hdr                0000000180008c40 f   gamecode.obj
 0001:00007ca0       stbi_is_hdr_from_file      0000000180008ca0 f   gamecode.obj
 0001:00007d00       stbi_failure_reason        0000000180008d00 f   gamecode.obj
 0001:00007d10       stbi_image_free            0000000180008d10 f   gamecode.obj
 0001:00007d30       stbi_info_from_memory      0000000180008d30 f   gamecode.obj
 0001:00007dc0       stbi_info_from_callbacks   0000000180008dc0 f   gamecode.obj
 0001:00007e50       stbi_info                  0000000180008e50 f   gamecode.obj
 0001:00007ed0       stbi_info_from_file        0000000180008ed0 f   gamecode.obj
 0001:00007f80       stbi_set_unpremultiply_on_load 0000000180008f80 f   gamecode.obj
 0001:00007fa0       stbi_convert_iphone_png_to_rgb 0000000180008fa0 f   gamecode.obj
 0001:00007fc0       stbi_set_flip_vertically_on_load 0000000180008fc0 f   gamecode.obj
 0001:00007fe0       stbi_zlib_decode_malloc_guesssize 0000000180008fe0 f   gamecode.obj
 0001:000080e0       stbi_zlib_decode_malloc_guesssize_headerflag 00000001800090e0 f   gamecode.obj
 0001:000081f0       stbi_zlib_decode_malloc    00000001800091f0 f   gamecode.obj
 0001:00008230       stbi_zlib_decode_buffer    0000000180009230 f   gamecode.obj
 0001:000082f0       stbi_zlib_decode_noheader_malloc 00000001800092f0 f   gamecode.obj
 0001:000083f0       stbi_zlib_decode_noheader_buffer 00000001800093f0 f   gamecode.obj
 0001:0001bf50       ?stbi__tga_read_rgb16@@YAXPEAUstbi__context@@PEAE@Z 000000018001cf50 f   gamecode.obj
 0001:0001ebf0       ?DrawFilledCircle@@YAXMMMPEAUgame_offscreen_buffer@@MMMM@Z 000000018001fbf0 f   gamecode.obj
 0001:0001f120       GameUpdateAndRender        0000000180020120 f   gamecode.obj
 0001:00020220       GameGetSoundSamples        0000000180021220 f   gamecode.obj
 0001:00020240       ??G@YA?ATv2@@T0@0@Z        0000000180021240 f i gamecode.obj
 0001:000202a0       ??H@YA?ATv2@@T0@0@Z        00000001800212a0 f i gamecode.obj
 0001:00020300       ?AbsoluteValue@@YAMM@Z     0000000180021300 f i gamecode.obj
 0001:00020330       ?BeginTemporaryMemory@@YA?AUtemporary_memory@@PEAUmemory_arena@@@Z 0000000180021330 f i gamecode.obj
 0001:00020390       ??1?$__crt_simd_cleanup_guard@$0A@@@QEAA@XZ 0000000180021390 f i libucrtd:strnlen.obj
 0001:00020390       _guard_check_icall_nop     0000000180021390 f i LIBCMTD:guard_support.obj
 0001:00020390       ?CheckArena@@YAXPEAUmemory_arena@@@Z 0000000180021390 f i gamecode.obj
 0001:000203a0       ?Copy@@YAPEAX_KPEAX1@Z     00000001800213a0 f i gamecode.obj
 0001:00020420       ?EndTemporaryMemory@@YAXUtemporary_memory@@@Z 0000000180021420 f i gamecode.obj
 0001:00020460       ?GetAlignmentOffset@@YA_KPEAUmemory_arena@@_K@Z 0000000180021460 f i gamecode.obj
 0001:000204e0       ?GetController@@YAPEAUgame_controller_input@@PEAUgame_input@@_K@Z 00000001800214e0 f i gamecode.obj
 0001:00020500       ?InitializeArena@@YAXPEAUmemory_arena@@_KPEAX@Z 0000000180021500 f i gamecode.obj
 0001:00020550       ?Intersect@@YA?AUrectangle2i@@U1@0@Z 0000000180021550 f i gamecode.obj
 0001:00020670       ?PushSize_@@YAPEAXPEAUmemory_arena@@_K1@Z 0000000180021670 f i gamecode.obj
 0001:00020700       ?RectCenterHalfDim@@YA?AUrectangle2@@Tv2@@0@Z 0000000180021700 f i gamecode.obj
 0001:000207a0       ?RectanglesIntersect@@YAHUrectangle2@@0@Z 00000001800217a0 f i gamecode.obj
 0001:00020820       ?RoundReal32ToInt32@@YAHM@Z 0000000180021820 f i gamecode.obj
 0001:00020850       ?RoundReal32ToUInt32@@YAIM@Z 0000000180021850 f i gamecode.obj
 0001:00020880       ?SignOf@@YAMM@Z            0000000180021880 f i gamecode.obj
 0001:000208d0       ?c2Absv@@YA?AUc2v@@U1@@Z   00000001800218d0 f i gamecode.obj
 0001:00020960       ?c2Add@@YA?AUc2v@@U1@0@Z   0000000180021960 f i gamecode.obj
 0001:000209a0       ?c2BBVerts@@YAXPEAUc2v@@PEAUc2AABB@@@Z 00000001800219a0 f i gamecode.obj
 0001:00020a60       ?c2CCW90@@YA?AUc2v@@U1@@Z  0000000180021a60 f i gamecode.obj
 0001:00020a90       ?c2Clampv@@YA?AUc2v@@U1@00@Z 0000000180021a90 f i gamecode.obj
 0001:00020ae0       ?c2Det2@@YAMUc2v@@0@Z      0000000180021ae0 f i gamecode.obj
 0001:00020b10       ?c2Dist@@YAMUc2h@@Uc2v@@@Z 0000000180021b10 f i gamecode.obj
 0001:00020b40       ?c2Div@@YA?AUc2v@@U1@M@Z   0000000180021b40 f i gamecode.obj
 0001:00020b80       ?c2Dot@@YAMUc2v@@0@Z       0000000180021b80 f i gamecode.obj
 0001:00020bb0       ?c2Hmax@@YAMUc2v@@@Z       0000000180021bb0 f i gamecode.obj
 0001:00020bf0       ?c2Hmin@@YAMUc2v@@@Z       0000000180021bf0 f i gamecode.obj
 0001:00020c30       ?c2Len@@YAMUc2v@@@Z        0000000180021c30 f i gamecode.obj
 0001:00020c60       ?c2Lerp@@YA?AUc2v@@U1@0M@Z 0000000180021c60 f i gamecode.obj
 0001:00020cc0       ?c2Maxv@@YA?AUc2v@@U1@0@Z  0000000180021cc0 f i gamecode.obj
 0001:00020d40       ?c2Minv@@YA?AUc2v@@U1@0@Z  0000000180021d40 f i gamecode.obj
 0001:00020dc0       ?c2MulmvT@@YA?AUc2v@@Uc2m@@U1@@Z 0000000180021dc0 f i gamecode.obj
 0001:00020e30       ?c2MulrrT@@YA?AUc2r@@U1@0@Z 0000000180021e30 f i gamecode.obj
 0001:00020e90       ?c2Mulrv@@YA?AUc2v@@Uc2r@@U1@@Z 0000000180021e90 f i gamecode.obj
 0001:00020f00       ?c2MulrvT@@YA?AUc2v@@Uc2r@@U1@@Z 0000000180021f00 f i gamecode.obj
 0001:00020f70       ?c2Mulvs@@YA?AUc2v@@U1@M@Z 0000000180021f70 f i gamecode.obj
 0001:00020fb0       ?c2Mulvv@@YA?AUc2v@@U1@0@Z 0000000180021fb0 f i gamecode.obj
 0001:00020ff0       ?c2Mulxh@@YA?AUc2h@@Uc2x@@U1@@Z 0000000180021ff0 f i gamecode.obj
 0001:000210e0       ?c2Mulxv@@YA?AUc2v@@Uc2x@@U1@@Z 00000001800220e0 f i gamecode.obj
 0001:00021130       ?c2MulxvT@@YA?AUc2v@@Uc2x@@U1@@Z 0000000180022130 f i gamecode.obj
 0001:00021180       ?c2MulxxT@@YA?AUc2x@@U1@0@Z 0000000180022180 f i gamecode.obj
 0001:00021240       ?c2Neg@@YA?AUc2v@@U1@@Z    0000000180022240 f i gamecode.obj
 0001:00021290       ?c2Norm@@YA?AUc2v@@U1@@Z   0000000180022290 f i gamecode.obj
 0001:000212c0       ?c2Origin@@YA?AUc2v@@Uc2h@@@Z 00000001800222c0 f i gamecode.obj
 0001:000212f0       ?c2Parallel@@YAHUc2v@@0M@Z 00000001800222f0 f i gamecode.obj
 0001:00021400       ?c2Project@@YA?AUc2v@@Uc2h@@U1@@Z 0000000180022400 f i gamecode.obj
 0001:00021470       ?c2RotIdentity@@YA?AUc2r@@XZ 0000000180022470 f i gamecode.obj
 0001:000214a0       ?c2Skew@@YA?AUc2v@@U1@@Z   00000001800224a0 f i gamecode.obj
 0001:000214d0       ?c2Sub@@YA?AUc2v@@U1@0@Z   00000001800224d0 f i gamecode.obj
 0001:00021510       ?c2V@@YA?AUc2v@@MM@Z       0000000180022510 f i gamecode.obj
 0001:00021540       ?c2xIdentity@@YA?AUc2x@@XZ 0000000180022540 f i gamecode.obj
 0001:000215c0       fabsf                      00000001800225c0 f i gamecode.obj
 0001:000215e0       __GSHandlerCheck           00000001800225e0 f   LIBCMTD:_gshandler_.obj
 0001:00021620       __GSHandlerCheckCommon     0000000180022620 f   LIBCMTD:_gshandler_.obj
 0001:00021730       _alloca_probe              0000000180022730 f   LIBCMTD:_chkstk_.obj
 0001:00021730       __chkstk                   0000000180022730 f   LIBCMTD:_chkstk_.obj
 0001:000217a0       __security_check_cookie    00000001800227a0 f   LIBCMTD:_amdsecgs_.obj
 0001:00021bd0       _DllMainCRTStartup         0000000180022bd0 f   LIBCMTD:dll_dllmain.obj
 0001:00021c10       __raise_securityfailure    0000000180022c10 f   LIBCMTD:gs_report.obj
 0001:00021c50       __report_gsfailure         0000000180022c50 f   LIBCMTD:gs_report.obj
 0001:00021d30       __report_rangecheckfailure 0000000180022d30 f   LIBCMTD:gs_report.obj
 0001:00021d50       __report_securityfailure   0000000180022d50 f   LIBCMTD:gs_report.obj
 0001:00021eb0       ?__crt_rotate_pointer_value@@YA_K_KH@Z 0000000180022eb0 f i LIBCMTD:utility.obj
 0001:00022030       NtCurrentTeb               0000000180023030 f i LIBCMTD:utility.obj
 0001:00022040       __scrt_acquire_startup_lock 0000000180023040 f   LIBCMTD:utility.obj
 0001:000220b0       __scrt_dllmain_after_initialize_c 00000001800230b0 f   LIBCMTD:utility.obj
 0001:000220d0       __scrt_dllmain_before_initialize_c 00000001800230d0 f   LIBCMTD:utility.obj
 0001:000220f0       __scrt_dllmain_crt_thread_attach 00000001800230f0 f   LIBCMTD:utility.obj
 0001:00022120       __scrt_dllmain_crt_thread_detach 0000000180023120 f   LIBCMTD:utility.obj
 0001:00022140       __scrt_dllmain_exception_filter 0000000180023140 f   LIBCMTD:utility.obj
 0001:000221a0       __scrt_dllmain_uninitialize_c 00000001800231a0 f   LIBCMTD:utility.obj
 0001:000221d0       __scrt_dllmain_uninitialize_critical 00000001800231d0 f   LIBCMTD:utility.obj
 0001:000221f0       __scrt_initialize_crt      00000001800231f0 f   LIBCMTD:utility.obj
 0001:00022240       __scrt_initialize_onexit_tables 0000000180023240 f   LIBCMTD:utility.obj
 0001:00022340       __scrt_is_nonwritable_in_current_image 0000000180023340 f   LIBCMTD:utility.obj
 0001:000223d0       __scrt_release_startup_lock 00000001800233d0 f   LIBCMTD:utility.obj
 0001:00022400       __scrt_uninitialize_crt    0000000180023400 f   LIBCMTD:utility.obj
 0001:00022440       _onexit                    0000000180023440 f   LIBCMTD:utility.obj
 0001:000224d0       atexit                     00000001800234d0 f   LIBCMTD:utility.obj
 0001:00022510       __security_init_cookie     0000000180023510 f   LIBCMTD:gs_support.obj
 0001:00022630       DllMain                    0000000180023630 f   LIBCMTD:dll_dllmain_stub.obj
 0001:00022650       ?__scrt_initialize_type_info@@YAXXZ 0000000180023650 f   LIBCMTD:tncleanup.obj
 0001:00022670       ?__scrt_uninitialize_type_info@@YAXXZ 0000000180023670 f   LIBCMTD:tncleanup.obj
 0001:00022690       __local_stdio_printf_options 0000000180023690 f i LIBCMTD:default_local_stdio_options.obj
 0001:000226a0       __local_stdio_scanf_options 00000001800236a0 f i LIBCMTD:default_local_stdio_options.obj
 0001:000226b0       __scrt_initialize_default_local_stdio_options 00000001800236b0 f   LIBCMTD:default_local_stdio_options.obj
 0001:00022700       __scrt_get_dyn_tls_init_callback 0000000180023700 f   LIBCMTD:dyn_tls_init.obj
 0001:00022710       __crt_debugger_hook        0000000180023710 f   LIBCMTD:utility_desktop.obj
 0001:00022720       __scrt_fastfail            0000000180023720 f   LIBCMTD:utility_desktop.obj
 0001:000228c0       _RTC_Initialize            00000001800238c0 f   LIBCMTD:_initsect_.obj
 0001:00022910       _RTC_Terminate             0000000180023910 f   LIBCMTD:_initsect_.obj
 0001:00022960       _guard_check_icall         0000000180023960 f i LIBCMTD:checkcfg.obj
 0001:00022980       __isa_available_init       0000000180023980 f   LIBCMTD:_cpu_disp_.obj
 0001:00022d00       __scrt_is_ucrt_dll_in_use  0000000180023d00 f   LIBCMTD:ucrt_detection.obj
 0001:00022d30       _guard_icall_checks_enforced 0000000180023d30 f i LIBCMTD:guard_support.obj
 0001:00022d60       IsProcessorFeaturePresent  0000000180023d60 f   kernel32:KERNEL32.dll
 0001:00022e00       EventDataDescCreate        0000000180023e00 f i libvcruntimed:telemetry.obj
 0001:00022e40       HRESULT_FROM_WIN32         0000000180023e40 f i libvcruntimed:telemetry.obj
 0001:00022e80       __telemetry_main_invoke_trigger 0000000180023e80 f   libvcruntimed:telemetry.obj
 0001:00022fc0       __telemetry_main_return_trigger 0000000180023fc0 f   libvcruntimed:telemetry.obj
 0001:00023100       __vcrt_initialize_telemetry_provider 0000000180024100 f   libvcruntimed:telemetry.obj
 0001:00023120       __vcrt_uninitialize_telemetry_provider 0000000180024120 f   libvcruntimed:telemetry.obj
 0001:00023140       __C_specific_handler       0000000180024140 f   libvcruntimed:_chandler_.obj
 0001:00023570       __vcrt_initialize          0000000180024570 f   libvcruntimed:initialization.obj
 0001:000235c0       __vcrt_thread_attach       00000001800245c0 f   libvcruntimed:initialization.obj
 0001:000235e0       __vcrt_thread_detach       00000001800245e0 f   libvcruntimed:initialization.obj
 0001:00023600       __vcrt_uninitialize        0000000180024600 f   libvcruntimed:initialization.obj
 0001:00023630       __vcrt_uninitialize_critical 0000000180024630 f   libvcruntimed:initialization.obj
 0001:00023640       ??1?$__crt_unique_heap_ptr@U__vcrt_ptd@@U__crt_internal_free_policy@@@@QEAA@XZ 0000000180024640 f i libvcruntimed:per_thread_data.obj
 0001:00023640       ??1?$__crt_unique_heap_ptr@DU__crt_internal_free_policy@@@@QEAA@XZ 0000000180024640 f i libvcruntimed:std_type_info.obj
 0001:00023660       ?release@?$__crt_unique_heap_ptr@DU__crt_internal_free_policy@@@@QEAAXXZ 0000000180024660 f i libvcruntimed:std_type_info.obj
 0001:00023660       ?release@?$__crt_unique_heap_ptr@U__vcrt_ptd@@U__crt_internal_free_policy@@@@QEAAXXZ 0000000180024660 f i libvcruntimed:per_thread_data.obj
 0001:00023690       __std_type_info_compare    0000000180024690 f   libvcruntimed:std_type_info.obj
 0001:000236d0       __std_type_info_destroy_list 00000001800246d0 f   libvcruntimed:std_type_info.obj
 0001:00023730       ??$__crt_interlocked_compare_exchange_pointer@X$$T$$T@@YAPEAXPEDSEAX$$T1@Z 0000000180024730 f i libvcruntimed:winapi_downlevel.obj
 0001:00023730       ??$__crt_interlocked_compare_exchange_pointer@UHINSTANCE__@@$$T$$T@@YAPEAUHINSTANCE__@@PEDSEAU0@$$T1@Z 0000000180024730 f i libvcruntimed:winapi_downlevel.obj
 0001:00023770       ??$__crt_interlocked_exchange_pointer@UHINSTANCE__@@PEAX@@YAPEAUHINSTANCE__@@PEDSEAU0@QEAX@Z 0000000180024770 f i libvcruntimed:winapi_downlevel.obj
 0001:00023770       ??$__crt_interlocked_exchange_pointer@UHINSTANCE__@@PEAU1@@@YAPEAUHINSTANCE__@@PEDSEAU0@QEAU0@@Z 0000000180024770 f i libvcruntimed:winapi_downlevel.obj
 0001:00023770       ??$__crt_interlocked_exchange_pointer@XPEAX@@YAPEAXPEDSEAXQEAX@Z 0000000180024770 f i libvcruntimed:winapi_downlevel.obj
 0001:00023790       ??$__crt_interlocked_read_pointer@X@@YAPEAXPEDSEAX@Z 0000000180024790 f i libvcruntimed:winapi_downlevel.obj
 0001:00023790       ??$__crt_interlocked_read_pointer@UHINSTANCE__@@@@YAPEAUHINSTANCE__@@PEDSEAU0@@Z 0000000180024790 f i libvcruntimed:winapi_downlevel.obj
 0001:000237b0       ?__crt_fast_encode_pointer@@YA?AU__crt_fast_encoded_nullptr_t@@$$T@Z 00000001800247b0 f i libvcruntimed:winapi_downlevel.obj
 0001:000237d0       ?get_invalid_value@__crt_handle_traits@@SAPEAXXZ 00000001800247d0 f   libucrtd:crtmbox.obj
 0001:00023da0       __vcrt_EventRegister       0000000180024da0 f   libvcruntimed:winapi_downlevel.obj
 0001:00023e10       __vcrt_EventSetInformation 0000000180024e10 f   libvcruntimed:winapi_downlevel.obj
 0001:00023e70       __vcrt_EventUnregister     0000000180024e70 f   libvcruntimed:winapi_downlevel.obj
 0001:00023ec0       __vcrt_EventWriteTransfer  0000000180024ec0 f   libvcruntimed:winapi_downlevel.obj
 0001:00023f40       __vcrt_FlsAlloc            0000000180024f40 f   libvcruntimed:winapi_downlevel.obj
 0001:00023f90       __vcrt_FlsFree             0000000180024f90 f   libvcruntimed:winapi_downlevel.obj
 0001:00023fe0       __vcrt_FlsGetValue         0000000180024fe0 f   libvcruntimed:winapi_downlevel.obj
 0001:00024030       __vcrt_FlsSetValue         0000000180025030 f   libvcruntimed:winapi_downlevel.obj
 0001:00024090       __vcrt_InitializeCriticalSectionEx 0000000180025090 f   libvcruntimed:winapi_downlevel.obj
 0001:000240f0       __vcrt_initialize_winapi_thunks 00000001800250f0 f   libvcruntimed:winapi_downlevel.obj
 0001:00024170       __vcrt_uninitialize_winapi_thunks 0000000180025170 f   libvcruntimed:winapi_downlevel.obj
 0001:00024220       _local_unwind              0000000180025220 f   libvcruntimed:_jmpuwind_.obj
 0001:00024250       _NLG_Notify                0000000180025250 f   libvcruntimed:_jmpuwind_.obj
 0001:00024270       __NLG_Dispatch2            0000000180025270 f   libvcruntimed:_jmpuwind_.obj
 0001:00024280       __NLG_Return2              0000000180025280 f   libvcruntimed:_jmpuwind_.obj
 0001:00024290       __except_validate_context_record 0000000180025290 f   libvcruntimed:jbcxrval.obj
 0001:00024320       __vcrt_freefls             0000000180025320 f   libvcruntimed:per_thread_data.obj
 0001:00024360       __vcrt_freeptd             0000000180025360 f   libvcruntimed:per_thread_data.obj
 0001:000243c0       __vcrt_getptd              00000001800253c0 f   libvcruntimed:per_thread_data.obj
 0001:000243f0       __vcrt_getptd_noexit       00000001800253f0 f   libvcruntimed:per_thread_data.obj
 0001:00024510       __vcrt_initialize_ptd      0000000180025510 f   libvcruntimed:per_thread_data.obj
 0001:00024560       __vcrt_uninitialize_ptd    0000000180025560 f   libvcruntimed:per_thread_data.obj
 0001:00024590       __vcrt_initialize_locks    0000000180025590 f   libvcruntimed:locks.obj
 0001:00024600       __vcrt_uninitialize_locks  0000000180025600 f   libvcruntimed:locks.obj
 0001:00024660       __vcrt_initialize_pure_virtual_call_handler 0000000180025660 f   libvcruntimed:purevirt_data.obj
 0001:00024690       ??$__vcrt_va_start_verify_argument_type@QEB_W@@YAXXZ 0000000180025690 f i libucrtd:assert.obj
 0001:00024690       ??$__vcrt_va_start_verify_argument_type@QEBD@@YAXXZ 0000000180025690 f i libvcruntimed:undname.obj
 0001:000246a0       _vsprintf_s_l              00000001800256a0 f i libvcruntimed:undname.obj
 0001:00024710       sprintf_s                  0000000180025710 f i libvcruntimed:undname.obj
 0001:000257e0       ??$ftprintf@PEAU_iobuf@@PEB_WAEBQEB_WAEBQEB_WAEBI@?$__crt_char_traits@_W@@SAH$$QEAPEAU_iobuf@@$$QEAPEB_WAEBQEB_W2AEBI@Z 00000001800267e0 f i libucrtd:assert.obj
 0001:00025830       ??$get_module_file_name@AEAPEAUHINSTANCE__@@AEAY0BAF@DK@?$__crt_char_traits@D@@SAKAEAPEAUHINSTANCE__@@AEAY0BAF@D$$QEAK@Z 0000000180026830 f i libucrtd:assert.obj
 0001:00025870       ??$get_module_file_name@AEAPEAUHINSTANCE__@@AEAY0BAF@_WK@?$__crt_char_traits@_W@@SAKAEAPEAUHINSTANCE__@@AEAY0BAF@_W$$QEAK@Z 0000000180026870 f i libucrtd:assert.obj
 0001:000258b0       ??$itot_s@AEBIQEA_W$$CB_KH@?$__crt_char_traits@_W@@SAHAEBI$$QEBQEA_W$$QEB_K$$QEAH@Z 00000001800268b0 f i libucrtd:assert.obj
 0001:00025900       ??$show_message_box@AEAY0CEA@_WPEB_WJ@?$__crt_char_traits@_W@@SAHAEAY0CEA@_W$$QEAPEB_W$$QEAJ@Z 0000000180026900 f i libucrtd:assert.obj
 0001:00025940       ??$tcscat_s@AEBQEA_WAEB_KAEAPEA_W@?$__crt_char_traits@_W@@SAHAEBQEA_WAEB_KAEAPEA_W@Z 0000000180026940 f i libucrtd:assert.obj
 0001:00025940       ??$tcscat_s@AEBQEA_WAEB_KAEBQEB_W@?$__crt_char_traits@_W@@SAHAEBQEA_WAEB_KAEBQEB_W@Z 0000000180026940 f i libucrtd:assert.obj
 0001:00025940       ??$tcscat_s@AEBQEA_WAEB_KPEB_W@?$__crt_char_traits@_W@@SAHAEBQEA_WAEB_K$$QEAPEB_W@Z 0000000180026940 f i libucrtd:assert.obj
 0001:00025980       ??$tcscpy_s@AEAY0BAF@D_KPEBD@?$__crt_char_traits@D@@SAHAEAY0BAF@D$$QEA_K$$QEAPEBD@Z 0000000180026980 f i libucrtd:assert.obj
 0001:000259c0       ??$tcscpy_s@AEAY0BAF@_W_KPEB_W@?$__crt_char_traits@_W@@SAHAEAY0BAF@_W$$QEA_K$$QEAPEB_W@Z 00000001800269c0 f i libucrtd:assert.obj
 0001:00025a00       ??$tcscpy_s@AEBQEA_WAEB_KPEB_W@?$__crt_char_traits@_W@@SAHAEBQEA_WAEB_K$$QEAPEB_W@Z 0000000180026a00 f i libucrtd:assert.obj
 0001:00025a40       ??$tcslen@AEAY0BAF@D@?$__crt_char_traits@D@@SA_KAEAY0BAF@D@Z 0000000180026a40 f i libucrtd:assert.obj
 0001:00025a60       ??$tcslen@AEAY0BAF@_W@?$__crt_char_traits@_W@@SA_KAEAY0BAF@_W@Z 0000000180026a60 f i libucrtd:assert.obj
 0001:00025a80       ??$tcslen@AEBQEBD@?$__crt_char_traits@D@@SA_KAEBQEBD@Z 0000000180026a80 f i libucrtd:assert.obj
 0001:00025aa0       ??$tcslen@AEBQEA_W@?$__crt_char_traits@_W@@SA_KAEBQEA_W@Z 0000000180026aa0 f i libucrtd:assert.obj
 0001:00025aa0       ??$tcslen@AEBQEB_W@?$__crt_char_traits@_W@@SA_KAEBQEB_W@Z 0000000180026aa0 f i libucrtd:assert.obj
 0001:00025ac0       ??$tcsncat_s@AEBQEA_WAEB_KPEB_W_K@?$__crt_char_traits@_W@@SAHAEBQEA_WAEB_K$$QEAPEB_W$$QEA_K@Z 0000000180026ac0 f i libucrtd:assert.obj
 0001:00025ac0       ??$tcsncat_s@AEBQEA_WAEB_KAEBQEB_WAEB_K@?$__crt_char_traits@_W@@SAHAEBQEA_WAEB_KAEBQEB_W1@Z 0000000180026ac0 f i libucrtd:assert.obj
 0001:00025ac0       ??$tcsncat_s@AEBQEA_WAEB_KAEAPEB_W_K@?$__crt_char_traits@_W@@SAHAEBQEA_WAEB_KAEAPEB_W$$QEA_K@Z 0000000180026ac0 f i libucrtd:assert.obj
 0001:00025b10       ??0?$__crt_unique_handle_t@U__crt_handle_traits@@@@QEAA@QEAX@Z 0000000180026b10 f i libucrtd:crtmbox.obj
 0001:00025b10       ??0?$__crt_unique_handle_t@U__crt_hmodule_traits@@@@QEAA@QEAUHINSTANCE__@@@Z 0000000180026b10 f i libucrtd:exit.obj
 0001:00025b10       ??0?$__crt_scoped_stack_ptr_tag@_W@@QEAA@QEA_W@Z 0000000180026b10 f i libucrtd:getstringtypea.obj
 0001:00025b10       ??0?$__crt_unique_heap_ptr@U__crt_stdio_stream_data@@U__crt_internal_free_policy@@@@QEAA@QEAU__crt_stdio_stream_data@@@Z 0000000180026b10 f i libucrtd:stream.obj
 0001:00025b10       ??0?$__crt_unique_heap_ptr@PEAU__crt_stdio_stream_data@@U__crt_internal_free_policy@@@@QEAA@QEAPEAU__crt_stdio_stream_data@@@Z 0000000180026b10 f i libucrtd:_file.obj
 0001:00025b10       ??0?$__crt_unique_heap_ptr@U__crt_multibyte_data@@U__crt_internal_free_policy@@@@QEAA@QEAU__crt_multibyte_data@@@Z 0000000180026b10 f i libucrtd:wsetlocale.obj
 0001:00025b10       ??0?$__crt_unique_heap_ptr@U__acrt_ptd@@U__crt_internal_free_policy@@@@QEAA@QEAU__acrt_ptd@@@Z 0000000180026b10 f i libucrtd:per_thread_data.obj
 0001:00025b10       ??0?$__crt_unique_heap_ptr@U__vcrt_ptd@@U__crt_internal_free_policy@@@@QEAA@QEAU__vcrt_ptd@@@Z 0000000180026b10 f i libvcruntimed:per_thread_data.obj
 0001:00025b10       ??0?$__crt_unique_heap_ptr@DU__crt_public_free_policy@@@@QEAA@QEAD@Z 0000000180026b10 f i libvcruntimed:std_exception.obj
 0001:00025b10       ??0__crt_stdio_stream@@QEAA@QEAU__crt_stdio_stream_data@@@Z 0000000180026b10 f i libucrtd:fflush.obj
 0001:00025b10       ??0?$__crt_unique_heap_ptr@P6AXXZU__crt_internal_free_policy@@@@QEAA@QEAP6AXXZ@Z 0000000180026b10 f i libucrtd:onexit.obj
 0001:00025b10       ??0?$string_output_adapter@_W@__crt_stdio_output@@QEAA@QEAU?$string_output_adapter_context@_W@1@@Z 0000000180026b10 f i libucrtd:output.obj
 0001:00025b10       ??0?$__crt_unique_heap_ptr@DU__crt_internal_free_policy@@@@QEAA@QEAD@Z 0000000180026b10 f i libvcruntimed:std_type_info.obj
 0001:00025b10       ??0__crt_stdio_stream@@QEAA@QEAU_iobuf@@@Z 0000000180026b10 f i libucrtd:assert.obj
 0001:00025b10       ??0?$__crt_scoped_stack_ptr@_W@@QEAA@U?$__crt_scoped_stack_ptr_tag@_W@@@Z 0000000180026b10 f i libucrtd:getstringtypea.obj
 0001:00025b10       ??0?$string_output_adapter@D@__crt_stdio_output@@QEAA@QEAU?$string_output_adapter_context@D@1@@Z 0000000180026b10 f i libucrtd:output.obj
 0001:00025b10       ??0?$__crt_unique_heap_ptr@U__crt_lowio_handle_data@@U__crt_internal_free_policy@@@@QEAA@QEAU__crt_lowio_handle_data@@@Z 0000000180026b10 f i libucrtd:osfinfo.obj
 0001:00025b30       ?__crt_interlocked_read_32@@YAHPEDH@Z 0000000180026b30 f i libucrtd:assert.obj
 0001:00025cc0       ?get_flags@__crt_stdio_stream@@QEBAJXZ 0000000180026cc0 f i libucrtd:assert.obj
 0001:00025d50       ?has_any_buffer@__crt_stdio_stream@@QEBA_NXZ 0000000180026d50 f i libucrtd:assert.obj
 0001:00025d70       ?has_any_of@__crt_stdio_stream@@QEBA_NJ@Z 0000000180026d70 f i libucrtd:assert.obj
 0001:00025db0       _invoke_watson_if_error    0000000180026db0 f i libucrtd:assert.obj
 0001:00025e00       _vfwprintf_l               0000000180026e00 f i libucrtd:assert.obj
 0001:00025e50       _vswprintf_c_l             0000000180026e50 f i libucrtd:assert.obj
 0001:00025ec0       _wassert                   0000000180026ec0 f   libucrtd:assert.obj
 0001:00025f00       fwprintf                   0000000180026f00 f i libucrtd:assert.obj
 0001:00025f60       swprintf                   0000000180026f60 f i libucrtd:assert.obj
 0001:00026360       ??$open_file@AEBQEBDAEBQEBDAEBHPEAU_iobuf@@@?$__crt_char_traits@D@@SAPEAU_iobuf@@AEBQEBD0AEBH$$QEAPEAU1@@Z 0000000180027360 f i libucrtd:fopen.obj
 0001:000263b0       ?unlock@__crt_stdio_stream@@QEBAXXZ 00000001800273b0 f i libucrtd:fopen.obj
 0001:000263d0       ?is_valid@?$__crt_unique_heap_ptr@U__vcrt_ptd@@U__crt_internal_free_policy@@@@QEBA_NXZ 00000001800273d0 f i libvcruntimed:per_thread_data.obj
 0001:000263d0       ??B?$__crt_scoped_stack_ptr@_W@@QEBA_NXZ 00000001800273d0 f i libucrtd:lcmapstringa.obj
 0001:000263d0       ?is_valid@?$__crt_unique_heap_ptr@DU__crt_internal_free_policy@@@@QEBA_NXZ 00000001800273d0 f i libvcruntimed:std_type_info.obj
 0001:000263d0       ?valid@__crt_stdio_stream@@QEBA_NXZ 00000001800273d0 f i libucrtd:fopen.obj
 0001:000263d0       ?is_valid@?$__crt_unique_heap_ptr@U__crt_multibyte_data@@U__crt_internal_free_policy@@@@QEBA_NXZ 00000001800273d0 f i libucrtd:wsetlocale.obj
 0001:000263d0       ?is_valid@?$__crt_unique_heap_ptr@U__acrt_ptd@@U__crt_internal_free_policy@@@@QEBA_NXZ 00000001800273d0 f i libucrtd:per_thread_data.obj
 0001:000263d0       ?is_valid@?$__crt_unique_heap_ptr@U__crt_lowio_handle_data@@U__crt_internal_free_policy@@@@QEBA_NXZ 00000001800273d0 f i libucrtd:osfinfo.obj
 0001:000263d0       ?is_valid@?$__crt_unique_heap_ptr@DU__crt_public_free_policy@@@@QEBA_NXZ 00000001800273d0 f i libvcruntimed:std_exception.obj
 0001:00026400       fopen_s                    0000000180027400 f   libucrtd:fopen.obj
 0001:00026430       ?get@?$__crt_unique_heap_ptr@U__crt_multibyte_data@@U__crt_internal_free_policy@@@@QEBAPEAU__crt_multibyte_data@@XZ 0000000180027430 f i libucrtd:wsetlocale.obj
 0001:00026430       ??C__crt_stdio_stream@@QEBAPEAU__crt_stdio_stream_data@@XZ 0000000180027430 f i libucrtd:fclose.obj
 0001:00026430       ?public_stream@__crt_stdio_stream@@QEBAPEAU_iobuf@@XZ 0000000180027430 f i libucrtd:fopen.obj
 0001:00026430       ?get@?$__crt_unique_heap_ptr@U__crt_lowio_handle_data@@U__crt_internal_free_policy@@@@QEBAPEAU__crt_lowio_handle_data@@XZ 0000000180027430 f i libucrtd:osfinfo.obj
 0001:00026430       ?get@?$__crt_unique_heap_ptr@DU__crt_public_free_policy@@@@QEBAPEADXZ 0000000180027430 f i libvcruntimed:std_exception.obj
 0001:00026430       ?get@?$__crt_unique_heap_ptr@U__vcrt_ptd@@U__crt_internal_free_policy@@@@QEBAPEAU__vcrt_ptd@@XZ 0000000180027430 f i libvcruntimed:per_thread_data.obj
 0001:00026430       ?get@?$__crt_unique_handle_t@U__crt_handle_traits@@@@QEBAPEAXXZ 0000000180027430 f i libucrtd:crtmbox.obj
 0001:00026430       ?save_state@?$c_string_character_source@D@__crt_strtox@@QEBAPEBDXZ 0000000180027430 f i libucrtd:strtox.obj
 0001:00026430       ?get@?$__crt_scoped_stack_ptr@_W@@QEBAPEA_WXZ 0000000180027430 f i libucrtd:getstringtypea.obj
 0001:00026430       ?save_state@?$c_string_character_source@_W@__crt_strtox@@QEBAPEB_WXZ 0000000180027430 f i libucrtd:strtox.obj
 0001:00026430       ?get@?$__crt_unique_heap_ptr@DU__crt_internal_free_policy@@@@QEBAPEADXZ 0000000180027430 f i libvcruntimed:std_type_info.obj
 0001:00026430       ?get@?$__crt_unique_handle_t@U__crt_hmodule_traits@@@@QEBAPEAUHINSTANCE__@@XZ 0000000180027430 f i libucrtd:exit.obj
 0001:00026430       ?get@?$__crt_unique_heap_ptr@U__acrt_ptd@@U__crt_internal_free_policy@@@@QEBAPEAU__acrt_ptd@@XZ 0000000180027430 f i libucrtd:per_thread_data.obj
 0001:00026440       ?is_in_use@__crt_stdio_stream@@QEBA_NXZ 0000000180027440 f i libucrtd:fclose.obj
 0001:00026480       ?is_string_backed@__crt_stdio_stream@@QEBA_NXZ 0000000180027480 f i libucrtd:fclose.obj
 0001:000264c0       _fclose_nolock             00000001800274c0 f   libucrtd:fclose.obj
 0001:00026650       fclose                     0000000180027650 f   libucrtd:fclose.obj
 0001:00026790       ?eof@__crt_stdio_stream@@QEBA_NXZ 0000000180027790 f i libucrtd:feoferr.obj
 0001:000267b0       feof                       00000001800277b0 f   libucrtd:feoferr.obj
 0001:00026880       ?set_flags@__crt_stdio_stream@@QEBA_NJ@Z 0000000180027880 f i libucrtd:fread.obj
 0001:000268f0       _fread_nolock_s            00000001800278f0 f   libucrtd:fread.obj
 0001:00027290       fread                      0000000180028290 f   libucrtd:fread.obj
 0001:000272e0       fread_s                    00000001800282e0 f   libucrtd:fread.obj
 0001:00027570       ?LongLongSub@@YAJ_J0PEA_J@Z 0000000180028570 f i libucrtd:fseek.obj
 0001:00027650       ?__acrt_stdio_reset_buffer@@YAXV__crt_stdio_stream@@@Z 0000000180028650 f i libucrtd:fseek.obj
 0001:00027bf0       ?has_all_of@__crt_stdio_stream@@QEBA_NJ@Z 0000000180028bf0 f i libucrtd:fseek.obj
 0001:00027c30       ?lowio_handle@__crt_stdio_stream@@QEBAHXZ 0000000180028c30 f i libucrtd:fseek.obj
 0001:00027c60       ?unset_flags@__crt_stdio_stream@@QEBA_NJ@Z 0000000180028c60 f i libucrtd:fseek.obj
 0001:00027cc0       fseek                      0000000180028cc0 f   libucrtd:fseek.obj
 0001:00028740       ?ctrl_z@__crt_stdio_stream@@QEBA_NXZ 0000000180029740 f i libucrtd:ftell.obj
 0001:00028760       ?has_big_buffer@__crt_stdio_stream@@QEBA_NXZ 0000000180029760 f i libucrtd:ftell.obj
 0001:00028780       ?has_crt_buffer@__crt_stdio_stream@@QEBA_NXZ 0000000180029780 f i libucrtd:ftell.obj
 0001:000287a0       ?has_setvbuf_buffer@__crt_stdio_stream@@QEBA_NXZ 00000001800297a0 f i libucrtd:ftell.obj
 0001:000287c0       _ftelli64_nolock           00000001800297c0 f   libucrtd:ftell.obj
 0001:000287f0       ftell                      00000001800297f0 f   libucrtd:ftell.obj
 0001:00028820       ldexp                      0000000180029820 f   libucrtd:ldexp.obj
 0001:00028b20       roundf                     0000000180029b20 f   libucrtd:roundf.obj
 0001:00028bc0       strncmp                    0000000180029bc0 f   libucrtd:strncmp.obj
 0001:00028c40       free                       0000000180029c40 f   libucrtd:free.obj
 0001:00028c60       malloc                     0000000180029c60 f   libucrtd:malloc.obj
 0001:00028c90       realloc                    0000000180029c90 f   libucrtd:realloc.obj
 0001:00028cd0       ??$is_overflow_condition@K@__crt_strtox@@YA_NIK@Z 0000000180029cd0 f i libucrtd:strtox.obj
 0001:00028d40       ??$make_c_string_character_source@DPEAPEAD@__crt_strtox@@YA?AV?$c_string_character_source@D@0@QEBDQEAPEAD@Z 0000000180029d40 f i libucrtd:strtox.obj
 0001:00028d40       ??$make_c_string_character_source@_WPEAPEA_W@__crt_strtox@@YA?AV?$c_string_character_source@_W@0@QEB_WQEAPEA_W@Z 0000000180029d40 f i libucrtd:strtox.obj
 0001:00028d80       ??$parse_integer@KV?$c_string_character_source@D@__crt_strtox@@@__crt_strtox@@YAKQEAU__crt_locale_pointers@@V?$c_string_character_source@D@0@H_N@Z 0000000180029d80 f i libucrtd:strtox.obj
 0001:00029210       ??$parse_integer@KV?$c_string_character_source@_W@__crt_strtox@@@__crt_strtox@@YAKQEAU__crt_locale_pointers@@V?$c_string_character_source@_W@0@H_N@Z 000000018002a210 f i libucrtd:strtox.obj
 0001:000296c0       ??$parse_integer_from_string@JDPEAPEAD@__crt_strtox@@YAJQEBDQEAPEADHQEAU__crt_locale_pointers@@@Z 000000018002a6c0 f i libucrtd:strtox.obj
 0001:00029710       ??$parse_integer_from_string@J_WPEAPEA_W@__crt_strtox@@YAJQEB_WQEAPEA_WHQEAU__crt_locale_pointers@@@Z 000000018002a710 f i libucrtd:strtox.obj
 0001:00029760       ??0?$c_string_character_source@_W@__crt_strtox@@QEAA@QEB_WQEAPEB_W@Z 000000018002a760 f i libucrtd:strtox.obj
 0001:00029760       ??0?$c_string_character_source@D@__crt_strtox@@QEAA@QEBDQEAPEBD@Z 000000018002a760 f i libucrtd:strtox.obj
 0001:000297b0       ??0_LocaleUpdate@@QEAA@QEAU__crt_locale_pointers@@@Z 000000018002a7b0 f i libucrtd:strtox.obj
 0001:000298d0       ??1?$c_string_character_source@D@__crt_strtox@@QEAA@XZ 000000018002a8d0 f i libucrtd:strtox.obj
 0001:000298d0       ??1?$c_string_character_source@_W@__crt_strtox@@QEAA@XZ 000000018002a8d0 f i libucrtd:strtox.obj
 0001:00029900       ??1_LocaleUpdate@@QEAA@XZ  000000018002a900 f i libucrtd:strtox.obj
 0001:00029940       ?GetLocaleT@_LocaleUpdate@@QEAAPEAU__crt_locale_pointers@@XZ 000000018002a940 f i libucrtd:strtox.obj
 0001:00029950       ?get@?$c_string_character_source@D@__crt_strtox@@QEAADXZ 000000018002a950 f i libucrtd:strtox.obj
 0001:00029990       ?get@?$c_string_character_source@_W@__crt_strtox@@QEAA_WXZ 000000018002a990 f i libucrtd:strtox.obj
 0001:000299d0       ?is_space@__crt_strtox@@YA_NDQEAU__crt_locale_pointers@@@Z 000000018002a9d0 f i libucrtd:strtox.obj
 0001:00029a20       ?is_space@__crt_strtox@@YA_N_WPEAU__crt_locale_pointers@@@Z 000000018002aa20 f i libucrtd:strtox.obj
 0001:00029a60       ?maximum_signed_value@__crt_strtox@@YAJK@Z 000000018002aa60 f i libucrtd:strtox.obj
 0001:00029a70       ?minimum_signed_value@__crt_strtox@@YAJK@Z 000000018002aa70 f i libucrtd:strtox.obj
 0001:00029a80       ?parse_digit@__crt_strtox@@YAID@Z 000000018002aa80 f i libucrtd:strtox.obj
 0001:00029af0       ?parse_digit@__crt_strtox@@YAI_W@Z 000000018002aaf0 f i libucrtd:strtox.obj
 0001:00029b80       ?restore_state@?$c_string_character_source@D@__crt_strtox@@QEAA_NQEBD@Z 000000018002ab80 f i libucrtd:strtox.obj
 0001:00029b80       ?restore_state@?$c_string_character_source@_W@__crt_strtox@@QEAA_NQEB_W@Z 000000018002ab80 f i libucrtd:strtox.obj
 0001:00029ba0       ?unget@?$c_string_character_source@D@__crt_strtox@@QEAAXD@Z 000000018002aba0 f i libucrtd:strtox.obj
 0001:00029c80       ?unget@?$c_string_character_source@_W@__crt_strtox@@QEAAX_W@Z 000000018002ac80 f i libucrtd:strtox.obj
 0001:00029d60       ?validate@?$c_string_character_source@D@__crt_strtox@@QEBA_NXZ 000000018002ad60 f i libucrtd:strtox.obj
 0001:00029e20       ?validate@?$c_string_character_source@_W@__crt_strtox@@QEBA_NXZ 000000018002ae20 f i libucrtd:strtox.obj
 0001:00029ee0       ?wide_character_to_digit@__crt_strtox@@YAH_W@Z 000000018002aee0 f i libucrtd:strtox.obj
 0001:0002a250       __acrt_get_locale_data_prefix 000000018002b250 f i libucrtd:strtox.obj
 0001:0002a270       __acrt_locale_changed      000000018002b270 f i libucrtd:strtox.obj
 0001:0002a2a0       _chvalidchk_l              000000018002b2a0 f i libucrtd:strtox.obj
 0001:0002a2d0       _ischartype_l              000000018002b2d0 f i libucrtd:strtox.obj
 0001:0002a330       strtol                     000000018002b330 f   libucrtd:strtox.obj
 0001:0002a360       wcstol                     000000018002b360 f   libucrtd:strtox.obj
 0001:0002a390       pow                        000000018002b390 f   libucrtd:pow.obj
 0001:0002ba30       sqrtf                      000000018002ca30 f   libucrtd:sqrtf.obj
 0001:0002bb70       _initterm                  000000018002cb70 f   libucrtd:initterm.obj
 0001:0002bbe0       _initterm_e                000000018002cbe0 f   libucrtd:initterm.obj
 0001:0002bcd0       _seh_filter_dll            000000018002ccd0 f   libucrtd:exception_filter.obj
 0001:0002bd00       _seh_filter_exe            000000018002cd00 f   libucrtd:exception_filter.obj
 0001:0002bfb0       ??$__crt_get_proc_address@P6AXI@Z@@YAP6AXI@ZQEAUHINSTANCE__@@QEBD@Z 000000018002cfb0 f i libucrtd:exit.obj
 0001:0002bfe0       ??1?$__crt_unique_handle_t@U__crt_hmodule_traits@@@@QEAA@XZ 000000018002cfe0 f i libucrtd:exit.obj
 0001:0002c020       ?close@?$__crt_unique_handle_t@U__crt_hmodule_traits@@@@QEAAXXZ 000000018002d020 f i libucrtd:exit.obj
 0001:0002c060       ?close@__crt_hmodule_traits@@SA_NPEAUHINSTANCE__@@@Z 000000018002d060 f i libucrtd:exit.obj
 0001:0002c230       ?get_invalid_value@__crt_hmodule_traits@@SAPEAUHINSTANCE__@@XZ 000000018002d230 f i libucrtd:exit.obj
 0001:0002c230       ?get_current_state_index@__crt_state_management@@YA_KXZ 000000018002d230 f i libucrtd:environment_initialization.obj
 0001:0002c400       __acrt_initialize_thread_local_exit_callback 000000018002d400 f   libucrtd:exit.obj
 0001:0002c420       _cexit                     000000018002d420 f   libucrtd:exit.obj
 0001:0002c440       _exit                      000000018002d440 f   libucrtd:exit.obj
 0001:0002c460       _is_c_termination_complete 000000018002d460 f   libucrtd:exit.obj
 0001:0002c6c0       ??0?$__crt_unique_heap_ptr@_WU__crt_internal_free_policy@@@@QEAA@QEA_W@Z 000000018002d6c0 f i libucrtd:environment_initialization.obj
 0001:0002c6c8       ??1?$__crt_unique_heap_ptr@_WU__crt_internal_free_policy@@@@QEAA@XZ 000000018002d6c8 f i libucrtd:environment_initialization.obj
 0001:0002c6e8       ?detach@?$__crt_unique_heap_ptr@DU__crt_internal_free_policy@@@@QEAAPEADXZ 000000018002d6e8 f i libucrtd:environment_initialization.obj
 0001:0002c6e8       ?detach@?$__crt_unique_heap_ptr@_WU__crt_internal_free_policy@@@@QEAAPEA_WXZ 000000018002d6e8 f i libucrtd:environment_initialization.obj
 0001:0002c6f0       ?get@?$__crt_unique_heap_ptr@_WU__crt_internal_free_policy@@@@QEBAPEA_WXZ 000000018002d6f0 f i libucrtd:environment_initialization.obj
 0001:0002c6f4       __dcrt_uninitialize_environments_nolock 000000018002d6f4 f   libucrtd:environment_initialization.obj
 0001:0002c72c       _initialize_narrow_environment 000000018002d72c f   libucrtd:environment_initialization.obj
 0001:0002c740       ??$?RV<lambda_b0d8f1f77f5878de4f648f281b223c15>@@AEAV<lambda_942beefa13ab35ff55f86422493ffd6a>@@V<lambda_7adb6fc9c0d6a5bd4e2d9c212ec7cdcc>@@@?$__crt_seh_guarded_call@H@@QEAAH$$QEAV<lambda_b0d8f1f77f5878de4f648f281b223c15>@@AEAV<lambda_942beefa13ab35ff55f86422493ffd6a>@@$$QEAV<lambda_7adb6fc9c0d6a5bd4e2d9c212ec7cdcc>@@@Z 000000018002d740 f i libucrtd:onexit.obj
 0001:0002c790       ??$?RV<lambda_d22e02de4d14401f49897516b29a2b7c>@@AEAV<lambda_e971338317bfa523bb8920b43d823727>@@V<lambda_b0b8599c9027f5b14541fbbd6863d1f1>@@@?$__crt_seh_guarded_call@H@@QEAAH$$QEAV<lambda_d22e02de4d14401f49897516b29a2b7c>@@AEAV<lambda_e971338317bfa523bb8920b43d823727>@@$$QEAV<lambda_b0b8599c9027f5b14541fbbd6863d1f1>@@@Z 000000018002d790 f i libucrtd:onexit.obj
 0001:0002c7e0       ??$__acrt_lock_and_call@V<lambda_942beefa13ab35ff55f86422493ffd6a>@@@@YAHW4__acrt_lock_id@@$$QEAV<lambda_942beefa13ab35ff55f86422493ffd6a>@@@Z 000000018002d7e0 f i libucrtd:onexit.obj
 0001:0002c850       ??$__acrt_lock_and_call@V<lambda_e971338317bfa523bb8920b43d823727>@@@@YAHW4__acrt_lock_id@@$$QEAV<lambda_e971338317bfa523bb8920b43d823727>@@@Z 000000018002d850 f i libucrtd:onexit.obj
 0001:0002c8c0       ??$__crt_fast_encode_pointer@P6AXXZ@@YAP6AXXZQ6AXXZ@Z 000000018002d8c0 f i libvcruntimed:purevirt_data.obj
 0001:0002c8c0       ??$__crt_fast_encode_pointer@P6AHXZ@@YAP6AHXZQ6AHXZ@Z 000000018002d8c0 f i libucrtd:onexit.obj
 0001:0002c8c0       ??$__crt_fast_encode_pointer@P6AXPEAXK0@Z@@YAP6AXPEAXK0@ZQ6AX0K0@Z@Z 000000018002d8c0 f i libucrtd:exit.obj
 0001:0002c8c0       ??$__crt_fast_encode_pointer@PEAX@@YAPEAXQEAX@Z 000000018002d8c0 f i libvcruntimed:winapi_downlevel.obj
 0001:0002c8c0       ??$__crt_fast_encode_pointer@P6AXH@Z@@YAP6AXH@ZQ6AXH@Z@Z 000000018002d8c0 f i libucrtd:signal.obj
 0001:0002c8c0       ??$__crt_fast_encode_pointer@PEAP6AXXZ@@YAPEAP6AXXZQEAP6AXXZ@Z 000000018002d8c0 f i LIBCMTD:utility.obj
 0001:0002cea0       _crt_atexit                000000018002dea0 f   libucrtd:onexit.obj
 0001:0002cec0       _execute_onexit_table      000000018002dec0 f   libucrtd:onexit.obj
 0001:0002cef0       _initialize_onexit_table   000000018002def0 f   libucrtd:onexit.obj
 0001:0002cf70       _register_onexit_function  000000018002df70 f   libucrtd:onexit.obj
 0001:0002d040       __acrt_uninitialize_command_line 000000018002e040 f   libucrtd:argv_data.obj
 0001:0002d1d0       __acrt_initialize          000000018002e1d0 f   libucrtd:initialization.obj
 0001:0002d200       __acrt_thread_attach       000000018002e200 f   libucrtd:initialization.obj
 0001:0002d220       __acrt_thread_detach       000000018002e220 f   libucrtd:initialization.obj
 0001:0002d230       __acrt_uninitialize        000000018002e230 f   libucrtd:initialization.obj
 0001:0002d260       __acrt_uninitialize_critical 000000018002e260 f   libucrtd:initialization.obj
 0001:0002d280       terminate                  000000018002e280 f   libucrtd:terminate.obj
 0001:0002d2c0       wcslen                     000000018002e2c0 f   libucrtd:wcslen.obj
 0001:0002d320       strlen                     000000018002e320 f   libucrtd:strlen.obj
 0001:0002f3b0       _CrtCheckMemory            00000001800303b0 f   libucrtd:debug_heap.obj
 0001:0002f540       _CrtDumpMemoryLeaks        0000000180030540 f   libucrtd:debug_heap.obj
 0001:0002f600       _CrtIsValidHeapPointer     0000000180030600 f   libucrtd:debug_heap.obj
 0001:0002f640       _CrtIsValidPointer         0000000180030640 f   libucrtd:debug_heap.obj
 0001:0002f680       _CrtMemCheckpoint          0000000180030680 f   libucrtd:debug_heap.obj
 0001:0002f900       _CrtMemDumpAllObjectsSince 0000000180030900 f   libucrtd:debug_heap.obj
 0001:0002f960       _CrtSetDbgFlag             0000000180030960 f   libucrtd:debug_heap.obj
 0001:0002fac0       _CrtSetDumpClient          0000000180030ac0 f   libucrtd:debug_heap.obj
 0001:0002faf0       _calloc_dbg                0000000180030af0 f   libucrtd:debug_heap.obj
 0001:0002fb90       _free_dbg                  0000000180030b90 f   libucrtd:debug_heap.obj
 0001:0002fc00       _invoke_watson_if_oneof    0000000180030c00 f i libucrtd:debug_heap.obj
 0001:0002fc60       _malloc_dbg                0000000180030c60 f   libucrtd:debug_heap.obj
 0001:0002fca0       _msize_dbg                 0000000180030ca0 f   libucrtd:debug_heap.obj
 0001:0002fe40       _realloc_dbg               0000000180030e40 f   libucrtd:debug_heap.obj
 0001:0002feb0       _recalloc_dbg              0000000180030eb0 f   libucrtd:debug_heap.obj
 0001:00030480       strcpy_s                   0000000180031480 f   libucrtd:strcpy_s.obj
 0001:000304c0       strcmp                     00000001800314c0 f   libucrtd:strcmp.obj
 0001:000312d0       _CrtDbgReport              00000001800322d0 f   libucrtd:dbgrpt.obj
 0001:00031350       _CrtDbgReportW             0000000180032350 f   libucrtd:dbgrpt.obj
 0001:000313d0       __acrt_MessageWindowA      00000001800323d0 f   libucrtd:dbgrpt.obj
 0001:00031420       __acrt_MessageWindowW      0000000180032420 f   libucrtd:dbgrpt.obj
 0001:00031470       _snwprintf_s               0000000180032470 f i libucrtd:dbgrpt.obj
 0001:000314e0       _vsnwprintf_s_l            00000001800324e0 f i libucrtd:dbgrpt.obj
 0001:00031560       abort                      0000000180032560 f   libucrtd:abort.obj
 0001:000315e0       ??$?0AEBV?$string_output_adapter@_W@__crt_stdio_output@@AEB_KAEBQEB_WAEBQEAU__crt_locale_pointers@@AEBQEAD@?$standard_base@_WV?$string_output_adapter@_W@__crt_stdio_output@@@__crt_stdio_output@@IEAA@AEBV?$string_output_adapter@_W@1@AEB_KAEBQEB_WAEBQEAU__crt_locale_pointers@@AEBQEAD@Z 00000001800325e0 f i libucrtd:output.obj
 0001:000315e0       ??$?0AEBV?$stream_output_adapter@_W@__crt_stdio_output@@AEB_KAEBQEB_WAEBQEAU__crt_locale_pointers@@AEBQEAD@?$standard_base@_WV?$stream_output_adapter@_W@__crt_stdio_output@@@__crt_stdio_output@@IEAA@AEBV?$stream_output_adapter@_W@1@AEB_KAEBQEB_WAEBQEAU__crt_locale_pointers@@AEBQEAD@Z 00000001800325e0 f i libucrtd:output.obj
 0001:00031650       ??$?0AEBV?$string_output_adapter@D@__crt_stdio_output@@AEB_KAEBQEBDAEBQEAU__crt_locale_pointers@@AEBQEAD@?$format_validation_base@DV?$string_output_adapter@D@__crt_stdio_output@@@__crt_stdio_output@@IEAA@AEBV?$string_output_adapter@D@1@AEB_KAEBQEBDAEBQEAU__crt_locale_pointers@@AEBQEAD@Z 0000000180032650 f i libucrtd:output.obj
 0001:000316a0       ??$?0AEBV?$string_output_adapter@D@__crt_stdio_output@@AEB_KAEBQEBDAEBQEAU__crt_locale_pointers@@AEBQEAD@?$standard_base@DV?$string_output_adapter@D@__crt_stdio_output@@@__crt_stdio_output@@IEAA@AEBV?$string_output_adapter@D@1@AEB_KAEBQEBDAEBQEAU__crt_locale_pointers@@AEBQEAD@Z 00000001800326a0 f i libucrtd:output.obj
 0001:00031710       ??$?0AEBV?$string_output_adapter@_W@__crt_stdio_output@@AEB_KAEBQEB_WAEBQEAU__crt_locale_pointers@@AEBQEAD@?$format_validation_base@_WV?$string_output_adapter@_W@__crt_stdio_output@@@__crt_stdio_output@@IEAA@AEBV?$string_output_adapter@_W@1@AEB_KAEBQEB_WAEBQEAU__crt_locale_pointers@@AEBQEAD@Z 0000000180032710 f i libucrtd:output.obj
 0001:00031760       ??$?RV<lambda_7b91131dde12e1c3dfc74ff76b3f2eac>@@AEAV<lambda_dd75445284c072d0bd3768540cc698fa>@@V<lambda_16bc4ecb55b4718497c16bceaea2ceaf>@@@?$__crt_seh_guarded_call@H@@QEAAH$$QEAV<lambda_7b91131dde12e1c3dfc74ff76b3f2eac>@@AEAV<lambda_dd75445284c072d0bd3768540cc698fa>@@$$QEAV<lambda_16bc4ecb55b4718497c16bceaea2ceaf>@@@Z 0000000180032760 f i libucrtd:output.obj
 0001:000317b0       ??$__acrt_lock_stream_and_call@V<lambda_dd75445284c072d0bd3768540cc698fa>@@@@YAHQEAU_iobuf@@$$QEAV<lambda_dd75445284c072d0bd3768540cc698fa>@@@Z 00000001800327b0 f i libucrtd:output.obj
 0001:000337c0       ??$count@D@formatting_buffer@__crt_stdio_output@@QEBA_KXZ 00000001800347c0 f i libucrtd:output.obj
 0001:00033810       ??$data@_W@formatting_buffer@__crt_stdio_output@@QEAAPEA_WXZ 0000000180034810 f i libucrtd:output.obj
 0001:00033810       ??$data@D@formatting_buffer@__crt_stdio_output@@QEAAPEADXZ 0000000180034810 f i libucrtd:output.obj
 0001:00033860       ??$ensure_buffer_is_big_enough@D@formatting_buffer@__crt_stdio_output@@QEAA_N_K@Z 0000000180034860 f i libucrtd:output.obj
 0001:00033990       ??$extract_argument_from_va_list@C_J@?$standard_base@_WV?$stream_output_adapter@_W@__crt_stdio_output@@@__crt_stdio_output@@IEAA_NAEA_J@Z 0000000180034990 f i libucrtd:output.obj
 0001:00033990       ??$extract_argument_from_va_list@C_J@?$standard_base@_WV?$string_output_adapter@_W@__crt_stdio_output@@@__crt_stdio_output@@IEAA_NAEA_J@Z 0000000180034990 f i libucrtd:output.obj
 0001:00033990       ??$extract_argument_from_va_list@C_J@?$standard_base@DV?$string_output_adapter@D@__crt_stdio_output@@@__crt_stdio_output@@IEAA_NAEA_J@Z 0000000180034990 f i libucrtd:output.obj
 0001:000339d0       ??$extract_argument_from_va_list@E_J@?$standard_base@_WV?$stream_output_adapter@_W@__crt_stdio_output@@@__crt_stdio_output@@IEAA_NAEA_J@Z 00000001800349d0 f i libucrtd:output.obj
 0001:000339d0       ??$extract_argument_from_va_list@E_J@?$standard_base@_WV?$string_output_adapter@_W@__crt_stdio_output@@@__crt_stdio_output@@IEAA_NAEA_J@Z 00000001800349d0 f i libucrtd:output.obj
 0001:000339d0       ??$extract_argument_from_va_list@E_J@?$standard_base@DV?$string_output_adapter@D@__crt_stdio_output@@@__crt_stdio_output@@IEAA_NAEA_J@Z 00000001800349d0 f i libucrtd:output.obj
 0001:00033a10       ??$extract_argument_from_va_list@F_J@?$standard_base@_WV?$string_output_adapter@_W@__crt_stdio_output@@@__crt_stdio_output@@IEAA_NAEA_J@Z 0000000180034a10 f i libucrtd:output.obj
 0001:00033a10       ??$extract_argument_from_va_list@F_J@?$standard_base@DV?$string_output_adapter@D@__crt_stdio_output@@@__crt_stdio_output@@IEAA_NAEA_J@Z 0000000180034a10 f i libucrtd:output.obj
 0001:00033a10       ??$extract_argument_from_va_list@F_J@?$standard_base@_WV?$stream_output_adapter@_W@__crt_stdio_output@@@__crt_stdio_output@@IEAA_NAEA_J@Z 0000000180034a10 f i libucrtd:output.obj
 0001:00033a50       ??$extract_argument_from_va_list@GD@?$standard_base@DV?$string_output_adapter@D@__crt_stdio_output@@@__crt_stdio_output@@IEAA_NAEAD@Z 0000000180034a50 f i libucrtd:output.obj
 0001:00033a80       ??$extract_argument_from_va_list@G_J@?$standard_base@_WV?$stream_output_adapter@_W@__crt_stdio_output@@@__crt_stdio_output@@IEAA_NAEA_J@Z 0000000180034a80 f i libucrtd:output.obj
 0001:00033a80       ??$extract_argument_from_va_list@G_J@?$standard_base@DV?$string_output_adapter@D@__crt_stdio_output@@@__crt_stdio_output@@IEAA_NAEA_J@Z 0000000180034a80 f i libucrtd:output.obj
 0001:00033a80       ??$extract_argument_from_va_list@G_J@?$standard_base@_WV?$string_output_adapter@_W@__crt_stdio_output@@@__crt_stdio_output@@IEAA_NAEA_J@Z 0000000180034a80 f i libucrtd:output.obj
 0001:00033ac0       ??$extract_argument_from_va_list@H_J@?$standard_base@_WV?$stream_output_adapter@_W@__crt_stdio_output@@@__crt_stdio_output@@IEAA_NAEA_J@Z 0000000180034ac0 f i libucrtd:output.obj
 0001:00033ac0       ??$extract_argument_from_va_list@H_J@?$standard_base@_WV?$string_output_adapter@_W@__crt_stdio_output@@@__crt_stdio_output@@IEAA_NAEA_J@Z 0000000180034ac0 f i libucrtd:output.obj
 0001:00033ac0       ??$extract_argument_from_va_list@H_J@?$standard_base@DV?$string_output_adapter@D@__crt_stdio_output@@@__crt_stdio_output@@IEAA_NAEA_J@Z 0000000180034ac0 f i libucrtd:output.obj
 0001:00033af0       ??$extract_argument_from_va_list@I_J@?$standard_base@_WV?$stream_output_adapter@_W@__crt_stdio_output@@@__crt_stdio_output@@IEAA_NAEA_J@Z 0000000180034af0 f i libucrtd:output.obj
 0001:00033af0       ??$extract_argument_from_va_list@I_J@?$standard_base@_WV?$string_output_adapter@_W@__crt_stdio_output@@@__crt_stdio_output@@IEAA_NAEA_J@Z 0000000180034af0 f i libucrtd:output.obj
 0001:00033af0       ??$extract_argument_from_va_list@I_J@?$standard_base@DV?$string_output_adapter@D@__crt_stdio_output@@@__crt_stdio_output@@IEAA_NAEA_J@Z 0000000180034af0 f i libucrtd:output.obj
 0001:00033b20       ??$extract_argument_from_va_list@U_CRT_DOUBLE@@U1@@?$standard_base@DV?$string_output_adapter@D@__crt_stdio_output@@@__crt_stdio_output@@IEAA_NAEAU_CRT_DOUBLE@@@Z 0000000180034b20 f i libucrtd:output.obj
 0001:00033b20       ??$extract_argument_from_va_list@U_CRT_DOUBLE@@U1@@?$standard_base@_WV?$string_output_adapter@_W@__crt_stdio_output@@@__crt_stdio_output@@IEAA_NAEAU_CRT_DOUBLE@@@Z 0000000180034b20 f i libucrtd:output.obj
 0001:00033b20       ??$extract_argument_from_va_list@U_CRT_DOUBLE@@U1@@?$standard_base@_WV?$stream_output_adapter@_W@__crt_stdio_output@@@__crt_stdio_output@@IEAA_NAEAU_CRT_DOUBLE@@@Z 0000000180034b20 f i libucrtd:output.obj
 0001:00033b70       ??$extract_argument_from_va_list@_K_J@?$standard_base@_WV?$stream_output_adapter@_W@__crt_stdio_output@@@__crt_stdio_output@@IEAA_NAEA_J@Z 0000000180034b70 f i libucrtd:output.obj
 0001:00033b70       ??$extract_argument_from_va_list@PEAXPEAX@?$standard_base@DV?$string_output_adapter@D@__crt_stdio_output@@@__crt_stdio_output@@IEAA_NAEAPEAX@Z 0000000180034b70 f i libucrtd:output.obj
 0001:00033b70       ??$extract_argument_from_va_list@PEAUansi_string@?1??type_case_Z@?$output_processor@_WV?$string_output_adapter@_W@__crt_stdio_output@@V?$format_validation_base@_WV?$string_output_adapter@_W@__crt_stdio_output@@@2@@__crt_stdio_output@@AEAA_NXZ@PEAU1?1??234@AEAA_NXZ@@?$standard_base@_WV?$string_output_adapter@_W@__crt_stdio_output@@@__crt_stdio_output@@IEAA_NAEAPEAUansi_string@?1??type_case_Z@?$output_processor@_WV?$string_output_adapter@_W@__crt_stdio_output@@V?$format_validation_base@_WV?$string_output_adapter@_W@__crt_stdio_output@@@2@@1@AEAA_NXZ@@Z 0000000180034b70 f i libucrtd:output.obj
 0001:00033b70       ??$extract_argument_from_va_list@PEAUansi_string@?1??type_case_Z@?$output_processor@_WV?$stream_output_adapter@_W@__crt_stdio_output@@V?$standard_base@_WV?$stream_output_adapter@_W@__crt_stdio_output@@@2@@__crt_stdio_output@@AEAA_NXZ@PEAU1?1??234@AEAA_NXZ@@?$standard_base@_WV?$stream_output_adapter@_W@__crt_stdio_output@@@__crt_stdio_output@@IEAA_NAEAPEAUansi_string@?1??type_case_Z@?$output_processor@_WV?$stream_output_adapter@_W@__crt_stdio_output@@V?$standard_base@_WV?$stream_output_adapter@_W@__crt_stdio_output@@@2@@1@AEAA_NXZ@@Z 0000000180034b70 f i libucrtd:output.obj
 0001:00033b70       ??$extract_argument_from_va_list@PEAXPEAX@?$standard_base@_WV?$stream_output_adapter@_W@__crt_stdio_output@@@__crt_stdio_output@@IEAA_NAEAPEAX@Z 0000000180034b70 f i libucrtd:output.obj
 0001:00033b70       ??$extract_argument_from_va_list@PEAUansi_string@?1??type_case_Z@?$output_processor@DV?$string_output_adapter@D@__crt_stdio_output@@V?$format_validation_base@DV?$string_output_adapter@D@__crt_stdio_output@@@2@@__crt_stdio_output@@AEAA_NXZ@PEAU1?1??234@AEAA_NXZ@@?$standard_base@DV?$string_output_adapter@D@__crt_stdio_output@@@__crt_stdio_output@@IEAA_NAEAPEAUansi_string@?1??type_case_Z@?$output_processor@DV?$string_output_adapter@D@__crt_stdio_output@@V?$format_validation_base@DV?$string_output_adapter@D@__crt_stdio_output@@@2@@1@AEAA_NXZ@@Z 0000000180034b70 f i libucrtd:output.obj
 0001:00033b70       ??$extract_argument_from_va_list@_J_J@?$standard_base@_WV?$string_output_adapter@_W@__crt_stdio_output@@@__crt_stdio_output@@IEAA_NAEA_J@Z 0000000180034b70 f i libucrtd:output.obj
 0001:00033b70       ??$extract_argument_from_va_list@_J_J@?$standard_base@_WV?$stream_output_adapter@_W@__crt_stdio_output@@@__crt_stdio_output@@IEAA_NAEA_J@Z 0000000180034b70 f i libucrtd:output.obj
 0001:00033b70       ??$extract_argument_from_va_list@_J_J@?$standard_base@DV?$string_output_adapter@D@__crt_stdio_output@@@__crt_stdio_output@@IEAA_NAEA_J@Z 0000000180034b70 f i libucrtd:output.obj
 0001:00033b70       ??$extract_argument_from_va_list@_K_J@?$standard_base@DV?$string_output_adapter@D@__crt_stdio_output@@@__crt_stdio_output@@IEAA_NAEA_J@Z 0000000180034b70 f i libucrtd:output.obj
 0001:00033b70       ??$extract_argument_from_va_list@PEADPEAD@?$standard_base@_WV?$stream_output_adapter@_W@__crt_stdio_output@@@__crt_stdio_output@@IEAA_NAEAPEAD@Z 0000000180034b70 f i libucrtd:output.obj
 0001:00033b70       ??$extract_argument_from_va_list@PEADPEAD@?$standard_base@_WV?$string_output_adapter@_W@__crt_stdio_output@@@__crt_stdio_output@@IEAA_NAEAPEAD@Z 0000000180034b70 f i libucrtd:output.obj
 0001:00033b70       ??$extract_argument_from_va_list@PEADPEAD@?$standard_base@DV?$string_output_adapter@D@__crt_stdio_output@@@__crt_stdio_output@@IEAA_NAEAPEAD@Z 0000000180034b70 f i libucrtd:output.obj
 0001:00033b70       ??$extract_argument_from_va_list@PEAXPEAX@?$standard_base@_WV?$string_output_adapter@_W@__crt_stdio_output@@@__crt_stdio_output@@IEAA_NAEAPEAX@Z 0000000180034b70 f i libucrtd:output.obj
 0001:00033b70       ??$extract_argument_from_va_list@PEAUansi_string@?1??type_case_Z@?$output_processor@_WV?$string_output_adapter@_W@__crt_stdio_output@@V?$standard_base@_WV?$string_output_adapter@_W@__crt_stdio_output@@@2@@__crt_stdio_output@@AEAA_NXZ@PEAU1?1??234@AEAA_NXZ@@?$standard_base@_WV?$string_output_adapter@_W@__crt_stdio_output@@@__crt_stdio_output@@IEAA_NAEAPEAUansi_string@?1??type_case_Z@?$output_processor@_WV?$string_output_adapter@_W@__crt_stdio_output@@V?$standard_base@_WV?$string_output_adapter@_W@__crt_stdio_output@@@2@@1@AEAA_NXZ@@Z 0000000180034b70 f i libucrtd:output.obj
 0001:00033b70       ??$extract_argument_from_va_list@_K_J@?$standard_base@_WV?$string_output_adapter@_W@__crt_stdio_output@@@__crt_stdio_output@@IEAA_NAEA_J@Z 0000000180034b70 f i libucrtd:output.obj
 0001:00033ba0       ??$extract_argument_from_va_list@_W_W@?$standard_base@_WV?$stream_output_adapter@_W@__crt_stdio_output@@@__crt_stdio_output@@IEAA_NAEA_W@Z 0000000180034ba0 f i libucrtd:output.obj
 0001:00033ba0       ??$extract_argument_from_va_list@_W_W@?$standard_base@_WV?$string_output_adapter@_W@__crt_stdio_output@@@__crt_stdio_output@@IEAA_NAEA_W@Z 0000000180034ba0 f i libucrtd:output.obj
 0001:00033ba0       ??$extract_argument_from_va_list@_W_W@?$standard_base@DV?$string_output_adapter@D@__crt_stdio_output@@@__crt_stdio_output@@IEAA_NAEA_W@Z 0000000180034ba0 f i libucrtd:output.obj
 0001:00033bd0       ??$is_wide_character_specifier@D@__crt_stdio_output@@YA_N_KDW4length_modifier@0@@Z 0000000180034bd0 f i libucrtd:output.obj
 0001:00033c70       ??$is_wide_character_specifier@_W@__crt_stdio_output@@YA_N_K_WW4length_modifier@0@@Z 0000000180034c70 f i libucrtd:output.obj
 0001:00033d40       ??$puttc_nolock@AEB_WPEAU_iobuf@@@?$__crt_char_traits@_W@@SAGAEB_W$$QEAPEAU_iobuf@@@Z 0000000180034d40 f i libucrtd:output.obj
 0001:00033d70       ??$read_va_arg@C@__crt_stdio_output@@YACAEAPEAD@Z 0000000180034d70 f i libucrtd:output.obj
 0001:00033d70       ??$read_va_arg@E@__crt_stdio_output@@YAEAEAPEAD@Z 0000000180034d70 f i libucrtd:output.obj
 0001:00033de0       ??$read_va_arg@F@__crt_stdio_output@@YAFAEAPEAD@Z 0000000180034de0 f i libucrtd:output.obj
 0001:00033de0       ??$read_va_arg@G@__crt_stdio_output@@YAGAEAPEAD@Z 0000000180034de0 f i libucrtd:output.obj
 0001:00033de0       ??$read_va_arg@_W@__crt_stdio_output@@YA_WAEAPEAD@Z 0000000180034de0 f i libucrtd:output.obj
 0001:00033e50       ??$read_va_arg@H@__crt_stdio_output@@YAHAEAPEAD@Z 0000000180034e50 f i libucrtd:output.obj
 0001:00033e50       ??$read_va_arg@I@__crt_stdio_output@@YAIAEAPEAD@Z 0000000180034e50 f i libucrtd:output.obj
 0001:00033eb0       ??$read_va_arg@_J@__crt_stdio_output@@YA_JAEAPEAD@Z 0000000180034eb0 f i libucrtd:output.obj
 0001:00033eb0       ??$read_va_arg@PEAX@__crt_stdio_output@@YAPEAXAEAPEAD@Z 0000000180034eb0 f i libucrtd:output.obj
 0001:00033eb0       ??$read_va_arg@PEAUansi_string@?1??type_case_Z@?$output_processor@_WV?$stream_output_adapter@_W@__crt_stdio_output@@V?$standard_base@_WV?$stream_output_adapter@_W@__crt_stdio_output@@@2@@__crt_stdio_output@@AEAA_NXZ@@__crt_stdio_output@@YAPEAUansi_string@?1??type_case_Z@?$output_processor@_WV?$stream_output_adapter@_W@__crt_stdio_output@@V?$standard_base@_WV?$stream_output_adapter@_W@__crt_stdio_output@@@2@@0@AEAA_NXZ@AEAPEAD@Z 0000000180034eb0 f i libucrtd:output.obj
 0001:00033eb0       ??$read_va_arg@_K@__crt_stdio_output@@YA_KAEAPEAD@Z 0000000180034eb0 f i libucrtd:output.obj
 0001:00033eb0       ??$read_va_arg@PEAD@__crt_stdio_output@@YAPEADAEAPEAD@Z 0000000180034eb0 f i libucrtd:output.obj
 0001:00033eb0       ??$read_va_arg@PEAUansi_string@?1??type_case_Z@?$output_processor@_WV?$string_output_adapter@_W@__crt_stdio_output@@V?$format_validation_base@_WV?$string_output_adapter@_W@__crt_stdio_output@@@2@@__crt_stdio_output@@AEAA_NXZ@@__crt_stdio_output@@YAPEAUansi_string@?1??type_case_Z@?$output_processor@_WV?$string_output_adapter@_W@__crt_stdio_output@@V?$format_validation_base@_WV?$string_output_adapter@_W@__crt_stdio_output@@@2@@0@AEAA_NXZ@AEAPEAD@Z 0000000180034eb0 f i libucrtd:output.obj
 0001:00033eb0       ??$read_va_arg@U_CRT_DOUBLE@@@__crt_stdio_output@@YA?AU_CRT_DOUBLE@@AEAPEAD@Z 0000000180034eb0 f i libucrtd:output.obj
 0001:00033eb0       ??$read_va_arg@PEAUansi_string@?1??type_case_Z@?$output_processor@DV?$string_output_adapter@D@__crt_stdio_output@@V?$format_validation_base@DV?$string_output_adapter@D@__crt_stdio_output@@@2@@__crt_stdio_output@@AEAA_NXZ@@__crt_stdio_output@@YAPEAUansi_string@?1??type_case_Z@?$output_processor@DV?$string_output_adapter@D@__crt_stdio_output@@V?$format_validation_base@DV?$string_output_adapter@D@__crt_stdio_output@@@2@@0@AEAA_NXZ@AEAPEAD@Z 0000000180034eb0 f i libucrtd:output.obj
 0001:00033eb0       ??$read_va_arg@PEAUansi_string@?1??type_case_Z@?$output_processor@_WV?$string_output_adapter@_W@__crt_stdio_output@@V?$standard_base@_WV?$string_output_adapter@_W@__crt_stdio_output@@@2@@__crt_stdio_output@@AEAA_NXZ@@__crt_stdio_output@@YAPEAUansi_string@?1??type_case_Z@?$output_processor@_WV?$string_output_adapter@_W@__crt_stdio_output@@V?$standard_base@_WV?$string_output_adapter@_W@__crt_stdio_output@@@2@@0@AEAA_NXZ@AEAPEAD@Z 0000000180034eb0 f i libucrtd:output.obj
 0001:00033f20       ??$scratch_count@D@formatting_buffer@__crt_stdio_output@@QEBA_KXZ 0000000180034f20 f i libucrtd:output.obj
 0001:00033f40       ??$scratch_data@D@formatting_buffer@__crt_stdio_output@@QEAAPEADXZ 0000000180034f40 f i libucrtd:output.obj
 0001:00033fb0       ??$tcstol@PEBDPEAPEADH@?$__crt_char_traits@D@@SAJ$$QEAPEBD$$QEAPEAPEAD$$QEAH@Z 0000000180034fb0 f i libucrtd:output.obj
 0001:00033ff0       ??$tcstol@PEB_WPEAPEA_WH@?$__crt_char_traits@_W@@SAJ$$QEAPEB_W$$QEAPEAPEA_W$$QEAH@Z 0000000180034ff0 f i libucrtd:output.obj
 0001:00034030       ??$type_case_integer_parse_into_buffer@I@?$output_processor@DV?$string_output_adapter@D@__crt_stdio_output@@V?$format_validation_base@DV?$string_output_adapter@D@__crt_stdio_output@@@2@@__crt_stdio_output@@AEAAXII_N@Z 0000000180035030 f i libucrtd:output.obj
 0001:00034150       ??$type_case_integer_parse_into_buffer@I@?$output_processor@_WV?$stream_output_adapter@_W@__crt_stdio_output@@V?$standard_base@_WV?$stream_output_adapter@_W@__crt_stdio_output@@@2@@__crt_stdio_output@@AEAAXII_N@Z 0000000180035150 f i libucrtd:output.obj
 0001:00034150       ??$type_case_integer_parse_into_buffer@I@?$output_processor@_WV?$string_output_adapter@_W@__crt_stdio_output@@V?$standard_base@_WV?$string_output_adapter@_W@__crt_stdio_output@@@2@@__crt_stdio_output@@AEAAXII_N@Z 0000000180035150 f i libucrtd:output.obj
 0001:00034150       ??$type_case_integer_parse_into_buffer@I@?$output_processor@_WV?$string_output_adapter@_W@__crt_stdio_output@@V?$format_validation_base@_WV?$string_output_adapter@_W@__crt_stdio_output@@@2@@__crt_stdio_output@@AEAAXII_N@Z 0000000180035150 f i libucrtd:output.obj
 0001:00034280       ??$type_case_integer_parse_into_buffer@_K@?$output_processor@DV?$string_output_adapter@D@__crt_stdio_output@@V?$format_validation_base@DV?$string_output_adapter@D@__crt_stdio_output@@@2@@__crt_stdio_output@@AEAAX_KI_N@Z 0000000180035280 f i libucrtd:output.obj
 0001:000343d0       ??$type_case_integer_parse_into_buffer@_K@?$output_processor@_WV?$string_output_adapter@_W@__crt_stdio_output@@V?$format_validation_base@_WV?$string_output_adapter@_W@__crt_stdio_output@@@2@@__crt_stdio_output@@AEAAX_KI_N@Z 00000001800353d0 f i libucrtd:output.obj
 0001:000343d0       ??$type_case_integer_parse_into_buffer@_K@?$output_processor@_WV?$stream_output_adapter@_W@__crt_stdio_output@@V?$standard_base@_WV?$stream_output_adapter@_W@__crt_stdio_output@@@2@@__crt_stdio_output@@AEAAX_KI_N@Z 00000001800353d0 f i libucrtd:output.obj
 0001:000343d0       ??$type_case_integer_parse_into_buffer@_K@?$output_processor@_WV?$string_output_adapter@_W@__crt_stdio_output@@V?$standard_base@_WV?$string_output_adapter@_W@__crt_stdio_output@@@2@@__crt_stdio_output@@AEAAX_KI_N@Z 00000001800353d0 f i libucrtd:output.obj
 0001:00034520       ??$write_multiple_characters@V?$stream_output_adapter@_W@__crt_stdio_output@@D@__crt_stdio_output@@YAXAEBV?$stream_output_adapter@_W@0@DHQEAH@Z 0000000180035520 f i libucrtd:output.obj
 0001:00034580       ??$write_multiple_characters@V?$string_output_adapter@D@__crt_stdio_output@@D@__crt_stdio_output@@YAXAEBV?$string_output_adapter@D@0@DHQEAH@Z 0000000180035580 f i libucrtd:output.obj
 0001:000345e0       ??$write_multiple_characters@V?$string_output_adapter@_W@__crt_stdio_output@@D@__crt_stdio_output@@YAXAEBV?$string_output_adapter@_W@0@DHQEAH@Z 00000001800355e0 f i libucrtd:output.obj
 0001:000346a0       ??0?$common_data@D@__crt_stdio_output@@IEAA@XZ 00000001800356a0 f i libucrtd:output.obj
 0001:00034770       ??0?$common_data@_W@__crt_stdio_output@@IEAA@XZ 0000000180035770 f i libucrtd:output.obj
 0001:00034840       ??0?$output_adapter_data@DV?$string_output_adapter@D@__crt_stdio_output@@@__crt_stdio_output@@IEAA@AEBV?$string_output_adapter@D@1@_KQEBDQEAU__crt_locale_pointers@@QEAD@Z 0000000180035840 f i libucrtd:output.obj
 0001:000348c0       ??0?$output_adapter_data@_WV?$stream_output_adapter@_W@__crt_stdio_output@@@__crt_stdio_output@@IEAA@AEBV?$stream_output_adapter@_W@1@_KQEB_WQEAU__crt_locale_pointers@@QEAD@Z 00000001800358c0 f i libucrtd:output.obj
 0001:000348c0       ??0?$output_adapter_data@_WV?$string_output_adapter@_W@__crt_stdio_output@@@__crt_stdio_output@@IEAA@AEBV?$string_output_adapter@_W@1@_KQEB_WQEAU__crt_locale_pointers@@QEAD@Z 00000001800358c0 f i libucrtd:output.obj
 0001:00034940       ??0?$output_processor@DV?$string_output_adapter@D@__crt_stdio_output@@V?$format_validation_base@DV?$string_output_adapter@D@__crt_stdio_output@@@2@@__crt_stdio_output@@QEAA@AEBV?$string_output_adapter@D@1@_KQEBDQEAU__crt_locale_pointers@@QEAD@Z 0000000180035940 f i libucrtd:output.obj
 0001:000349a0       ??0?$output_processor@_WV?$string_output_adapter@_W@__crt_stdio_output@@V?$standard_base@_WV?$string_output_adapter@_W@__crt_stdio_output@@@2@@__crt_stdio_output@@QEAA@AEBV?$string_output_adapter@_W@1@_KQEB_WQEAU__crt_locale_pointers@@QEAD@Z 00000001800359a0 f i libucrtd:output.obj
 0001:000349a0       ??0?$output_processor@_WV?$stream_output_adapter@_W@__crt_stdio_output@@V?$standard_base@_WV?$stream_output_adapter@_W@__crt_stdio_output@@@2@@__crt_stdio_output@@QEAA@AEBV?$stream_output_adapter@_W@1@_KQEB_WQEAU__crt_locale_pointers@@QEAD@Z 00000001800359a0 f i libucrtd:output.obj
 0001:00034a00       ??0?$output_processor@_WV?$string_output_adapter@_W@__crt_stdio_output@@V?$format_validation_base@_WV?$string_output_adapter@_W@__crt_stdio_output@@@2@@__crt_stdio_output@@QEAA@AEBV?$string_output_adapter@_W@1@_KQEB_WQEAU__crt_locale_pointers@@QEAD@Z 0000000180035a00 f i libucrtd:output.obj
 0001:00034a60       ??0?$stream_output_adapter@_W@__crt_stdio_output@@QEAA@QEAU_iobuf@@@Z 0000000180035a60 f i libucrtd:output.obj
 0001:00034a90       ??0__acrt_stdio_temporary_buffering_guard@@QEAA@QEAU_iobuf@@@Z 0000000180035a90 f i libucrtd:output.obj
 0001:00034ad0       ??0__crt_errno_guard@@QEAA@QEAH@Z 0000000180035ad0 f i libucrtd:output.obj
 0001:00034b10       ??0formatting_buffer@__crt_stdio_output@@QEAA@XZ 0000000180035b10 f i libucrtd:output.obj
 0001:00034b50       ??1?$common_data@D@__crt_stdio_output@@QEAA@XZ 0000000180035b50 f i libucrtd:output.obj
 0001:00034b50       ??1?$common_data@_W@__crt_stdio_output@@QEAA@XZ 0000000180035b50 f i libucrtd:output.obj
 0001:00034b70       ??1?$output_processor@_WV?$stream_output_adapter@_W@__crt_stdio_output@@V?$standard_base@_WV?$stream_output_adapter@_W@__crt_stdio_output@@@2@@__crt_stdio_output@@QEAA@XZ 0000000180035b70 f i libucrtd:output.obj
 0001:00034b70       ??1?$output_processor@_WV?$string_output_adapter@_W@__crt_stdio_output@@V?$standard_base@_WV?$string_output_adapter@_W@__crt_stdio_output@@@2@@__crt_stdio_output@@QEAA@XZ 0000000180035b70 f i libucrtd:output.obj
 0001:00034b70       ??1?$format_validation_base@DV?$string_output_adapter@D@__crt_stdio_output@@@__crt_stdio_output@@QEAA@XZ 0000000180035b70 f i libucrtd:output.obj
 0001:00034b70       ??1?$format_validation_base@_WV?$string_output_adapter@_W@__crt_stdio_output@@@__crt_stdio_output@@QEAA@XZ 0000000180035b70 f i libucrtd:output.obj
 0001:00034b90       ??1?$output_adapter_data@DV?$string_output_adapter@D@__crt_stdio_output@@@__crt_stdio_output@@QEAA@XZ 0000000180035b90 f i libucrtd:output.obj
 0001:00034b90       ??1?$output_adapter_data@_WV?$string_output_adapter@_W@__crt_stdio_output@@@__crt_stdio_output@@QEAA@XZ 0000000180035b90 f i libucrtd:output.obj
 0001:00034b90       ??1?$output_adapter_data@_WV?$stream_output_adapter@_W@__crt_stdio_output@@@__crt_stdio_output@@QEAA@XZ 0000000180035b90 f i libucrtd:output.obj
 0001:00034bb0       ??1?$output_processor@DV?$string_output_adapter@D@__crt_stdio_output@@V?$format_validation_base@DV?$string_output_adapter@D@__crt_stdio_output@@@2@@__crt_stdio_output@@QEAA@XZ 0000000180035bb0 f i libucrtd:output.obj
 0001:00034bb0       ??1?$output_processor@_WV?$string_output_adapter@_W@__crt_stdio_output@@V?$format_validation_base@_WV?$string_output_adapter@_W@__crt_stdio_output@@@2@@__crt_stdio_output@@QEAA@XZ 0000000180035bb0 f i libucrtd:output.obj
 0001:00034bd0       ??1?$standard_base@_WV?$stream_output_adapter@_W@__crt_stdio_output@@@__crt_stdio_output@@QEAA@XZ 0000000180035bd0 f i libucrtd:output.obj
 0001:00034bd0       ??1?$standard_base@DV?$string_output_adapter@D@__crt_stdio_output@@@__crt_stdio_output@@QEAA@XZ 0000000180035bd0 f i libucrtd:output.obj
 0001:00034bd0       ??1?$standard_base@_WV?$string_output_adapter@_W@__crt_stdio_output@@@__crt_stdio_output@@QEAA@XZ 0000000180035bd0 f i libucrtd:output.obj
 0001:00034bf0       ??1__acrt_stdio_temporary_buffering_guard@@QEAA@XZ 0000000180035bf0 f i libucrtd:output.obj
 0001:00034c20       ??1__crt_errno_guard@@QEAA@XZ 0000000180035c20 f i libucrtd:output.obj
 0001:00034c50       ??1formatting_buffer@__crt_stdio_output@@QEAA@XZ 0000000180035c50 f i libucrtd:output.obj
 0001:00034c80       ??4?$__crt_unique_heap_ptr@DU__crt_internal_free_policy@@@@QEAAAEAV0@$$QEAV0@@Z 0000000180035c80 f i libucrtd:output.obj
 0001:00034e30       ?adjust_hexit@?$output_processor@DV?$string_output_adapter@D@__crt_stdio_output@@V?$format_validation_base@DV?$string_output_adapter@D@__crt_stdio_output@@@2@@__crt_stdio_output@@CADH_N@Z 0000000180035e30 f i libucrtd:output.obj
 0001:00034e30       ?adjust_hexit@?$output_processor@_WV?$string_output_adapter@_W@__crt_stdio_output@@V?$format_validation_base@_WV?$string_output_adapter@_W@__crt_stdio_output@@@2@@__crt_stdio_output@@CADH_N@Z 0000000180035e30 f i libucrtd:output.obj
 0001:00034e30       ?adjust_hexit@?$output_processor@_WV?$stream_output_adapter@_W@__crt_stdio_output@@V?$standard_base@_WV?$stream_output_adapter@_W@__crt_stdio_output@@@2@@__crt_stdio_output@@CADH_N@Z 0000000180035e30 f i libucrtd:output.obj
 0001:00034e30       ?adjust_hexit@?$output_processor@_WV?$string_output_adapter@_W@__crt_stdio_output@@V?$standard_base@_WV?$string_output_adapter@_W@__crt_stdio_output@@@2@@__crt_stdio_output@@CADH_N@Z 0000000180035e30 f i libucrtd:output.obj
 0001:00034e80       ?advance_to_next_pass@?$standard_base@DV?$string_output_adapter@D@__crt_stdio_output@@@__crt_stdio_output@@IEAA_NXZ 0000000180035e80 f i libucrtd:output.obj
 0001:00034e80       ?advance_to_next_pass@?$standard_base@_WV?$string_output_adapter@_W@__crt_stdio_output@@@__crt_stdio_output@@IEAA_NXZ 0000000180035e80 f i libucrtd:output.obj
 0001:00034e80       ?advance_to_next_pass@?$standard_base@_WV?$stream_output_adapter@_W@__crt_stdio_output@@@__crt_stdio_output@@IEAA_NXZ 0000000180035e80 f i libucrtd:output.obj
 0001:00034ed0       ?crop_zeroes@__crt_stdio_output@@YAXPEADQEAU__crt_locale_pointers@@@Z 0000000180035ed0 f i libucrtd:output.obj
 0001:00035010       ?find_next_state@?$output_processor@DV?$string_output_adapter@D@__crt_stdio_output@@V?$format_validation_base@DV?$string_output_adapter@D@__crt_stdio_output@@@2@@__crt_stdio_output@@AEBA?AW4state@2@DW432@@Z 0000000180036010 f i libucrtd:output.obj
 0001:000350b0       ?find_next_state@?$output_processor@_WV?$string_output_adapter@_W@__crt_stdio_output@@V?$format_validation_base@_WV?$string_output_adapter@_W@__crt_stdio_output@@@2@@__crt_stdio_output@@AEBA?AW4state@2@_WW432@@Z 00000001800360b0 f i libucrtd:output.obj
 0001:00035150       ?find_next_state@?$output_processor@_WV?$stream_output_adapter@_W@__crt_stdio_output@@V?$standard_base@_WV?$stream_output_adapter@_W@__crt_stdio_output@@@2@@__crt_stdio_output@@AEBA?AW4state@2@_WW432@@Z 0000000180036150 f i libucrtd:output.obj
 0001:00035150       ?find_next_state@?$output_processor@_WV?$string_output_adapter@_W@__crt_stdio_output@@V?$standard_base@_WV?$string_output_adapter@_W@__crt_stdio_output@@@2@@__crt_stdio_output@@AEBA?AW4state@2@_WW432@@Z 0000000180036150 f i libucrtd:output.obj
 0001:000351f0       ?force_decimal_point@__crt_stdio_output@@YAXPEADQEAU__crt_locale_pointers@@@Z 00000001800361f0 f i libucrtd:output.obj
 0001:000352d0       ?has_flag@?$output_processor@_WV?$string_output_adapter@_W@__crt_stdio_output@@V?$format_validation_base@_WV?$string_output_adapter@_W@__crt_stdio_output@@@2@@__crt_stdio_output@@AEBA_NI@Z 00000001800362d0 f i libucrtd:output.obj
 0001:000352d0       ?has_flag@?$output_processor@_WV?$string_output_adapter@_W@__crt_stdio_output@@V?$standard_base@_WV?$string_output_adapter@_W@__crt_stdio_output@@@2@@__crt_stdio_output@@AEBA_NI@Z 00000001800362d0 f i libucrtd:output.obj
 0001:000352d0       ?has_flag@?$output_processor@_WV?$stream_output_adapter@_W@__crt_stdio_output@@V?$standard_base@_WV?$stream_output_adapter@_W@__crt_stdio_output@@@2@@__crt_stdio_output@@AEBA_NI@Z 00000001800362d0 f i libucrtd:output.obj
[...]
 0004:0000357c       $pdata$_abstract_cw        000000018008557c     libucrtd:ieee.obj
 0004:00003588       $pdata$_abstract_sw        0000000180085588     libucrtd:ieee.obj
 0004:00003594       $pdata$_clearfp            0000000180085594     libucrtd:ieee.obj
 0004:000035a0       $pdata$_controlfp          00000001800855a0     libucrtd:ieee.obj
 0004:000035ac       $pdata$_hw_cw              00000001800855ac     libucrtd:ieee.obj
 0004:000035b8       $pdata$_statusfp           00000001800855b8     libucrtd:ieee.obj
 0004:000035c4       $pdata$common_control87    00000001800855c4     libucrtd:ieee.obj
 0004:000035d0       $pdata$__strncnt           00000001800855d0     libucrtd:strncnt.obj
 0004:000035e8       $pdata$ceil                00000001800855e8     libucrtd:ceil.obj
 0004:000035f4       $pdata$fegetenv            00000001800855f4     libucrtd:fegetenv.obj
 0004:00003600       $pdata$fesetenv            0000000180085600     libucrtd:fesetenv.obj
 0004:0000360c       $pdata$feholdexcept        000000018008560c     libucrtd:feholdexcept.obj
 0004:00003618       $pdata$__dcrt_lowio_initialize_console_output 0000000180085618     libucrtd:initcon.obj
 0004:00003624       $pdata$__dcrt_terminate_console_output 0000000180085624     libucrtd:initcon.obj
 0004:00003630       $pdata$_log10_special      0000000180085630     libucrtd:log_special.obj
 0004:0000363c       $pdata$_log_special_common 000000018008563c     libucrtd:log_special.obj
 0004:00003648       $pdata$_FindPESection      0000000180085648     LIBCMTD:pesect.obj
 0004:00003654       $pdata$_IsNonwritableInCurrentImage 0000000180085654     LIBCMTD:pesect.obj
 0004:00003660       $pdata$_ValidateImageBase  0000000180085660     LIBCMTD:pesect.obj
 0004:0000366c       $pdata$??_Gtype_info@@UEAAPEAXI@Z 000000018008566c     LIBCMTD:std_type_info_static.obj
 0004:00003678       $pdata$__GSHandlerCheck_SEH 0000000180085678     LIBCMTD:_gshandlerseh_.obj
 0004:00003684       $pdata$__GSHandlerCheck_EH 0000000180085684     LIBCMTD:gshandlereh.obj
 0004:00003690       $pdata$??3@YAXPEAX_K@Z     0000000180085690     LIBCMTD:delete_scalar_size.obj
 0004:0000369c       $pdata$??3@YAXPEAX@Z       000000018008569c     LIBCMTD:delete_scalar.obj
 0004:000036cc       $pdata$strrchr             00000001800856cc     libvcruntimed:strrchr.obj
 0004:000036d8       $pdata$?_CatchTryBlock@@YAPEBU_s_TryBlockMapEntry@@PEBU_s_FuncInfo@@H@Z 00000001800856d8     libvcruntimed:trnsctrl.obj
 0004:000036e4       $pdata$?_GetEstablisherFrame@@YAPEA_KPEA_KPEAU_xDISPATCHER_CONTEXT@@PEBU_s_FuncInfo@@0@Z 00000001800856e4     libvcruntimed:trnsctrl.obj
 0004:000036f0       $pdata$?_GetRangeOfTrysToCheck@@YAPEBU_s_TryBlockMapEntry@@PEA_KPEBU_s_FuncInfo@@HHPEAI2PEAU_xDISPATCHER_CONTEXT@@@Z 00000001800856f0     libvcruntimed:trnsctrl.obj
 0004:000036fc       $pdata$?__FrameUnwindToEmptyState@@YAXPEA_KPEAU_xDISPATCHER_CONTEXT@@PEBU_s_FuncInfo@@@Z 00000001800856fc     libvcruntimed:trnsctrl.obj
 0004:00003708       $pdata$?__SehTransFilter@@YAHPEAU_EXCEPTION_POINTERS@@PEAUEHExceptionRecord@@PEA_KPEAU_CONTEXT@@PEAU_xDISPATCHER_CONTEXT@@PEBU_s_FuncInfo@@PEAH@Z 0000000180085708     libvcruntimed:trnsctrl.obj
 0004:00003714       $pdata$_CallSETranslator   0000000180085714     libvcruntimed:trnsctrl.obj
 0004:00003720       $pdata$_CreateFrameInfo    0000000180085720     libvcruntimed:trnsctrl.obj
 0004:0000372c       $pdata$_FindAndUnlinkFrame 000000018008572c     libvcruntimed:trnsctrl.obj
 0004:00003738       $pdata$_GetImageBase       0000000180085738     libvcruntimed:trnsctrl.obj
 0004:00003744       $pdata$_GetThrowImageBase  0000000180085744     libvcruntimed:trnsctrl.obj
 0004:00003750       $pdata$_IsExceptionObjectToBeDestroyed 0000000180085750     libvcruntimed:trnsctrl.obj
 0004:0000375c       $pdata$_SetImageBase       000000018008575c     libvcruntimed:trnsctrl.obj
 0004:00003768       $pdata$_SetThrowImageBase  0000000180085768     libvcruntimed:trnsctrl.obj
 0004:00003774       $pdata$_UnwindNestedFrames 0000000180085774     libvcruntimed:trnsctrl.obj
 0004:00003780       $pdata$__CxxFrameHandler3  0000000180085780     libvcruntimed:trnsctrl.obj
 0004:0000378c       $pdata$?__GetCurrentState@@YAHPEA_KPEAU_xDISPATCHER_CONTEXT@@PEBU_s_FuncInfo@@@Z 000000018008578c     libvcruntimed:ehstate.obj
 0004:00003798       $pdata$?__GetUnwindTryBlock@@YAHPEA_KPEAU_xDISPATCHER_CONTEXT@@PEBU_s_FuncInfo@@@Z 0000000180085798     libvcruntimed:ehstate.obj
 0004:000037a4       $pdata$?__SetUnwindTryBlock@@YAXPEA_KPEAU_xDISPATCHER_CONTEXT@@PEBU_s_FuncInfo@@H@Z 00000001800857a4     libvcruntimed:ehstate.obj
 0004:000037b0       $pdata$?__StateFromControlPc@@YAHPEBU_s_FuncInfo@@PEAU_xDISPATCHER_CONTEXT@@@Z 00000001800857b0     libvcruntimed:ehstate.obj
 0004:000037bc       $pdata$?__StateFromIp@@YAHPEBU_s_FuncInfo@@PEAU_xDISPATCHER_CONTEXT@@_J@Z 00000001800857bc     libvcruntimed:ehstate.obj
 0004:000037c8       $pdata$__DestructExceptionObject 00000001800857c8     libvcruntimed:frame.obj
 0004:000037d4       $pdata$??0bad_exception@std@@QEAA@AEBV01@@Z 00000001800857d4     libvcruntimed:frame.obj
 0004:000037e0       $pdata$??0bad_exception@std@@QEAA@XZ 00000001800857e0     libvcruntimed:frame.obj
 0004:000037ec       $pdata$??0exception@std@@QEAA@AEBV01@@Z 00000001800857ec     libvcruntimed:frame.obj
 0004:000037f8       $pdata$??0exception@std@@QEAA@QEBDH@Z 00000001800857f8     libvcruntimed:frame.obj
 0004:00003804       $pdata$??1bad_exception@std@@UEAA@XZ 0000000180085804     libvcruntimed:frame.obj
 0004:00003810       $pdata$??1exception@std@@UEAA@XZ 0000000180085810     libvcruntimed:frame.obj
 0004:0000381c       $pdata$??8type_info@@QEBA_NAEBV0@@Z 000000018008581c     libvcruntimed:frame.obj
 0004:00003828       $pdata$??_Gbad_exception@std@@UEAAPEAXI@Z 0000000180085828     libvcruntimed:frame.obj
 0004:00003834       $pdata$??_Gexception@std@@UEAAPEAXI@Z 0000000180085834     libvcruntimed:frame.obj
 0004:00003840       $pdata$?CatchIt@@YAXPEAUEHExceptionRecord@@PEA_KPEAU_CONTEXT@@PEAU_xDISPATCHER_CONTEXT@@PEBU_s_FuncInfo@@PEBU_s_HandlerType@@PEBU_s_CatchableType@@PEBU_s_TryBlockMapEntry@@H1EE@Z 0000000180085840     libvcruntimed:frame.obj
 0004:0000384c       $pdata$?ExFilterRethrow@@YAHPEAU_EXCEPTION_POINTERS@@PEAUEHExceptionRecord@@PEAH@Z 000000018008584c     libvcruntimed:frame.obj
 0004:00003858       $pdata$?FindHandler@@YAXPEAUEHExceptionRecord@@PEA_KPEAU_CONTEXT@@PEAU_xDISPATCHER_CONTEXT@@PEBU_s_FuncInfo@@EH1@Z 0000000180085858     libvcruntimed:frame.obj
 0004:00003864       $pdata$?FindHandlerForForeignException@@YAXPEAUEHExceptionRecord@@PEA_KPEAU_CONTEXT@@PEAU_xDISPATCHER_CONTEXT@@PEBU_s_FuncInfo@@HH1@Z 0000000180085864     libvcruntimed:frame.obj
 0004:00003870       $pdata$?IsInExceptionSpec@@YAEPEAUEHExceptionRecord@@PEBU_s_ESTypeList@@@Z 0000000180085870     libvcruntimed:frame.obj
 0004:0000387c       $pdata$?Is_bad_exception_allowed@@YAEPEBU_s_ESTypeList@@@Z 000000018008587c     libvcruntimed:frame.obj
 0004:00003888       $pdata$?_CallMemberFunction0@@YAXPEAXP6AX0@Z@Z 0000000180085888     libvcruntimed:frame.obj
 0004:00003894       $pdata$?_CallMemberFunction1@@YAXPEAXP6AX0@Z0@Z 0000000180085894     libvcruntimed:frame.obj
 0004:000038a0       $pdata$?_CallMemberFunction2@@YAXPEAXP6AX0@Z0H@Z 00000001800858a0     libvcruntimed:frame.obj
 0004:000038ac       $pdata$?__RethrowException@@YAXPEAUEHExceptionRecord@@@Z 00000001800858ac     libvcruntimed:frame.obj
 0004:000038b8       $pdata$?what@exception@std@@UEBAPEBDXZ 00000001800858b8     libvcruntimed:frame.obj
 0004:000038c4       $pdata$__AdjustPointer     00000001800858c4     libvcruntimed:frame.obj
 0004:000038d0       $pdata$__BuildCatchObject  00000001800858d0     libvcruntimed:frame.obj
 0004:000038dc       $pdata$__BuildCatchObjectHelper 00000001800858dc     libvcruntimed:frame.obj
 0004:000038e8       $pdata$__CxxCallCatchBlock 00000001800858e8     libvcruntimed:frame.obj
 0004:000038f4       $pdata$__FrameUnwindFilter 00000001800858f4     libvcruntimed:frame.obj
 0004:00003900       $pdata$__FrameUnwindToState 0000000180085900     libvcruntimed:frame.obj
 0004:0000390c       $pdata$__InternalCxxFrameHandler 000000018008590c     libvcruntimed:frame.obj
 0004:00003918       $pdata$__TypeMatch         0000000180085918     libvcruntimed:frame.obj
 0004:00003930       $pdata$??$?RD@__crt_public_free_policy@@QEBAXQEBD@Z 0000000180085930     libvcruntimed:std_exception.obj
 0004:0000393c       $pdata$??1?$__crt_unique_heap_ptr@DU__crt_public_free_policy@@@@QEAA@XZ 000000018008593c     libvcruntimed:std_exception.obj
 0004:00003948       $pdata$?release@?$__crt_unique_heap_ptr@DU__crt_public_free_policy@@@@QEAAXXZ 0000000180085948     libvcruntimed:std_exception.obj
 0004:00003954       $pdata$__std_exception_copy 0000000180085954     libvcruntimed:std_exception.obj
 0004:00003960       $pdata$__std_exception_destroy 0000000180085960     libvcruntimed:std_exception.obj
 0004:0000396c       $pdata$_CxxThrowException  000000018008596c     libvcruntimed:throw.obj
 0004:00003984       $pdata$?fin$0@?0??dllmain_crt_process_attach@@YAHQEAUHINSTANCE__@@QEAX@Z@4HA 0000000180085984     LIBCMTD:dll_dllmain.obj
 0004:00003990       $pdata$?fin$0@?0??dllmain_crt_process_detach@@YAH_N@Z@4HA 0000000180085990     LIBCMTD:dll_dllmain.obj
 0004:0000399c       $pdata$?filt$0@?0??dllmain_dispatch@@YAHQEAUHINSTANCE__@@KQEAX@Z@4HA 000000018008599c     LIBCMTD:dll_dllmain.obj
 0004:000039a8       $pdata$__scrt_is_nonwritable_in_current_image$filt$0 00000001800859a8     LIBCMTD:utility.obj
 0004:000039b4       $pdata$?fin$0@?0???$common_fsopen@D@@YAPEAU_iobuf@@QEBD0H@Z@4HA 00000001800859b4     libucrtd:fopen.obj
 0004:000039c0       $pdata$fclose$fin$0        00000001800859c0     libucrtd:fclose.obj
 0004:000039cc       $pdata$fread_s$fin$0       00000001800859cc     libucrtd:fread.obj
 0004:000039d8       $pdata$?fin$0@?0??common_fseek@@YAHV__crt_stdio_stream@@_JH@Z@4HA 00000001800859d8     libucrtd:fseek.obj
 0004:000039e4       $pdata$?fin$0@?0???$common_ftell@J@@YAJV__crt_stdio_stream@@@Z@4HA 00000001800859e4     libucrtd:ftell.obj
 0004:000039f0       $pdata$?filt$0@?0??common_exit@@YAXHW4_crt_exit_cleanup_mode@@W4_crt_exit_return_mode@@@Z@4HA 00000001800859f0     libucrtd:exit.obj
 0004:000039fc       $pdata$?fin$1@?0??common_exit@@YAXHW4_crt_exit_cleanup_mode@@W4_crt_exit_return_mode@@@Z@4HA 00000001800859fc     libucrtd:exit.obj
 0004:00003a08       $pdata$?fin$0@?0???$?RV<lambda_d22e02de4d14401f49897516b29a2b7c>@@AEAV<lambda_e971338317bfa523bb8920b43d823727>@@V<lambda_b0b8599c9027f5b14541fbbd6863d1f1>@@@?$__crt_seh_guarded_call@H@@QEAAH$$QEAV<lambda_d22e02de4d14401f49897516b29a2b7c>@@AEAV<lambda_e971338317bfa523bb8920b43d823727>@@$$QEAV<lambda_b0b8599c9027f5b14541fbbd6863d1f1>@@@Z@4HA 0000000180085a08     libucrtd:onexit.obj
 0004:00003a08       $pdata$?fin$0@?0???$?RV<lambda_b0d8f1f77f5878de4f648f281b223c15>@@AEAV<lambda_942beefa13ab35ff55f86422493ffd6a>@@V<lambda_7adb6fc9c0d6a5bd4e2d9c212ec7cdcc>@@@?$__crt_seh_guarded_call@H@@QEAAH$$QEAV<lambda_b0d8f1f77f5878de4f648f281b223c15>@@AEAV<lambda_942beefa13ab35ff55f86422493ffd6a>@@$$QEAV<lambda_7adb6fc9c0d6a5bd4e2d9c212ec7cdcc>@@@Z@4HA 0000000180085a08     libucrtd:onexit.obj
 0004:00003a08       $pdata$?fin$0@?0???$?RV<lambda_c36588078e9f5dfd39652860aa6b3aaf>@@AEAV<lambda_ec61778202f4f5fc7e7711acc23c3bca>@@V<lambda_dc9d2797ccde5d239b4a0efae8ebd7db>@@@?$__crt_seh_guarded_call@P6AXH@Z@@QEAAP6AXH@Z$$QEAV<lambda_c36588078e9f5dfd39652860aa6b3aaf>@@AEAV<lambda_ec61778202f4f5fc7e7711acc23c3bca>@@$$QEAV<lambda_dc9d2797ccde5d239b4a0efae8ebd7db>@@@Z@4HA 0000000180085a08     libucrtd:signal.obj
 0004:00003a14       $pdata$__BuildCatchObjectHelper$filt$0 0000000180085a14     libvcruntimed:frame.obj
 0004:00003a14       $pdata$?filt$0@?0??is_bad_read_pointer@@YA_NQEBX_K@Z@4HA 0000000180085a14     libucrtd:debug_heap.obj
 0004:00003a14       $pdata$__BuildCatchObject$filt$0 0000000180085a14     libvcruntimed:frame.obj
 0004:00003a14       $pdata$terminate$filt$0    0000000180085a14     libucrtd:terminate.obj
 0004:00003a20       $pdata$?fin$0@?0??heap_alloc_dbg_internal@@YAPEAX_KHQEBDH@Z@4HA 0000000180085a20     libucrtd:debug_heap.obj
 0004:00003a20       $pdata$_CrtMemCheckpoint$fin$0 0000000180085a20     libucrtd:debug_heap.obj
 0004:00003a2c       $pdata$?fin$0@?0??validate_heap_if_required_nolock@@YAXXZ@4HA 0000000180085a2c     libucrtd:debug_heap.obj
 0004:00003a38       $pdata$_realloc_dbg$fin$0  0000000180085a38     libucrtd:debug_heap.obj
 0004:00003a38       $pdata$_CrtSetDbgFlag$fin$0 0000000180085a38     libucrtd:debug_heap.obj
 0004:00003a38       $pdata$_CrtMemDumpAllObjectsSince$fin$0 0000000180085a38     libucrtd:debug_heap.obj
 0004:00003a38       $pdata$_msize_dbg$fin$0    0000000180085a38     libucrtd:debug_heap.obj
 0004:00003a38       $pdata$_CrtCheckMemory$fin$0 0000000180085a38     libucrtd:debug_heap.obj
 0004:00003a44       $pdata$_free_dbg$fin$0     0000000180085a44     libucrtd:debug_heap.obj
 0004:00003a44       $pdata$_query_new_handler$fin$0 0000000180085a44     libucrtd:new_handler.obj
 0004:00003a50       $pdata$?fin$0@?0???$?RV<lambda_e8c63f3eaa5b5d1d090047a93e563945>@@AEAV<lambda_108d78a972a15edee025c8b3efe121dc>@@V<lambda_d99a45a39bf155923106577f928afec0>@@@?$__crt_seh_guarded_call@H@@QEAAH$$QEAV<lambda_e8c63f3eaa5b5d1d090047a93e563945>@@AEAV<lambda_108d78a972a15edee025c8b3efe121dc>@@$$QEAV<lambda_d99a45a39bf155923106577f928afec0>@@@Z@4HA 0000000180085a50     libucrtd:setvbuf.obj
 0004:00003a50       $pdata$?fin$0@?0???$?RV<lambda_7b91131dde12e1c3dfc74ff76b3f2eac>@@AEAV<lambda_dd75445284c072d0bd3768540cc698fa>@@V<lambda_16bc4ecb55b4718497c16bceaea2ceaf>@@@?$__crt_seh_guarded_call@H@@QEAAH$$QEAV<lambda_7b91131dde12e1c3dfc74ff76b3f2eac>@@AEAV<lambda_dd75445284c072d0bd3768540cc698fa>@@$$QEAV<lambda_16bc4ecb55b4718497c16bceaea2ceaf>@@@Z@4HA 0000000180085a50     libucrtd:output.obj
 0004:00003a5c       $pdata$common_flush_all$fin$0 0000000180085a5c     libucrtd:fflush.obj
 0004:00003a68       $pdata$common_flush_all$fin$1 0000000180085a68     libucrtd:fflush.obj
 0004:00003a74       $pdata$fflush$fin$0        0000000180085a74     libucrtd:fflush.obj
 0004:00003a80       $pdata$raise$fin$0         0000000180085a80     libucrtd:signal.obj
 0004:00003a8c       $pdata$?fin$0@?0???$?RV<lambda_2ce24b26f23dade10250ef086380d911>@@AEAV<lambda_e9ab68cc08dfd839979545c079379e6e>@@V<lambda_6262c464c96e4c69799ed44814c7c457>@@@?$__crt_seh_guarded_call@H@@QEAAH$$QEAV<lambda_2ce24b26f23dade10250ef086380d911>@@AEAV<lambda_e9ab68cc08dfd839979545c079379e6e>@@$$QEAV<lambda_6262c464c96e4c69799ed44814c7c457>@@@Z@4HA 0000000180085a8c     libucrtd:commit.obj
 0004:00003a8c       $pdata$?fin$0@?0???$?RV<lambda_4f1f1a84956f0d44b74de224c960ff76>@@AEAV<lambda_a8f98972ebaa5f7148d35bffe53bd70d>@@V<lambda_f6ca65dda28655a1cf758c1c4e38e52a>@@@?$__crt_seh_guarded_call@H@@QEAAH$$QEAV<lambda_4f1f1a84956f0d44b74de224c960ff76>@@AEAV<lambda_a8f98972ebaa5f7148d35bffe53bd70d>@@$$QEAV<lambda_f6ca65dda28655a1cf758c1c4e38e52a>@@@Z@4HA 0000000180085a8c     libucrtd:close.obj
 0004:00003a98       $pdata$_ctrlfp$filt$0      0000000180085a98     libucrtd:fpctrl.obj
 0004:00003aa4       $pdata$?fin$0@?0???$?RV<lambda_fb3a7dec4e47f37f22dae91bb15c9095>@@AEAV<lambda_698284760c8add0bfb0756c19673e34b>@@V<lambda_dfb8eca1e75fef3034a8fb18dd509707>@@@?$__crt_seh_guarded_call@X@@QEAAX$$QEAV<lambda_fb3a7dec4e47f37f22dae91bb15c9095>@@AEAV<lambda_698284760c8add0bfb0756c19673e34b>@@$$QEAV<lambda_dfb8eca1e75fef3034a8fb18dd509707>@@@Z@4HA 0000000180085aa4     libucrtd:per_thread_data.obj
 0004:00003aa4       $pdata$?fin$0@?0???$?RV<lambda_441f2315ac0f593d45428a8fceb6abe6>@@AEAV<lambda_2f900415df1f7f624cdaaefe86d0b1c0>@@V<lambda_1d10a5a8ccb596b49763520e59d5af47>@@@?$__crt_seh_guarded_call@X@@QEAAX$$QEAV<lambda_441f2315ac0f593d45428a8fceb6abe6>@@AEAV<lambda_2f900415df1f7f624cdaaefe86d0b1c0>@@$$QEAV<lambda_1d10a5a8ccb596b49763520e59d5af47>@@@Z@4HA 0000000180085aa4     libucrtd:mbctype.obj
 0004:00003aa4       $pdata$?fin$0@?0???$?RV<lambda_5e887d1dcbef67a5eb4283622ba103bf>@@AEAV<lambda_4466841279450cc726390878d4a41900>@@V<lambda_341c25c0346d94847f1f3c463c57e077>@@@?$__crt_seh_guarded_call@X@@QEAAX$$QEAV<lambda_5e887d1dcbef67a5eb4283622ba103bf>@@AEAV<lambda_4466841279450cc726390878d4a41900>@@$$QEAV<lambda_341c25c0346d94847f1f3c463c57e077>@@@Z@4HA 0000000180085aa4     libucrtd:per_thread_data.obj
 0004:00003aa4       $pdata$?fin$0@?0???$?RV<lambda_8773731b9ba2edf4362dda13ebc82854>@@AEAV<lambda_6ac21da2756cd333d25ba1adc9a0001e>@@V<lambda_2c95662d60720604e97e3009a1ee1859>@@@?$__crt_seh_guarded_call@X@@QEAAX$$QEAV<lambda_8773731b9ba2edf4362dda13ebc82854>@@AEAV<lambda_6ac21da2756cd333d25ba1adc9a0001e>@@$$QEAV<lambda_2c95662d60720604e97e3009a1ee1859>@@@Z@4HA 0000000180085aa4     libucrtd:per_thread_data.obj
 0004:00003aa4       $pdata$?fin$0@?0???$?RV<lambda_72d1df2b273a38828b1ce30cbf4cdab5>@@AEAV<lambda_876a65b173b8412d3a47c70a915b0cf4>@@V<lambda_41932305e351933ebe8f8be3ed8bb5dc>@@@?$__crt_seh_guarded_call@X@@QEAAX$$QEAV<lambda_72d1df2b273a38828b1ce30cbf4cdab5>@@AEAV<lambda_876a65b173b8412d3a47c70a915b0cf4>@@$$QEAV<lambda_41932305e351933ebe8f8be3ed8bb5dc>@@@Z@4HA 0000000180085aa4     libucrtd:per_thread_data.obj
 0004:00003ab0       $pdata$__acrt_update_thread_locale_data$fin$0 0000000180085ab0     libucrtd:locale_refcounting.obj
 0004:00003ab0       $pdata$__acrt_uninitialize_locale$fin$0 0000000180085ab0     libucrtd:wsetlocale.obj
 0004:00003abc       $pdata$__acrt_update_thread_multibyte_data$fin$0 0000000180085abc     libucrtd:mbctype.obj
 0004:00003ac8       $pdata$_VCrtDbgReportA$fin$0 0000000180085ac8     libucrtd:dbgrptt.obj
 0004:00003ad4       $pdata$_VCrtDbgReportA$fin$1 0000000180085ad4     libucrtd:dbgrptt.obj
 0004:00003ae0       $pdata$_VCrtDbgReportW$fin$0 0000000180085ae0     libucrtd:dbgrptt.obj
 0004:00003aec       $pdata$_VCrtDbgReportW$fin$1 0000000180085aec     libucrtd:dbgrptt.obj
 0004:00003af8       $pdata$?dtor$0@?0??fp_format_a@@YAHQEBNPEAD_KQEAD2H_NIQEAU__crt_locale_pointers@@@Z@4HA 0000000180085af8     libucrtd:cvt.obj
 0004:00003b04       $pdata$?fin$0@?0??__acrt_stdio_allocate_stream@@YA?AV__crt_stdio_stream@@XZ@4HA 0000000180085b04     libucrtd:stream.obj
 0004:00003b04       $pdata$_fcloseall$fin$0    0000000180085b04     libucrtd:closeall.obj
 0004:00003b10       $pdata$_read$fin$0         0000000180085b10     libucrtd:read.obj
 0004:00003b10       $pdata$?fin$0@?0???$common_lseek@_J@@YA_JH_JH@Z@4HA 0000000180085b10     libucrtd:lseek.obj
 0004:00003b10       $pdata$_write$fin$0        0000000180085b10     libucrtd:write.obj
 0004:00003b1c       $pdata$?fin$0@?0???$common_sopen_dispatch@D@@YAHQEBDHHHQEAHH@Z@4HA 0000000180085b1c     libucrtd:open.obj
 0004:00003b28       $pdata$__acrt_lowio_ensure_fh_exists$fin$0 0000000180085b28     libucrtd:osfinfo.obj
 0004:00003b34       $pdata$_alloc_osfhnd$fin$0 0000000180085b34     libucrtd:osfinfo.obj
 0004:00003b34       $pdata$__acrt_initialize_lowio$fin$0 0000000180085b34     libucrtd:ioinit.obj
 0004:00003b40       $pdata$?dtor$0@?0??_wcstombs_l_helper@@YA_KPEADPEB_W_KPEAU__crt_locale_pointers@@@Z@4HA 0000000180085b40     libucrtd:wcstombs.obj
 0004:00003b4c       $pdata$common_control87$filt$0 0000000180085b4c     libucrtd:ieee.obj
 0004:00003b58       $pdata$_IsNonwritableInCurrentImage$filt$0 0000000180085b58     LIBCMTD:pesect.obj
 0004:00003b64       $pdata$_CallSETranslator$filt$0 0000000180085b64     libvcruntimed:trnsctrl.obj
 0004:00003b70       $pdata$__CxxCallCatchBlock$filt$0 0000000180085b70     libvcruntimed:frame.obj
 0004:00003b7c       $pdata$__CxxCallCatchBlock$fin$1 0000000180085b7c     libvcruntimed:frame.obj
 0004:00003b88       $pdata$__DestructExceptionObject$filt$0 0000000180085b88     libvcruntimed:frame.obj
 0004:00003b94       $pdata$__FrameUnwindToState$filt$0 0000000180085b94     libvcruntimed:frame.obj
 0004:00003ba0       $pdata$__FrameUnwindToState$fin$1 0000000180085ba0     libvcruntimed:frame.obj
