 GameCode

 Timestamp is 58b7dfb9 (Thu Mar  2 14:32:49 2017)

 Preferred load address is 0000000180000000

 Start         Length     Name                   Class
 0001:00000000 00000627H .text                   CODE
 0001:00000630 000387caH .text$mn                CODE
 0001:00038e00 00000012H .text$mn$00             CODE
 0001:00038e20 000006c9H .text$x                 CODE
 0002:00000000 00000260H .idata$5                DATA
 0002:00000260 00000010H .00cfg                  DATA
 0002:00000270 00000008H .CRT$XCA                DATA
 0002:00000278 00000008H .CRT$XCZ                DATA
 0002:00000280 00000008H .CRT$XIA                DATA
 0002:00000288 00000018H .CRT$XIC                DATA
 0002:000002a0 00000008H .CRT$XIZ                DATA
 0002:000002a8 00000008H .CRT$XPA                DATA
 0002:000002b0 00000010H .CRT$XPX                DATA
 0002:000002c0 00000008H .CRT$XPXA               DATA
 0002:000002c8 00000008H .CRT$XPZ                DATA
 0002:000002d0 00000008H .CRT$XTA                DATA
 0002:000002d8 00000008H .CRT$XTZ                DATA
 0002:000002e0 00000000H .gfids$x                DATA
 0002:000002e0 0000f1c4H .rdata                  DATA
 0002:0000f4a8 0000016cH .rdata$r                DATA
 0002:0000f618 00000010H .rdata$zETW0            DATA
 0002:0000f628 00000077H .rdata$zETW1            DATA
 0002:0000f69f 0000002cH .rdata$zETW2            DATA
 0002:0000f6cb 00000001H .rdata$zETW9            DATA
 0002:0000f6cc 0000035cH .rdata$zzzdbg           DATA
 0002:0000fa28 00000008H .rtc$IAA                DATA
 0002:0000fa30 00000008H .rtc$IZZ                DATA
 0002:0000fa38 00000008H .rtc$TAA                DATA
 0002:0000fa40 00000008H .rtc$TZZ                DATA
 0002:0000fa50 000011fcH .xdata                  DATA
 0002:00010c50 00000084H .xdata$x                DATA
 0002:00010ce0 00000053H .edata                  DATA
 0002:00010d34 00000028H .idata$2                DATA
 0002:00010d5c 00000014H .idata$3                DATA
 0002:00010d70 00000260H .idata$4                DATA
 0002:00010fd0 0000059aH .idata$6                DATA
 0003:00000000 00000980H .data                   DATA
 0003:00000980 0000006cH .data$r                 DATA
 0003:000009f0 00001740H .bss                    DATA
 0004:00000000 00002b5cH .pdata                  DATA

  Address         Publics by Value              Rva+Base               Lib:Object

 0000:00000000       __guard_fids_count         0000000000000000     <absolute>
 0000:00000000       ___safe_se_handler_count   0000000000000000     <absolute>
 0000:00000000       ___safe_se_handler_table   0000000000000000     <absolute>
 0000:00000000       __guard_fids_table         0000000000000000     <absolute>
 0000:00000100       __guard_flags              0000000000000100     <absolute>
 0000:00000000       __ImageBase                0000000180000000     <linker-defined>
 0001:00000000       ?TraceLoggingRegister@__vcrt_trace_logging_provider@@YAJPEBU_TlgProvider_t@1@PEBU_GUID@@P6AX1KE_K2PEAU_EVENT_FILTER_DESCRIPTOR@@PEAX@Z4@Z 0000000180001000 f i libvcruntimed:telemetry.obj
 0001:000000f0       ?TraceLoggingSetInformation@__vcrt_trace_logging_provider@@YAJPEBU_TlgProvider_t@1@W4_EVENT_INFO_CLASS@@PEAXK@Z 00000001800010f0 f i libvcruntimed:telemetry.obj
 0001:00000140       ?TraceLoggingUnregister@__vcrt_trace_logging_provider@@YAXPEBU_TlgProvider_t@1@@Z 0000000180001140 f i libvcruntimed:telemetry.obj
 0001:00000170       ?_TlgCreateSz@__vcrt_trace_logging_provider@@YAXPEAU_EVENT_DATA_DESCRIPTOR@@PEBD@Z 0000000180001170 f i libvcruntimed:telemetry.obj
 0001:000001e0       ?_TlgCreateWsz@__vcrt_trace_logging_provider@@YAXPEAU_EVENT_DATA_DESCRIPTOR@@PEB_W@Z 00000001800011e0 f i libvcruntimed:telemetry.obj
 0001:00000250       ?_TlgEnableCallback@__vcrt_trace_logging_provider@@YAXPEBU_GUID@@KE_K1PEAU_EVENT_FILTER_DESCRIPTOR@@PEAX@Z 0000000180001250 f i libvcruntimed:telemetry.obj
 0001:00000370       ?_TlgKeywordOn@__vcrt_trace_logging_provider@@YAEPEBU_TlgProvider_t@1@_K@Z 0000000180001370 f i libvcruntimed:telemetry.obj
 0001:000003e0       ?_TlgWrite@__vcrt_trace_logging_provider@@YAJPEBU_TlgProvider_t@1@PEFBXPEBU_GUID@@2IPEAU_EVENT_DATA_DESCRIPTOR@@@Z 00000001800013e0 f i libvcruntimed:telemetry.obj
 0001:00000630       ?c2CircletoCircle@@YAHUc2Circle@@0@Z 0000000180001630 f   gamecode.obj
 0001:000006e0       ?c2CircletoAABB@@YAHUc2Circle@@Uc2AABB@@@Z 00000001800016e0 f   gamecode.obj
 0001:000007a0       ?c2CircletoCapsule@@YAHUc2Circle@@Uc2Capsule@@@Z 00000001800017a0 f   gamecode.obj
 0001:00000990       ?c2AABBtoAABB@@YAHUc2AABB@@0@Z 0000000180001990 f   gamecode.obj
 0001:00000a90       ?c2AABBtoCapsule@@YAHUc2AABB@@Uc2Capsule@@@Z 0000000180001a90 f   gamecode.obj
 0001:00000b00       ?c2CapsuletoCapsule@@YAHUc2Capsule@@0@Z 0000000180001b00 f   gamecode.obj
 0001:00000b70       ?c2CircletoPoly@@YAHUc2Circle@@PEBUc2Poly@@PEBUc2x@@@Z 0000000180001b70 f   gamecode.obj
 0001:00000be0       ?c2AABBtoPoly@@YAHUc2AABB@@PEBUc2Poly@@PEBUc2x@@@Z 0000000180001be0 f   gamecode.obj
 0001:00000c60       ?c2CapsuletoPoly@@YAHUc2Capsule@@PEBUc2Poly@@PEBUc2x@@@Z 0000000180001c60 f   gamecode.obj
 0001:00000ce0       ?c2PolytoPoly@@YAHPEBUc2Poly@@PEBUc2x@@01@Z 0000000180001ce0 f   gamecode.obj
 0001:00000d60       ?c2RaytoCircle@@YAHUc2Ray@@Uc2Circle@@PEAUc2Raycast@@@Z 0000000180001d60 f   gamecode.obj
 0001:00000f20       ?c2RaytoAABB@@YAHUc2Ray@@Uc2AABB@@PEAUc2Raycast@@@Z 0000000180001f20 f   gamecode.obj
 0001:00001270       ?c2RaytoCapsule@@YAHUc2Ray@@Uc2Capsule@@PEAUc2Raycast@@@Z 0000000180002270 f   gamecode.obj
 0001:00001820       ?c2RaytoPoly@@YAHUc2Ray@@PEBUc2Poly@@PEBUc2x@@PEAUc2Raycast@@@Z 0000000180002820 f   gamecode.obj
 0001:00001b40       ?c2CircletoCircleManifold@@YAXUc2Circle@@0PEAUc2Manifold@@@Z 0000000180002b40 f   gamecode.obj
 0001:00001d10       ?c2CircletoAABBManifold@@YAXUc2Circle@@Uc2AABB@@PEAUc2Manifold@@@Z 0000000180002d10 f   gamecode.obj
 0001:00002180       ?c2CircletoCapsuleManifold@@YAXUc2Circle@@Uc2Capsule@@PEAUc2Manifold@@@Z 0000000180003180 f   gamecode.obj
 0001:00002360       ?c2AABBtoAABBManifold@@YAXUc2AABB@@0PEAUc2Manifold@@@Z 0000000180003360 f   gamecode.obj
 0001:00002800       ?c2AABBtoCapsuleManifold@@YAXUc2AABB@@Uc2Capsule@@PEAUc2Manifold@@@Z 0000000180003800 f   gamecode.obj
 0001:000028c0       ?c2CapsuletoCapsuleManifold@@YAXUc2Capsule@@0PEAUc2Manifold@@@Z 00000001800038c0 f   gamecode.obj
 0001:00002ad0       ?c2CircletoPolyManifold@@YAXUc2Circle@@PEBUc2Poly@@PEBUc2x@@PEAUc2Manifold@@@Z 0000000180003ad0 f   gamecode.obj
 0001:00002fe0       ?c2AABBtoPolyManifold@@YAXUc2AABB@@PEBUc2Poly@@PEBUc2x@@PEAUc2Manifold@@@Z 0000000180003fe0 f   gamecode.obj
 0001:000030a0       ?c2CapsuletoPolyManifold@@YAXUc2Capsule@@PEBUc2Poly@@PEBUc2x@@PEAUc2Manifold@@@Z 00000001800040a0 f   gamecode.obj
 0001:00003760       ?c2PolytoPolyManifold@@YAXPEBUc2Poly@@PEBUc2x@@01PEAUc2Manifold@@@Z 0000000180004760 f   gamecode.obj
 0001:00003bf0       ?c2GJK@@YAMPEBXW4C2_TYPE@@PEBUc2x@@012PEAUc2v@@3H@Z 0000000180004bf0 f   gamecode.obj
 0001:00004480       ?c2Hull@@YAHPEAUc2v@@H@Z   0000000180005480 f   gamecode.obj
 0001:000047b0       ?c2Norms@@YAXPEAUc2v@@0H@Z 00000001800057b0 f   gamecode.obj
 0001:00004890       ?c2MakePoly@@YAXPEAUc2Poly@@@Z 0000000180005890 f   gamecode.obj
 0001:000048f0       ?c2Collided@@YAHPEBXPEBUc2x@@W4C2_TYPE@@012@Z 00000001800058f0 f   gamecode.obj
 0001:00004e80       ?c2Collide@@YAXPEBXPEBUc2x@@W4C2_TYPE@@012PEAUc2Manifold@@@Z 0000000180005e80 f   gamecode.obj
 0001:00007960       ?DrawFilledCircle@@YAXMMMPEAUgame_offscreen_buffer@@MMMM@Z 0000000180008960 f   gamecode.obj
 0001:00007e90       GameUpdateAndRender        0000000180008e90 f   gamecode.obj
 0001:00008d60       GameGetSoundSamples        0000000180009d60 f   gamecode.obj
 0001:00008d80       ??G@YA?ATv2@@T0@0@Z        0000000180009d80 f i gamecode.obj
 0001:00008de0       ??H@YA?ATv2@@T0@0@Z        0000000180009de0 f i gamecode.obj
 0001:00008e40       ?AbsoluteValue@@YAMM@Z     0000000180009e40 f i gamecode.obj
 0001:00008e70       ?GetController@@YAPEAUgame_controller_input@@PEAUgame_input@@_K@Z 0000000180009e70 f i gamecode.obj
 0001:00008e90       ?Intersect@@YA?AUrectangle2i@@U1@0@Z 0000000180009e90 f i gamecode.obj
 0001:00008fb0       ?RectCenterHalfDim@@YA?AUrectangle2@@Tv2@@0@Z 0000000180009fb0 f i gamecode.obj
 0001:00009050       ?RectanglesIntersect@@YAHUrectangle2@@0@Z 000000018000a050 f i gamecode.obj
 0001:000090d0       ?RoundReal32ToInt32@@YAHM@Z 000000018000a0d0 f i gamecode.obj
 0001:00009100       ?RoundReal32ToUInt32@@YAIM@Z 000000018000a100 f i gamecode.obj
 0001:00009130       ?SignOf@@YAMM@Z            000000018000a130 f i gamecode.obj
 0001:00009180       ?c2Absv@@YA?AUc2v@@U1@@Z   000000018000a180 f i gamecode.obj
 0001:00009210       ?c2Add@@YA?AUc2v@@U1@0@Z   000000018000a210 f i gamecode.obj
 0001:00009250       ?c2BBVerts@@YAXPEAUc2v@@PEAUc2AABB@@@Z 000000018000a250 f i gamecode.obj
 0001:00009310       ?c2CCW90@@YA?AUc2v@@U1@@Z  000000018000a310 f i gamecode.obj
 0001:00009340       ?c2Clampv@@YA?AUc2v@@U1@00@Z 000000018000a340 f i gamecode.obj
 0001:00009390       ?c2Det2@@YAMUc2v@@0@Z      000000018000a390 f i gamecode.obj
 0001:000093c0       ?c2Dist@@YAMUc2h@@Uc2v@@@Z 000000018000a3c0 f i gamecode.obj
 0001:000093f0       ?c2Div@@YA?AUc2v@@U1@M@Z   000000018000a3f0 f i gamecode.obj
 0001:00009430       ?c2Dot@@YAMUc2v@@0@Z       000000018000a430 f i gamecode.obj
 0001:00009460       ?c2Hmax@@YAMUc2v@@@Z       000000018000a460 f i gamecode.obj
 0001:000094a0       ?c2Hmin@@YAMUc2v@@@Z       000000018000a4a0 f i gamecode.obj
 0001:000094e0       ?c2Len@@YAMUc2v@@@Z        000000018000a4e0 f i gamecode.obj
 0001:00009510       ?c2Lerp@@YA?AUc2v@@U1@0M@Z 000000018000a510 f i gamecode.obj
 0001:00009570       ?c2Maxv@@YA?AUc2v@@U1@0@Z  000000018000a570 f i gamecode.obj
 0001:000095f0       ?c2Minv@@YA?AUc2v@@U1@0@Z  000000018000a5f0 f i gamecode.obj
 0001:00009670       ?c2MulmvT@@YA?AUc2v@@Uc2m@@U1@@Z 000000018000a670 f i gamecode.obj
 0001:000096e0       ?c2MulrrT@@YA?AUc2r@@U1@0@Z 000000018000a6e0 f i gamecode.obj
 0001:00009740       ?c2Mulrv@@YA?AUc2v@@Uc2r@@U1@@Z 000000018000a740 f i gamecode.obj
 0001:000097b0       ?c2MulrvT@@YA?AUc2v@@Uc2r@@U1@@Z 000000018000a7b0 f i gamecode.obj
 0001:00009820       ?c2Mulvs@@YA?AUc2v@@U1@M@Z 000000018000a820 f i gamecode.obj
 0001:00009860       ?c2Mulvv@@YA?AUc2v@@U1@0@Z 000000018000a860 f i gamecode.obj
 0001:000098a0       ?c2Mulxh@@YA?AUc2h@@Uc2x@@U1@@Z 000000018000a8a0 f i gamecode.obj
 0001:00009990       ?c2Mulxv@@YA?AUc2v@@Uc2x@@U1@@Z 000000018000a990 f i gamecode.obj
 0001:000099e0       ?c2MulxvT@@YA?AUc2v@@Uc2x@@U1@@Z 000000018000a9e0 f i gamecode.obj
 0001:00009a30       ?c2MulxxT@@YA?AUc2x@@U1@0@Z 000000018000aa30 f i gamecode.obj
 0001:00009af0       ?c2Neg@@YA?AUc2v@@U1@@Z    000000018000aaf0 f i gamecode.obj
 0001:00009b40       ?c2Norm@@YA?AUc2v@@U1@@Z   000000018000ab40 f i gamecode.obj
 0001:00009b70       ?c2Origin@@YA?AUc2v@@Uc2h@@@Z 000000018000ab70 f i gamecode.obj
 0001:00009ba0       ?c2Parallel@@YAHUc2v@@0M@Z 000000018000aba0 f i gamecode.obj
 0001:00009cb0       ?c2Project@@YA?AUc2v@@Uc2h@@U1@@Z 000000018000acb0 f i gamecode.obj
 0001:00009d20       ?c2RotIdentity@@YA?AUc2r@@XZ 000000018000ad20 f i gamecode.obj
 0001:00009d50       ?c2Skew@@YA?AUc2v@@U1@@Z   000000018000ad50 f i gamecode.obj
 0001:00009d80       ?c2Sub@@YA?AUc2v@@U1@0@Z   000000018000ad80 f i gamecode.obj
 0001:00009dc0       ?c2V@@YA?AUc2v@@MM@Z       000000018000adc0 f i gamecode.obj
 0001:00009df0       ?c2xIdentity@@YA?AUc2x@@XZ 000000018000adf0 f i gamecode.obj
 0001:00009e70       fabsf                      000000018000ae70 f i gamecode.obj
 0001:00009e90       __GSHandlerCheck           000000018000ae90 f   LIBCMTD:_gshandler_.obj
 0001:00009ed0       __GSHandlerCheckCommon     000000018000aed0 f   LIBCMTD:_gshandler_.obj
 0001:00009fe0       __security_check_cookie    000000018000afe0 f   LIBCMTD:_amdsecgs_.obj
 0001:0000a410       _DllMainCRTStartup         000000018000b410 f   LIBCMTD:dll_dllmain.obj
 0001:0000a450       __raise_securityfailure    000000018000b450 f   LIBCMTD:gs_report.obj
 0001:0000a490       __report_gsfailure         000000018000b490 f   LIBCMTD:gs_report.obj
 0001:0000a570       __report_rangecheckfailure 000000018000b570 f   LIBCMTD:gs_report.obj
 0001:0000a590       __report_securityfailure   000000018000b590 f   LIBCMTD:gs_report.obj
 0001:0000a6f0       ??$__crt_fast_encode_pointer@PEAX@@YAPEAXQEAX@Z 000000018000b6f0 f i libvcruntimed:winapi_downlevel.obj
 0001:0000a6f0       ??$__crt_fast_encode_pointer@PEAP6AXXZ@@YAPEAP6AXXZQEAP6AXXZ@Z 000000018000b6f0 f i LIBCMTD:utility.obj
 0001:0000a6f0       ??$__crt_fast_encode_pointer@P6AXXZ@@YAP6AXXZQ6AXXZ@Z 000000018000b6f0 f i libvcruntimed:purevirt_data.obj
 0001:0000a6f0       ??$__crt_fast_encode_pointer@P6AXH@Z@@YAP6AXH@ZQ6AXH@Z@Z 000000018000b6f0 f i libucrtd:signal.obj
 0001:0000a6f0       ??$__crt_fast_encode_pointer@P6AXPEAXK0@Z@@YAP6AXPEAXK0@ZQ6AX0K0@Z@Z 000000018000b6f0 f i libucrtd:exit.obj
 0001:0000a6f0       ??$__crt_fast_encode_pointer@P6AHXZ@@YAP6AHXZQ6AHXZ@Z 000000018000b6f0 f i libucrtd:onexit.obj
 0001:0000a730       ?__crt_rotate_pointer_value@@YA_K_KH@Z 000000018000b730 f i LIBCMTD:utility.obj
 0001:0000a8b0       NtCurrentTeb               000000018000b8b0 f i LIBCMTD:utility.obj
 0001:0000a8c0       __scrt_acquire_startup_lock 000000018000b8c0 f   LIBCMTD:utility.obj
 0001:0000a930       __scrt_dllmain_after_initialize_c 000000018000b930 f   LIBCMTD:utility.obj
 0001:0000a950       __scrt_dllmain_before_initialize_c 000000018000b950 f   LIBCMTD:utility.obj
 0001:0000a970       __scrt_dllmain_crt_thread_attach 000000018000b970 f   LIBCMTD:utility.obj
 0001:0000a9a0       __scrt_dllmain_crt_thread_detach 000000018000b9a0 f   LIBCMTD:utility.obj
 0001:0000a9c0       __scrt_dllmain_exception_filter 000000018000b9c0 f   LIBCMTD:utility.obj
 0001:0000aa20       __scrt_dllmain_uninitialize_c 000000018000ba20 f   LIBCMTD:utility.obj
 0001:0000aa50       __scrt_dllmain_uninitialize_critical 000000018000ba50 f   LIBCMTD:utility.obj
 0001:0000aa70       __scrt_initialize_crt      000000018000ba70 f   LIBCMTD:utility.obj
 0001:0000aac0       __scrt_initialize_onexit_tables 000000018000bac0 f   LIBCMTD:utility.obj
 0001:0000abc0       __scrt_is_nonwritable_in_current_image 000000018000bbc0 f   LIBCMTD:utility.obj
 0001:0000ac50       __scrt_release_startup_lock 000000018000bc50 f   LIBCMTD:utility.obj
 0001:0000ac80       __scrt_uninitialize_crt    000000018000bc80 f   LIBCMTD:utility.obj
 0001:0000acc0       _onexit                    000000018000bcc0 f   LIBCMTD:utility.obj
 0001:0000ad50       atexit                     000000018000bd50 f   LIBCMTD:utility.obj
 0001:0000ad90       __security_init_cookie     000000018000bd90 f   LIBCMTD:gs_support.obj
 0001:0000aeb0       DllMain                    000000018000beb0 f   LIBCMTD:dll_dllmain_stub.obj
 0001:0000aed0       ?__scrt_initialize_type_info@@YAXXZ 000000018000bed0 f   LIBCMTD:tncleanup.obj
 0001:0000aef0       ?__scrt_uninitialize_type_info@@YAXXZ 000000018000bef0 f   LIBCMTD:tncleanup.obj
 0001:0000af10       __local_stdio_printf_options 000000018000bf10 f i LIBCMTD:default_local_stdio_options.obj
 0001:0000af20       __local_stdio_scanf_options 000000018000bf20 f i LIBCMTD:default_local_stdio_options.obj
 0001:0000af30       __scrt_initialize_default_local_stdio_options 000000018000bf30 f   LIBCMTD:default_local_stdio_options.obj
 0001:0000af80       __scrt_get_dyn_tls_init_callback 000000018000bf80 f   LIBCMTD:dyn_tls_init.obj
 0001:0000af90       __crt_debugger_hook        000000018000bf90 f   LIBCMTD:utility_desktop.obj
 0001:0000afa0       __scrt_fastfail            000000018000bfa0 f   LIBCMTD:utility_desktop.obj
 0001:0000b140       _RTC_Initialize            000000018000c140 f   LIBCMTD:_initsect_.obj
 0001:0000b190       _RTC_Terminate             000000018000c190 f   LIBCMTD:_initsect_.obj
 0001:0000b1e0       _guard_check_icall         000000018000c1e0 f i LIBCMTD:checkcfg.obj
 0001:0000b200       __isa_available_init       000000018000c200 f   LIBCMTD:_cpu_disp_.obj
 0001:0000b580       __scrt_is_ucrt_dll_in_use  000000018000c580 f   LIBCMTD:ucrt_detection.obj
 0001:0000b5b0       _guard_icall_checks_enforced 000000018000c5b0 f i LIBCMTD:guard_support.obj
 0001:0000b5e0       IsProcessorFeaturePresent  000000018000c5e0 f   kernel32:KERNEL32.dll
 0001:0000b680       EventDataDescCreate        000000018000c680 f i libvcruntimed:telemetry.obj
 0001:0000b6c0       HRESULT_FROM_WIN32         000000018000c6c0 f i libvcruntimed:telemetry.obj
 0001:0000b700       __telemetry_main_invoke_trigger 000000018000c700 f   libvcruntimed:telemetry.obj
 0001:0000b840       __telemetry_main_return_trigger 000000018000c840 f   libvcruntimed:telemetry.obj
 0001:0000b980       __vcrt_initialize_telemetry_provider 000000018000c980 f   libvcruntimed:telemetry.obj
 0001:0000b9a0       __vcrt_uninitialize_telemetry_provider 000000018000c9a0 f   libvcruntimed:telemetry.obj
 0001:0000b9c0       __C_specific_handler       000000018000c9c0 f   libvcruntimed:_chandler_.obj
 0001:0000bdf0       __vcrt_initialize          000000018000cdf0 f   libvcruntimed:initialization.obj
 0001:0000be40       __vcrt_thread_attach       000000018000ce40 f   libvcruntimed:initialization.obj
 0001:0000be60       __vcrt_thread_detach       000000018000ce60 f   libvcruntimed:initialization.obj
 0001:0000be80       __vcrt_uninitialize        000000018000ce80 f   libvcruntimed:initialization.obj
 0001:0000beb0       __vcrt_uninitialize_critical 000000018000ceb0 f   libvcruntimed:initialization.obj
 0001:0000bec0       __std_type_info_compare    000000018000cec0 f   libvcruntimed:std_type_info.obj
 0001:0000bf00       __std_type_info_destroy_list 000000018000cf00 f   libvcruntimed:std_type_info.obj
 0001:0000bf60       ??$__crt_interlocked_compare_exchange_pointer@UHINSTANCE__@@$$T$$T@@YAPEAUHINSTANCE__@@PEDSEAU0@$$T1@Z 000000018000cf60 f i libvcruntimed:winapi_downlevel.obj
 0001:0000bf60       ??$__crt_interlocked_compare_exchange_pointer@X$$T$$T@@YAPEAXPEDSEAX$$T1@Z 000000018000cf60 f i libvcruntimed:winapi_downlevel.obj
 0001:0000bfa0       ??$__crt_interlocked_exchange_pointer@XPEAX@@YAPEAXPEDSEAXQEAX@Z 000000018000cfa0 f i libvcruntimed:winapi_downlevel.obj
 0001:0000bfa0       ??$__crt_interlocked_exchange_pointer@UHINSTANCE__@@PEAX@@YAPEAUHINSTANCE__@@PEDSEAU0@QEAX@Z 000000018000cfa0 f i libvcruntimed:winapi_downlevel.obj
 0001:0000bfa0       ??$__crt_interlocked_exchange_pointer@UHINSTANCE__@@PEAU1@@@YAPEAUHINSTANCE__@@PEDSEAU0@QEAU0@@Z 000000018000cfa0 f i libvcruntimed:winapi_downlevel.obj
 0001:0000bfc0       ??$__crt_interlocked_read_pointer@UHINSTANCE__@@@@YAPEAUHINSTANCE__@@PEDSEAU0@@Z 000000018000cfc0 f i libvcruntimed:winapi_downlevel.obj
 0001:0000bfc0       ??$__crt_interlocked_read_pointer@X@@YAPEAXPEDSEAX@Z 000000018000cfc0 f i libvcruntimed:winapi_downlevel.obj
 0001:0000bfe0       ?__crt_fast_encode_pointer@@YA?AU__crt_fast_encoded_nullptr_t@@$$T@Z 000000018000cfe0 f i libvcruntimed:winapi_downlevel.obj
 0001:0000c000       ?get_invalid_value@__crt_handle_traits@@SAPEAXXZ 000000018000d000 f   libucrtd:crtmbox.obj
 0001:0000c5d0       __vcrt_EventRegister       000000018000d5d0 f   libvcruntimed:winapi_downlevel.obj
 0001:0000c640       __vcrt_EventSetInformation 000000018000d640 f   libvcruntimed:winapi_downlevel.obj
 0001:0000c6a0       __vcrt_EventUnregister     000000018000d6a0 f   libvcruntimed:winapi_downlevel.obj
 0001:0000c6f0       __vcrt_EventWriteTransfer  000000018000d6f0 f   libvcruntimed:winapi_downlevel.obj
 0001:0000c770       __vcrt_FlsAlloc            000000018000d770 f   libvcruntimed:winapi_downlevel.obj
 0001:0000c7c0       __vcrt_FlsFree             000000018000d7c0 f   libvcruntimed:winapi_downlevel.obj
 0001:0000c810       __vcrt_FlsGetValue         000000018000d810 f   libvcruntimed:winapi_downlevel.obj
 0001:0000c860       __vcrt_FlsSetValue         000000018000d860 f   libvcruntimed:winapi_downlevel.obj
 0001:0000c8c0       __vcrt_InitializeCriticalSectionEx 000000018000d8c0 f   libvcruntimed:winapi_downlevel.obj
 0001:0000c920       __vcrt_initialize_winapi_thunks 000000018000d920 f   libvcruntimed:winapi_downlevel.obj
 0001:0000c9a0       __vcrt_uninitialize_winapi_thunks 000000018000d9a0 f   libvcruntimed:winapi_downlevel.obj
 0001:0000ca50       _local_unwind              000000018000da50 f   libvcruntimed:_jmpuwind_.obj
 0001:0000ca80       _NLG_Notify                000000018000da80 f   libvcruntimed:_jmpuwind_.obj
 0001:0000caa0       __NLG_Dispatch2            000000018000daa0 f   libvcruntimed:_jmpuwind_.obj
 0001:0000cab0       __NLG_Return2              000000018000dab0 f   libvcruntimed:_jmpuwind_.obj
 0001:0000cac0       __except_validate_context_record 000000018000dac0 f   libvcruntimed:jbcxrval.obj
 0001:0000cb20       ??$?RPEAU__crt_stdio_stream_data@@@__crt_internal_free_policy@@QEBAXQEBQEAU__crt_stdio_stream_data@@@Z 000000018000db20 f i libucrtd:_file.obj
 0001:0000cb20       ??$?RD@__crt_internal_free_policy@@QEBAXQEBD@Z 000000018000db20 f i libvcruntimed:std_type_info.obj
 0001:0000cb20       ??$?RU__vcrt_ptd@@@__crt_internal_free_policy@@QEBAXQEBU__vcrt_ptd@@@Z 000000018000db20 f i libvcruntimed:per_thread_data.obj
 0001:0000cb20       ??$?RU__acrt_ptd@@@__crt_internal_free_policy@@QEBAXQEBU__acrt_ptd@@@Z 000000018000db20 f i libucrtd:per_thread_data.obj
 0001:0000cb20       ??$?RU__crt_multibyte_data@@@__crt_internal_free_policy@@QEBAXQEBU__crt_multibyte_data@@@Z 000000018000db20 f i libucrtd:mbctype.obj
 0001:0000cb20       ??$?RP6AXXZ@__crt_internal_free_policy@@QEBAXQEBQ6AXXZ@Z 000000018000db20 f i libucrtd:onexit.obj
 0001:0000cb20       ??$?RU__crt_lowio_handle_data@@@__crt_internal_free_policy@@QEBAXQEBU__crt_lowio_handle_data@@@Z 000000018000db20 f i libucrtd:osfinfo.obj
 0001:0000cb50       ??1?$__crt_unique_heap_ptr@DU__crt_internal_free_policy@@@@QEAA@XZ 000000018000db50 f i libvcruntimed:std_type_info.obj
 0001:0000cb50       ??1?$__crt_unique_heap_ptr@U__vcrt_ptd@@U__crt_internal_free_policy@@@@QEAA@XZ 000000018000db50 f i libvcruntimed:per_thread_data.obj
 0001:0000cb70       ?detach@?$__crt_unique_heap_ptr@P6AXXZU__crt_internal_free_policy@@@@QEAAPEAP6AXXZXZ 000000018000db70 f i libucrtd:onexit.obj
 0001:0000cb70       ?detach@?$__crt_unique_heap_ptr@PEAU__crt_stdio_stream_data@@U__crt_internal_free_policy@@@@QEAAPEAPEAU__crt_stdio_stream_data@@XZ 000000018000db70 f i libucrtd:_file.obj
 0001:0000cb70       ?detach@?$__crt_unique_heap_ptr@U__vcrt_ptd@@U__crt_internal_free_policy@@@@QEAAPEAU__vcrt_ptd@@XZ 000000018000db70 f i libvcruntimed:per_thread_data.obj
 0001:0000cb70       ?detach@?$__crt_unique_heap_ptr@U__acrt_ptd@@U__crt_internal_free_policy@@@@QEAAPEAU__acrt_ptd@@XZ 000000018000db70 f i libucrtd:per_thread_data.obj
 0001:0000cb70       ?detach@?$__crt_unique_heap_ptr@U__crt_lowio_handle_data@@U__crt_internal_free_policy@@@@QEAAPEAU__crt_lowio_handle_data@@XZ 000000018000db70 f i libucrtd:osfinfo.obj
 0001:0000cb70       ?detach@?$__crt_unique_heap_ptr@DU__crt_public_free_policy@@@@QEAAPEADXZ 000000018000db70 f i libvcruntimed:std_exception.obj
 0001:0000cb70       ?detach@?$__crt_unique_heap_ptr@U__crt_multibyte_data@@U__crt_internal_free_policy@@@@QEAAPEAU__crt_multibyte_data@@XZ 000000018000db70 f i libucrtd:mbctype.obj
 0001:0000cba0       ?release@?$__crt_unique_heap_ptr@DU__crt_internal_free_policy@@@@QEAAXXZ 000000018000dba0 f i libvcruntimed:std_type_info.obj
 0001:0000cba0       ?release@?$__crt_unique_heap_ptr@U__vcrt_ptd@@U__crt_internal_free_policy@@@@QEAAXXZ 000000018000dba0 f i libvcruntimed:per_thread_data.obj
 0001:0000cc00       __vcrt_freefls             000000018000dc00 f   libvcruntimed:per_thread_data.obj
 0001:0000cc40       __vcrt_freeptd             000000018000dc40 f   libvcruntimed:per_thread_data.obj
 0001:0000cca0       __vcrt_getptd              000000018000dca0 f   libvcruntimed:per_thread_data.obj
 0001:0000ccd0       __vcrt_getptd_noexit       000000018000dcd0 f   libvcruntimed:per_thread_data.obj
 0001:0000cdf0       __vcrt_initialize_ptd      000000018000ddf0 f   libvcruntimed:per_thread_data.obj
 0001:0000ce40       __vcrt_uninitialize_ptd    000000018000de40 f   libvcruntimed:per_thread_data.obj
 0001:0000ce70       __vcrt_initialize_locks    000000018000de70 f   libvcruntimed:locks.obj
 0001:0000cee0       __vcrt_uninitialize_locks  000000018000dee0 f   libvcruntimed:locks.obj
 0001:0000cf40       __vcrt_initialize_pure_virtual_call_handler 000000018000df40 f   libvcruntimed:purevirt_data.obj
 0001:0000cf70       _vsprintf_s_l              000000018000df70 f i libvcruntimed:undname.obj
 0001:0000cfe0       sprintf_s                  000000018000dfe0 f i libvcruntimed:undname.obj
 0001:0000d040       roundf                     000000018000e040 f   libucrtd:roundf.obj
 0001:0000d0d0       sqrtf                      000000018000e0d0 f   libucrtd:sqrtf.obj
 0001:0000d210       _initterm                  000000018000e210 f   libucrtd:initterm.obj
 0001:0000d280       _initterm_e                000000018000e280 f   libucrtd:initterm.obj
 0001:0000d370       _seh_filter_dll            000000018000e370 f   libucrtd:exception_filter.obj
 0001:0000d3a0       _seh_filter_exe            000000018000e3a0 f   libucrtd:exception_filter.obj
 0001:0000d650       ??$__crt_get_proc_address@P6AXI@Z@@YAP6AXI@ZQEAUHINSTANCE__@@QEBD@Z 000000018000e650 f i libucrtd:exit.obj
 0001:0000d680       ??$__crt_interlocked_read@J@@YAJPEDJ@Z 000000018000e680 f i libucrtd:exit.obj
 0001:0000d6a0       ??1?$__crt_unique_handle_t@U__crt_hmodule_traits@@@@QEAA@XZ 000000018000e6a0 f i libucrtd:exit.obj
 0001:0000d6c0       ?__crt_interlocked_read_32@@YAHPEDH@Z 000000018000e6c0 f i libucrtd:exit.obj
 0001:0000d700       ?close@?$__crt_unique_handle_t@U__crt_hmodule_traits@@@@QEAAXXZ 000000018000e700 f i libucrtd:exit.obj
 0001:0000d740       ?close@__crt_hmodule_traits@@SA_NPEAUHINSTANCE__@@@Z 000000018000e740 f i libucrtd:exit.obj
 0001:0000d910       ?get_invalid_value@__crt_hmodule_traits@@SAPEAUHINSTANCE__@@XZ 000000018000e910 f i libucrtd:exit.obj
 0001:0000d910       ?get_current_state_index@__crt_state_management@@YA_KXZ 000000018000e910 f i libucrtd:environment_initialization.obj
 0001:0000dae0       __acrt_initialize_thread_local_exit_callback 000000018000eae0 f   libucrtd:exit.obj
 0001:0000db00       _cexit                     000000018000eb00 f   libucrtd:exit.obj
 0001:0000db20       _exit                      000000018000eb20 f   libucrtd:exit.obj
 0001:0000db40       _is_c_termination_complete 000000018000eb40 f   libucrtd:exit.obj
 0001:0000dda0       __dcrt_uninitialize_environments_nolock 000000018000eda0 f   libucrtd:environment_initialization.obj
 0001:0000ddd8       _initialize_narrow_environment 000000018000edd8 f   libucrtd:environment_initialization.obj
 0001:0000dde0       _invoke_watson_if_error    000000018000ede0 f i libucrtd:environment_initialization.obj
 0001:0000de20       ??$?B$$A6AXPEAXK0@Z@__crt_fast_encoded_nullptr_t@@QEBAP6AXPEAXK0@ZXZ 000000018000ee20 f i libucrtd:exit.obj
 0001:0000de20       ??$?BP6AXXZ@__crt_fast_encoded_nullptr_t@@QEBAPEAP6AXXZXZ 000000018000ee20 f i libucrtd:onexit.obj
 0001:0000de20       ??$?B$$A6AXH@Z@__crt_fast_encoded_nullptr_t@@QEBAP6AXH@ZXZ 000000018000ee20 f i libucrtd:signal.obj
 0001:0000de20       ??$?BX@__crt_fast_encoded_nullptr_t@@QEBAPEAXXZ 000000018000ee20 f i libvcruntimed:winapi_downlevel.obj
 0001:0000de20       ??$?B$$A6AXXZ@__crt_fast_encoded_nullptr_t@@QEBAP6AXXZXZ 000000018000ee20 f i libvcruntimed:purevirt_data.obj
 0001:0000de40       ??$?RV<lambda_b0d8f1f77f5878de4f648f281b223c15>@@AEAV<lambda_942beefa13ab35ff55f86422493ffd6a>@@V<lambda_7adb6fc9c0d6a5bd4e2d9c212ec7cdcc>@@@?$__crt_seh_guarded_call@H@@QEAAH$$QEAV<lambda_b0d8f1f77f5878de4f648f281b223c15>@@AEAV<lambda_942beefa13ab35ff55f86422493ffd6a>@@$$QEAV<lambda_7adb6fc9c0d6a5bd4e2d9c212ec7cdcc>@@@Z 000000018000ee40 f i libucrtd:onexit.obj
 0001:0000de90       ??$?RV<lambda_d22e02de4d14401f49897516b29a2b7c>@@AEAV<lambda_e971338317bfa523bb8920b43d823727>@@V<lambda_b0b8599c9027f5b14541fbbd6863d1f1>@@@?$__crt_seh_guarded_call@H@@QEAAH$$QEAV<lambda_d22e02de4d14401f49897516b29a2b7c>@@AEAV<lambda_e971338317bfa523bb8920b43d823727>@@$$QEAV<lambda_b0b8599c9027f5b14541fbbd6863d1f1>@@@Z 000000018000ee90 f i libucrtd:onexit.obj
 0001:0000dee0       ??$__acrt_lock_and_call@V<lambda_942beefa13ab35ff55f86422493ffd6a>@@@@YAHW4__acrt_lock_id@@$$QEAV<lambda_942beefa13ab35ff55f86422493ffd6a>@@@Z 000000018000eee0 f i libucrtd:onexit.obj
 0001:0000df50       ??$__acrt_lock_and_call@V<lambda_e971338317bfa523bb8920b43d823727>@@@@YAHW4__acrt_lock_id@@$$QEAV<lambda_e971338317bfa523bb8920b43d823727>@@@Z 000000018000ef50 f i libucrtd:onexit.obj
 0001:0000e4f0       _crt_atexit                000000018000f4f0 f   libucrtd:onexit.obj
 0001:0000e510       _execute_onexit_table      000000018000f510 f   libucrtd:onexit.obj
 0001:0000e540       _initialize_onexit_table   000000018000f540 f   libucrtd:onexit.obj
 0001:0000e5c0       _register_onexit_function  000000018000f5c0 f   libucrtd:onexit.obj
 0001:0000e690       __acrt_uninitialize_command_line 000000018000f690 f   libucrtd:argv_data.obj
 0001:0000e820       __acrt_initialize          000000018000f820 f   libucrtd:initialization.obj
 0001:0000e850       __acrt_thread_attach       000000018000f850 f   libucrtd:initialization.obj
 0001:0000e870       __acrt_thread_detach       000000018000f870 f   libucrtd:initialization.obj
 0001:0000e880       __acrt_uninitialize        000000018000f880 f   libucrtd:initialization.obj
 0001:0000e8b0       __acrt_uninitialize_critical 000000018000f8b0 f   libucrtd:initialization.obj
 0001:0000e8d0       terminate                  000000018000f8d0 f   libucrtd:terminate.obj
 0001:0000e910       wcslen                     000000018000f910 f   libucrtd:wcslen.obj
 0001:0000e970       strlen                     000000018000f970 f   libucrtd:strlen.obj
 0001:0000ea20       ??0_LocaleUpdate@@QEAA@QEAU__crt_locale_pointers@@@Z 000000018000fa20 f i libucrtd:debug_heap.obj
 0001:0000eb40       ??1_LocaleUpdate@@QEAA@XZ  000000018000fb40 f i libucrtd:debug_heap.obj
 0001:0000eb80       ?GetLocaleT@_LocaleUpdate@@QEAAPEAU__crt_locale_pointers@@XZ 000000018000fb80 f i libucrtd:debug_heap.obj
 0001:00010b70       _CrtCheckMemory            0000000180011b70 f   libucrtd:debug_heap.obj
 0001:00010d00       _CrtDumpMemoryLeaks        0000000180011d00 f   libucrtd:debug_heap.obj
 0001:00010dc0       _CrtIsValidHeapPointer     0000000180011dc0 f   libucrtd:debug_heap.obj
 0001:00010e00       _CrtIsValidPointer         0000000180011e00 f   libucrtd:debug_heap.obj
 0001:00010e40       _CrtMemCheckpoint          0000000180011e40 f   libucrtd:debug_heap.obj
 0001:000110c0       _CrtMemDumpAllObjectsSince 00000001800120c0 f   libucrtd:debug_heap.obj
 0001:00011120       _CrtSetDbgFlag             0000000180012120 f   libucrtd:debug_heap.obj
 0001:00011280       _CrtSetDumpClient          0000000180012280 f   libucrtd:debug_heap.obj
 0001:000112b0       __acrt_get_locale_data_prefix 00000001800122b0 f i libucrtd:debug_heap.obj
 0001:000112d0       __acrt_locale_changed      00000001800122d0 f i libucrtd:debug_heap.obj
 0001:00011300       _calloc_dbg                0000000180012300 f   libucrtd:debug_heap.obj
 0001:000113a0       _chvalidchk_l              00000001800123a0 f i libucrtd:debug_heap.obj
 0001:000113d0       _free_dbg                  00000001800123d0 f   libucrtd:debug_heap.obj
 0001:00011440       _invoke_watson_if_oneof    0000000180012440 f i libucrtd:debug_heap.obj
 0001:000114a0       _ischartype_l              00000001800124a0 f i libucrtd:debug_heap.obj
 0001:00011500       _malloc_dbg                0000000180012500 f   libucrtd:debug_heap.obj
 0001:00011540       _msize_dbg                 0000000180012540 f   libucrtd:debug_heap.obj
 0001:000116e0       _realloc_dbg               00000001800126e0 f   libucrtd:debug_heap.obj
 0001:00011750       _recalloc_dbg              0000000180012750 f   libucrtd:debug_heap.obj
 0001:00011d20       strcpy_s                   0000000180012d20 f   libucrtd:strcpy_s.obj
 0001:00011d60       strcmp                     0000000180012d60 f   libucrtd:strcmp.obj
 0001:00011dd0       ??$__vcrt_va_start_verify_argument_type@QEBD@@YAXXZ 0000000180012dd0 f i libvcruntimed:undname.obj
 0001:00011dd0       ??$__vcrt_va_start_verify_argument_type@QEB_W@@YAXXZ 0000000180012dd0 f i libucrtd:dbgrpt.obj
 0001:00012b50       ??$get_module_file_name@AEAPEAUHINSTANCE__@@AEAY0BAF@DK@?$__crt_char_traits@D@@SAKAEAPEAUHINSTANCE__@@AEAY0BAF@D$$QEAK@Z 0000000180013b50 f i libucrtd:dbgrpt.obj
 0001:00012b90       ??$get_module_file_name@AEAPEAUHINSTANCE__@@AEAY0BAF@_WK@?$__crt_char_traits@_W@@SAKAEAPEAUHINSTANCE__@@AEAY0BAF@_W$$QEAK@Z 0000000180013b90 f i libucrtd:dbgrpt.obj
 0001:00012bd0       ??$tcscpy_s@AEAY0BAF@D_KPEBD@?$__crt_char_traits@D@@SAHAEAY0BAF@D$$QEA_K$$QEAPEBD@Z 0000000180013bd0 f i libucrtd:dbgrpt.obj
 0001:00012c10       ??$tcscpy_s@AEAY0BAF@_W_KPEB_W@?$__crt_char_traits@_W@@SAHAEAY0BAF@_W$$QEA_K$$QEAPEB_W@Z 0000000180013c10 f i libucrtd:dbgrpt.obj
 0001:00012c50       ??$tcslen@AEAY0BAF@D@?$__crt_char_traits@D@@SA_KAEAY0BAF@D@Z 0000000180013c50 f i libucrtd:dbgrpt.obj
 0001:00012c70       ??$tcslen@AEAY0BAF@_W@?$__crt_char_traits@_W@@SA_KAEAY0BAF@_W@Z 0000000180013c70 f i libucrtd:dbgrpt.obj
 0001:00012c90       ??$tcslen@AEBQEBD@?$__crt_char_traits@D@@SA_KAEBQEBD@Z 0000000180013c90 f i libucrtd:dbgrpt.obj
 0001:00012cb0       ??$tcslen@AEBQEB_W@?$__crt_char_traits@_W@@SA_KAEBQEB_W@Z 0000000180013cb0 f i libucrtd:dbgrpt.obj
 0001:00012d10       _CrtDbgReport              0000000180013d10 f   libucrtd:dbgrpt.obj
 0001:00012d90       _CrtDbgReportW             0000000180013d90 f   libucrtd:dbgrpt.obj
 0001:00012e10       __acrt_MessageWindowA      0000000180013e10 f   libucrtd:dbgrpt.obj
 0001:00012e60       __acrt_MessageWindowW      0000000180013e60 f   libucrtd:dbgrpt.obj
 0001:00012eb0       _snwprintf_s               0000000180013eb0 f i libucrtd:dbgrpt.obj
 0001:00012f20       _vsnwprintf_s_l            0000000180013f20 f i libucrtd:dbgrpt.obj
 0001:00012fa0       abort                      0000000180013fa0 f   libucrtd:abort.obj
 0001:00013020       ??$?0AEBV?$string_output_adapter@D@__crt_stdio_output@@AEB_KAEBQEBDAEBQEAU__crt_locale_pointers@@AEBQEAD@?$format_validation_base@DV?$string_output_adapter@D@__crt_stdio_output@@@__crt_stdio_output@@IEAA@AEBV?$string_output_adapter@D@1@AEB_KAEBQEBDAEBQEAU__crt_locale_pointers@@AEBQEAD@Z 0000000180014020 f i libucrtd:output.obj
 0001:00013070       ??$?0AEBV?$string_output_adapter@D@__crt_stdio_output@@AEB_KAEBQEBDAEBQEAU__crt_locale_pointers@@AEBQEAD@?$standard_base@DV?$string_output_adapter@D@__crt_stdio_output@@@__crt_stdio_output@@IEAA@AEBV?$string_output_adapter@D@1@AEB_KAEBQEBDAEBQEAU__crt_locale_pointers@@AEBQEAD@Z 0000000180014070 f i libucrtd:output.obj
 0001:000130e0       ??$?0AEBV?$string_output_adapter@_W@__crt_stdio_output@@AEB_KAEBQEB_WAEBQEAU__crt_locale_pointers@@AEBQEAD@?$format_validation_base@_WV?$string_output_adapter@_W@__crt_stdio_output@@@__crt_stdio_output@@IEAA@AEBV?$string_output_adapter@_W@1@AEB_KAEBQEB_WAEBQEAU__crt_locale_pointers@@AEBQEAD@Z 00000001800140e0 f i libucrtd:output.obj
 0001:00013130       ??$?0AEBV?$string_output_adapter@_W@__crt_stdio_output@@AEB_KAEBQEB_WAEBQEAU__crt_locale_pointers@@AEBQEAD@?$standard_base@_WV?$string_output_adapter@_W@__crt_stdio_output@@@__crt_stdio_output@@IEAA@AEBV?$string_output_adapter@_W@1@AEB_KAEBQEB_WAEBQEAU__crt_locale_pointers@@AEBQEAD@Z 0000000180014130 f i libucrtd:output.obj
 0001:00014ab0       ??$count@D@formatting_buffer@__crt_stdio_output@@QEBA_KXZ 0000000180015ab0 f i libucrtd:output.obj
 0001:00014b00       ??$data@D@formatting_buffer@__crt_stdio_output@@QEAAPEADXZ 0000000180015b00 f i libucrtd:output.obj
 0001:00014b00       ??$data@_W@formatting_buffer@__crt_stdio_output@@QEAAPEA_WXZ 0000000180015b00 f i libucrtd:output.obj
 0001:00014b50       ??$ensure_buffer_is_big_enough@D@formatting_buffer@__crt_stdio_output@@QEAA_N_K@Z 0000000180015b50 f i libucrtd:output.obj
 0001:00014c80       ??$extract_argument_from_va_list@C_J@?$standard_base@_WV?$string_output_adapter@_W@__crt_stdio_output@@@__crt_stdio_output@@IEAA_NAEA_J@Z 0000000180015c80 f i libucrtd:output.obj
 0001:00014c80       ??$extract_argument_from_va_list@C_J@?$standard_base@DV?$string_output_adapter@D@__crt_stdio_output@@@__crt_stdio_output@@IEAA_NAEA_J@Z 0000000180015c80 f i libucrtd:output.obj
 0001:00014cc0       ??$extract_argument_from_va_list@E_J@?$standard_base@DV?$string_output_adapter@D@__crt_stdio_output@@@__crt_stdio_output@@IEAA_NAEA_J@Z 0000000180015cc0 f i libucrtd:output.obj
 0001:00014cc0       ??$extract_argument_from_va_list@E_J@?$standard_base@_WV?$string_output_adapter@_W@__crt_stdio_output@@@__crt_stdio_output@@IEAA_NAEA_J@Z 0000000180015cc0 f i libucrtd:output.obj
 0001:00014d00       ??$extract_argument_from_va_list@F_J@?$standard_base@DV?$string_output_adapter@D@__crt_stdio_output@@@__crt_stdio_output@@IEAA_NAEA_J@Z 0000000180015d00 f i libucrtd:output.obj
 0001:00014d00       ??$extract_argument_from_va_list@F_J@?$standard_base@_WV?$string_output_adapter@_W@__crt_stdio_output@@@__crt_stdio_output@@IEAA_NAEA_J@Z 0000000180015d00 f i libucrtd:output.obj
 0001:00014d40       ??$extract_argument_from_va_list@GD@?$standard_base@DV?$string_output_adapter@D@__crt_stdio_output@@@__crt_stdio_output@@IEAA_NAEAD@Z 0000000180015d40 f i libucrtd:output.obj
 0001:00014d70       ??$extract_argument_from_va_list@G_J@?$standard_base@DV?$string_output_adapter@D@__crt_stdio_output@@@__crt_stdio_output@@IEAA_NAEA_J@Z 0000000180015d70 f i libucrtd:output.obj
 0001:00014d70       ??$extract_argument_from_va_list@G_J@?$standard_base@_WV?$string_output_adapter@_W@__crt_stdio_output@@@__crt_stdio_output@@IEAA_NAEA_J@Z 0000000180015d70 f i libucrtd:output.obj
 0001:00014db0       ??$extract_argument_from_va_list@H_J@?$standard_base@_WV?$string_output_adapter@_W@__crt_stdio_output@@@__crt_stdio_output@@IEAA_NAEA_J@Z 0000000180015db0 f i libucrtd:output.obj
 0001:00014db0       ??$extract_argument_from_va_list@H_J@?$standard_base@DV?$string_output_adapter@D@__crt_stdio_output@@@__crt_stdio_output@@IEAA_NAEA_J@Z 0000000180015db0 f i libucrtd:output.obj
 0001:00014de0       ??$extract_argument_from_va_list@I_J@?$standard_base@_WV?$string_output_adapter@_W@__crt_stdio_output@@@__crt_stdio_output@@IEAA_NAEA_J@Z 0000000180015de0 f i libucrtd:output.obj
 0001:00014de0       ??$extract_argument_from_va_list@I_J@?$standard_base@DV?$string_output_adapter@D@__crt_stdio_output@@@__crt_stdio_output@@IEAA_NAEA_J@Z 0000000180015de0 f i libucrtd:output.obj
 0001:00014e10       ??$extract_argument_from_va_list@U_CRT_DOUBLE@@U1@@?$standard_base@_WV?$string_output_adapter@_W@__crt_stdio_output@@@__crt_stdio_output@@IEAA_NAEAU_CRT_DOUBLE@@@Z 0000000180015e10 f i libucrtd:output.obj
 0001:00014e10       ??$extract_argument_from_va_list@U_CRT_DOUBLE@@U1@@?$standard_base@DV?$string_output_adapter@D@__crt_stdio_output@@@__crt_stdio_output@@IEAA_NAEAU_CRT_DOUBLE@@@Z 0000000180015e10 f i libucrtd:output.obj
 0001:00014e60       ??$extract_argument_from_va_list@PEADPEAD@?$standard_base@_WV?$string_output_adapter@_W@__crt_stdio_output@@@__crt_stdio_output@@IEAA_NAEAPEAD@Z 0000000180015e60 f i libucrtd:output.obj
 0001:00014e60       ??$extract_argument_from_va_list@PEADPEAD@?$standard_base@DV?$string_output_adapter@D@__crt_stdio_output@@@__crt_stdio_output@@IEAA_NAEAPEAD@Z 0000000180015e60 f i libucrtd:output.obj
 0001:00014e60       ??$extract_argument_from_va_list@PEAXPEAX@?$standard_base@_WV?$string_output_adapter@_W@__crt_stdio_output@@@__crt_stdio_output@@IEAA_NAEAPEAX@Z 0000000180015e60 f i libucrtd:output.obj
 0001:00014e60       ??$extract_argument_from_va_list@_J_J@?$standard_base@_WV?$string_output_adapter@_W@__crt_stdio_output@@@__crt_stdio_output@@IEAA_NAEA_J@Z 0000000180015e60 f i libucrtd:output.obj
 0001:00014e60       ??$extract_argument_from_va_list@_K_J@?$standard_base@_WV?$string_output_adapter@_W@__crt_stdio_output@@@__crt_stdio_output@@IEAA_NAEA_J@Z 0000000180015e60 f i libucrtd:output.obj
 0001:00014e60       ??$extract_argument_from_va_list@_K_J@?$standard_base@DV?$string_output_adapter@D@__crt_stdio_output@@@__crt_stdio_output@@IEAA_NAEA_J@Z 0000000180015e60 f i libucrtd:output.obj
 0001:00014e60       ??$extract_argument_from_va_list@PEAXPEAX@?$standard_base@DV?$string_output_adapter@D@__crt_stdio_output@@@__crt_stdio_output@@IEAA_NAEAPEAX@Z 0000000180015e60 f i libucrtd:output.obj
 0001:00014e60       ??$extract_argument_from_va_list@_J_J@?$standard_base@DV?$string_output_adapter@D@__crt_stdio_output@@@__crt_stdio_output@@IEAA_NAEA_J@Z 0000000180015e60 f i libucrtd:output.obj
 0001:00014e60       ??$extract_argument_from_va_list@PEAUansi_string@?1??type_case_Z@?$output_processor@_WV?$string_output_adapter@_W@__crt_stdio_output@@V?$format_validation_base@_WV?$string_output_adapter@_W@__crt_stdio_output@@@2@@__crt_stdio_output@@AEAA_NXZ@PEAU1?1??234@AEAA_NXZ@@?$standard_base@_WV?$string_output_adapter@_W@__crt_stdio_output@@@__crt_stdio_output@@IEAA_NAEAPEAUansi_string@?1??type_case_Z@?$output_processor@_WV?$string_output_adapter@_W@__crt_stdio_output@@V?$format_validation_base@_WV?$string_output_adapter@_W@__crt_stdio_output@@@2@@1@AEAA_NXZ@@Z 0000000180015e60 f i libucrtd:output.obj
 0001:00014e60       ??$extract_argument_from_va_list@PEAUansi_string@?1??type_case_Z@?$output_processor@DV?$string_output_adapter@D@__crt_stdio_output@@V?$format_validation_base@DV?$string_output_adapter@D@__crt_stdio_output@@@2@@__crt_stdio_output@@AEAA_NXZ@PEAU1?1??234@AEAA_NXZ@@?$standard_base@DV?$string_output_adapter@D@__crt_stdio_output@@@__crt_stdio_output@@IEAA_NAEAPEAUansi_string@?1??type_case_Z@?$output_processor@DV?$string_output_adapter@D@__crt_stdio_output@@V?$format_validation_base@DV?$string_output_adapter@D@__crt_stdio_output@@@2@@1@AEAA_NXZ@@Z 0000000180015e60 f i libucrtd:output.obj
 0001:00014e90       ??$extract_argument_from_va_list@_W_W@?$standard_base@DV?$string_output_adapter@D@__crt_stdio_output@@@__crt_stdio_output@@IEAA_NAEA_W@Z 0000000180015e90 f i libucrtd:output.obj
 0001:00014e90       ??$extract_argument_from_va_list@_W_W@?$standard_base@_WV?$string_output_adapter@_W@__crt_stdio_output@@@__crt_stdio_output@@IEAA_NAEA_W@Z 0000000180015e90 f i libucrtd:output.obj
 0001:00014ec0       ??$is_wide_character_specifier@D@__crt_stdio_output@@YA_N_KDW4length_modifier@0@@Z 0000000180015ec0 f i libucrtd:output.obj
 0001:00014f60       ??$is_wide_character_specifier@_W@__crt_stdio_output@@YA_N_K_WW4length_modifier@0@@Z 0000000180015f60 f i libucrtd:output.obj
 0001:00015030       ??$read_va_arg@E@__crt_stdio_output@@YAEAEAPEAD@Z 0000000180016030 f i libucrtd:output.obj
 0001:00015030       ??$read_va_arg@C@__crt_stdio_output@@YACAEAPEAD@Z 0000000180016030 f i libucrtd:output.obj
 0001:000150a0       ??$read_va_arg@_W@__crt_stdio_output@@YA_WAEAPEAD@Z 00000001800160a0 f i libucrtd:output.obj
 0001:000150a0       ??$read_va_arg@F@__crt_stdio_output@@YAFAEAPEAD@Z 00000001800160a0 f i libucrtd:output.obj
 0001:000150a0       ??$read_va_arg@G@__crt_stdio_output@@YAGAEAPEAD@Z 00000001800160a0 f i libucrtd:output.obj
 0001:00015110       ??$read_va_arg@I@__crt_stdio_output@@YAIAEAPEAD@Z 0000000180016110 f i libucrtd:output.obj
 0001:00015110       ??$read_va_arg@H@__crt_stdio_output@@YAHAEAPEAD@Z 0000000180016110 f i libucrtd:output.obj
 0001:00015170       ??$read_va_arg@PEAX@__crt_stdio_output@@YAPEAXAEAPEAD@Z 0000000180016170 f i libucrtd:output.obj
 0001:00015170       ??$read_va_arg@_J@__crt_stdio_output@@YA_JAEAPEAD@Z 0000000180016170 f i libucrtd:output.obj
 0001:00015170       ??$read_va_arg@PEAUansi_string@?1??type_case_Z@?$output_processor@_WV?$string_output_adapter@_W@__crt_stdio_output@@V?$format_validation_base@_WV?$string_output_adapter@_W@__crt_stdio_output@@@2@@__crt_stdio_output@@AEAA_NXZ@@__crt_stdio_output@@YAPEAUansi_string@?1??type_case_Z@?$output_processor@_WV?$string_output_adapter@_W@__crt_stdio_output@@V?$format_validation_base@_WV?$string_output_adapter@_W@__crt_stdio_output@@@2@@0@AEAA_NXZ@AEAPEAD@Z 0000000180016170 f i libucrtd:output.obj
 0001:00015170       ??$read_va_arg@_K@__crt_stdio_output@@YA_KAEAPEAD@Z 0000000180016170 f i libucrtd:output.obj
 0001:00015170       ??$read_va_arg@U_CRT_DOUBLE@@@__crt_stdio_output@@YA?AU_CRT_DOUBLE@@AEAPEAD@Z 0000000180016170 f i libucrtd:output.obj
 0001:00015170       ??$read_va_arg@PEAD@__crt_stdio_output@@YAPEADAEAPEAD@Z 0000000180016170 f i libucrtd:output.obj
 0001:00015170       ??$read_va_arg@PEAUansi_string@?1??type_case_Z@?$output_processor@DV?$string_output_adapter@D@__crt_stdio_output@@V?$format_validation_base@DV?$string_output_adapter@D@__crt_stdio_output@@@2@@__crt_stdio_output@@AEAA_NXZ@@__crt_stdio_output@@YAPEAUansi_string@?1??type_case_Z@?$output_processor@DV?$string_output_adapter@D@__crt_stdio_output@@V?$format_validation_base@DV?$string_output_adapter@D@__crt_stdio_output@@@2@@0@AEAA_NXZ@AEAPEAD@Z 0000000180016170 f i libucrtd:output.obj
 0001:000151e0       ??$scratch_count@D@formatting_buffer@__crt_stdio_output@@QEBA_KXZ 00000001800161e0 f i libucrtd:output.obj
 0001:00015200       ??$scratch_data@D@formatting_buffer@__crt_stdio_output@@QEAAPEADXZ 0000000180016200 f i libucrtd:output.obj
 0001:00015270       ??$tcstol@PEBDPEAPEADH@?$__crt_char_traits@D@@SAJ$$QEAPEBD$$QEAPEAPEAD$$QEAH@Z 0000000180016270 f i libucrtd:output.obj
 0001:000152b0       ??$tcstol@PEB_WPEAPEA_WH@?$__crt_char_traits@_W@@SAJ$$QEAPEB_W$$QEAPEAPEA_W$$QEAH@Z 00000001800162b0 f i libucrtd:output.obj
 0001:000152f0       ??$type_case_integer_parse_into_buffer@I@?$output_processor@DV?$string_output_adapter@D@__crt_stdio_output@@V?$format_validation_base@DV?$string_output_adapter@D@__crt_stdio_output@@@2@@__crt_stdio_output@@AEAAXII_N@Z 00000001800162f0 f i libucrtd:output.obj
 0001:00015410       ??$type_case_integer_parse_into_buffer@I@?$output_processor@_WV?$string_output_adapter@_W@__crt_stdio_output@@V?$format_validation_base@_WV?$string_output_adapter@_W@__crt_stdio_output@@@2@@__crt_stdio_output@@AEAAXII_N@Z 0000000180016410 f i libucrtd:output.obj
 0001:00015540       ??$type_case_integer_parse_into_buffer@_K@?$output_processor@DV?$string_output_adapter@D@__crt_stdio_output@@V?$format_validation_base@DV?$string_output_adapter@D@__crt_stdio_output@@@2@@__crt_stdio_output@@AEAAX_KI_N@Z 0000000180016540 f i libucrtd:output.obj
 0001:00015690       ??$type_case_integer_parse_into_buffer@_K@?$output_processor@_WV?$string_output_adapter@_W@__crt_stdio_output@@V?$format_validation_base@_WV?$string_output_adapter@_W@__crt_stdio_output@@@2@@__crt_stdio_output@@AEAAX_KI_N@Z 0000000180016690 f i libucrtd:output.obj
 0001:000157e0       ??$write_multiple_characters@V?$string_output_adapter@D@__crt_stdio_output@@D@__crt_stdio_output@@YAXAEBV?$string_output_adapter@D@0@DHQEAH@Z 00000001800167e0 f i libucrtd:output.obj
 0001:00015840       ??$write_multiple_characters@V?$string_output_adapter@_W@__crt_stdio_output@@D@__crt_stdio_output@@YAXAEBV?$string_output_adapter@_W@0@DHQEAH@Z 0000000180016840 f i libucrtd:output.obj
 0001:000158a0       ??0?$common_data@D@__crt_stdio_output@@IEAA@XZ 00000001800168a0 f i libucrtd:output.obj
 0001:00015970       ??0?$common_data@_W@__crt_stdio_output@@IEAA@XZ 0000000180016970 f i libucrtd:output.obj
 0001:00015a40       ??0?$output_adapter_data@DV?$string_output_adapter@D@__crt_stdio_output@@@__crt_stdio_output@@IEAA@AEBV?$string_output_adapter@D@1@_KQEBDQEAU__crt_locale_pointers@@QEAD@Z 0000000180016a40 f i libucrtd:output.obj
 0001:00015ac0       ??0?$output_adapter_data@_WV?$string_output_adapter@_W@__crt_stdio_output@@@__crt_stdio_output@@IEAA@AEBV?$string_output_adapter@_W@1@_KQEB_WQEAU__crt_locale_pointers@@QEAD@Z 0000000180016ac0 f i libucrtd:output.obj
 0001:00015b40       ??0?$output_processor@DV?$string_output_adapter@D@__crt_stdio_output@@V?$format_validation_base@DV?$string_output_adapter@D@__crt_stdio_output@@@2@@__crt_stdio_output@@QEAA@AEBV?$string_output_adapter@D@1@_KQEBDQEAU__crt_locale_pointers@@QEAD@Z 0000000180016b40 f i libucrtd:output.obj
 0001:00015ba0       ??0?$output_processor@_WV?$string_output_adapter@_W@__crt_stdio_output@@V?$format_validation_base@_WV?$string_output_adapter@_W@__crt_stdio_output@@@2@@__crt_stdio_output@@QEAA@AEBV?$string_output_adapter@_W@1@_KQEB_WQEAU__crt_locale_pointers@@QEAD@Z 0000000180016ba0 f i libucrtd:output.obj
 0001:00015c00       ??0__crt_errno_guard@@QEAA@QEAH@Z 0000000180016c00 f i libucrtd:output.obj
 0001:00015c40       ??0formatting_buffer@__crt_stdio_output@@QEAA@XZ 0000000180016c40 f i libucrtd:output.obj
 0001:00015c80       ??1?$common_data@_W@__crt_stdio_output@@QEAA@XZ 0000000180016c80 f i libucrtd:output.obj
 0001:00015c80       ??1?$common_data@D@__crt_stdio_output@@QEAA@XZ 0000000180016c80 f i libucrtd:output.obj
 0001:00015ca0       ??1?$format_validation_base@_WV?$string_output_adapter@_W@__crt_stdio_output@@@__crt_stdio_output@@QEAA@XZ 0000000180016ca0 f i libucrtd:output.obj
 0001:00015ca0       ??1?$format_validation_base@DV?$string_output_adapter@D@__crt_stdio_output@@@__crt_stdio_output@@QEAA@XZ 0000000180016ca0 f i libucrtd:output.obj
 0001:00015cc0       ??1?$output_adapter_data@_WV?$string_output_adapter@_W@__crt_stdio_output@@@__crt_stdio_output@@QEAA@XZ 0000000180016cc0 f i libucrtd:output.obj
 0001:00015cc0       ??1?$output_adapter_data@DV?$string_output_adapter@D@__crt_stdio_output@@@__crt_stdio_output@@QEAA@XZ 0000000180016cc0 f i libucrtd:output.obj
 0001:00015ce0       ??1?$output_processor@DV?$string_output_adapter@D@__crt_stdio_output@@V?$format_validation_base@DV?$string_output_adapter@D@__crt_stdio_output@@@2@@__crt_stdio_output@@QEAA@XZ 0000000180016ce0 f i libucrtd:output.obj
 0001:00015ce0       ??1?$output_processor@_WV?$string_output_adapter@_W@__crt_stdio_output@@V?$format_validation_base@_WV?$string_output_adapter@_W@__crt_stdio_output@@@2@@__crt_stdio_output@@QEAA@XZ 0000000180016ce0 f i libucrtd:output.obj
 0001:00015d00       ??1?$standard_base@_WV?$string_output_adapter@_W@__crt_stdio_output@@@__crt_stdio_output@@QEAA@XZ 0000000180016d00 f i libucrtd:output.obj
 0001:00015d00       ??1?$standard_base@DV?$string_output_adapter@D@__crt_stdio_output@@@__crt_stdio_output@@QEAA@XZ 0000000180016d00 f i libucrtd:output.obj
 0001:00015d20       ??1__crt_errno_guard@@QEAA@XZ 0000000180016d20 f i libucrtd:output.obj
 0001:00015d50       ??1formatting_buffer@__crt_stdio_output@@QEAA@XZ 0000000180016d50 f i libucrtd:output.obj
 0001:00015d80       ??4?$__crt_unique_heap_ptr@DU__crt_internal_free_policy@@@@QEAAAEAV0@$$QEAV0@@Z 0000000180016d80 f i libucrtd:output.obj
 0001:00015dc0       ?get@?$__crt_unique_heap_ptr@DU__crt_public_free_policy@@@@QEBAPEADXZ 0000000180016dc0 f i libvcruntimed:std_exception.obj
 0001:00015dc0       ?get@?$__crt_unique_handle_t@U__crt_handle_traits@@@@QEBAPEAXXZ 0000000180016dc0 f i libucrtd:crtmbox.obj
 0001:00015dc0       ?public_stream@__crt_stdio_stream@@QEBAPEAU_iobuf@@XZ 0000000180016dc0 f i libucrtd:output.obj
 0001:00015dc0       ?get@?$__crt_unique_heap_ptr@U__acrt_ptd@@U__crt_internal_free_policy@@@@QEBAPEAU__acrt_ptd@@XZ 0000000180016dc0 f i libucrtd:per_thread_data.obj
 0001:00015dc0       ?get@?$__crt_unique_heap_ptr@DU__crt_internal_free_policy@@@@QEBAPEADXZ 0000000180016dc0 f i libvcruntimed:std_type_info.obj
 0001:00015dc0       ?save_state@?$c_string_character_source@D@__crt_strtox@@QEBAPEBDXZ 0000000180016dc0 f i libucrtd:atox.obj
 0001:00015dc0       ?get@?$__crt_unique_handle_t@U__crt_hmodule_traits@@@@QEBAPEAUHINSTANCE__@@XZ 0000000180016dc0 f i libucrtd:exit.obj
 0001:00015dc0       ??C__crt_stdio_stream@@QEBAPEAU__crt_stdio_stream_data@@XZ 0000000180016dc0 f i libucrtd:output.obj
 0001:00015dc0       ?get@?$__crt_scoped_stack_ptr@_W@@QEBAPEA_WXZ 0000000180016dc0 f i libucrtd:getstringtypea.obj
 0001:00015dc0       ?save_state@?$c_string_character_source@_W@__crt_strtox@@QEBAPEB_WXZ 0000000180016dc0 f i libucrtd:atox.obj
 0001:00015dc0       ?get@?$__crt_unique_heap_ptr@U__vcrt_ptd@@U__crt_internal_free_policy@@@@QEBAPEAU__vcrt_ptd@@XZ 0000000180016dc0 f i libvcruntimed:per_thread_data.obj
 0001:00015dc0       ?get@?$__crt_unique_heap_ptr@U__crt_lowio_handle_data@@U__crt_internal_free_policy@@@@QEBAPEAU__crt_lowio_handle_data@@XZ 0000000180016dc0 f i libucrtd:osfinfo.obj
 0001:00015dc0       ?get@?$__crt_unique_heap_ptr@U__crt_multibyte_data@@U__crt_internal_free_policy@@@@QEBAPEAU__crt_multibyte_data@@XZ 0000000180016dc0 f i libucrtd:mbctype.obj
 0001:00015dd0       ?adjust_hexit@?$output_processor@DV?$string_output_adapter@D@__crt_stdio_output@@V?$format_validation_base@DV?$string_output_adapter@D@__crt_stdio_output@@@2@@__crt_stdio_output@@CADH_N@Z 0000000180016dd0 f i libucrtd:output.obj
 0001:00015dd0       ?adjust_hexit@?$output_processor@_WV?$string_output_adapter@_W@__crt_stdio_output@@V?$format_validation_base@_WV?$string_output_adapter@_W@__crt_stdio_output@@@2@@__crt_stdio_output@@CADH_N@Z 0000000180016dd0 f i libucrtd:output.obj
 0001:00015e20       ?advance_to_next_pass@?$standard_base@DV?$string_output_adapter@D@__crt_stdio_output@@@__crt_stdio_output@@IEAA_NXZ 0000000180016e20 f i libucrtd:output.obj
 0001:00015e20       ?advance_to_next_pass@?$standard_base@_WV?$string_output_adapter@_W@__crt_stdio_output@@@__crt_stdio_output@@IEAA_NXZ 0000000180016e20 f i libucrtd:output.obj
 0001:00015e70       ?crop_zeroes@__crt_stdio_output@@YAXPEADQEAU__crt_locale_pointers@@@Z 0000000180016e70 f i libucrtd:output.obj
 0001:00015fb0       ?find_next_state@?$output_processor@DV?$string_output_adapter@D@__crt_stdio_output@@V?$format_validation_base@DV?$string_output_adapter@D@__crt_stdio_output@@@2@@__crt_stdio_output@@AEBA?AW4state@2@DW432@@Z 0000000180016fb0 f i libucrtd:output.obj
 0001:00016050       ?find_next_state@?$output_processor@_WV?$string_output_adapter@_W@__crt_stdio_output@@V?$format_validation_base@_WV?$string_output_adapter@_W@__crt_stdio_output@@@2@@__crt_stdio_output@@AEBA?AW4state@2@_WW432@@Z 0000000180017050 f i libucrtd:output.obj
 0001:000160f0       ?force_decimal_point@__crt_stdio_output@@YAXPEADQEAU__crt_locale_pointers@@@Z 00000001800170f0 f i libucrtd:output.obj
 0001:000161d0       ?get_flags@__crt_stdio_stream@@QEBAJXZ 00000001800171d0 f i libucrtd:output.obj
 0001:00016200       ?has_flag@?$output_processor@_WV?$string_output_adapter@_W@__crt_stdio_output@@V?$format_validation_base@_WV?$string_output_adapter@_W@__crt_stdio_output@@@2@@__crt_stdio_output@@AEBA_NI@Z 0000000180017200 f i libucrtd:output.obj
 0001:00016200       ?has_flag@?$output_processor@DV?$string_output_adapter@D@__crt_stdio_output@@V?$format_validation_base@DV?$string_output_adapter@D@__crt_stdio_output@@@2@@__crt_stdio_output@@AEBA_NI@Z 0000000180017200 f i libucrtd:output.obj
 0001:00016240       ?is_string_backed@__crt_stdio_stream@@QEBA_NXZ 0000000180017240 f i libucrtd:output.obj
 0001:00016280       ?narrow_null_string@?$output_processor@DV?$string_output_adapter@D@__crt_stdio_output@@V?$format_validation_base@DV?$string_output_adapter@D@__crt_stdio_output@@@2@@__crt_stdio_output@@CAPEADXZ 0000000180017280 f i libucrtd:output.obj
 0001:00016280       ?narrow_null_string@?$output_processor@_WV?$string_output_adapter@_W@__crt_stdio_output@@V?$format_validation_base@_WV?$string_output_adapter@_W@__crt_stdio_output@@@2@@__crt_stdio_output@@CAPEADXZ 0000000180017280 f i libucrtd:output.obj
 0001:00016290       ?parse_int_from_format_string@?$output_processor@DV?$string_output_adapter@D@__crt_stdio_output@@V?$format_validation_base@DV?$string_output_adapter@D@__crt_stdio_output@@@2@@__crt_stdio_output@@AEAA_NQEAH@Z 0000000180017290 f i libucrtd:output.obj
 0001:00016370       ?parse_int_from_format_string@?$output_processor@_WV?$string_output_adapter@_W@__crt_stdio_output@@V?$format_validation_base@_WV?$string_output_adapter@_W@__crt_stdio_output@@@2@@__crt_stdio_output@@AEAA_NQEAH@Z 0000000180017370 f i libucrtd:output.obj
 0001:00016450       ?process@?$output_processor@DV?$string_output_adapter@D@__crt_stdio_output@@V?$format_validation_base@DV?$string_output_adapter@D@__crt_stdio_output@@@2@@__crt_stdio_output@@QEAAHXZ 0000000180017450 f i libucrtd:output.obj
 0001:000167b0       ?process@?$output_processor@_WV?$string_output_adapter@_W@__crt_stdio_output@@V?$format_validation_base@_WV?$string_output_adapter@_W@__crt_stdio_output@@@2@@__crt_stdio_output@@QEAAHXZ 00000001800177b0 f i libucrtd:output.obj
 0001:00016b10       ?set_flag@?$output_processor@_WV?$string_output_adapter@_W@__crt_stdio_output@@V?$format_validation_base@_WV?$string_output_adapter@_W@__crt_stdio_output@@@2@@__crt_stdio_output@@AEAAXI@Z 0000000180017b10 f i libucrtd:output.obj
 0001:00016b10       ?set_flag@?$output_processor@DV?$string_output_adapter@D@__crt_stdio_output@@V?$format_validation_base@DV?$string_output_adapter@D@__crt_stdio_output@@@2@@__crt_stdio_output@@AEAAXI@Z 0000000180017b10 f i libucrtd:output.obj
 0001:00016b30       ?should_skip_normal_state_processing@?$standard_base@_WV?$string_output_adapter@_W@__crt_stdio_output@@@__crt_stdio_output@@IEAA_NXZ 0000000180017b30 f i libucrtd:output.obj
 0001:00016b30       ?should_skip_type_state_output@?$standard_base@_WV?$string_output_adapter@_W@__crt_stdio_output@@@__crt_stdio_output@@IEBA_NXZ 0000000180017b30 f i libucrtd:output.obj
 0001:00016b30       ?should_skip_type_state_output@?$standard_base@DV?$string_output_adapter@D@__crt_stdio_output@@@__crt_stdio_output@@IEBA_NXZ 0000000180017b30 f i libucrtd:output.obj
 0001:00016b30       ?should_skip_normal_state_processing@?$standard_base@DV?$string_output_adapter@D@__crt_stdio_output@@@__crt_stdio_output@@IEAA_NXZ 0000000180017b30 f i libucrtd:output.obj
 0001:00016b40       ?state_case_dot@?$output_processor@DV?$string_output_adapter@D@__crt_stdio_output@@V?$format_validation_base@DV?$string_output_adapter@D@__crt_stdio_output@@@2@@__crt_stdio_output@@AEAA_NXZ 0000000180017b40 f i libucrtd:output.obj
 0001:00016b40       ?state_case_dot@?$output_processor@_WV?$string_output_adapter@_W@__crt_stdio_output@@V?$format_validation_base@_WV?$string_output_adapter@_W@__crt_stdio_output@@@2@@__crt_stdio_output@@AEAA_NXZ 0000000180017b40 f i libucrtd:output.obj
 0001:00016b60       ?state_case_flag@?$output_processor@DV?$string_output_adapter@D@__crt_stdio_output@@V?$format_validation_base@DV?$string_output_adapter@D@__crt_stdio_output@@@2@@__crt_stdio_output@@AEAA_NXZ 0000000180017b60 f i libucrtd:output.obj
 0001:00016c00       ?state_case_flag@?$output_processor@_WV?$string_output_adapter@_W@__crt_stdio_output@@V?$format_validation_base@_WV?$string_output_adapter@_W@__crt_stdio_output@@@2@@__crt_stdio_output@@AEAA_NXZ 0000000180017c00 f i libucrtd:output.obj
 0001:00016ca0       ?state_case_normal@?$output_processor@DV?$string_output_adapter@D@__crt_stdio_output@@V?$format_validation_base@DV?$string_output_adapter@D@__crt_stdio_output@@@2@@__crt_stdio_output@@AEAA_NXZ 0000000180017ca0 f i libucrtd:output.obj
 0001:00016d80       ?state_case_normal@?$output_processor@_WV?$string_output_adapter@_W@__crt_stdio_output@@V?$format_validation_base@_WV?$string_output_adapter@_W@__crt_stdio_output@@@2@@__crt_stdio_output@@AEAA_NXZ 0000000180017d80 f i libucrtd:output.obj
 0001:00016e60       ?state_case_normal_common@?$output_processor@DV?$string_output_adapter@D@__crt_stdio_output@@V?$format_validation_base@DV?$string_output_adapter@D@__crt_stdio_output@@@2@@__crt_stdio_output@@AEAA_NXZ 0000000180017e60 f i libucrtd:output.obj
 0001:00016eb0       ?state_case_normal_common@?$output_processor@_WV?$string_output_adapter@_W@__crt_stdio_output@@V?$format_validation_base@_WV?$string_output_adapter@_W@__crt_stdio_output@@@2@@__crt_stdio_output@@AEAA_NXZ 0000000180017eb0 f i libucrtd:output.obj
 0001:00016f00       ?state_case_normal_tchar@?$output_processor@DV?$string_output_adapter@D@__crt_stdio_output@@V?$format_validation_base@DV?$string_output_adapter@D@__crt_stdio_output@@@2@@__crt_stdio_output@@AEAA_ND@Z 0000000180017f00 f i libucrtd:output.obj
 0001:00017040       ?state_case_normal_tchar@?$output_processor@_WV?$string_output_adapter@_W@__crt_stdio_output@@V?$format_validation_base@_WV?$string_output_adapter@_W@__crt_stdio_output@@@2@@__crt_stdio_output@@AEAA_N_W@Z 0000000180018040 f i libucrtd:output.obj
 0001:00017060       ?state_case_percent@?$output_processor@_WV?$string_output_adapter@_W@__crt_stdio_output@@V?$format_validation_base@_WV?$string_output_adapter@_W@__crt_stdio_output@@@2@@__crt_stdio_output@@AEAA_NXZ 0000000180018060 f i libucrtd:output.obj
 0001:00017060       ?state_case_percent@?$output_processor@DV?$string_output_adapter@D@__crt_stdio_output@@V?$format_validation_base@DV?$string_output_adapter@D@__crt_stdio_output@@@2@@__crt_stdio_output@@AEAA_NXZ 0000000180018060 f i libucrtd:output.obj
 0001:000170b0       ?state_case_precision@?$output_processor@DV?$string_output_adapter@D@__crt_stdio_output@@V?$format_validation_base@DV?$string_output_adapter@D@__crt_stdio_output@@@2@@__crt_stdio_output@@AEAA_NXZ 00000001800180b0 f i libucrtd:output.obj
 0001:00017130       ?state_case_precision@?$output_processor@_WV?$string_output_adapter@_W@__crt_stdio_output@@V?$format_validation_base@_WV?$string_output_adapter@_W@__crt_stdio_output@@@2@@__crt_stdio_output@@AEAA_NXZ 0000000180018130 f i libucrtd:output.obj
 0001:000171b0       ?state_case_size@?$output_processor@DV?$string_output_adapter@D@__crt_stdio_output@@V?$format_validation_base@DV?$string_output_adapter@D@__crt_stdio_output@@@2@@__crt_stdio_output@@AEAA_NXZ 00000001800181b0 f i libucrtd:output.obj
 0001:00017630       ?state_case_size@?$output_processor@_WV?$string_output_adapter@_W@__crt_stdio_output@@V?$format_validation_base@_WV?$string_output_adapter@_W@__crt_stdio_output@@@2@@__crt_stdio_output@@AEAA_NXZ 0000000180018630 f i libucrtd:output.obj
 0001:00017ab0       ?state_case_type@?$output_processor@DV?$string_output_adapter@D@__crt_stdio_output@@V?$format_validation_base@DV?$string_output_adapter@D@__crt_stdio_output@@@2@@__crt_stdio_output@@AEAA_NXZ 0000000180018ab0 f i libucrtd:output.obj
 0001:00017f40       ?state_case_type@?$output_processor@_WV?$string_output_adapter@_W@__crt_stdio_output@@V?$format_validation_base@_WV?$string_output_adapter@_W@__crt_stdio_output@@@2@@__crt_stdio_output@@AEAA_NXZ 0000000180018f40 f i libucrtd:output.obj
 0001:00018410       ?state_case_width@?$output_processor@DV?$string_output_adapter@D@__crt_stdio_output@@V?$format_validation_base@DV?$string_output_adapter@D@__crt_stdio_output@@@2@@__crt_stdio_output@@AEAA_NXZ 0000000180019410 f i libucrtd:output.obj
 0001:000184a0       ?state_case_width@?$output_processor@_WV?$string_output_adapter@_W@__crt_stdio_output@@V?$format_validation_base@_WV?$string_output_adapter@_W@__crt_stdio_output@@@2@@__crt_stdio_output@@AEAA_NXZ 00000001800194a0 f i libucrtd:output.obj
 0001:00018530       ?state_count@?$format_validation_base@_WV?$string_output_adapter@_W@__crt_stdio_output@@@__crt_stdio_output@@KAIXZ 0000000180019530 f i libucrtd:output.obj
 0001:00018530       ?state_count@?$format_validation_base@DV?$string_output_adapter@D@__crt_stdio_output@@@__crt_stdio_output@@KAIXZ 0000000180019530 f i libucrtd:output.obj
 0001:00018540       ?state_transition_table@?$format_validation_base@DV?$string_output_adapter@D@__crt_stdio_output@@@__crt_stdio_output@@KAPEBEXZ 0000000180019540 f i libucrtd:output.obj
 0001:00018540       ?state_transition_table@?$format_validation_base@_WV?$string_output_adapter@_W@__crt_stdio_output@@@__crt_stdio_output@@KAPEBEXZ 0000000180019540 f i libucrtd:output.obj
 0001:00018550       ?to_integer_size@__crt_stdio_output@@YA_KW4length_modifier@1@@Z 0000000180019550 f i libucrtd:output.obj
 0001:00018600       ?type_case_X@?$output_processor@DV?$string_output_adapter@D@__crt_stdio_output@@V?$format_validation_base@DV?$string_output_adapter@D@__crt_stdio_output@@@2@@__crt_stdio_output@@AEAA_NXZ 0000000180019600 f i libucrtd:output.obj
 0001:00018620       ?type_case_X@?$output_processor@_WV?$string_output_adapter@_W@__crt_stdio_output@@V?$format_validation_base@_WV?$string_output_adapter@_W@__crt_stdio_output@@@2@@__crt_stdio_output@@AEAA_NXZ 0000000180019620 f i libucrtd:output.obj
 0001:00018640       ?type_case_Z@?$output_processor@DV?$string_output_adapter@D@__crt_stdio_output@@V?$format_validation_base@DV?$string_output_adapter@D@__crt_stdio_output@@@2@@__crt_stdio_output@@AEAA_NXZ 0000000180019640 f i libucrtd:output.obj
 0001:00018760       ?type_case_Z@?$output_processor@_WV?$string_output_adapter@_W@__crt_stdio_output@@V?$format_validation_base@_WV?$string_output_adapter@_W@__crt_stdio_output@@@2@@__crt_stdio_output@@AEAA_NXZ 0000000180019760 f i libucrtd:output.obj
 0001:00018880       ?type_case_a@?$output_processor@DV?$string_output_adapter@D@__crt_stdio_output@@V?$format_validation_base@DV?$string_output_adapter@D@__crt_stdio_output@@@2@@__crt_stdio_output@@AEAA_NXZ 0000000180019880 f i libucrtd:output.obj
 0001:00018c30       ?type_case_a@?$output_processor@_WV?$string_output_adapter@_W@__crt_stdio_output@@V?$format_validation_base@_WV?$string_output_adapter@_W@__crt_stdio_output@@@2@@__crt_stdio_output@@AEAA_NXZ 0000000180019c30 f i libucrtd:output.obj
 0001:00018fe0       ?type_case_c@?$output_processor@DV?$string_output_adapter@D@__crt_stdio_output@@V?$format_validation_base@DV?$string_output_adapter@D@__crt_stdio_output@@@2@@__crt_stdio_output@@AEAA_NXZ 0000000180019fe0 f i libucrtd:output.obj
 0001:00019000       ?type_case_c@?$output_processor@_WV?$string_output_adapter@_W@__crt_stdio_output@@V?$format_validation_base@_WV?$string_output_adapter@_W@__crt_stdio_output@@@2@@__crt_stdio_output@@AEAA_NXZ 000000018001a000 f i libucrtd:output.obj
 0001:00019020       ?type_case_c_tchar@?$output_processor@DV?$string_output_adapter@D@__crt_stdio_output@@V?$format_validation_base@DV?$string_output_adapter@D@__crt_stdio_output@@@2@@__crt_stdio_output@@AEAA_ND@Z 000000018001a020 f i libucrtd:output.obj
 0001:00019170       ?type_case_c_tchar@?$output_processor@_WV?$string_output_adapter@_W@__crt_stdio_output@@V?$format_validation_base@_WV?$string_output_adapter@_W@__crt_stdio_output@@@2@@__crt_stdio_output@@AEAA_N_W@Z 000000018001a170 f i libucrtd:output.obj
 0001:000192a0       ?type_case_d@?$output_processor@DV?$string_output_adapter@D@__crt_stdio_output@@V?$format_validation_base@DV?$string_output_adapter@D@__crt_stdio_output@@@2@@__crt_stdio_output@@AEAA_NXZ 000000018001a2a0 f i libucrtd:output.obj
 0001:000192d0       ?type_case_d@?$output_processor@_WV?$string_output_adapter@_W@__crt_stdio_output@@V?$format_validation_base@_WV?$string_output_adapter@_W@__crt_stdio_output@@@2@@__crt_stdio_output@@AEAA_NXZ 000000018001a2d0 f i libucrtd:output.obj
 0001:00019300       ?type_case_integer@?$output_processor@DV?$string_output_adapter@D@__crt_stdio_output@@V?$format_validation_base@DV?$string_output_adapter@D@__crt_stdio_output@@@2@@__crt_stdio_output@@AEAA_NI_N@Z 000000018001a300 f i libucrtd:output.obj
 0001:00019730       ?type_case_integer@?$output_processor@_WV?$string_output_adapter@_W@__crt_stdio_output@@V?$format_validation_base@_WV?$string_output_adapter@_W@__crt_stdio_output@@@2@@__crt_stdio_output@@AEAA_NI_N@Z 000000018001a730 f i libucrtd:output.obj
 0001:00019b60       ?type_case_n@?$output_processor@DV?$string_output_adapter@D@__crt_stdio_output@@V?$format_validation_base@DV?$string_output_adapter@D@__crt_stdio_output@@@2@@__crt_stdio_output@@AEAA_NXZ 000000018001ab60 f i libucrtd:output.obj
 0001:00019da0       ?type_case_n@?$output_processor@_WV?$string_output_adapter@_W@__crt_stdio_output@@V?$format_validation_base@_WV?$string_output_adapter@_W@__crt_stdio_output@@@2@@__crt_stdio_output@@AEAA_NXZ 000000018001ada0 f i libucrtd:output.obj
 0001:00019fe0       ?type_case_o@?$output_processor@DV?$string_output_adapter@D@__crt_stdio_output@@V?$format_validation_base@DV?$string_output_adapter@D@__crt_stdio_output@@@2@@__crt_stdio_output@@AEAA_NXZ 000000018001afe0 f i libucrtd:output.obj
 0001:0001a030       ?type_case_o@?$output_processor@_WV?$string_output_adapter@_W@__crt_stdio_output@@V?$format_validation_base@_WV?$string_output_adapter@_W@__crt_stdio_output@@@2@@__crt_stdio_output@@AEAA_NXZ 000000018001b030 f i libucrtd:output.obj
 0001:0001a080       ?type_case_p@?$output_processor@DV?$string_output_adapter@D@__crt_stdio_output@@V?$format_validation_base@DV?$string_output_adapter@D@__crt_stdio_output@@@2@@__crt_stdio_output@@AEAA_NXZ 000000018001b080 f i libucrtd:output.obj
 0001:0001a0c0       ?type_case_p@?$output_processor@_WV?$string_output_adapter@_W@__crt_stdio_output@@V?$format_validation_base@_WV?$string_output_adapter@_W@__crt_stdio_output@@@2@@__crt_stdio_output@@AEAA_NXZ 000000018001b0c0 f i libucrtd:output.obj
 0001:0001a100       ?type_case_s@?$output_processor@DV?$string_output_adapter@D@__crt_stdio_output@@V?$format_validation_base@DV?$string_output_adapter@D@__crt_stdio_output@@@2@@__crt_stdio_output@@AEAA_NXZ 000000018001b100 f i libucrtd:output.obj
 0001:0001a220       ?type_case_s@?$output_processor@_WV?$string_output_adapter@_W@__crt_stdio_output@@V?$format_validation_base@_WV?$string_output_adapter@_W@__crt_stdio_output@@@2@@__crt_stdio_output@@AEAA_NXZ 000000018001b220 f i libucrtd:output.obj
 0001:0001a340       ?type_case_s_compute_narrow_string_length@?$output_processor@DV?$string_output_adapter@D@__crt_stdio_output@@V?$format_validation_base@DV?$string_output_adapter@D@__crt_stdio_output@@@2@@__crt_stdio_output@@AEBAHHD@Z 000000018001b340 f i libucrtd:output.obj
 0001:0001a370       ?type_case_s_compute_narrow_string_length@?$output_processor@_WV?$string_output_adapter@_W@__crt_stdio_output@@V?$format_validation_base@_WV?$string_output_adapter@_W@__crt_stdio_output@@@2@@__crt_stdio_output@@AEBAHH_W@Z 000000018001b370 f i libucrtd:output.obj
 0001:0001a400       ?type_case_u@?$output_processor@DV?$string_output_adapter@D@__crt_stdio_output@@V?$format_validation_base@DV?$string_output_adapter@D@__crt_stdio_output@@@2@@__crt_stdio_output@@AEAA_NXZ 000000018001b400 f i libucrtd:output.obj
 0001:0001a420       ?type_case_u@?$output_processor@_WV?$string_output_adapter@_W@__crt_stdio_output@@V?$format_validation_base@_WV?$string_output_adapter@_W@__crt_stdio_output@@@2@@__crt_stdio_output@@AEAA_NXZ 000000018001b420 f i libucrtd:output.obj
 0001:0001a440       ?type_case_x@?$output_processor@DV?$string_output_adapter@D@__crt_stdio_output@@V?$format_validation_base@DV?$string_output_adapter@D@__crt_stdio_output@@@2@@__crt_stdio_output@@AEAA_NXZ 000000018001b440 f i libucrtd:output.obj
 0001:0001a460       ?type_case_x@?$output_processor@_WV?$string_output_adapter@_W@__crt_stdio_output@@V?$format_validation_base@_WV?$string_output_adapter@_W@__crt_stdio_output@@@2@@__crt_stdio_output@@AEAA_NXZ 000000018001b460 f i libucrtd:output.obj
 0001:0001a480       ?unset_flag@?$output_processor@DV?$string_output_adapter@D@__crt_stdio_output@@V?$format_validation_base@DV?$string_output_adapter@D@__crt_stdio_output@@@2@@__crt_stdio_output@@AEAAXI@Z 000000018001b480 f i libucrtd:output.obj
 0001:0001a480       ?unset_flag@?$output_processor@_WV?$string_output_adapter@_W@__crt_stdio_output@@V?$format_validation_base@_WV?$string_output_adapter@_W@__crt_stdio_output@@@2@@__crt_stdio_output@@AEAAXI@Z 000000018001b480 f i libucrtd:output.obj
 0001:0001a4b0       ?update_field_width@?$standard_base@DV?$string_output_adapter@D@__crt_stdio_output@@@__crt_stdio_output@@IEAA_NXZ 000000018001b4b0 f i libucrtd:output.obj
 0001:0001a4b0       ?update_field_width@?$standard_base@_WV?$string_output_adapter@_W@__crt_stdio_output@@@__crt_stdio_output@@IEAA_NXZ 000000018001b4b0 f i libucrtd:output.obj
 0001:0001a4e0       ?update_precision@?$standard_base@DV?$string_output_adapter@D@__crt_stdio_output@@@__crt_stdio_output@@IEAA_NXZ 000000018001b4e0 f i libucrtd:output.obj
 0001:0001a4e0       ?update_precision@?$standard_base@_WV?$string_output_adapter@_W@__crt_stdio_output@@@__crt_stdio_output@@IEAA_NXZ 000000018001b4e0 f i libucrtd:output.obj
 0001:0001a510       ?validate@?$string_output_adapter@D@__crt_stdio_output@@QEBA_NXZ 000000018001b510 f i libucrtd:output.obj
 0001:0001a5d0       ?validate@?$string_output_adapter@_W@__crt_stdio_output@@QEBA_NXZ 000000018001b5d0 f i libucrtd:output.obj
 0001:0001a690       ?validate_and_update_state_at_end_of_format_string@?$format_validation_base@DV?$string_output_adapter@D@__crt_stdio_output@@@__crt_stdio_output@@IEBA_NXZ 000000018001b690 f i libucrtd:output.obj
 0001:0001a750       ?validate_and_update_state_at_end_of_format_string@?$format_validation_base@_WV?$string_output_adapter@_W@__crt_stdio_output@@@__crt_stdio_output@@IEBA_NXZ 000000018001b750 f i libucrtd:output.obj
 0001:0001a810       ?validate_and_update_state_at_beginning_of_format_character@?$standard_base@DV?$string_output_adapter@D@__crt_stdio_output@@@__crt_stdio_output@@IEAA_NXZ 000000018001b810 f i libucrtd:output.obj
 0001:0001a810       ?validate_state_for_type_case_a@?$standard_base@_WV?$string_output_adapter@_W@__crt_stdio_output@@@__crt_stdio_output@@IEBA_NXZ 000000018001b810 f i libucrtd:output.obj
 0001:0001a810       ?validate_and_update_state_at_beginning_of_format_character@?$standard_base@_WV?$string_output_adapter@_W@__crt_stdio_output@@@__crt_stdio_output@@IEAA_NXZ 000000018001b810 f i libucrtd:output.obj
 0001:0001a810       ?should_format@?$standard_base@_WV?$string_output_adapter@_W@__crt_stdio_output@@@__crt_stdio_output@@IEAA_NXZ 000000018001b810 f i libucrtd:output.obj
 0001:0001a810       ?validate_state_for_type_case_a@?$standard_base@DV?$string_output_adapter@D@__crt_stdio_output@@@__crt_stdio_output@@IEBA_NXZ 000000018001b810 f i libucrtd:output.obj
 0001:0001a810       ?should_format@?$standard_base@DV?$string_output_adapter@D@__crt_stdio_output@@@__crt_stdio_output@@IEAA_NXZ 000000018001b810 f i libucrtd:output.obj
 0001:0001a820       ?wide_null_string@?$output_processor@_WV?$string_output_adapter@_W@__crt_stdio_output@@V?$format_validation_base@_WV?$string_output_adapter@_W@__crt_stdio_output@@@2@@__crt_stdio_output@@CAPEA_WXZ 000000018001b820 f i libucrtd:output.obj
 0001:0001a820       ?wide_null_string@?$output_processor@DV?$string_output_adapter@D@__crt_stdio_output@@V?$format_validation_base@DV?$string_output_adapter@D@__crt_stdio_output@@@2@@__crt_stdio_output@@CAPEA_WXZ 000000018001b820 f i libucrtd:output.obj
 0001:0001a830       ?write_character@?$string_output_adapter@D@__crt_stdio_output@@QEBA_NDQEAH@Z 000000018001b830 f i libucrtd:output.obj
 0001:0001a8f0       ?write_character@?$string_output_adapter@_W@__crt_stdio_output@@QEBA_N_WQEAH@Z 000000018001b8f0 f i libucrtd:output.obj
 0001:0001a9b0       ?write_stored_string_tchar@?$output_processor@DV?$string_output_adapter@D@__crt_stdio_output@@V?$format_validation_base@DV?$string_output_adapter@D@__crt_stdio_output@@@2@@__crt_stdio_output@@AEAA_ND@Z 000000018001b9b0 f i libucrtd:output.obj
 0001:0001ab10       ?write_stored_string_tchar@?$output_processor@_WV?$string_output_adapter@_W@__crt_stdio_output@@V?$format_validation_base@_WV?$string_output_adapter@_W@__crt_stdio_output@@@2@@__crt_stdio_output@@AEAA_N_W@Z 000000018001bb10 f i libucrtd:output.obj
 0001:0001ac50       ?write_string@?$string_output_adapter@D@__crt_stdio_output@@QEBAXQEBDHQEAH1@Z 000000018001bc50 f i libucrtd:output.obj
 0001:0001add0       ?write_string@?$string_output_adapter@_W@__crt_stdio_output@@QEBAXQEB_WHQEAH1@Z 000000018001bdd0 f i libucrtd:output.obj
 0001:0001af60       __acrt_isleadbyte_l_noupdate 000000018001bf60 f i libucrtd:output.obj
 0001:0001af90       __stdio_common_vsnprintf_s 000000018001bf90 f   libucrtd:output.obj
 0001:0001aff0       __stdio_common_vsnwprintf_s 000000018001bff0 f   libucrtd:output.obj
 0001:0001b050       __stdio_common_vsprintf_s  000000018001c050 f   libucrtd:output.obj
 0001:0001b0a0       ??$is_overflow_condition@K@__crt_strtox@@YA_NIK@Z 000000018001c0a0 f i libucrtd:atox.obj
 0001:0001b110       ??$parse_integer@KV?$c_string_character_source@D@__crt_strtox@@@__crt_strtox@@YAKQEAU__crt_locale_pointers@@V?$c_string_character_source@D@0@H_N@Z 000000018001c110 f i libucrtd:atox.obj
 0001:0001b5a0       ??$parse_integer@KV?$c_string_character_source@_W@__crt_strtox@@@__crt_strtox@@YAKQEAU__crt_locale_pointers@@V?$c_string_character_source@_W@0@H_N@Z 000000018001c5a0 f i libucrtd:atox.obj
 0001:0001ba50       ??0?$c_string_character_source@_W@__crt_strtox@@QEAA@QEB_WQEAPEB_W@Z 000000018001ca50 f i libucrtd:atox.obj
 0001:0001ba50       ??0?$c_string_character_source@D@__crt_strtox@@QEAA@QEBDQEAPEBD@Z 000000018001ca50 f i libucrtd:atox.obj
 0001:0001baa0       ??1?$c_string_character_source@_W@__crt_strtox@@QEAA@XZ 000000018001caa0 f i libucrtd:atox.obj
 0001:0001baa0       ??1?$c_string_character_source@D@__crt_strtox@@QEAA@XZ 000000018001caa0 f i libucrtd:atox.obj
 0001:0001bad0       ?get@?$c_string_character_source@D@__crt_strtox@@QEAADXZ 000000018001cad0 f i libucrtd:atox.obj
 0001:0001bb10       ?get@?$c_string_character_source@_W@__crt_strtox@@QEAA_WXZ 000000018001cb10 f i libucrtd:atox.obj
 0001:0001bb50       ?is_space@__crt_strtox@@YA_NDQEAU__crt_locale_pointers@@@Z 000000018001cb50 f i libucrtd:atox.obj
 0001:0001bba0       ?is_space@__crt_strtox@@YA_N_WPEAU__crt_locale_pointers@@@Z 000000018001cba0 f i libucrtd:atox.obj
 0001:0001bbe0       ?maximum_signed_value@__crt_strtox@@YAJK@Z 000000018001cbe0 f i libucrtd:atox.obj
 0001:0001bbf0       ?minimum_signed_value@__crt_strtox@@YAJK@Z 000000018001cbf0 f i libucrtd:atox.obj
 0001:0001bc00       ?parse_digit@__crt_strtox@@YAID@Z 000000018001cc00 f i libucrtd:atox.obj
 0001:0001bc70       ?parse_digit@__crt_strtox@@YAI_W@Z 000000018001cc70 f i libucrtd:atox.obj
 0001:0001bd00       ?restore_state@?$c_string_character_source@D@__crt_strtox@@QEAA_NQEBD@Z 000000018001cd00 f i libucrtd:atox.obj
 0001:0001bd00       ?restore_state@?$c_string_character_source@_W@__crt_strtox@@QEAA_NQEB_W@Z 000000018001cd00 f i libucrtd:atox.obj
 0001:0001bd20       ?unget@?$c_string_character_source@D@__crt_strtox@@QEAAXD@Z 000000018001cd20 f i libucrtd:atox.obj
 0001:0001be00       ?unget@?$c_string_character_source@_W@__crt_strtox@@QEAAX_W@Z 000000018001ce00 f i libucrtd:atox.obj
 0001:0001bee0       ?validate@?$c_string_character_source@D@__crt_strtox@@QEBA_NXZ 000000018001cee0 f i libucrtd:atox.obj
 0001:0001bfa0       ?validate@?$c_string_character_source@_W@__crt_strtox@@QEBA_NXZ 000000018001cfa0 f i libucrtd:atox.obj
 0001:0001c060       ?wide_character_to_digit@__crt_strtox@@YAH_W@Z 000000018001d060 f i libucrtd:atox.obj
 0001:0001c3d0       _fd_int                    000000018001d3d0 f   libucrtd:_test.obj
 0001:0001c7d0       _handle_error              000000018001d7d0 f   libucrtd:libm_error.obj
 0001:0001c960       _handle_errorf             000000018001d960 f   libucrtd:libm_error.obj
 0001:0001caf0       _handle_nan                000000018001daf0 f   libucrtd:libm_error.obj
 0001:0001cb40       _handle_nanf               000000018001db40 f   libucrtd:libm_error.obj
 0001:0001cb80       ??$?RV<lambda_5e887d1dcbef67a5eb4283622ba103bf>@@AEAV<lambda_4466841279450cc726390878d4a41900>@@V<lambda_341c25c0346d94847f1f3c463c57e077>@@@?$__crt_seh_guarded_call@X@@QEAAX$$QEAV<lambda_5e887d1dcbef67a5eb4283622ba103bf>@@AEAV<lambda_4466841279450cc726390878d4a41900>@@$$QEAV<lambda_341c25c0346d94847f1f3c463c57e077>@@@Z 000000018001db80 f i libucrtd:per_thread_data.obj
[...]
 0004:000024e4       $pdata$?write_text_ansi_nolock@@YA?AUwrite_result@?A0x4392dfaa@@HQEBDI@Z 00000001800524e4     libucrtd:write.obj
 0004:000024f0       $pdata$?write_text_utf16le_nolock@@YA?AUwrite_result@?A0x4392dfaa@@HQEBDI@Z 00000001800524f0     libucrtd:write.obj
 0004:000024fc       $pdata$?write_text_utf8_nolock@@YA?AUwrite_result@?A0x4392dfaa@@HQEBDI@Z 00000001800524fc     libucrtd:write.obj
 0004:00002508       $pdata$_write              0000000180052508     libucrtd:write.obj
 0004:00002514       $pdata$_write_nolock       0000000180052514     libucrtd:write.obj
 0004:0000252c       $pdata$ceil                000000018005252c     libucrtd:ceil.obj
 0004:00002538       $pdata$fegetenv            0000000180052538     libucrtd:fegetenv.obj
 0004:00002544       $pdata$fesetenv            0000000180052544     libucrtd:fesetenv.obj
 0004:00002550       $pdata$feholdexcept        0000000180052550     libucrtd:feholdexcept.obj
 0004:0000255c       $pdata$??$common_lseek_nolock@_J@@YA_JH_JH@Z 000000018005255c     libucrtd:lseek.obj
 0004:00002568       $pdata$?common_lseek_do_seek_nolock@@YA_JQEAX_JH@Z 0000000180052568     libucrtd:lseek.obj
 0004:00002574       $pdata$_lseeki64_nolock    0000000180052574     libucrtd:lseek.obj
 0004:00002580       $pdata$_fclose_nolock      0000000180052580     libucrtd:fclose.obj
 0004:0000258c       $pdata$fclose              000000018005258c     libucrtd:fclose.obj
 0004:00002598       $pdata$_putwch_nolock      0000000180052598     libucrtd:putwch.obj
 0004:000025a4       $pdata$__acrt_initialize_fma3 00000001800525a4     libucrtd:fma3_available.obj
 0004:000025b0       $pdata$_log10_special      00000001800525b0     libucrtd:log_special.obj
 0004:000025bc       $pdata$_log_special_common 00000001800525bc     libucrtd:log_special.obj
 0004:000025c8       $pdata$??$?RV<lambda_4f1f1a84956f0d44b74de224c960ff76>@@AEAV<lambda_a8f98972ebaa5f7148d35bffe53bd70d>@@V<lambda_f6ca65dda28655a1cf758c1c4e38e52a>@@@?$__crt_seh_guarded_call@H@@QEAAH$$QEAV<lambda_4f1f1a84956f0d44b74de224c960ff76>@@AEAV<lambda_a8f98972ebaa5f7148d35bffe53bd70d>@@$$QEAV<lambda_f6ca65dda28655a1cf758c1c4e38e52a>@@@Z 00000001800525c8     libucrtd:close.obj
 0004:000025d4       $pdata$??$__acrt_lowio_lock_fh_and_call@V<lambda_a8f98972ebaa5f7148d35bffe53bd70d>@@@@YAHH$$QEAV<lambda_a8f98972ebaa5f7148d35bffe53bd70d>@@@Z 00000001800525d4     libucrtd:close.obj
 0004:000025e0       $pdata$??R<lambda_2ce24b26f23dade10250ef086380d911>@@QEBAXXZ 00000001800525e0     libucrtd:commit.obj
 0004:000025e0       $pdata$??R<lambda_4f1f1a84956f0d44b74de224c960ff76>@@QEBAXXZ 00000001800525e0     libucrtd:close.obj
 0004:000025ec       $pdata$??R<lambda_a8f98972ebaa5f7148d35bffe53bd70d>@@QEBAHXZ 00000001800525ec     libucrtd:close.obj
 0004:000025f8       $pdata$?close_os_handle_nolock@@YAKH@Z 00000001800525f8     libucrtd:close.obj
 0004:00002604       $pdata$_close              0000000180052604     libucrtd:close.obj
 0004:00002610       $pdata$_close_nolock       0000000180052610     libucrtd:close.obj
 0004:0000261c       $pdata$?__acrt_stdio_free_stream@@YAXV__crt_stdio_stream@@@Z 000000018005261c     libucrtd:stream.obj
 0004:00002628       $pdata$__dcrt_lowio_initialize_console_output 0000000180052628     libucrtd:initcon.obj
 0004:00002634       $pdata$__dcrt_terminate_console_output 0000000180052634     libucrtd:initcon.obj
 0004:00002640       $pdata$_FindPESection      0000000180052640     LIBCMTD:pesect.obj
 0004:0000264c       $pdata$_IsNonwritableInCurrentImage 000000018005264c     LIBCMTD:pesect.obj
 0004:00002658       $pdata$_ValidateImageBase  0000000180052658     LIBCMTD:pesect.obj
 0004:00002664       $pdata$??_Gtype_info@@UEAAPEAXI@Z 0000000180052664     LIBCMTD:std_type_info_static.obj
 0004:0000267c       $pdata$__GSHandlerCheck_SEH 000000018005267c     LIBCMTD:_gshandlerseh_.obj
 0004:00002688       $pdata$__GSHandlerCheck_EH 0000000180052688     LIBCMTD:gshandlereh.obj
 0004:00002694       $pdata$??3@YAXPEAX_K@Z     0000000180052694     LIBCMTD:delete_scalar_size.obj
 0004:000026a0       $pdata$??3@YAXPEAX@Z       00000001800526a0     LIBCMTD:delete_scalar.obj
 0004:000026d0       $pdata$strrchr             00000001800526d0     libvcruntimed:strrchr.obj
 0004:000026dc       $pdata$?_CatchTryBlock@@YAPEBU_s_TryBlockMapEntry@@PEBU_s_FuncInfo@@H@Z 00000001800526dc     libvcruntimed:trnsctrl.obj
 0004:000026e8       $pdata$?_GetEstablisherFrame@@YAPEA_KPEA_KPEAU_xDISPATCHER_CONTEXT@@PEBU_s_FuncInfo@@0@Z 00000001800526e8     libvcruntimed:trnsctrl.obj
 0004:000026f4       $pdata$?_GetRangeOfTrysToCheck@@YAPEBU_s_TryBlockMapEntry@@PEA_KPEBU_s_FuncInfo@@HHPEAI2PEAU_xDISPATCHER_CONTEXT@@@Z 00000001800526f4     libvcruntimed:trnsctrl.obj
 0004:00002700       $pdata$?__FrameUnwindToEmptyState@@YAXPEA_KPEAU_xDISPATCHER_CONTEXT@@PEBU_s_FuncInfo@@@Z 0000000180052700     libvcruntimed:trnsctrl.obj
 0004:0000270c       $pdata$?__SehTransFilter@@YAHPEAU_EXCEPTION_POINTERS@@PEAUEHExceptionRecord@@PEA_KPEAU_CONTEXT@@PEAU_xDISPATCHER_CONTEXT@@PEBU_s_FuncInfo@@PEAH@Z 000000018005270c     libvcruntimed:trnsctrl.obj
 0004:00002718       $pdata$_CallSETranslator   0000000180052718     libvcruntimed:trnsctrl.obj
 0004:00002724       $pdata$_CreateFrameInfo    0000000180052724     libvcruntimed:trnsctrl.obj
 0004:00002730       $pdata$_FindAndUnlinkFrame 0000000180052730     libvcruntimed:trnsctrl.obj
 0004:0000273c       $pdata$_GetImageBase       000000018005273c     libvcruntimed:trnsctrl.obj
 0004:00002748       $pdata$_GetThrowImageBase  0000000180052748     libvcruntimed:trnsctrl.obj
 0004:00002754       $pdata$_IsExceptionObjectToBeDestroyed 0000000180052754     libvcruntimed:trnsctrl.obj
 0004:00002760       $pdata$_SetImageBase       0000000180052760     libvcruntimed:trnsctrl.obj
 0004:0000276c       $pdata$_SetThrowImageBase  000000018005276c     libvcruntimed:trnsctrl.obj
 0004:00002778       $pdata$_UnwindNestedFrames 0000000180052778     libvcruntimed:trnsctrl.obj
 0004:00002784       $pdata$__CxxFrameHandler3  0000000180052784     libvcruntimed:trnsctrl.obj
 0004:00002790       $pdata$?__GetCurrentState@@YAHPEA_KPEAU_xDISPATCHER_CONTEXT@@PEBU_s_FuncInfo@@@Z 0000000180052790     libvcruntimed:ehstate.obj
 0004:0000279c       $pdata$?__GetUnwindTryBlock@@YAHPEA_KPEAU_xDISPATCHER_CONTEXT@@PEBU_s_FuncInfo@@@Z 000000018005279c     libvcruntimed:ehstate.obj
 0004:000027a8       $pdata$?__SetUnwindTryBlock@@YAXPEA_KPEAU_xDISPATCHER_CONTEXT@@PEBU_s_FuncInfo@@H@Z 00000001800527a8     libvcruntimed:ehstate.obj
 0004:000027b4       $pdata$?__StateFromControlPc@@YAHPEBU_s_FuncInfo@@PEAU_xDISPATCHER_CONTEXT@@@Z 00000001800527b4     libvcruntimed:ehstate.obj
 0004:000027c0       $pdata$?__StateFromIp@@YAHPEBU_s_FuncInfo@@PEAU_xDISPATCHER_CONTEXT@@_J@Z 00000001800527c0     libvcruntimed:ehstate.obj
 0004:000027cc       $pdata$__DestructExceptionObject 00000001800527cc     libvcruntimed:frame.obj
 0004:000027d8       $pdata$??0bad_exception@std@@QEAA@AEBV01@@Z 00000001800527d8     libvcruntimed:frame.obj
 0004:000027e4       $pdata$??0bad_exception@std@@QEAA@XZ 00000001800527e4     libvcruntimed:frame.obj
 0004:000027f0       $pdata$??0exception@std@@QEAA@AEBV01@@Z 00000001800527f0     libvcruntimed:frame.obj
 0004:000027fc       $pdata$??0exception@std@@QEAA@QEBDH@Z 00000001800527fc     libvcruntimed:frame.obj
 0004:00002808       $pdata$??1bad_exception@std@@UEAA@XZ 0000000180052808     libvcruntimed:frame.obj
 0004:00002814       $pdata$??1exception@std@@UEAA@XZ 0000000180052814     libvcruntimed:frame.obj
 0004:00002820       $pdata$??8type_info@@QEBA_NAEBV0@@Z 0000000180052820     libvcruntimed:frame.obj
 0004:0000282c       $pdata$??_Gbad_exception@std@@UEAAPEAXI@Z 000000018005282c     libvcruntimed:frame.obj
 0004:00002838       $pdata$??_Gexception@std@@UEAAPEAXI@Z 0000000180052838     libvcruntimed:frame.obj
 0004:00002844       $pdata$?CatchIt@@YAXPEAUEHExceptionRecord@@PEA_KPEAU_CONTEXT@@PEAU_xDISPATCHER_CONTEXT@@PEBU_s_FuncInfo@@PEBU_s_HandlerType@@PEBU_s_CatchableType@@PEBU_s_TryBlockMapEntry@@H1EE@Z 0000000180052844     libvcruntimed:frame.obj
 0004:00002850       $pdata$?ExFilterRethrow@@YAHPEAU_EXCEPTION_POINTERS@@PEAUEHExceptionRecord@@PEAH@Z 0000000180052850     libvcruntimed:frame.obj
 0004:0000285c       $pdata$?FindHandler@@YAXPEAUEHExceptionRecord@@PEA_KPEAU_CONTEXT@@PEAU_xDISPATCHER_CONTEXT@@PEBU_s_FuncInfo@@EH1@Z 000000018005285c     libvcruntimed:frame.obj
 0004:00002868       $pdata$?FindHandlerForForeignException@@YAXPEAUEHExceptionRecord@@PEA_KPEAU_CONTEXT@@PEAU_xDISPATCHER_CONTEXT@@PEBU_s_FuncInfo@@HH1@Z 0000000180052868     libvcruntimed:frame.obj
 0004:00002874       $pdata$?IsInExceptionSpec@@YAEPEAUEHExceptionRecord@@PEBU_s_ESTypeList@@@Z 0000000180052874     libvcruntimed:frame.obj
 0004:00002880       $pdata$?Is_bad_exception_allowed@@YAEPEBU_s_ESTypeList@@@Z 0000000180052880     libvcruntimed:frame.obj
 0004:0000288c       $pdata$?_CallMemberFunction0@@YAXPEAXP6AX0@Z@Z 000000018005288c     libvcruntimed:frame.obj
 0004:00002898       $pdata$?_CallMemberFunction1@@YAXPEAXP6AX0@Z0@Z 0000000180052898     libvcruntimed:frame.obj
 0004:000028a4       $pdata$?_CallMemberFunction2@@YAXPEAXP6AX0@Z0H@Z 00000001800528a4     libvcruntimed:frame.obj
 0004:000028b0       $pdata$?__RethrowException@@YAXPEAUEHExceptionRecord@@@Z 00000001800528b0     libvcruntimed:frame.obj
 0004:000028bc       $pdata$?what@exception@std@@UEBAPEBDXZ 00000001800528bc     libvcruntimed:frame.obj
 0004:000028c8       $pdata$__AdjustPointer     00000001800528c8     libvcruntimed:frame.obj
 0004:000028d4       $pdata$__BuildCatchObject  00000001800528d4     libvcruntimed:frame.obj
 0004:000028e0       $pdata$__BuildCatchObjectHelper 00000001800528e0     libvcruntimed:frame.obj
 0004:000028ec       $pdata$__CxxCallCatchBlock 00000001800528ec     libvcruntimed:frame.obj
 0004:000028f8       $pdata$__FrameUnwindFilter 00000001800528f8     libvcruntimed:frame.obj
 0004:00002904       $pdata$__FrameUnwindToState 0000000180052904     libvcruntimed:frame.obj
 0004:00002910       $pdata$__InternalCxxFrameHandler 0000000180052910     libvcruntimed:frame.obj
 0004:0000291c       $pdata$__TypeMatch         000000018005291c     libvcruntimed:frame.obj
 0004:00002934       $pdata$??$?RD@__crt_public_free_policy@@QEBAXQEBD@Z 0000000180052934     libvcruntimed:std_exception.obj
 0004:00002940       $pdata$??1?$__crt_unique_heap_ptr@DU__crt_public_free_policy@@@@QEAA@XZ 0000000180052940     libvcruntimed:std_exception.obj
 0004:0000294c       $pdata$?release@?$__crt_unique_heap_ptr@DU__crt_public_free_policy@@@@QEAAXXZ 000000018005294c     libvcruntimed:std_exception.obj
 0004:00002958       $pdata$__std_exception_copy 0000000180052958     libvcruntimed:std_exception.obj
 0004:00002964       $pdata$__std_exception_destroy 0000000180052964     libvcruntimed:std_exception.obj
 0004:00002970       $pdata$_CxxThrowException  0000000180052970     libvcruntimed:throw.obj
 0004:00002988       $pdata$?fin$0@?0??dllmain_crt_process_attach@@YAHQEAUHINSTANCE__@@QEAX@Z@4HA 0000000180052988     LIBCMTD:dll_dllmain.obj
 0004:00002994       $pdata$?fin$0@?0??dllmain_crt_process_detach@@YAH_N@Z@4HA 0000000180052994     LIBCMTD:dll_dllmain.obj
 0004:000029a0       $pdata$?filt$0@?0??dllmain_dispatch@@YAHQEAUHINSTANCE__@@KQEAX@Z@4HA 00000001800529a0     LIBCMTD:dll_dllmain.obj
 0004:000029ac       $pdata$__scrt_is_nonwritable_in_current_image$filt$0 00000001800529ac     LIBCMTD:utility.obj
 0004:000029b8       $pdata$?filt$0@?0??common_exit@@YAXHW4_crt_exit_cleanup_mode@@W4_crt_exit_return_mode@@@Z@4HA 00000001800529b8     libucrtd:exit.obj
 0004:000029c4       $pdata$?fin$1@?0??common_exit@@YAXHW4_crt_exit_cleanup_mode@@W4_crt_exit_return_mode@@@Z@4HA 00000001800529c4     libucrtd:exit.obj
 0004:000029d0       $pdata$?fin$0@?0???$?RV<lambda_b0d8f1f77f5878de4f648f281b223c15>@@AEAV<lambda_942beefa13ab35ff55f86422493ffd6a>@@V<lambda_7adb6fc9c0d6a5bd4e2d9c212ec7cdcc>@@@?$__crt_seh_guarded_call@H@@QEAAH$$QEAV<lambda_b0d8f1f77f5878de4f648f281b223c15>@@AEAV<lambda_942beefa13ab35ff55f86422493ffd6a>@@$$QEAV<lambda_7adb6fc9c0d6a5bd4e2d9c212ec7cdcc>@@@Z@4HA 00000001800529d0     libucrtd:onexit.obj
 0004:000029d0       $pdata$?fin$0@?0???$?RV<lambda_d22e02de4d14401f49897516b29a2b7c>@@AEAV<lambda_e971338317bfa523bb8920b43d823727>@@V<lambda_b0b8599c9027f5b14541fbbd6863d1f1>@@@?$__crt_seh_guarded_call@H@@QEAAH$$QEAV<lambda_d22e02de4d14401f49897516b29a2b7c>@@AEAV<lambda_e971338317bfa523bb8920b43d823727>@@$$QEAV<lambda_b0b8599c9027f5b14541fbbd6863d1f1>@@@Z@4HA 00000001800529d0     libucrtd:onexit.obj
 0004:000029d0       $pdata$?fin$0@?0???$?RV<lambda_c36588078e9f5dfd39652860aa6b3aaf>@@AEAV<lambda_ec61778202f4f5fc7e7711acc23c3bca>@@V<lambda_dc9d2797ccde5d239b4a0efae8ebd7db>@@@?$__crt_seh_guarded_call@P6AXH@Z@@QEAAP6AXH@Z$$QEAV<lambda_c36588078e9f5dfd39652860aa6b3aaf>@@AEAV<lambda_ec61778202f4f5fc7e7711acc23c3bca>@@$$QEAV<lambda_dc9d2797ccde5d239b4a0efae8ebd7db>@@@Z@4HA 00000001800529d0     libucrtd:signal.obj
 0004:000029dc       $pdata$?fin$0@?0??heap_alloc_dbg_internal@@YAPEAX_KHQEBDH@Z@4HA 00000001800529dc     libucrtd:debug_heap.obj
 0004:000029dc       $pdata$_CrtMemCheckpoint$fin$0 00000001800529dc     libucrtd:debug_heap.obj
 0004:000029e8       $pdata$?filt$0@?0??is_bad_read_pointer@@YA_NQEBX_K@Z@4HA 00000001800529e8     libucrtd:debug_heap.obj
 0004:000029e8       $pdata$__BuildCatchObjectHelper$filt$0 00000001800529e8     libvcruntimed:frame.obj
 0004:000029e8       $pdata$__BuildCatchObject$filt$0 00000001800529e8     libvcruntimed:frame.obj
 0004:000029e8       $pdata$terminate$filt$0    00000001800529e8     libucrtd:terminate.obj
 0004:000029f4       $pdata$?fin$0@?0??validate_heap_if_required_nolock@@YAXXZ@4HA 00000001800529f4     libucrtd:debug_heap.obj
 0004:00002a00       $pdata$_msize_dbg$fin$0    0000000180052a00     libucrtd:debug_heap.obj
 0004:00002a00       $pdata$_realloc_dbg$fin$0  0000000180052a00     libucrtd:debug_heap.obj
 0004:00002a00       $pdata$_CrtCheckMemory$fin$0 0000000180052a00     libucrtd:debug_heap.obj
 0004:00002a00       $pdata$_CrtSetDbgFlag$fin$0 0000000180052a00     libucrtd:debug_heap.obj
 0004:00002a00       $pdata$_CrtMemDumpAllObjectsSince$fin$0 0000000180052a00     libucrtd:debug_heap.obj
 0004:00002a0c       $pdata$_query_new_handler$fin$0 0000000180052a0c     libucrtd:new_handler.obj
 0004:00002a0c       $pdata$_free_dbg$fin$0     0000000180052a0c     libucrtd:debug_heap.obj
 0004:00002a18       $pdata$?fin$0@?0???$?RV<lambda_441f2315ac0f593d45428a8fceb6abe6>@@AEAV<lambda_2f900415df1f7f624cdaaefe86d0b1c0>@@V<lambda_1d10a5a8ccb596b49763520e59d5af47>@@@?$__crt_seh_guarded_call@X@@QEAAX$$QEAV<lambda_441f2315ac0f593d45428a8fceb6abe6>@@AEAV<lambda_2f900415df1f7f624cdaaefe86d0b1c0>@@$$QEAV<lambda_1d10a5a8ccb596b49763520e59d5af47>@@@Z@4HA 0000000180052a18     libucrtd:mbctype.obj
 0004:00002a18       $pdata$?fin$0@?0???$?RV<lambda_fb3a7dec4e47f37f22dae91bb15c9095>@@AEAV<lambda_698284760c8add0bfb0756c19673e34b>@@V<lambda_dfb8eca1e75fef3034a8fb18dd509707>@@@?$__crt_seh_guarded_call@X@@QEAAX$$QEAV<lambda_fb3a7dec4e47f37f22dae91bb15c9095>@@AEAV<lambda_698284760c8add0bfb0756c19673e34b>@@$$QEAV<lambda_dfb8eca1e75fef3034a8fb18dd509707>@@@Z@4HA 0000000180052a18     libucrtd:per_thread_data.obj
 0004:00002a18       $pdata$?fin$0@?0???$?RV<lambda_5e887d1dcbef67a5eb4283622ba103bf>@@AEAV<lambda_4466841279450cc726390878d4a41900>@@V<lambda_341c25c0346d94847f1f3c463c57e077>@@@?$__crt_seh_guarded_call@X@@QEAAX$$QEAV<lambda_5e887d1dcbef67a5eb4283622ba103bf>@@AEAV<lambda_4466841279450cc726390878d4a41900>@@$$QEAV<lambda_341c25c0346d94847f1f3c463c57e077>@@@Z@4HA 0000000180052a18     libucrtd:per_thread_data.obj
 0004:00002a18       $pdata$?fin$0@?0???$?RV<lambda_72d1df2b273a38828b1ce30cbf4cdab5>@@AEAV<lambda_876a65b173b8412d3a47c70a915b0cf4>@@V<lambda_41932305e351933ebe8f8be3ed8bb5dc>@@@?$__crt_seh_guarded_call@X@@QEAAX$$QEAV<lambda_72d1df2b273a38828b1ce30cbf4cdab5>@@AEAV<lambda_876a65b173b8412d3a47c70a915b0cf4>@@$$QEAV<lambda_41932305e351933ebe8f8be3ed8bb5dc>@@@Z@4HA 0000000180052a18     libucrtd:per_thread_data.obj
 0004:00002a18       $pdata$?fin$0@?0???$?RV<lambda_8773731b9ba2edf4362dda13ebc82854>@@AEAV<lambda_6ac21da2756cd333d25ba1adc9a0001e>@@V<lambda_2c95662d60720604e97e3009a1ee1859>@@@?$__crt_seh_guarded_call@X@@QEAAX$$QEAV<lambda_8773731b9ba2edf4362dda13ebc82854>@@AEAV<lambda_6ac21da2756cd333d25ba1adc9a0001e>@@$$QEAV<lambda_2c95662d60720604e97e3009a1ee1859>@@@Z@4HA 0000000180052a18     libucrtd:per_thread_data.obj
 0004:00002a24       $pdata$__acrt_update_thread_multibyte_data$fin$0 0000000180052a24     libucrtd:mbctype.obj
 0004:00002a30       $pdata$__acrt_initialize_lowio$fin$0 0000000180052a30     libucrtd:ioinit.obj
 0004:00002a3c       $pdata$raise$fin$0         0000000180052a3c     libucrtd:signal.obj
 0004:00002a48       $pdata$_VCrtDbgReportA$fin$0 0000000180052a48     libucrtd:dbgrptt.obj
 0004:00002a54       $pdata$_VCrtDbgReportA$fin$1 0000000180052a54     libucrtd:dbgrptt.obj
 0004:00002a60       $pdata$_VCrtDbgReportW$fin$0 0000000180052a60     libucrtd:dbgrptt.obj
 0004:00002a6c       $pdata$_VCrtDbgReportW$fin$1 0000000180052a6c     libucrtd:dbgrptt.obj
 0004:00002a78       $pdata$?dtor$0@?0??fp_format_a@@YAHQEBNPEAD_KQEAD2H_NIQEAU__crt_locale_pointers@@@Z@4HA 0000000180052a78     libucrtd:cvt.obj
 0004:00002a84       $pdata$_ctrlfp$filt$0      0000000180052a84     libucrtd:fpctrl.obj
 0004:00002a90       $pdata$__acrt_update_thread_locale_data$fin$0 0000000180052a90     libucrtd:locale_refcounting.obj
 0004:00002a90       $pdata$__acrt_uninitialize_locale$fin$0 0000000180052a90     libucrtd:wsetlocale.obj
 0004:00002a9c       $pdata$__acrt_lowio_ensure_fh_exists$fin$0 0000000180052a9c     libucrtd:osfinfo.obj
 0004:00002aa8       $pdata$common_flush_all$fin$0 0000000180052aa8     libucrtd:fflush.obj
 0004:00002ab4       $pdata$common_flush_all$fin$1 0000000180052ab4     libucrtd:fflush.obj
 0004:00002ac0       $pdata$?dtor$0@?0??_wcstombs_l_helper@@YA_KPEADPEB_W_KPEAU__crt_locale_pointers@@@Z@4HA 0000000180052ac0     libucrtd:wcstombs.obj
 0004:00002acc       $pdata$_fcloseall$fin$0    0000000180052acc     libucrtd:closeall.obj
 0004:00002ad8       $pdata$common_control87$filt$0 0000000180052ad8     libucrtd:ieee.obj
 0004:00002ae4       $pdata$?fin$0@?0???$?RV<lambda_4f1f1a84956f0d44b74de224c960ff76>@@AEAV<lambda_a8f98972ebaa5f7148d35bffe53bd70d>@@V<lambda_f6ca65dda28655a1cf758c1c4e38e52a>@@@?$__crt_seh_guarded_call@H@@QEAAH$$QEAV<lambda_4f1f1a84956f0d44b74de224c960ff76>@@AEAV<lambda_a8f98972ebaa5f7148d35bffe53bd70d>@@$$QEAV<lambda_f6ca65dda28655a1cf758c1c4e38e52a>@@@Z@4HA 0000000180052ae4     libucrtd:close.obj
 0004:00002ae4       $pdata$?fin$0@?0???$?RV<lambda_2ce24b26f23dade10250ef086380d911>@@AEAV<lambda_e9ab68cc08dfd839979545c079379e6e>@@V<lambda_6262c464c96e4c69799ed44814c7c457>@@@?$__crt_seh_guarded_call@H@@QEAAH$$QEAV<lambda_2ce24b26f23dade10250ef086380d911>@@AEAV<lambda_e9ab68cc08dfd839979545c079379e6e>@@$$QEAV<lambda_6262c464c96e4c69799ed44814c7c457>@@@Z@4HA 0000000180052ae4     libucrtd:commit.obj
 0004:00002af0       $pdata$_write$fin$0        0000000180052af0     libucrtd:write.obj
 0004:00002afc       $pdata$fclose$fin$0        0000000180052afc     libucrtd:fclose.obj
 0004:00002b08       $pdata$_IsNonwritableInCurrentImage$filt$0 0000000180052b08     LIBCMTD:pesect.obj
 0004:00002b14       $pdata$_CallSETranslator$filt$0 0000000180052b14     libvcruntimed:trnsctrl.obj
 0004:00002b20       $pdata$__CxxCallCatchBlock$filt$0 0000000180052b20     libvcruntimed:frame.obj
 0004:00002b2c       $pdata$__CxxCallCatchBlock$fin$1 0000000180052b2c     libvcruntimed:frame.obj
 0004:00002b38       $pdata$__DestructExceptionObject$filt$0 0000000180052b38     libvcruntimed:frame.obj
 0004:00002b44       $pdata$__FrameUnwindToState$filt$0 0000000180052b44     libvcruntimed:frame.obj
 0004:00002b50       $pdata$__FrameUnwindToState$fin$1 0000000180052b50     libvcruntimed:frame.obj
