 GameCode

 Timestamp is 58b95a9e (Fri Mar  3 17:29:26 2017)

 Preferred load address is 0000000180000000

 Start         Length     Name                   Class
 0001:00000000 00000627H .text                   CODE
 0001:00000630 00069b1aH .text$mn                CODE
 0001:0006a150 00000012H .text$mn$00             CODE
 0001:0006a170 00000859H .text$x                 CODE
 0002:00000000 00000278H .idata$5                DATA
 0002:00000278 00000010H .00cfg                  DATA
 0002:00000288 00000008H .CRT$XCA                DATA
 0002:00000290 00000008H .CRT$XCZ                DATA
 0002:00000298 00000008H .CRT$XIA                DATA
 0002:000002a0 00000018H .CRT$XIC                DATA
 0002:000002b8 00000008H .CRT$XIZ                DATA
 0002:000002c0 00000008H .CRT$XPA                DATA
 0002:000002c8 00000010H .CRT$XPX                DATA
 0002:000002d8 00000008H .CRT$XPXA               DATA
 0002:000002e0 00000008H .CRT$XPZ                DATA
 0002:000002e8 00000008H .CRT$XTA                DATA
 0002:000002f0 00000008H .CRT$XTZ                DATA
 0002:000002f8 00000000H .gfids$x                DATA
 0002:00000300 0001a714H .rdata                  DATA
 0002:0001aa18 0000016cH .rdata$r                DATA
 0002:0001ab88 00000010H .rdata$zETW0            DATA
 0002:0001ab98 00000077H .rdata$zETW1            DATA
 0002:0001ac0f 0000002cH .rdata$zETW2            DATA
 0002:0001ac3b 00000001H .rdata$zETW9            DATA
 0002:0001ac3c 0000035cH .rdata$zzzdbg           DATA
 0002:0001af98 00000008H .rtc$IAA                DATA
 0002:0001afa0 00000008H .rtc$IZZ                DATA
 0002:0001afa8 00000008H .rtc$TAA                DATA
 0002:0001afb0 00000008H .rtc$TZZ                DATA
 0002:0001afc0 00001cecH .xdata                  DATA
 0002:0001ccb0 00000084H .xdata$x                DATA
 0002:0001cd40 00000053H .edata                  DATA
 0002:0001cd94 00000028H .idata$2                DATA
 0002:0001cdbc 00000014H .idata$3                DATA
 0002:0001cdd0 00000278H .idata$4                DATA
 0002:0001d048 000005c6H .idata$6                DATA
 0003:00000000 00001260H .data                   DATA
 0003:00001260 0000006cH .data$r                 DATA
 0003:000012d0 000018c0H .bss                    DATA
 0004:00000000 00003e28H .pdata                  DATA

  Address         Publics by Value              Rva+Base               Lib:Object

 0000:00000000       __guard_fids_count         0000000000000000     <absolute>
 0000:00000000       ___safe_se_handler_count   0000000000000000     <absolute>
 0000:00000000       ___safe_se_handler_table   0000000000000000     <absolute>
 0000:00000000       __guard_fids_table         0000000000000000     <absolute>
 0000:00000100       __guard_flags              0000000000000100     <absolute>
 0000:00000000       __ImageBase                0000000180000000     <linker-defined>
 0001:00000000       ?TraceLoggingRegister@__vcrt_trace_logging_provider@@YAJPEBU_TlgProvider_t@1@PEBU_GUID@@P6AX1KE_K2PEAU_EVENT_FILTER_DESCRIPTOR@@PEAX@Z4@Z 0000000180001000 f i libvcruntimed:telemetry.obj
 0001:000000f0       ?TraceLoggingSetInformation@__vcrt_trace_logging_provider@@YAJPEBU_TlgProvider_t@1@W4_EVENT_INFO_CLASS@@PEAXK@Z 00000001800010f0 f i libvcruntimed:telemetry.obj
 0001:00000140       ?TraceLoggingUnregister@__vcrt_trace_logging_provider@@YAXPEBU_TlgProvider_t@1@@Z 0000000180001140 f i libvcruntimed:telemetry.obj
 0001:00000170       ?_TlgCreateSz@__vcrt_trace_logging_provider@@YAXPEAU_EVENT_DATA_DESCRIPTOR@@PEBD@Z 0000000180001170 f i libvcruntimed:telemetry.obj
 0001:000001e0       ?_TlgCreateWsz@__vcrt_trace_logging_provider@@YAXPEAU_EVENT_DATA_DESCRIPTOR@@PEB_W@Z 00000001800011e0 f i libvcruntimed:telemetry.obj
 0001:00000250       ?_TlgEnableCallback@__vcrt_trace_logging_provider@@YAXPEBU_GUID@@KE_K1PEAU_EVENT_FILTER_DESCRIPTOR@@PEAX@Z 0000000180001250 f i libvcruntimed:telemetry.obj
 0001:00000370       ?_TlgKeywordOn@__vcrt_trace_logging_provider@@YAEPEBU_TlgProvider_t@1@_K@Z 0000000180001370 f i libvcruntimed:telemetry.obj
 0001:000003e0       ?_TlgWrite@__vcrt_trace_logging_provider@@YAJPEBU_TlgProvider_t@1@PEFBXPEBU_GUID@@2IPEAU_EVENT_DATA_DESCRIPTOR@@@Z 00000001800013e0 f i libvcruntimed:telemetry.obj
 0001:00000630       ?c2CircletoCircle@@YAHUc2Circle@@0@Z 0000000180001630 f   gamecode.obj
 0001:000006e0       ?c2CircletoAABB@@YAHUc2Circle@@Uc2AABB@@@Z 00000001800016e0 f   gamecode.obj
 0001:000007a0       ?c2CircletoCapsule@@YAHUc2Circle@@Uc2Capsule@@@Z 00000001800017a0 f   gamecode.obj
 0001:00000990       ?c2AABBtoAABB@@YAHUc2AABB@@0@Z 0000000180001990 f   gamecode.obj
 0001:00000a90       ?c2AABBtoCapsule@@YAHUc2AABB@@Uc2Capsule@@@Z 0000000180001a90 f   gamecode.obj
 0001:00000b00       ?c2CapsuletoCapsule@@YAHUc2Capsule@@0@Z 0000000180001b00 f   gamecode.obj
 0001:00000b70       ?c2CircletoPoly@@YAHUc2Circle@@PEBUc2Poly@@PEBUc2x@@@Z 0000000180001b70 f   gamecode.obj
 0001:00000be0       ?c2AABBtoPoly@@YAHUc2AABB@@PEBUc2Poly@@PEBUc2x@@@Z 0000000180001be0 f   gamecode.obj
 0001:00000c60       ?c2CapsuletoPoly@@YAHUc2Capsule@@PEBUc2Poly@@PEBUc2x@@@Z 0000000180001c60 f   gamecode.obj
 0001:00000ce0       ?c2PolytoPoly@@YAHPEBUc2Poly@@PEBUc2x@@01@Z 0000000180001ce0 f   gamecode.obj
 0001:00000d60       ?c2RaytoCircle@@YAHUc2Ray@@Uc2Circle@@PEAUc2Raycast@@@Z 0000000180001d60 f   gamecode.obj
 0001:00000f20       ?c2RaytoAABB@@YAHUc2Ray@@Uc2AABB@@PEAUc2Raycast@@@Z 0000000180001f20 f   gamecode.obj
 0001:00001270       ?c2RaytoCapsule@@YAHUc2Ray@@Uc2Capsule@@PEAUc2Raycast@@@Z 0000000180002270 f   gamecode.obj
 0001:00001820       ?c2RaytoPoly@@YAHUc2Ray@@PEBUc2Poly@@PEBUc2x@@PEAUc2Raycast@@@Z 0000000180002820 f   gamecode.obj
 0001:00001b40       ?c2CircletoCircleManifold@@YAXUc2Circle@@0PEAUc2Manifold@@@Z 0000000180002b40 f   gamecode.obj
 0001:00001d10       ?c2CircletoAABBManifold@@YAXUc2Circle@@Uc2AABB@@PEAUc2Manifold@@@Z 0000000180002d10 f   gamecode.obj
 0001:00002180       ?c2CircletoCapsuleManifold@@YAXUc2Circle@@Uc2Capsule@@PEAUc2Manifold@@@Z 0000000180003180 f   gamecode.obj
 0001:00002360       ?c2AABBtoAABBManifold@@YAXUc2AABB@@0PEAUc2Manifold@@@Z 0000000180003360 f   gamecode.obj
 0001:00002800       ?c2AABBtoCapsuleManifold@@YAXUc2AABB@@Uc2Capsule@@PEAUc2Manifold@@@Z 0000000180003800 f   gamecode.obj
 0001:000028c0       ?c2CapsuletoCapsuleManifold@@YAXUc2Capsule@@0PEAUc2Manifold@@@Z 00000001800038c0 f   gamecode.obj
 0001:00002ad0       ?c2CircletoPolyManifold@@YAXUc2Circle@@PEBUc2Poly@@PEBUc2x@@PEAUc2Manifold@@@Z 0000000180003ad0 f   gamecode.obj
 0001:00002fe0       ?c2AABBtoPolyManifold@@YAXUc2AABB@@PEBUc2Poly@@PEBUc2x@@PEAUc2Manifold@@@Z 0000000180003fe0 f   gamecode.obj
 0001:000030a0       ?c2CapsuletoPolyManifold@@YAXUc2Capsule@@PEBUc2Poly@@PEBUc2x@@PEAUc2Manifold@@@Z 00000001800040a0 f   gamecode.obj
 0001:00003760       ?c2PolytoPolyManifold@@YAXPEBUc2Poly@@PEBUc2x@@01PEAUc2Manifold@@@Z 0000000180004760 f   gamecode.obj
 0001:00003bf0       ?c2GJK@@YAMPEBXW4C2_TYPE@@PEBUc2x@@012PEAUc2v@@3H@Z 0000000180004bf0 f   gamecode.obj
 0001:00004480       ?c2Hull@@YAHPEAUc2v@@H@Z   0000000180005480 f   gamecode.obj
 0001:000047b0       ?c2Norms@@YAXPEAUc2v@@0H@Z 00000001800057b0 f   gamecode.obj
 0001:00004890       ?c2MakePoly@@YAXPEAUc2Poly@@@Z 0000000180005890 f   gamecode.obj
 0001:000048f0       ?c2Collided@@YAHPEBXPEBUc2x@@W4C2_TYPE@@012@Z 00000001800058f0 f   gamecode.obj
 0001:00004e80       ?c2Collide@@YAXPEBXPEBUc2x@@W4C2_TYPE@@012PEAUc2Manifold@@@Z 0000000180005e80 f   gamecode.obj
 0001:00007580       stbir_resize_uint8         0000000180008580 f   gamecode.obj
 0001:000076a0       stbir_resize_float         00000001800086a0 f   gamecode.obj
 0001:000077c0       stbir_resize_uint8_srgb    00000001800087c0 f   gamecode.obj
 0001:000078e0       stbir_resize_uint8_srgb_edgemode 00000001800088e0 f   gamecode.obj
 0001:00007a10       stbir_resize_uint8_generic 0000000180008a10 f   gamecode.obj
 0001:00007b50       stbir_resize_uint16_generic 0000000180008b50 f   gamecode.obj
 0001:00007c90       stbir_resize_float_generic 0000000180008c90 f   gamecode.obj
 0001:00007dd0       stbir_resize               0000000180008dd0 f   gamecode.obj
 0001:00007f10       stbir_resize_subpixel      0000000180008f10 f   gamecode.obj
 0001:000080e0       stbir_resize_region        00000001800090e0 f   gamecode.obj
 0001:0000ed80       stbi_load                  000000018000fd80 f   gamecode.obj
 0001:0000ee30       stbi_load_from_memory      000000018000fe30 f   gamecode.obj
 0001:0000eed0       stbi_load_from_callbacks   000000018000fed0 f   gamecode.obj
 0001:0000ef70       stbi_load_from_file        000000018000ff70 f   gamecode.obj
 0001:0000f040       stbi_loadf                 0000000180010040 f   gamecode.obj
 0001:0000f0f0       stbi_loadf_from_memory     00000001800100f0 f   gamecode.obj
 0001:0000f190       stbi_loadf_from_callbacks  0000000180010190 f   gamecode.obj
 0001:0000f230       stbi_loadf_from_file       0000000180010230 f   gamecode.obj
 0001:0000f2c0       stbi_hdr_to_ldr_gamma      00000001800102c0 f   gamecode.obj
 0001:0000f2f0       stbi_hdr_to_ldr_scale      00000001800102f0 f   gamecode.obj
 0001:0000f320       stbi_ldr_to_hdr_gamma      0000000180010320 f   gamecode.obj
 0001:0000f340       stbi_ldr_to_hdr_scale      0000000180010340 f   gamecode.obj
 0001:0000f360       stbi_is_hdr_from_callbacks 0000000180010360 f   gamecode.obj
 0001:0000f3d0       stbi_is_hdr_from_memory    00000001800103d0 f   gamecode.obj
 0001:0000f440       stbi_is_hdr                0000000180010440 f   gamecode.obj
 0001:0000f4a0       stbi_is_hdr_from_file      00000001800104a0 f   gamecode.obj
 0001:0000f500       stbi_failure_reason        0000000180010500 f   gamecode.obj
 0001:0000f510       stbi_image_free            0000000180010510 f   gamecode.obj
 0001:0000f530       stbi_info_from_memory      0000000180010530 f   gamecode.obj
 0001:0000f5c0       stbi_info_from_callbacks   00000001800105c0 f   gamecode.obj
 0001:0000f650       stbi_info                  0000000180010650 f   gamecode.obj
 0001:0000f6d0       stbi_info_from_file        00000001800106d0 f   gamecode.obj
 0001:0000f780       stbi_set_unpremultiply_on_load 0000000180010780 f   gamecode.obj
 0001:0000f7a0       stbi_convert_iphone_png_to_rgb 00000001800107a0 f   gamecode.obj
 0001:0000f7c0       stbi_set_flip_vertically_on_load 00000001800107c0 f   gamecode.obj
 0001:0000f7e0       stbi_zlib_decode_malloc_guesssize 00000001800107e0 f   gamecode.obj
 0001:0000f8e0       stbi_zlib_decode_malloc_guesssize_headerflag 00000001800108e0 f   gamecode.obj
 0001:0000f9f0       stbi_zlib_decode_malloc    00000001800109f0 f   gamecode.obj
 0001:0000fa30       stbi_zlib_decode_buffer    0000000180010a30 f   gamecode.obj
 0001:0000faf0       stbi_zlib_decode_noheader_malloc 0000000180010af0 f   gamecode.obj
 0001:0000fbf0       stbi_zlib_decode_noheader_buffer 0000000180010bf0 f   gamecode.obj
 0001:00023750       ?stbi__tga_read_rgb16@@YAXPEAUstbi__context@@PEAE@Z 0000000180024750 f   gamecode.obj
 0001:000264d0       ?DrawFilledCircle@@YAXMMMPEAUgame_offscreen_buffer@@MMMM@Z 00000001800274d0 f   gamecode.obj
 0001:00026a00       GameUpdateAndRender        0000000180027a00 f   gamecode.obj
 0001:00027b30       GameGetSoundSamples        0000000180028b30 f   gamecode.obj
 0001:00027b50       ??G@YA?ATv2@@T0@0@Z        0000000180028b50 f i gamecode.obj
 0001:00027bb0       ??H@YA?ATv2@@T0@0@Z        0000000180028bb0 f i gamecode.obj
 0001:00027c10       ?AbsoluteValue@@YAMM@Z     0000000180028c10 f i gamecode.obj
 0001:00027c40       ?BeginTemporaryMemory@@YA?AUtemporary_memory@@PEAUmemory_arena@@@Z 0000000180028c40 f i gamecode.obj
 0001:00027ca0       ?Copy@@YAPEAX_KPEAX1@Z     0000000180028ca0 f i gamecode.obj
 0001:00027d20       ?EndTemporaryMemory@@YAXUtemporary_memory@@@Z 0000000180028d20 f i gamecode.obj
 0001:00027d60       ?GetAlignmentOffset@@YA_KPEAUmemory_arena@@_K@Z 0000000180028d60 f i gamecode.obj
 0001:00027de0       ?GetController@@YAPEAUgame_controller_input@@PEAUgame_input@@_K@Z 0000000180028de0 f i gamecode.obj
 0001:00027e00       ?InitializeArena@@YAXPEAUmemory_arena@@_KPEAX@Z 0000000180028e00 f i gamecode.obj
 0001:00027e50       ?Intersect@@YA?AUrectangle2i@@U1@0@Z 0000000180028e50 f i gamecode.obj
 0001:00027f70       ?PushSize_@@YAPEAXPEAUmemory_arena@@_K1@Z 0000000180028f70 f i gamecode.obj
 0001:00028000       ?RectCenterHalfDim@@YA?AUrectangle2@@Tv2@@0@Z 0000000180029000 f i gamecode.obj
 0001:000280a0       ?RectanglesIntersect@@YAHUrectangle2@@0@Z 00000001800290a0 f i gamecode.obj
 0001:00028120       ?RoundReal32ToInt32@@YAHM@Z 0000000180029120 f i gamecode.obj
 0001:00028150       ?RoundReal32ToUInt32@@YAIM@Z 0000000180029150 f i gamecode.obj
 0001:00028180       ?SignOf@@YAMM@Z            0000000180029180 f i gamecode.obj
 0001:000281d0       ?c2Absv@@YA?AUc2v@@U1@@Z   00000001800291d0 f i gamecode.obj
 0001:00028260       ?c2Add@@YA?AUc2v@@U1@0@Z   0000000180029260 f i gamecode.obj
 0001:000282a0       ?c2BBVerts@@YAXPEAUc2v@@PEAUc2AABB@@@Z 00000001800292a0 f i gamecode.obj
 0001:00028360       ?c2CCW90@@YA?AUc2v@@U1@@Z  0000000180029360 f i gamecode.obj
 0001:00028390       ?c2Clampv@@YA?AUc2v@@U1@00@Z 0000000180029390 f i gamecode.obj
 0001:000283e0       ?c2Det2@@YAMUc2v@@0@Z      00000001800293e0 f i gamecode.obj
 0001:00028410       ?c2Dist@@YAMUc2h@@Uc2v@@@Z 0000000180029410 f i gamecode.obj
 0001:00028440       ?c2Div@@YA?AUc2v@@U1@M@Z   0000000180029440 f i gamecode.obj
 0001:00028480       ?c2Dot@@YAMUc2v@@0@Z       0000000180029480 f i gamecode.obj
 0001:000284b0       ?c2Hmax@@YAMUc2v@@@Z       00000001800294b0 f i gamecode.obj
 0001:000284f0       ?c2Hmin@@YAMUc2v@@@Z       00000001800294f0 f i gamecode.obj
 0001:00028530       ?c2Len@@YAMUc2v@@@Z        0000000180029530 f i gamecode.obj
 0001:00028560       ?c2Lerp@@YA?AUc2v@@U1@0M@Z 0000000180029560 f i gamecode.obj
 0001:000285c0       ?c2Maxv@@YA?AUc2v@@U1@0@Z  00000001800295c0 f i gamecode.obj
 0001:00028640       ?c2Minv@@YA?AUc2v@@U1@0@Z  0000000180029640 f i gamecode.obj
 0001:000286c0       ?c2MulmvT@@YA?AUc2v@@Uc2m@@U1@@Z 00000001800296c0 f i gamecode.obj
 0001:00028730       ?c2MulrrT@@YA?AUc2r@@U1@0@Z 0000000180029730 f i gamecode.obj
 0001:00028790       ?c2Mulrv@@YA?AUc2v@@Uc2r@@U1@@Z 0000000180029790 f i gamecode.obj
 0001:00028800       ?c2MulrvT@@YA?AUc2v@@Uc2r@@U1@@Z 0000000180029800 f i gamecode.obj
 0001:00028870       ?c2Mulvs@@YA?AUc2v@@U1@M@Z 0000000180029870 f i gamecode.obj
 0001:000288b0       ?c2Mulvv@@YA?AUc2v@@U1@0@Z 00000001800298b0 f i gamecode.obj
 0001:000288f0       ?c2Mulxh@@YA?AUc2h@@Uc2x@@U1@@Z 00000001800298f0 f i gamecode.obj
 0001:000289e0       ?c2Mulxv@@YA?AUc2v@@Uc2x@@U1@@Z 00000001800299e0 f i gamecode.obj
 0001:00028a30       ?c2MulxvT@@YA?AUc2v@@Uc2x@@U1@@Z 0000000180029a30 f i gamecode.obj
 0001:00028a80       ?c2MulxxT@@YA?AUc2x@@U1@0@Z 0000000180029a80 f i gamecode.obj
 0001:00028b40       ?c2Neg@@YA?AUc2v@@U1@@Z    0000000180029b40 f i gamecode.obj
 0001:00028b90       ?c2Norm@@YA?AUc2v@@U1@@Z   0000000180029b90 f i gamecode.obj
 0001:00028bc0       ?c2Origin@@YA?AUc2v@@Uc2h@@@Z 0000000180029bc0 f i gamecode.obj
 0001:00028bf0       ?c2Parallel@@YAHUc2v@@0M@Z 0000000180029bf0 f i gamecode.obj
 0001:00028d00       ?c2Project@@YA?AUc2v@@Uc2h@@U1@@Z 0000000180029d00 f i gamecode.obj
 0001:00028d70       ?c2RotIdentity@@YA?AUc2r@@XZ 0000000180029d70 f i gamecode.obj
 0001:00028da0       ?c2Skew@@YA?AUc2v@@U1@@Z   0000000180029da0 f i gamecode.obj
 0001:00028dd0       ?c2Sub@@YA?AUc2v@@U1@0@Z   0000000180029dd0 f i gamecode.obj
 0001:00028e10       ?c2V@@YA?AUc2v@@MM@Z       0000000180029e10 f i gamecode.obj
 0001:00028e40       ?c2xIdentity@@YA?AUc2x@@XZ 0000000180029e40 f i gamecode.obj
 0001:00028ec0       fabsf                      0000000180029ec0 f i gamecode.obj
 0001:00028ee0       __GSHandlerCheck           0000000180029ee0 f   LIBCMTD:_gshandler_.obj
 0001:00028f20       __GSHandlerCheckCommon     0000000180029f20 f   LIBCMTD:_gshandler_.obj
 0001:00029030       __chkstk                   000000018002a030 f   LIBCMTD:_chkstk_.obj
 0001:00029030       _alloca_probe              000000018002a030 f   LIBCMTD:_chkstk_.obj
 0001:000290a0       __security_check_cookie    000000018002a0a0 f   LIBCMTD:_amdsecgs_.obj
 0001:000294d0       _DllMainCRTStartup         000000018002a4d0 f   LIBCMTD:dll_dllmain.obj
 0001:00029510       __raise_securityfailure    000000018002a510 f   LIBCMTD:gs_report.obj
 0001:00029550       __report_gsfailure         000000018002a550 f   LIBCMTD:gs_report.obj
 0001:00029630       __report_rangecheckfailure 000000018002a630 f   LIBCMTD:gs_report.obj
 0001:00029650       __report_securityfailure   000000018002a650 f   LIBCMTD:gs_report.obj
 0001:000297b0       ?__crt_rotate_pointer_value@@YA_K_KH@Z 000000018002a7b0 f i LIBCMTD:utility.obj
 0001:00029930       NtCurrentTeb               000000018002a930 f i LIBCMTD:utility.obj
 0001:00029940       __scrt_acquire_startup_lock 000000018002a940 f   LIBCMTD:utility.obj
 0001:000299b0       __scrt_dllmain_after_initialize_c 000000018002a9b0 f   LIBCMTD:utility.obj
 0001:000299d0       __scrt_dllmain_before_initialize_c 000000018002a9d0 f   LIBCMTD:utility.obj
 0001:000299f0       __scrt_dllmain_crt_thread_attach 000000018002a9f0 f   LIBCMTD:utility.obj
 0001:00029a20       __scrt_dllmain_crt_thread_detach 000000018002aa20 f   LIBCMTD:utility.obj
 0001:00029a40       __scrt_dllmain_exception_filter 000000018002aa40 f   LIBCMTD:utility.obj
 0001:00029aa0       __scrt_dllmain_uninitialize_c 000000018002aaa0 f   LIBCMTD:utility.obj
 0001:00029ad0       __scrt_dllmain_uninitialize_critical 000000018002aad0 f   LIBCMTD:utility.obj
 0001:00029af0       __scrt_initialize_crt      000000018002aaf0 f   LIBCMTD:utility.obj
 0001:00029b40       __scrt_initialize_onexit_tables 000000018002ab40 f   LIBCMTD:utility.obj
 0001:00029c40       __scrt_is_nonwritable_in_current_image 000000018002ac40 f   LIBCMTD:utility.obj
 0001:00029cd0       __scrt_release_startup_lock 000000018002acd0 f   LIBCMTD:utility.obj
 0001:00029d00       __scrt_uninitialize_crt    000000018002ad00 f   LIBCMTD:utility.obj
 0001:00029d40       _onexit                    000000018002ad40 f   LIBCMTD:utility.obj
 0001:00029dd0       atexit                     000000018002add0 f   LIBCMTD:utility.obj
 0001:00029e10       __security_init_cookie     000000018002ae10 f   LIBCMTD:gs_support.obj
 0001:00029f30       DllMain                    000000018002af30 f   LIBCMTD:dll_dllmain_stub.obj
 0001:00029f50       ?__scrt_initialize_type_info@@YAXXZ 000000018002af50 f   LIBCMTD:tncleanup.obj
 0001:00029f70       ?__scrt_uninitialize_type_info@@YAXXZ 000000018002af70 f   LIBCMTD:tncleanup.obj
 0001:00029f90       __local_stdio_printf_options 000000018002af90 f i LIBCMTD:default_local_stdio_options.obj
 0001:00029fa0       __local_stdio_scanf_options 000000018002afa0 f i LIBCMTD:default_local_stdio_options.obj
 0001:00029fb0       __scrt_initialize_default_local_stdio_options 000000018002afb0 f   LIBCMTD:default_local_stdio_options.obj
 0001:0002a000       __scrt_get_dyn_tls_init_callback 000000018002b000 f   LIBCMTD:dyn_tls_init.obj
 0001:0002a010       __crt_debugger_hook        000000018002b010 f   LIBCMTD:utility_desktop.obj
 0001:0002a020       __scrt_fastfail            000000018002b020 f   LIBCMTD:utility_desktop.obj
 0001:0002a1c0       _RTC_Initialize            000000018002b1c0 f   LIBCMTD:_initsect_.obj
 0001:0002a210       _RTC_Terminate             000000018002b210 f   LIBCMTD:_initsect_.obj
 0001:0002a260       _guard_check_icall         000000018002b260 f i LIBCMTD:checkcfg.obj
 0001:0002a280       __isa_available_init       000000018002b280 f   LIBCMTD:_cpu_disp_.obj
 0001:0002a600       __scrt_is_ucrt_dll_in_use  000000018002b600 f   LIBCMTD:ucrt_detection.obj
 0001:0002a630       ?CheckArena@@YAXPEAUmemory_arena@@@Z 000000018002b630 f i gamecode.obj
 0001:0002a630       _guard_check_icall_nop     000000018002b630 f i LIBCMTD:guard_support.obj
 0001:0002a630       ??1?$__crt_simd_cleanup_guard@$0A@@@QEAA@XZ 000000018002b630 f i libucrtd:strnlen.obj
 0001:0002a640       _guard_icall_checks_enforced 000000018002b640 f i LIBCMTD:guard_support.obj
 0001:0002a670       IsProcessorFeaturePresent  000000018002b670 f   kernel32:KERNEL32.dll
 0001:0002a710       EventDataDescCreate        000000018002b710 f i libvcruntimed:telemetry.obj
 0001:0002a750       HRESULT_FROM_WIN32         000000018002b750 f i libvcruntimed:telemetry.obj
 0001:0002a790       __telemetry_main_invoke_trigger 000000018002b790 f   libvcruntimed:telemetry.obj
 0001:0002a8d0       __telemetry_main_return_trigger 000000018002b8d0 f   libvcruntimed:telemetry.obj
 0001:0002aa10       __vcrt_initialize_telemetry_provider 000000018002ba10 f   libvcruntimed:telemetry.obj
 0001:0002aa30       __vcrt_uninitialize_telemetry_provider 000000018002ba30 f   libvcruntimed:telemetry.obj
 0001:0002aa50       __C_specific_handler       000000018002ba50 f   libvcruntimed:_chandler_.obj
 0001:0002ae80       __vcrt_initialize          000000018002be80 f   libvcruntimed:initialization.obj
 0001:0002aed0       __vcrt_thread_attach       000000018002bed0 f   libvcruntimed:initialization.obj
 0001:0002aef0       __vcrt_thread_detach       000000018002bef0 f   libvcruntimed:initialization.obj
 0001:0002af10       __vcrt_uninitialize        000000018002bf10 f   libvcruntimed:initialization.obj
 0001:0002af40       __vcrt_uninitialize_critical 000000018002bf40 f   libvcruntimed:initialization.obj
 0001:0002af50       ??$__vcrt_va_start_verify_argument_type@QEBD@@YAXXZ 000000018002bf50 f   libvcruntimed:undname.obj
 0001:0002af50       ??$__vcrt_va_start_verify_argument_type@QEB_W@@YAXXZ 000000018002bf50 f   libucrtd:assert.obj
 0001:0002af60       __std_type_info_compare    000000018002bf60 f   libvcruntimed:std_type_info.obj
 0001:0002afa0       __std_type_info_destroy_list 000000018002bfa0 f   libvcruntimed:std_type_info.obj
 0001:0002b000       ??$__crt_interlocked_compare_exchange_pointer@X$$T$$T@@YAPEAXPEDSEAX$$T1@Z 000000018002c000 f i libvcruntimed:winapi_downlevel.obj
 0001:0002b000       ??$__crt_interlocked_compare_exchange_pointer@UHINSTANCE__@@$$T$$T@@YAPEAUHINSTANCE__@@PEDSEAU0@$$T1@Z 000000018002c000 f i libvcruntimed:winapi_downlevel.obj
 0001:0002b040       ??$__crt_interlocked_exchange_pointer@UHINSTANCE__@@PEAX@@YAPEAUHINSTANCE__@@PEDSEAU0@QEAX@Z 000000018002c040 f i libvcruntimed:winapi_downlevel.obj
 0001:0002b040       ??$__crt_interlocked_exchange_pointer@XPEAX@@YAPEAXPEDSEAXQEAX@Z 000000018002c040 f i libvcruntimed:winapi_downlevel.obj
 0001:0002b040       ??$__crt_interlocked_exchange_pointer@UHINSTANCE__@@PEAU1@@@YAPEAUHINSTANCE__@@PEDSEAU0@QEAU0@@Z 000000018002c040 f i libvcruntimed:winapi_downlevel.obj
 0001:0002b060       ??$__crt_interlocked_read_pointer@UHINSTANCE__@@@@YAPEAUHINSTANCE__@@PEDSEAU0@@Z 000000018002c060 f i libvcruntimed:winapi_downlevel.obj
 0001:0002b060       ??$__crt_interlocked_read_pointer@X@@YAPEAXPEDSEAX@Z 000000018002c060 f i libvcruntimed:winapi_downlevel.obj
 0001:0002b080       ?__crt_fast_encode_pointer@@YA?AU__crt_fast_encoded_nullptr_t@@$$T@Z 000000018002c080 f i libvcruntimed:winapi_downlevel.obj
 0001:0002b660       __vcrt_EventRegister       000000018002c660 f   libvcruntimed:winapi_downlevel.obj
 0001:0002b6d0       __vcrt_EventSetInformation 000000018002c6d0 f   libvcruntimed:winapi_downlevel.obj
 0001:0002b730       __vcrt_EventUnregister     000000018002c730 f   libvcruntimed:winapi_downlevel.obj
 0001:0002b780       __vcrt_EventWriteTransfer  000000018002c780 f   libvcruntimed:winapi_downlevel.obj
 0001:0002b800       __vcrt_FlsAlloc            000000018002c800 f   libvcruntimed:winapi_downlevel.obj
 0001:0002b850       __vcrt_FlsFree             000000018002c850 f   libvcruntimed:winapi_downlevel.obj
 0001:0002b8a0       __vcrt_FlsGetValue         000000018002c8a0 f   libvcruntimed:winapi_downlevel.obj
 0001:0002b8f0       __vcrt_FlsSetValue         000000018002c8f0 f   libvcruntimed:winapi_downlevel.obj
 0001:0002b950       __vcrt_InitializeCriticalSectionEx 000000018002c950 f   libvcruntimed:winapi_downlevel.obj
 0001:0002b9b0       __vcrt_initialize_winapi_thunks 000000018002c9b0 f   libvcruntimed:winapi_downlevel.obj
 0001:0002ba30       __vcrt_uninitialize_winapi_thunks 000000018002ca30 f   libvcruntimed:winapi_downlevel.obj
 0001:0002bae0       _local_unwind              000000018002cae0 f   libvcruntimed:_jmpuwind_.obj
 0001:0002bb10       _NLG_Notify                000000018002cb10 f   libvcruntimed:_jmpuwind_.obj
 0001:0002bb30       __NLG_Dispatch2            000000018002cb30 f   libvcruntimed:_jmpuwind_.obj
 0001:0002bb40       __NLG_Return2              000000018002cb40 f   libvcruntimed:_jmpuwind_.obj
 0001:0002bb50       __except_validate_context_record 000000018002cb50 f   libvcruntimed:jbcxrval.obj
 0001:0002bbb0       ??1?$__crt_unique_heap_ptr@DU__crt_internal_free_policy@@@@QEAA@XZ 000000018002cbb0 f i libvcruntimed:std_type_info.obj
 0001:0002bbb0       ??1?$__crt_unique_heap_ptr@U__vcrt_ptd@@U__crt_internal_free_policy@@@@QEAA@XZ 000000018002cbb0 f i libvcruntimed:per_thread_data.obj
 0001:0002bbd0       ?release@?$__crt_unique_heap_ptr@DU__crt_internal_free_policy@@@@QEAAXXZ 000000018002cbd0 f i libvcruntimed:std_type_info.obj
 0001:0002bbd0       ?release@?$__crt_unique_heap_ptr@U__vcrt_ptd@@U__crt_internal_free_policy@@@@QEAAXXZ 000000018002cbd0 f i libvcruntimed:per_thread_data.obj
 0001:0002bc30       __vcrt_freefls             000000018002cc30 f   libvcruntimed:per_thread_data.obj
 0001:0002bc70       __vcrt_freeptd             000000018002cc70 f   libvcruntimed:per_thread_data.obj
 0001:0002bcd0       __vcrt_getptd              000000018002ccd0 f   libvcruntimed:per_thread_data.obj
 0001:0002bd00       __vcrt_getptd_noexit       000000018002cd00 f   libvcruntimed:per_thread_data.obj
 0001:0002be20       __vcrt_initialize_ptd      000000018002ce20 f   libvcruntimed:per_thread_data.obj
 0001:0002be70       __vcrt_uninitialize_ptd    000000018002ce70 f   libvcruntimed:per_thread_data.obj
 0001:0002bea0       __vcrt_initialize_locks    000000018002cea0 f   libvcruntimed:locks.obj
 0001:0002bf10       __vcrt_uninitialize_locks  000000018002cf10 f   libvcruntimed:locks.obj
 0001:0002bf70       __vcrt_initialize_pure_virtual_call_handler 000000018002cf70 f   libvcruntimed:purevirt_data.obj
 0001:0002bfa0       _vsprintf_s_l              000000018002cfa0 f i libvcruntimed:undname.obj
 0001:0002c010       sprintf_s                  000000018002d010 f i libvcruntimed:undname.obj
 0001:0002c070       ??$__crt_interlocked_read@H@@YAHPEDH@Z 000000018002d070 f i libucrtd:setmode.obj
 0001:0002c070       ??$__crt_interlocked_read@J@@YAJPEDJ@Z 000000018002d070 f i libucrtd:assert.obj
 0001:0002d100       ??$ftprintf@PEAU_iobuf@@PEB_WAEBQEB_WAEBQEB_WAEBI@?$__crt_char_traits@_W@@SAH$$QEAPEAU_iobuf@@$$QEAPEB_WAEBQEB_W2AEBI@Z 000000018002e100 f i libucrtd:assert.obj
 0001:0002d150       ??$get_module_file_name@AEAPEAUHINSTANCE__@@AEAY0BAF@DK@?$__crt_char_traits@D@@SAKAEAPEAUHINSTANCE__@@AEAY0BAF@D$$QEAK@Z 000000018002e150 f i libucrtd:assert.obj
 0001:0002d190       ??$get_module_file_name@AEAPEAUHINSTANCE__@@AEAY0BAF@_WK@?$__crt_char_traits@_W@@SAKAEAPEAUHINSTANCE__@@AEAY0BAF@_W$$QEAK@Z 000000018002e190 f i libucrtd:assert.obj
 0001:0002d1d0       ??$itot_s@AEBIQEA_W$$CB_KH@?$__crt_char_traits@_W@@SAHAEBI$$QEBQEA_W$$QEB_K$$QEAH@Z 000000018002e1d0 f i libucrtd:assert.obj
 0001:0002d220       ??$show_message_box@AEAY0CEA@_WPEB_WJ@?$__crt_char_traits@_W@@SAHAEAY0CEA@_W$$QEAPEB_W$$QEAJ@Z 000000018002e220 f i libucrtd:assert.obj
 0001:0002d260       ??$tcscat_s@AEBQEA_WAEB_KAEBQEB_W@?$__crt_char_traits@_W@@SAHAEBQEA_WAEB_KAEBQEB_W@Z 000000018002e260 f i libucrtd:assert.obj
 0001:0002d260       ??$tcscat_s@AEBQEA_WAEB_KPEB_W@?$__crt_char_traits@_W@@SAHAEBQEA_WAEB_K$$QEAPEB_W@Z 000000018002e260 f i libucrtd:assert.obj
 0001:0002d260       ??$tcscat_s@AEBQEA_WAEB_KAEAPEA_W@?$__crt_char_traits@_W@@SAHAEBQEA_WAEB_KAEAPEA_W@Z 000000018002e260 f i libucrtd:assert.obj
 0001:0002d2a0       ??$tcscpy_s@AEAY0BAF@D_KPEBD@?$__crt_char_traits@D@@SAHAEAY0BAF@D$$QEA_K$$QEAPEBD@Z 000000018002e2a0 f i libucrtd:assert.obj
 0001:0002d2e0       ??$tcscpy_s@AEAY0BAF@_W_KPEB_W@?$__crt_char_traits@_W@@SAHAEAY0BAF@_W$$QEA_K$$QEAPEB_W@Z 000000018002e2e0 f i libucrtd:assert.obj
 0001:0002d320       ??$tcscpy_s@AEBQEA_WAEB_KPEB_W@?$__crt_char_traits@_W@@SAHAEBQEA_WAEB_K$$QEAPEB_W@Z 000000018002e320 f i libucrtd:assert.obj
 0001:0002d360       ??$tcslen@AEAY0BAF@D@?$__crt_char_traits@D@@SA_KAEAY0BAF@D@Z 000000018002e360 f i libucrtd:assert.obj
 0001:0002d380       ??$tcslen@AEAY0BAF@_W@?$__crt_char_traits@_W@@SA_KAEAY0BAF@_W@Z 000000018002e380 f i libucrtd:assert.obj
 0001:0002d3a0       ??$tcslen@AEBQEBD@?$__crt_char_traits@D@@SA_KAEBQEBD@Z 000000018002e3a0 f i libucrtd:assert.obj
 0001:0002d3c0       ??$tcslen@AEBQEB_W@?$__crt_char_traits@_W@@SA_KAEBQEB_W@Z 000000018002e3c0 f i libucrtd:assert.obj
 0001:0002d3c0       ??$tcslen@AEBQEA_W@?$__crt_char_traits@_W@@SA_KAEBQEA_W@Z 000000018002e3c0 f i libucrtd:assert.obj
 0001:0002d3e0       ??$tcsncat_s@AEBQEA_WAEB_KPEB_W_K@?$__crt_char_traits@_W@@SAHAEBQEA_WAEB_K$$QEAPEB_W$$QEA_K@Z 000000018002e3e0 f i libucrtd:assert.obj
 0001:0002d3e0       ??$tcsncat_s@AEBQEA_WAEB_KAEAPEB_W_K@?$__crt_char_traits@_W@@SAHAEBQEA_WAEB_KAEAPEB_W$$QEA_K@Z 000000018002e3e0 f i libucrtd:assert.obj
 0001:0002d3e0       ??$tcsncat_s@AEBQEA_WAEB_KAEBQEB_WAEB_K@?$__crt_char_traits@_W@@SAHAEBQEA_WAEB_KAEBQEB_W1@Z 000000018002e3e0 f i libucrtd:assert.obj
 0001:0002d430       ?__crt_interlocked_read_32@@YAHPEDH@Z 000000018002e430 f i libucrtd:assert.obj
 0001:0002d5c0       ?get_flags@__crt_stdio_stream@@QEBAJXZ 000000018002e5c0 f i libucrtd:assert.obj
 0001:0002d650       ?has_any_buffer@__crt_stdio_stream@@QEBA_NXZ 000000018002e650 f i libucrtd:assert.obj
 0001:0002d670       ?has_any_of@__crt_stdio_stream@@QEBA_NJ@Z 000000018002e670 f i libucrtd:assert.obj
 0001:0002d6b0       _invoke_watson_if_error    000000018002e6b0 f i libucrtd:assert.obj
 0001:0002d700       _vfwprintf_l               000000018002e700 f i libucrtd:assert.obj
 0001:0002d750       _vswprintf_c_l             000000018002e750 f i libucrtd:assert.obj
 0001:0002d7c0       _wassert                   000000018002e7c0 f   libucrtd:assert.obj
 0001:0002d800       fwprintf                   000000018002e800 f i libucrtd:assert.obj
 0001:0002d860       swprintf                   000000018002e860 f i libucrtd:assert.obj
 0001:0002dc60       ??$open_file@AEBQEBDAEBQEBDAEBHPEAU_iobuf@@@?$__crt_char_traits@D@@SAPEAU_iobuf@@AEBQEBD0AEBH$$QEAPEAU1@@Z 000000018002ec60 f i libucrtd:fopen.obj
 0001:0002dcb0       ?unlock@__crt_stdio_stream@@QEBAXXZ 000000018002ecb0 f i libucrtd:fopen.obj
 0001:0002dcd0       fopen_s                    000000018002ecd0 f   libucrtd:fopen.obj
 0001:0002dd00       ?is_in_use@__crt_stdio_stream@@QEBA_NXZ 000000018002ed00 f i libucrtd:fclose.obj
 0001:0002dd40       ?is_string_backed@__crt_stdio_stream@@QEBA_NXZ 000000018002ed40 f i libucrtd:fclose.obj
 0001:0002dd80       _fclose_nolock             000000018002ed80 f   libucrtd:fclose.obj
 0001:0002df10       fclose                     000000018002ef10 f   libucrtd:fclose.obj
 0001:0002e050       ?eof@__crt_stdio_stream@@QEBA_NXZ 000000018002f050 f i libucrtd:feoferr.obj
 0001:0002e070       feof                       000000018002f070 f   libucrtd:feoferr.obj
 0001:0002e140       ?set_flags@__crt_stdio_stream@@QEBA_NJ@Z 000000018002f140 f i libucrtd:fread.obj
 0001:0002e1b0       _fread_nolock_s            000000018002f1b0 f   libucrtd:fread.obj
 0001:0002eb50       fread                      000000018002fb50 f   libucrtd:fread.obj
 0001:0002eba0       fread_s                    000000018002fba0 f   libucrtd:fread.obj
 0001:0002ee30       ?LongLongSub@@YAJ_J0PEA_J@Z 000000018002fe30 f i libucrtd:fseek.obj
 0001:0002ef10       ?__acrt_stdio_reset_buffer@@YAXV__crt_stdio_stream@@@Z 000000018002ff10 f i libucrtd:fseek.obj
 0001:0002f4b0       ?has_all_of@__crt_stdio_stream@@QEBA_NJ@Z 00000001800304b0 f i libucrtd:fseek.obj
 0001:0002f4f0       ?lowio_handle@__crt_stdio_stream@@QEBAHXZ 00000001800304f0 f i libucrtd:fseek.obj
 0001:0002f520       ?unset_flags@__crt_stdio_stream@@QEBA_NJ@Z 0000000180030520 f i libucrtd:fseek.obj
 0001:0002f580       fseek                      0000000180030580 f   libucrtd:fseek.obj
 0001:00030000       ?ctrl_z@__crt_stdio_stream@@QEBA_NXZ 0000000180031000 f i libucrtd:ftell.obj
 0001:00030020       ?has_big_buffer@__crt_stdio_stream@@QEBA_NXZ 0000000180031020 f i libucrtd:ftell.obj
 0001:00030040       ?has_crt_buffer@__crt_stdio_stream@@QEBA_NXZ 0000000180031040 f i libucrtd:ftell.obj
 0001:00030060       ?has_setvbuf_buffer@__crt_stdio_stream@@QEBA_NXZ 0000000180031060 f i libucrtd:ftell.obj
 0001:00030080       _ftelli64_nolock           0000000180031080 f   libucrtd:ftell.obj
 0001:000300b0       ftell                      00000001800310b0 f   libucrtd:ftell.obj
 0001:000300e0       ldexp                      00000001800310e0 f   libucrtd:ldexp.obj
 0001:000303e0       roundf                     00000001800313e0 f   libucrtd:roundf.obj
 0001:00030480       strncmp                    0000000180031480 f   libucrtd:strncmp.obj
 0001:00030500       free                       0000000180031500 f   libucrtd:free.obj
 0001:00030520       malloc                     0000000180031520 f   libucrtd:malloc.obj
 0001:00030550       realloc                    0000000180031550 f   libucrtd:realloc.obj
 0001:00030590       ??$is_overflow_condition@K@__crt_strtox@@YA_NIK@Z 0000000180031590 f i libucrtd:strtox.obj
 0001:00030600       ??$make_c_string_character_source@_WPEAPEA_W@__crt_strtox@@YA?AV?$c_string_character_source@_W@0@QEB_WQEAPEA_W@Z 0000000180031600 f i libucrtd:strtox.obj
 0001:00030600       ??$make_c_string_character_source@DPEAPEAD@__crt_strtox@@YA?AV?$c_string_character_source@D@0@QEBDQEAPEAD@Z 0000000180031600 f i libucrtd:strtox.obj
 0001:00030640       ??$parse_integer@KV?$c_string_character_source@D@__crt_strtox@@@__crt_strtox@@YAKQEAU__crt_locale_pointers@@V?$c_string_character_source@D@0@H_N@Z 0000000180031640 f i libucrtd:strtox.obj
 0001:00030ad0       ??$parse_integer@KV?$c_string_character_source@_W@__crt_strtox@@@__crt_strtox@@YAKQEAU__crt_locale_pointers@@V?$c_string_character_source@_W@0@H_N@Z 0000000180031ad0 f i libucrtd:strtox.obj
 0001:00030f80       ??$parse_integer_from_string@JDPEAPEAD@__crt_strtox@@YAJQEBDQEAPEADHQEAU__crt_locale_pointers@@@Z 0000000180031f80 f i libucrtd:strtox.obj
 0001:00030fd0       ??$parse_integer_from_string@J_WPEAPEA_W@__crt_strtox@@YAJQEB_WQEAPEA_WHQEAU__crt_locale_pointers@@@Z 0000000180031fd0 f i libucrtd:strtox.obj
 0001:00031020       ??0?$c_string_character_source@_W@__crt_strtox@@QEAA@QEB_WQEAPEB_W@Z 0000000180032020 f i libucrtd:strtox.obj
 0001:00031020       ??0?$c_string_character_source@D@__crt_strtox@@QEAA@QEBDQEAPEBD@Z 0000000180032020 f i libucrtd:strtox.obj
 0001:00031070       ??0_LocaleUpdate@@QEAA@QEAU__crt_locale_pointers@@@Z 0000000180032070 f i libucrtd:strtox.obj
 0001:00031190       ??1?$c_string_character_source@D@__crt_strtox@@QEAA@XZ 0000000180032190 f i libucrtd:strtox.obj
 0001:00031190       ??1?$c_string_character_source@_W@__crt_strtox@@QEAA@XZ 0000000180032190 f i libucrtd:strtox.obj
 0001:000311c0       ??1_LocaleUpdate@@QEAA@XZ  00000001800321c0 f i libucrtd:strtox.obj
 0001:00031200       ?GetLocaleT@_LocaleUpdate@@QEAAPEAU__crt_locale_pointers@@XZ 0000000180032200 f i libucrtd:strtox.obj
 0001:00031210       ?get@?$c_string_character_source@D@__crt_strtox@@QEAADXZ 0000000180032210 f i libucrtd:strtox.obj
 0001:00031250       ?get@?$c_string_character_source@_W@__crt_strtox@@QEAA_WXZ 0000000180032250 f i libucrtd:strtox.obj
 0001:00031290       ?is_space@__crt_strtox@@YA_NDQEAU__crt_locale_pointers@@@Z 0000000180032290 f i libucrtd:strtox.obj
 0001:000312e0       ?is_space@__crt_strtox@@YA_N_WPEAU__crt_locale_pointers@@@Z 00000001800322e0 f i libucrtd:strtox.obj
 0001:00031320       ?maximum_signed_value@__crt_strtox@@YAJK@Z 0000000180032320 f i libucrtd:strtox.obj
 0001:00031330       ?minimum_signed_value@__crt_strtox@@YAJK@Z 0000000180032330 f i libucrtd:strtox.obj
 0001:00031340       ?parse_digit@__crt_strtox@@YAID@Z 0000000180032340 f i libucrtd:strtox.obj
 0001:000313b0       ?parse_digit@__crt_strtox@@YAI_W@Z 00000001800323b0 f i libucrtd:strtox.obj
 0001:00031440       ?restore_state@?$c_string_character_source@D@__crt_strtox@@QEAA_NQEBD@Z 0000000180032440 f i libucrtd:strtox.obj
 0001:00031440       ?restore_state@?$c_string_character_source@_W@__crt_strtox@@QEAA_NQEB_W@Z 0000000180032440 f i libucrtd:strtox.obj
 0001:00031460       ?unget@?$c_string_character_source@D@__crt_strtox@@QEAAXD@Z 0000000180032460 f i libucrtd:strtox.obj
 0001:00031540       ?unget@?$c_string_character_source@_W@__crt_strtox@@QEAAX_W@Z 0000000180032540 f i libucrtd:strtox.obj
 0001:00031620       ?validate@?$c_string_character_source@D@__crt_strtox@@QEBA_NXZ 0000000180032620 f i libucrtd:strtox.obj
 0001:000316e0       ?validate@?$c_string_character_source@_W@__crt_strtox@@QEBA_NXZ 00000001800326e0 f i libucrtd:strtox.obj
 0001:000317a0       ?wide_character_to_digit@__crt_strtox@@YAH_W@Z 00000001800327a0 f i libucrtd:strtox.obj
 0001:00031b10       __acrt_get_locale_data_prefix 0000000180032b10 f i libucrtd:strtox.obj
 0001:00031b30       __acrt_locale_changed      0000000180032b30 f i libucrtd:strtox.obj
 0001:00031b60       _chvalidchk_l              0000000180032b60 f i libucrtd:strtox.obj
 0001:00031b90       _ischartype_l              0000000180032b90 f i libucrtd:strtox.obj
 0001:00031bf0       strtol                     0000000180032bf0 f   libucrtd:strtox.obj
 0001:00031c20       wcstol                     0000000180032c20 f   libucrtd:strtox.obj
 0001:00031c50       ceil                       0000000180032c50 f   libucrtd:ceil.obj
 0001:00031e20       floor                      0000000180032e20 f   libucrtd:floor.obj
 0001:00031fd0       pow                        0000000180032fd0 f   libucrtd:pow.obj
 0001:00033670       sqrtf                      0000000180034670 f   libucrtd:sqrtf.obj
 0001:000337b0       _initterm                  00000001800347b0 f   libucrtd:initterm.obj
 0001:00033820       _initterm_e                0000000180034820 f   libucrtd:initterm.obj
 0001:00033910       _seh_filter_dll            0000000180034910 f   libucrtd:exception_filter.obj
 0001:00033940       _seh_filter_exe            0000000180034940 f   libucrtd:exception_filter.obj
 0001:00033bf0       ??$?B$$A6AXH@Z@__crt_fast_encoded_nullptr_t@@QEBAP6AXH@ZXZ 0000000180034bf0 f i libucrtd:signal.obj
 0001:00033bf0       ??$?B$$A6AXXZ@__crt_fast_encoded_nullptr_t@@QEBAP6AXXZXZ 0000000180034bf0 f i libvcruntimed:purevirt_data.obj
 0001:00033bf0       ??$?BX@__crt_fast_encoded_nullptr_t@@QEBAPEAXXZ 0000000180034bf0 f i libvcruntimed:winapi_downlevel.obj
 0001:00033bf0       ??$?B$$A6AXPEAXK0@Z@__crt_fast_encoded_nullptr_t@@QEBAP6AXPEAXK0@ZXZ 0000000180034bf0 f i libucrtd:exit.obj
 0001:00033bf0       ??$?BP6AXXZ@__crt_fast_encoded_nullptr_t@@QEBAPEAP6AXXZXZ 0000000180034bf0 f i libucrtd:onexit.obj
 0001:00033c10       ??$__crt_get_proc_address@P6AXI@Z@@YAP6AXI@ZQEAUHINSTANCE__@@QEBD@Z 0000000180034c10 f i libucrtd:exit.obj
 0001:00033c40       ??1?$__crt_unique_handle_t@U__crt_hmodule_traits@@@@QEAA@XZ 0000000180034c40 f i libucrtd:exit.obj
 0001:00033c80       ?close@?$__crt_unique_handle_t@U__crt_hmodule_traits@@@@QEAAXXZ 0000000180034c80 f i libucrtd:exit.obj
 0001:00033cc0       ?close@__crt_hmodule_traits@@SA_NPEAUHINSTANCE__@@@Z 0000000180034cc0 f i libucrtd:exit.obj
 0001:00033e90       ?get_invalid_value@__crt_hmodule_traits@@SAPEAUHINSTANCE__@@XZ 0000000180034e90 f i libucrtd:exit.obj
 0001:00033e90       ?get_current_state_index@__crt_state_management@@YA_KXZ 0000000180034e90 f i libucrtd:environment_initialization.obj
 0001:00034060       __acrt_initialize_thread_local_exit_callback 0000000180035060 f   libucrtd:exit.obj
 0001:00034080       _cexit                     0000000180035080 f   libucrtd:exit.obj
 0001:000340a0       _exit                      00000001800350a0 f   libucrtd:exit.obj
 0001:000340c0       _is_c_termination_complete 00000001800350c0 f   libucrtd:exit.obj
 0001:00034320       ??0?$__crt_unique_heap_ptr@_WU__crt_internal_free_policy@@@@QEAA@QEA_W@Z 0000000180035320 f i libucrtd:environment_initialization.obj
 0001:00034328       ??1?$__crt_unique_heap_ptr@_WU__crt_internal_free_policy@@@@QEAA@XZ 0000000180035328 f i libucrtd:environment_initialization.obj
 0001:00034348       ?detach@?$__crt_unique_heap_ptr@_WU__crt_internal_free_policy@@@@QEAAPEA_WXZ 0000000180035348 f i libucrtd:environment_initialization.obj
 0001:00034348       ?detach@?$__crt_unique_heap_ptr@DU__crt_internal_free_policy@@@@QEAAPEADXZ 0000000180035348 f i libucrtd:environment_initialization.obj
 0001:00034350       ?get@?$__crt_unique_heap_ptr@_WU__crt_internal_free_policy@@@@QEBAPEA_WXZ 0000000180035350 f i libucrtd:environment_initialization.obj
 0001:00034354       __dcrt_uninitialize_environments_nolock 0000000180035354 f   libucrtd:environment_initialization.obj
 0001:0003438c       _initialize_narrow_environment 000000018003538c f   libucrtd:environment_initialization.obj
 0001:000343a0       ??$?RV<lambda_b0d8f1f77f5878de4f648f281b223c15>@@AEAV<lambda_942beefa13ab35ff55f86422493ffd6a>@@V<lambda_7adb6fc9c0d6a5bd4e2d9c212ec7cdcc>@@@?$__crt_seh_guarded_call@H@@QEAAH$$QEAV<lambda_b0d8f1f77f5878de4f648f281b223c15>@@AEAV<lambda_942beefa13ab35ff55f86422493ffd6a>@@$$QEAV<lambda_7adb6fc9c0d6a5bd4e2d9c212ec7cdcc>@@@Z 00000001800353a0 f i libucrtd:onexit.obj
 0001:000343f0       ??$?RV<lambda_d22e02de4d14401f49897516b29a2b7c>@@AEAV<lambda_e971338317bfa523bb8920b43d823727>@@V<lambda_b0b8599c9027f5b14541fbbd6863d1f1>@@@?$__crt_seh_guarded_call@H@@QEAAH$$QEAV<lambda_d22e02de4d14401f49897516b29a2b7c>@@AEAV<lambda_e971338317bfa523bb8920b43d823727>@@$$QEAV<lambda_b0b8599c9027f5b14541fbbd6863d1f1>@@@Z 00000001800353f0 f i libucrtd:onexit.obj
 0001:00034440       ??$__acrt_lock_and_call@V<lambda_942beefa13ab35ff55f86422493ffd6a>@@@@YAHW4__acrt_lock_id@@$$QEAV<lambda_942beefa13ab35ff55f86422493ffd6a>@@@Z 0000000180035440 f i libucrtd:onexit.obj
 0001:000344b0       ??$__acrt_lock_and_call@V<lambda_e971338317bfa523bb8920b43d823727>@@@@YAHW4__acrt_lock_id@@$$QEAV<lambda_e971338317bfa523bb8920b43d823727>@@@Z 00000001800354b0 f i libucrtd:onexit.obj
 0001:00034520       ??$__crt_fast_encode_pointer@PEAP6AXXZ@@YAPEAP6AXXZQEAP6AXXZ@Z 0000000180035520 f i LIBCMTD:utility.obj
 0001:00034520       ??$__crt_fast_encode_pointer@P6AXXZ@@YAP6AXXZQ6AXXZ@Z 0000000180035520 f i libvcruntimed:purevirt_data.obj
 0001:00034520       ??$__crt_fast_encode_pointer@P6AXPEAXK0@Z@@YAP6AXPEAXK0@ZQ6AX0K0@Z@Z 0000000180035520 f i libucrtd:exit.obj
 0001:00034520       ??$__crt_fast_encode_pointer@P6AXH@Z@@YAP6AXH@ZQ6AXH@Z@Z 0000000180035520 f i libucrtd:signal.obj
 0001:00034520       ??$__crt_fast_encode_pointer@PEAX@@YAPEAXQEAX@Z 0000000180035520 f i libvcruntimed:winapi_downlevel.obj
 0001:00034520       ??$__crt_fast_encode_pointer@P6AHXZ@@YAP6AHXZQ6AHXZ@Z 0000000180035520 f i libucrtd:onexit.obj
 0001:00034a90       _crt_atexit                0000000180035a90 f   libucrtd:onexit.obj
 0001:00034ab0       _execute_onexit_table      0000000180035ab0 f   libucrtd:onexit.obj
 0001:00034ae0       _initialize_onexit_table   0000000180035ae0 f   libucrtd:onexit.obj
 0001:00034b60       _register_onexit_function  0000000180035b60 f   libucrtd:onexit.obj
 0001:00034bf0       __acrt_uninitialize_command_line 0000000180035bf0 f   libucrtd:argv_data.obj
 0001:00034dc0       __acrt_initialize          0000000180035dc0 f   libucrtd:initialization.obj
 0001:00034df0       __acrt_thread_attach       0000000180035df0 f   libucrtd:initialization.obj
 0001:00034e10       __acrt_thread_detach       0000000180035e10 f   libucrtd:initialization.obj
 0001:00034e20       __acrt_uninitialize        0000000180035e20 f   libucrtd:initialization.obj
 0001:00034e50       __acrt_uninitialize_critical 0000000180035e50 f   libucrtd:initialization.obj
 0001:00034e70       terminate                  0000000180035e70 f   libucrtd:terminate.obj
 0001:00034eb0       wcslen                     0000000180035eb0 f   libucrtd:wcslen.obj
 0001:00034f10       strlen                     0000000180035f10 f   libucrtd:strlen.obj
 0001:00036fa0       _CrtCheckMemory            0000000180037fa0 f   libucrtd:debug_heap.obj
 0001:00037130       _CrtDumpMemoryLeaks        0000000180038130 f   libucrtd:debug_heap.obj
 0001:000371f0       _CrtIsValidHeapPointer     00000001800381f0 f   libucrtd:debug_heap.obj
 0001:00037230       _CrtIsValidPointer         0000000180038230 f   libucrtd:debug_heap.obj
 0001:00037270       _CrtMemCheckpoint          0000000180038270 f   libucrtd:debug_heap.obj
 0001:000374f0       _CrtMemDumpAllObjectsSince 00000001800384f0 f   libucrtd:debug_heap.obj
 0001:00037550       _CrtSetDbgFlag             0000000180038550 f   libucrtd:debug_heap.obj
 0001:000376b0       _CrtSetDumpClient          00000001800386b0 f   libucrtd:debug_heap.obj
 0001:000376e0       _calloc_dbg                00000001800386e0 f   libucrtd:debug_heap.obj
 0001:00037780       _free_dbg                  0000000180038780 f   libucrtd:debug_heap.obj
 0001:000377f0       _invoke_watson_if_oneof    00000001800387f0 f i libucrtd:debug_heap.obj
 0001:00037850       _malloc_dbg                0000000180038850 f   libucrtd:debug_heap.obj
 0001:00037890       _msize_dbg                 0000000180038890 f   libucrtd:debug_heap.obj
 0001:00037a30       _realloc_dbg               0000000180038a30 f   libucrtd:debug_heap.obj
 0001:00037aa0       _recalloc_dbg              0000000180038aa0 f   libucrtd:debug_heap.obj
 0001:00038070       strcpy_s                   0000000180039070 f   libucrtd:strcpy_s.obj
 0001:000380b0       strcmp                     00000001800390b0 f   libucrtd:strcmp.obj
 0001:00038ec0       _CrtDbgReport              0000000180039ec0 f   libucrtd:dbgrpt.obj
 0001:00038f40       _CrtDbgReportW             0000000180039f40 f   libucrtd:dbgrpt.obj
 0001:00038fc0       __acrt_MessageWindowA      0000000180039fc0 f   libucrtd:dbgrpt.obj
 0001:00039010       __acrt_MessageWindowW      000000018003a010 f   libucrtd:dbgrpt.obj
 0001:00039060       _snwprintf_s               000000018003a060 f i libucrtd:dbgrpt.obj
 0001:000390d0       _vsnwprintf_s_l            000000018003a0d0 f i libucrtd:dbgrpt.obj
 0001:00039150       abort                      000000018003a150 f   libucrtd:abort.obj
 0001:000391d0       ??$?0AEBV?$string_output_adapter@_W@__crt_stdio_output@@AEB_KAEBQEB_WAEBQEAU__crt_locale_pointers@@AEBQEAD@?$standard_base@_WV?$string_output_adapter@_W@__crt_stdio_output@@@__crt_stdio_output@@IEAA@AEBV?$string_output_adapter@_W@1@AEB_KAEBQEB_WAEBQEAU__crt_locale_pointers@@AEBQEAD@Z 000000018003a1d0 f i libucrtd:output.obj
 0001:000391d0       ??$?0AEBV?$stream_output_adapter@_W@__crt_stdio_output@@AEB_KAEBQEB_WAEBQEAU__crt_locale_pointers@@AEBQEAD@?$standard_base@_WV?$stream_output_adapter@_W@__crt_stdio_output@@@__crt_stdio_output@@IEAA@AEBV?$stream_output_adapter@_W@1@AEB_KAEBQEB_WAEBQEAU__crt_locale_pointers@@AEBQEAD@Z 000000018003a1d0 f i libucrtd:output.obj
 0001:00039240       ??$?0AEBV?$string_output_adapter@D@__crt_stdio_output@@AEB_KAEBQEBDAEBQEAU__crt_locale_pointers@@AEBQEAD@?$format_validation_base@DV?$string_output_adapter@D@__crt_stdio_output@@@__crt_stdio_output@@IEAA@AEBV?$string_output_adapter@D@1@AEB_KAEBQEBDAEBQEAU__crt_locale_pointers@@AEBQEAD@Z 000000018003a240 f i libucrtd:output.obj
 0001:00039290       ??$?0AEBV?$string_output_adapter@D@__crt_stdio_output@@AEB_KAEBQEBDAEBQEAU__crt_locale_pointers@@AEBQEAD@?$standard_base@DV?$string_output_adapter@D@__crt_stdio_output@@@__crt_stdio_output@@IEAA@AEBV?$string_output_adapter@D@1@AEB_KAEBQEBDAEBQEAU__crt_locale_pointers@@AEBQEAD@Z 000000018003a290 f i libucrtd:output.obj
 0001:00039300       ??$?0AEBV?$string_output_adapter@_W@__crt_stdio_output@@AEB_KAEBQEB_WAEBQEAU__crt_locale_pointers@@AEBQEAD@?$format_validation_base@_WV?$string_output_adapter@_W@__crt_stdio_output@@@__crt_stdio_output@@IEAA@AEBV?$string_output_adapter@_W@1@AEB_KAEBQEB_WAEBQEAU__crt_locale_pointers@@AEBQEAD@Z 000000018003a300 f i libucrtd:output.obj
 0001:00039350       ??$?RV<lambda_7b91131dde12e1c3dfc74ff76b3f2eac>@@AEAV<lambda_dd75445284c072d0bd3768540cc698fa>@@V<lambda_16bc4ecb55b4718497c16bceaea2ceaf>@@@?$__crt_seh_guarded_call@H@@QEAAH$$QEAV<lambda_7b91131dde12e1c3dfc74ff76b3f2eac>@@AEAV<lambda_dd75445284c072d0bd3768540cc698fa>@@$$QEAV<lambda_16bc4ecb55b4718497c16bceaea2ceaf>@@@Z 000000018003a350 f i libucrtd:output.obj
 0001:000393a0       ??$__acrt_lock_stream_and_call@V<lambda_dd75445284c072d0bd3768540cc698fa>@@@@YAHQEAU_iobuf@@$$QEAV<lambda_dd75445284c072d0bd3768540cc698fa>@@@Z 000000018003a3a0 f i libucrtd:output.obj
 0001:0003b3b0       ??$count@D@formatting_buffer@__crt_stdio_output@@QEBA_KXZ 000000018003c3b0 f i libucrtd:output.obj
 0001:0003b400       ??$data@_W@formatting_buffer@__crt_stdio_output@@QEAAPEA_WXZ 000000018003c400 f i libucrtd:output.obj
 0001:0003b400       ??$data@D@formatting_buffer@__crt_stdio_output@@QEAAPEADXZ 000000018003c400 f i libucrtd:output.obj
 0001:0003b450       ??$ensure_buffer_is_big_enough@D@formatting_buffer@__crt_stdio_output@@QEAA_N_K@Z 000000018003c450 f i libucrtd:output.obj
 0001:0003b580       ??$extract_argument_from_va_list@C_J@?$standard_base@_WV?$stream_output_adapter@_W@__crt_stdio_output@@@__crt_stdio_output@@IEAA_NAEA_J@Z 000000018003c580 f i libucrtd:output.obj
 0001:0003b580       ??$extract_argument_from_va_list@C_J@?$standard_base@_WV?$string_output_adapter@_W@__crt_stdio_output@@@__crt_stdio_output@@IEAA_NAEA_J@Z 000000018003c580 f i libucrtd:output.obj
 0001:0003b580       ??$extract_argument_from_va_list@C_J@?$standard_base@DV?$string_output_adapter@D@__crt_stdio_output@@@__crt_stdio_output@@IEAA_NAEA_J@Z 000000018003c580 f i libucrtd:output.obj
 0001:0003b5c0       ??$extract_argument_from_va_list@E_J@?$standard_base@_WV?$stream_output_adapter@_W@__crt_stdio_output@@@__crt_stdio_output@@IEAA_NAEA_J@Z 000000018003c5c0 f i libucrtd:output.obj
 0001:0003b5c0       ??$extract_argument_from_va_list@E_J@?$standard_base@_WV?$string_output_adapter@_W@__crt_stdio_output@@@__crt_stdio_output@@IEAA_NAEA_J@Z 000000018003c5c0 f i libucrtd:output.obj
 0001:0003b5c0       ??$extract_argument_from_va_list@E_J@?$standard_base@DV?$string_output_adapter@D@__crt_stdio_output@@@__crt_stdio_output@@IEAA_NAEA_J@Z 000000018003c5c0 f i libucrtd:output.obj
 0001:0003b600       ??$extract_argument_from_va_list@F_J@?$standard_base@_WV?$stream_output_adapter@_W@__crt_stdio_output@@@__crt_stdio_output@@IEAA_NAEA_J@Z 000000018003c600 f i libucrtd:output.obj
 0001:0003b600       ??$extract_argument_from_va_list@F_J@?$standard_base@_WV?$string_output_adapter@_W@__crt_stdio_output@@@__crt_stdio_output@@IEAA_NAEA_J@Z 000000018003c600 f i libucrtd:output.obj
 0001:0003b600       ??$extract_argument_from_va_list@F_J@?$standard_base@DV?$string_output_adapter@D@__crt_stdio_output@@@__crt_stdio_output@@IEAA_NAEA_J@Z 000000018003c600 f i libucrtd:output.obj
 0001:0003b640       ??$extract_argument_from_va_list@GD@?$standard_base@DV?$string_output_adapter@D@__crt_stdio_output@@@__crt_stdio_output@@IEAA_NAEAD@Z 000000018003c640 f i libucrtd:output.obj
 0001:0003b670       ??$extract_argument_from_va_list@G_J@?$standard_base@DV?$string_output_adapter@D@__crt_stdio_output@@@__crt_stdio_output@@IEAA_NAEA_J@Z 000000018003c670 f i libucrtd:output.obj
 0001:0003b670       ??$extract_argument_from_va_list@G_J@?$standard_base@_WV?$string_output_adapter@_W@__crt_stdio_output@@@__crt_stdio_output@@IEAA_NAEA_J@Z 000000018003c670 f i libucrtd:output.obj
 0001:0003b670       ??$extract_argument_from_va_list@G_J@?$standard_base@_WV?$stream_output_adapter@_W@__crt_stdio_output@@@__crt_stdio_output@@IEAA_NAEA_J@Z 000000018003c670 f i libucrtd:output.obj
 0001:0003b6b0       ??$extract_argument_from_va_list@H_J@?$standard_base@DV?$string_output_adapter@D@__crt_stdio_output@@@__crt_stdio_output@@IEAA_NAEA_J@Z 000000018003c6b0 f i libucrtd:output.obj
 0001:0003b6b0       ??$extract_argument_from_va_list@H_J@?$standard_base@_WV?$stream_output_adapter@_W@__crt_stdio_output@@@__crt_stdio_output@@IEAA_NAEA_J@Z 000000018003c6b0 f i libucrtd:output.obj
 0001:0003b6b0       ??$extract_argument_from_va_list@H_J@?$standard_base@_WV?$string_output_adapter@_W@__crt_stdio_output@@@__crt_stdio_output@@IEAA_NAEA_J@Z 000000018003c6b0 f i libucrtd:output.obj
 0001:0003b6e0       ??$extract_argument_from_va_list@I_J@?$standard_base@_WV?$stream_output_adapter@_W@__crt_stdio_output@@@__crt_stdio_output@@IEAA_NAEA_J@Z 000000018003c6e0 f i libucrtd:output.obj
 0001:0003b6e0       ??$extract_argument_from_va_list@I_J@?$standard_base@DV?$string_output_adapter@D@__crt_stdio_output@@@__crt_stdio_output@@IEAA_NAEA_J@Z 000000018003c6e0 f i libucrtd:output.obj
 0001:0003b6e0       ??$extract_argument_from_va_list@I_J@?$standard_base@_WV?$string_output_adapter@_W@__crt_stdio_output@@@__crt_stdio_output@@IEAA_NAEA_J@Z 000000018003c6e0 f i libucrtd:output.obj
 0001:0003b710       ??$extract_argument_from_va_list@_J_J@?$standard_base@_WV?$string_output_adapter@_W@__crt_stdio_output@@@__crt_stdio_output@@IEAA_NAEA_J@Z 000000018003c710 f i libucrtd:output.obj
 0001:0003b710       ??$extract_argument_from_va_list@_K_J@?$standard_base@_WV?$string_output_adapter@_W@__crt_stdio_output@@@__crt_stdio_output@@IEAA_NAEA_J@Z 000000018003c710 f i libucrtd:output.obj
 0001:0003b710       ??$extract_argument_from_va_list@_J_J@?$standard_base@_WV?$stream_output_adapter@_W@__crt_stdio_output@@@__crt_stdio_output@@IEAA_NAEA_J@Z 000000018003c710 f i libucrtd:output.obj
 0001:0003b710       ??$extract_argument_from_va_list@PEAUansi_string@?1??type_case_Z@?$output_processor@_WV?$string_output_adapter@_W@__crt_stdio_output@@V?$standard_base@_WV?$string_output_adapter@_W@__crt_stdio_output@@@2@@__crt_stdio_output@@AEAA_NXZ@PEAU1?1??234@AEAA_NXZ@@?$standard_base@_WV?$string_output_adapter@_W@__crt_stdio_output@@@__crt_stdio_output@@IEAA_NAEAPEAUansi_string@?1??type_case_Z@?$output_processor@_WV?$string_output_adapter@_W@__crt_stdio_output@@V?$standard_base@_WV?$string_output_adapter@_W@__crt_stdio_output@@@2@@1@AEAA_NXZ@@Z 000000018003c710 f i libucrtd:output.obj
 0001:0003b710       ??$extract_argument_from_va_list@_K_J@?$standard_base@DV?$string_output_adapter@D@__crt_stdio_output@@@__crt_stdio_output@@IEAA_NAEA_J@Z 000000018003c710 f i libucrtd:output.obj
 0001:0003b710       ??$extract_argument_from_va_list@PEADPEAD@?$standard_base@_WV?$string_output_adapter@_W@__crt_stdio_output@@@__crt_stdio_output@@IEAA_NAEAPEAD@Z 000000018003c710 f i libucrtd:output.obj
 0001:0003b710       ??$extract_argument_from_va_list@PEAXPEAX@?$standard_base@_WV?$string_output_adapter@_W@__crt_stdio_output@@@__crt_stdio_output@@IEAA_NAEAPEAX@Z 000000018003c710 f i libucrtd:output.obj
 0001:0003b710       ??$extract_argument_from_va_list@PEAUansi_string@?1??type_case_Z@?$output_processor@_WV?$string_output_adapter@_W@__crt_stdio_output@@V?$format_validation_base@_WV?$string_output_adapter@_W@__crt_stdio_output@@@2@@__crt_stdio_output@@AEAA_NXZ@PEAU1?1??234@AEAA_NXZ@@?$standard_base@_WV?$string_output_adapter@_W@__crt_stdio_output@@@__crt_stdio_output@@IEAA_NAEAPEAUansi_string@?1??type_case_Z@?$output_processor@_WV?$string_output_adapter@_W@__crt_stdio_output@@V?$format_validation_base@_WV?$string_output_adapter@_W@__crt_stdio_output@@@2@@1@AEAA_NXZ@@Z 000000018003c710 f i libucrtd:output.obj
 0001:0003b710       ??$extract_argument_from_va_list@PEAUansi_string@?1??type_case_Z@?$output_processor@DV?$string_output_adapter@D@__crt_stdio_output@@V?$format_validation_base@DV?$string_output_adapter@D@__crt_stdio_output@@@2@@__crt_stdio_output@@AEAA_NXZ@PEAU1?1??234@AEAA_NXZ@@?$standard_base@DV?$string_output_adapter@D@__crt_stdio_output@@@__crt_stdio_output@@IEAA_NAEAPEAUansi_string@?1??type_case_Z@?$output_processor@DV?$string_output_adapter@D@__crt_stdio_output@@V?$format_validation_base@DV?$string_output_adapter@D@__crt_stdio_output@@@2@@1@AEAA_NXZ@@Z 000000018003c710 f i libucrtd:output.obj
 0001:0003b710       ??$extract_argument_from_va_list@PEADPEAD@?$standard_base@DV?$string_output_adapter@D@__crt_stdio_output@@@__crt_stdio_output@@IEAA_NAEAPEAD@Z 000000018003c710 f i libucrtd:output.obj
 0001:0003b710       ??$extract_argument_from_va_list@_K_J@?$standard_base@_WV?$stream_output_adapter@_W@__crt_stdio_output@@@__crt_stdio_output@@IEAA_NAEA_J@Z 000000018003c710 f i libucrtd:output.obj
 0001:0003b710       ??$extract_argument_from_va_list@_J_J@?$standard_base@DV?$string_output_adapter@D@__crt_stdio_output@@@__crt_stdio_output@@IEAA_NAEA_J@Z 000000018003c710 f i libucrtd:output.obj
 0001:0003b710       ??$extract_argument_from_va_list@PEAXPEAX@?$standard_base@_WV?$stream_output_adapter@_W@__crt_stdio_output@@@__crt_stdio_output@@IEAA_NAEAPEAX@Z 000000018003c710 f i libucrtd:output.obj
 0001:0003b710       ??$extract_argument_from_va_list@PEAXPEAX@?$standard_base@DV?$string_output_adapter@D@__crt_stdio_output@@@__crt_stdio_output@@IEAA_NAEAPEAX@Z 000000018003c710 f i libucrtd:output.obj
 0001:0003b710       ??$extract_argument_from_va_list@PEAUansi_string@?1??type_case_Z@?$output_processor@_WV?$stream_output_adapter@_W@__crt_stdio_output@@V?$standard_base@_WV?$stream_output_adapter@_W@__crt_stdio_output@@@2@@__crt_stdio_output@@AEAA_NXZ@PEAU1?1??234@AEAA_NXZ@@?$standard_base@_WV?$stream_output_adapter@_W@__crt_stdio_output@@@__crt_stdio_output@@IEAA_NAEAPEAUansi_string@?1??type_case_Z@?$output_processor@_WV?$stream_output_adapter@_W@__crt_stdio_output@@V?$standard_base@_WV?$stream_output_adapter@_W@__crt_stdio_output@@@2@@1@AEAA_NXZ@@Z 000000018003c710 f i libucrtd:output.obj
 0001:0003b710       ??$extract_argument_from_va_list@PEADPEAD@?$standard_base@_WV?$stream_output_adapter@_W@__crt_stdio_output@@@__crt_stdio_output@@IEAA_NAEAPEAD@Z 000000018003c710 f i libucrtd:output.obj
 0001:0003b740       ??$extract_argument_from_va_list@U_CRT_DOUBLE@@U1@@?$standard_base@_WV?$string_output_adapter@_W@__crt_stdio_output@@@__crt_stdio_output@@IEAA_NAEAU_CRT_DOUBLE@@@Z 000000018003c740 f i libucrtd:output.obj
 0001:0003b740       ??$extract_argument_from_va_list@U_CRT_DOUBLE@@U1@@?$standard_base@DV?$string_output_adapter@D@__crt_stdio_output@@@__crt_stdio_output@@IEAA_NAEAU_CRT_DOUBLE@@@Z 000000018003c740 f i libucrtd:output.obj
 0001:0003b740       ??$extract_argument_from_va_list@U_CRT_DOUBLE@@U1@@?$standard_base@_WV?$stream_output_adapter@_W@__crt_stdio_output@@@__crt_stdio_output@@IEAA_NAEAU_CRT_DOUBLE@@@Z 000000018003c740 f i libucrtd:output.obj
 0001:0003b790       ??$extract_argument_from_va_list@_W_W@?$standard_base@_WV?$string_output_adapter@_W@__crt_stdio_output@@@__crt_stdio_output@@IEAA_NAEA_W@Z 000000018003c790 f i libucrtd:output.obj
 0001:0003b790       ??$extract_argument_from_va_list@_W_W@?$standard_base@_WV?$stream_output_adapter@_W@__crt_stdio_output@@@__crt_stdio_output@@IEAA_NAEA_W@Z 000000018003c790 f i libucrtd:output.obj
 0001:0003b790       ??$extract_argument_from_va_list@_W_W@?$standard_base@DV?$string_output_adapter@D@__crt_stdio_output@@@__crt_stdio_output@@IEAA_NAEA_W@Z 000000018003c790 f i libucrtd:output.obj
 0001:0003b7c0       ??$is_wide_character_specifier@D@__crt_stdio_output@@YA_N_KDW4length_modifier@0@@Z 000000018003c7c0 f i libucrtd:output.obj
 0001:0003b860       ??$is_wide_character_specifier@_W@__crt_stdio_output@@YA_N_K_WW4length_modifier@0@@Z 000000018003c860 f i libucrtd:output.obj
 0001:0003b930       ??$puttc_nolock@AEB_WPEAU_iobuf@@@?$__crt_char_traits@_W@@SAGAEB_W$$QEAPEAU_iobuf@@@Z 000000018003c930 f i libucrtd:output.obj
 0001:0003b960       ??$read_va_arg@E@__crt_stdio_output@@YAEAEAPEAD@Z 000000018003c960 f i libucrtd:output.obj
 0001:0003b960       ??$read_va_arg@C@__crt_stdio_output@@YACAEAPEAD@Z 000000018003c960 f i libucrtd:output.obj
 0001:0003b9d0       ??$read_va_arg@F@__crt_stdio_output@@YAFAEAPEAD@Z 000000018003c9d0 f i libucrtd:output.obj
 0001:0003b9d0       ??$read_va_arg@_W@__crt_stdio_output@@YA_WAEAPEAD@Z 000000018003c9d0 f i libucrtd:output.obj
 0001:0003b9d0       ??$read_va_arg@G@__crt_stdio_output@@YAGAEAPEAD@Z 000000018003c9d0 f i libucrtd:output.obj
 0001:0003ba40       ??$read_va_arg@H@__crt_stdio_output@@YAHAEAPEAD@Z 000000018003ca40 f i libucrtd:output.obj
 0001:0003ba40       ??$read_va_arg@I@__crt_stdio_output@@YAIAEAPEAD@Z 000000018003ca40 f i libucrtd:output.obj
 0001:0003baa0       ??$read_va_arg@PEAUansi_string@?1??type_case_Z@?$output_processor@_WV?$string_output_adapter@_W@__crt_stdio_output@@V?$standard_base@_WV?$string_output_adapter@_W@__crt_stdio_output@@@2@@__crt_stdio_output@@AEAA_NXZ@@__crt_stdio_output@@YAPEAUansi_string@?1??type_case_Z@?$output_processor@_WV?$string_output_adapter@_W@__crt_stdio_output@@V?$standard_base@_WV?$string_output_adapter@_W@__crt_stdio_output@@@2@@0@AEAA_NXZ@AEAPEAD@Z 000000018003caa0 f i libucrtd:output.obj
 0001:0003baa0       ??$read_va_arg@_K@__crt_stdio_output@@YA_KAEAPEAD@Z 000000018003caa0 f i libucrtd:output.obj
 0001:0003baa0       ??$read_va_arg@U_CRT_DOUBLE@@@__crt_stdio_output@@YA?AU_CRT_DOUBLE@@AEAPEAD@Z 000000018003caa0 f i libucrtd:output.obj
 0001:0003baa0       ??$read_va_arg@PEAD@__crt_stdio_output@@YAPEADAEAPEAD@Z 000000018003caa0 f i libucrtd:output.obj
 0001:0003baa0       ??$read_va_arg@PEAUansi_string@?1??type_case_Z@?$output_processor@_WV?$stream_output_adapter@_W@__crt_stdio_output@@V?$standard_base@_WV?$stream_output_adapter@_W@__crt_stdio_output@@@2@@__crt_stdio_output@@AEAA_NXZ@@__crt_stdio_output@@YAPEAUansi_string@?1??type_case_Z@?$output_processor@_WV?$stream_output_adapter@_W@__crt_stdio_output@@V?$standard_base@_WV?$stream_output_adapter@_W@__crt_stdio_output@@@2@@0@AEAA_NXZ@AEAPEAD@Z 000000018003caa0 f i libucrtd:output.obj
 0001:0003baa0       ??$read_va_arg@_J@__crt_stdio_output@@YA_JAEAPEAD@Z 000000018003caa0 f i libucrtd:output.obj
 0001:0003baa0       ??$read_va_arg@PEAUansi_string@?1??type_case_Z@?$output_processor@_WV?$string_output_adapter@_W@__crt_stdio_output@@V?$format_validation_base@_WV?$string_output_adapter@_W@__crt_stdio_output@@@2@@__crt_stdio_output@@AEAA_NXZ@@__crt_stdio_output@@YAPEAUansi_string@?1??type_case_Z@?$output_processor@_WV?$string_output_adapter@_W@__crt_stdio_output@@V?$format_validation_base@_WV?$string_output_adapter@_W@__crt_stdio_output@@@2@@0@AEAA_NXZ@AEAPEAD@Z 000000018003caa0 f i libucrtd:output.obj
 0001:0003baa0       ??$read_va_arg@PEAX@__crt_stdio_output@@YAPEAXAEAPEAD@Z 000000018003caa0 f i libucrtd:output.obj
 0001:0003baa0       ??$read_va_arg@PEAUansi_string@?1??type_case_Z@?$output_processor@DV?$string_output_adapter@D@__crt_stdio_output@@V?$format_validation_base@DV?$string_output_adapter@D@__crt_stdio_output@@@2@@__crt_stdio_output@@AEAA_NXZ@@__crt_stdio_output@@YAPEAUansi_string@?1??type_case_Z@?$output_processor@DV?$string_output_adapter@D@__crt_stdio_output@@V?$format_validation_base@DV?$string_output_adapter@D@__crt_stdio_output@@@2@@0@AEAA_NXZ@AEAPEAD@Z 000000018003caa0 f i libucrtd:output.obj
 0001:0003bb10       ??$scratch_count@D@formatting_buffer@__crt_stdio_output@@QEBA_KXZ 000000018003cb10 f i libucrtd:output.obj
 0001:0003bb30       ??$scratch_data@D@formatting_buffer@__crt_stdio_output@@QEAAPEADXZ 000000018003cb30 f i libucrtd:output.obj
 0001:0003bba0       ??$tcstol@PEBDPEAPEADH@?$__crt_char_traits@D@@SAJ$$QEAPEBD$$QEAPEAPEAD$$QEAH@Z 000000018003cba0 f i libucrtd:output.obj
 0001:0003bbe0       ??$tcstol@PEB_WPEAPEA_WH@?$__crt_char_traits@_W@@SAJ$$QEAPEB_W$$QEAPEAPEA_W$$QEAH@Z 000000018003cbe0 f i libucrtd:output.obj
 0001:0003bc20       ??$type_case_integer_parse_into_buffer@I@?$output_processor@DV?$string_output_adapter@D@__crt_stdio_output@@V?$format_validation_base@DV?$string_output_adapter@D@__crt_stdio_output@@@2@@__crt_stdio_output@@AEAAXII_N@Z 000000018003cc20 f i libucrtd:output.obj
 0001:0003bd40       ??$type_case_integer_parse_into_buffer@I@?$output_processor@_WV?$string_output_adapter@_W@__crt_stdio_output@@V?$format_validation_base@_WV?$string_output_adapter@_W@__crt_stdio_output@@@2@@__crt_stdio_output@@AEAAXII_N@Z 000000018003cd40 f i libucrtd:output.obj
 0001:0003bd40       ??$type_case_integer_parse_into_buffer@I@?$output_processor@_WV?$stream_output_adapter@_W@__crt_stdio_output@@V?$standard_base@_WV?$stream_output_adapter@_W@__crt_stdio_output@@@2@@__crt_stdio_output@@AEAAXII_N@Z 000000018003cd40 f i libucrtd:output.obj
 0001:0003bd40       ??$type_case_integer_parse_into_buffer@I@?$output_processor@_WV?$string_output_adapter@_W@__crt_stdio_output@@V?$standard_base@_WV?$string_output_adapter@_W@__crt_stdio_output@@@2@@__crt_stdio_output@@AEAAXII_N@Z 000000018003cd40 f i libucrtd:output.obj
 0001:0003be70       ??$type_case_integer_parse_into_buffer@_K@?$output_processor@DV?$string_output_adapter@D@__crt_stdio_output@@V?$format_validation_base@DV?$string_output_adapter@D@__crt_stdio_output@@@2@@__crt_stdio_output@@AEAAX_KI_N@Z 000000018003ce70 f i libucrtd:output.obj
 0001:0003bfc0       ??$type_case_integer_parse_into_buffer@_K@?$output_processor@_WV?$string_output_adapter@_W@__crt_stdio_output@@V?$standard_base@_WV?$string_output_adapter@_W@__crt_stdio_output@@@2@@__crt_stdio_output@@AEAAX_KI_N@Z 000000018003cfc0 f i libucrtd:output.obj
 0001:0003bfc0       ??$type_case_integer_parse_into_buffer@_K@?$output_processor@_WV?$string_output_adapter@_W@__crt_stdio_output@@V?$format_validation_base@_WV?$string_output_adapter@_W@__crt_stdio_output@@@2@@__crt_stdio_output@@AEAAX_KI_N@Z 000000018003cfc0 f i libucrtd:output.obj
 0001:0003bfc0       ??$type_case_integer_parse_into_buffer@_K@?$output_processor@_WV?$stream_output_adapter@_W@__crt_stdio_output@@V?$standard_base@_WV?$stream_output_adapter@_W@__crt_stdio_output@@@2@@__crt_stdio_output@@AEAAX_KI_N@Z 000000018003cfc0 f i libucrtd:output.obj
 0001:0003c110       ??$write_multiple_characters@V?$stream_output_adapter@_W@__crt_stdio_output@@D@__crt_stdio_output@@YAXAEBV?$stream_output_adapter@_W@0@DHQEAH@Z 000000018003d110 f i libucrtd:output.obj
 0001:0003c170       ??$write_multiple_characters@V?$string_output_adapter@D@__crt_stdio_output@@D@__crt_stdio_output@@YAXAEBV?$string_output_adapter@D@0@DHQEAH@Z 000000018003d170 f i libucrtd:output.obj
 0001:0003c1d0       ??$write_multiple_characters@V?$string_output_adapter@_W@__crt_stdio_output@@D@__crt_stdio_output@@YAXAEBV?$string_output_adapter@_W@0@DHQEAH@Z 000000018003d1d0 f i libucrtd:output.obj
 0001:0003c2b0       ??0?$common_data@D@__crt_stdio_output@@IEAA@XZ 000000018003d2b0 f i libucrtd:output.obj
 0001:0003c380       ??0?$common_data@_W@__crt_stdio_output@@IEAA@XZ 000000018003d380 f i libucrtd:output.obj
 0001:0003c450       ??0?$output_adapter_data@DV?$string_output_adapter@D@__crt_stdio_output@@@__crt_stdio_output@@IEAA@AEBV?$string_output_adapter@D@1@_KQEBDQEAU__crt_locale_pointers@@QEAD@Z 000000018003d450 f i libucrtd:output.obj
 0001:0003c4d0       ??0?$output_adapter_data@_WV?$string_output_adapter@_W@__crt_stdio_output@@@__crt_stdio_output@@IEAA@AEBV?$string_output_adapter@_W@1@_KQEB_WQEAU__crt_locale_pointers@@QEAD@Z 000000018003d4d0 f i libucrtd:output.obj
 0001:0003c4d0       ??0?$output_adapter_data@_WV?$stream_output_adapter@_W@__crt_stdio_output@@@__crt_stdio_output@@IEAA@AEBV?$stream_output_adapter@_W@1@_KQEB_WQEAU__crt_locale_pointers@@QEAD@Z 000000018003d4d0 f i libucrtd:output.obj
 0001:0003c550       ??0?$output_processor@DV?$string_output_adapter@D@__crt_stdio_output@@V?$format_validation_base@DV?$string_output_adapter@D@__crt_stdio_output@@@2@@__crt_stdio_output@@QEAA@AEBV?$string_output_adapter@D@1@_KQEBDQEAU__crt_locale_pointers@@QEAD@Z 000000018003d550 f i libucrtd:output.obj
 0001:0003c5b0       ??0?$output_processor@_WV?$string_output_adapter@_W@__crt_stdio_output@@V?$format_validation_base@_WV?$string_output_adapter@_W@__crt_stdio_output@@@2@@__crt_stdio_output@@QEAA@AEBV?$string_output_adapter@_W@1@_KQEB_WQEAU__crt_locale_pointers@@QEAD@Z 000000018003d5b0 f i libucrtd:output.obj
 0001:0003c610       ??0?$output_processor@_WV?$stream_output_adapter@_W@__crt_stdio_output@@V?$standard_base@_WV?$stream_output_adapter@_W@__crt_stdio_output@@@2@@__crt_stdio_output@@QEAA@AEBV?$stream_output_adapter@_W@1@_KQEB_WQEAU__crt_locale_pointers@@QEAD@Z 000000018003d610 f i libucrtd:output.obj
 0001:0003c610       ??0?$output_processor@_WV?$string_output_adapter@_W@__crt_stdio_output@@V?$standard_base@_WV?$string_output_adapter@_W@__crt_stdio_output@@@2@@__crt_stdio_output@@QEAA@AEBV?$string_output_adapter@_W@1@_KQEB_WQEAU__crt_locale_pointers@@QEAD@Z 000000018003d610 f i libucrtd:output.obj
 0001:0003c670       ??0?$stream_output_adapter@_W@__crt_stdio_output@@QEAA@QEAU_iobuf@@@Z 000000018003d670 f i libucrtd:output.obj
 0001:0003c6a0       ??0__acrt_stdio_temporary_buffering_guard@@QEAA@QEAU_iobuf@@@Z 000000018003d6a0 f i libucrtd:output.obj
 0001:0003c6e0       ??0__crt_errno_guard@@QEAA@QEAH@Z 000000018003d6e0 f i libucrtd:output.obj
 0001:0003c720       ??0formatting_buffer@__crt_stdio_output@@QEAA@XZ 000000018003d720 f i libucrtd:output.obj
 0001:0003c760       ??1?$common_data@D@__crt_stdio_output@@QEAA@XZ 000000018003d760 f i libucrtd:output.obj
 0001:0003c760       ??1?$common_data@_W@__crt_stdio_output@@QEAA@XZ 000000018003d760 f i libucrtd:output.obj
 0001:0003c780       ??1?$output_adapter_data@_WV?$string_output_adapter@_W@__crt_stdio_output@@@__crt_stdio_output@@QEAA@XZ 000000018003d780 f i libucrtd:output.obj
 0001:0003c780       ??1?$output_adapter_data@DV?$string_output_adapter@D@__crt_stdio_output@@@__crt_stdio_output@@QEAA@XZ 000000018003d780 f i libucrtd:output.obj
 0001:0003c780       ??1?$output_adapter_data@_WV?$stream_output_adapter@_W@__crt_stdio_output@@@__crt_stdio_output@@QEAA@XZ 000000018003d780 f i libucrtd:output.obj
 0001:0003c7a0       ??1?$output_processor@_WV?$string_output_adapter@_W@__crt_stdio_output@@V?$format_validation_base@_WV?$string_output_adapter@_W@__crt_stdio_output@@@2@@__crt_stdio_output@@QEAA@XZ 000000018003d7a0 f i libucrtd:output.obj
 0001:0003c7a0       ??1?$output_processor@DV?$string_output_adapter@D@__crt_stdio_output@@V?$format_validation_base@DV?$string_output_adapter@D@__crt_stdio_output@@@2@@__crt_stdio_output@@QEAA@XZ 000000018003d7a0 f i libucrtd:output.obj
 0001:0003c7c0       ??1?$format_validation_base@DV?$string_output_adapter@D@__crt_stdio_output@@@__crt_stdio_output@@QEAA@XZ 000000018003d7c0 f i libucrtd:output.obj
 0001:0003c7c0       ??1?$format_validation_base@_WV?$string_output_adapter@_W@__crt_stdio_output@@@__crt_stdio_output@@QEAA@XZ 000000018003d7c0 f i libucrtd:output.obj
 0001:0003c7c0       ??1?$output_processor@_WV?$string_output_adapter@_W@__crt_stdio_output@@V?$standard_base@_WV?$string_output_adapter@_W@__crt_stdio_output@@@2@@__crt_stdio_output@@QEAA@XZ 000000018003d7c0 f i libucrtd:output.obj
 0001:0003c7c0       ??1?$output_processor@_WV?$stream_output_adapter@_W@__crt_stdio_output@@V?$standard_base@_WV?$stream_output_adapter@_W@__crt_stdio_output@@@2@@__crt_stdio_output@@QEAA@XZ 000000018003d7c0 f i libucrtd:output.obj
 0001:0003c7e0       ??1?$standard_base@_WV?$string_output_adapter@_W@__crt_stdio_output@@@__crt_stdio_output@@QEAA@XZ 000000018003d7e0 f i libucrtd:output.obj
 0001:0003c7e0       ??1?$standard_base@_WV?$stream_output_adapter@_W@__crt_stdio_output@@@__crt_stdio_output@@QEAA@XZ 000000018003d7e0 f i libucrtd:output.obj
 0001:0003c7e0       ??1?$standard_base@DV?$string_output_adapter@D@__crt_stdio_output@@@__crt_stdio_output@@QEAA@XZ 000000018003d7e0 f i libucrtd:output.obj
 0001:0003c800       ??1__acrt_stdio_temporary_buffering_guard@@QEAA@XZ 000000018003d800 f i libucrtd:output.obj
 0001:0003c830       ??1__crt_errno_guard@@QEAA@XZ 000000018003d830 f i libucrtd:output.obj
 0001:0003c860       ??1formatting_buffer@__crt_stdio_output@@QEAA@XZ 000000018003d860 f i libucrtd:output.obj
 0001:0003c890       ??4?$__crt_unique_heap_ptr@DU__crt_internal_free_policy@@@@QEAAAEAV0@$$QEAV0@@Z 000000018003d890 f i libucrtd:output.obj
 0001:0003ca00       ?adjust_hexit@?$output_processor@_WV?$stream_output_adapter@_W@__crt_stdio_output@@V?$standard_base@_WV?$stream_output_adapter@_W@__crt_stdio_output@@@2@@__crt_stdio_output@@CADH_N@Z 000000018003da00 f i libucrtd:output.obj
 0001:0003ca00       ?adjust_hexit@?$output_processor@_WV?$string_output_adapter@_W@__crt_stdio_output@@V?$standard_base@_WV?$string_output_adapter@_W@__crt_stdio_output@@@2@@__crt_stdio_output@@CADH_N@Z 000000018003da00 f i libucrtd:output.obj
 0001:0003ca00       ?adjust_hexit@?$output_processor@DV?$string_output_adapter@D@__crt_stdio_output@@V?$format_validation_base@DV?$string_output_adapter@D@__crt_stdio_output@@@2@@__crt_stdio_output@@CADH_N@Z 000000018003da00 f i libucrtd:output.obj
 0001:0003ca00       ?adjust_hexit@?$output_processor@_WV?$string_output_adapter@_W@__crt_stdio_output@@V?$format_validation_base@_WV?$string_output_adapter@_W@__crt_stdio_output@@@2@@__crt_stdio_output@@CADH_N@Z 000000018003da00 f i libucrtd:output.obj
 0001:0003ca50       ?advance_to_next_pass@?$standard_base@DV?$string_output_adapter@D@__crt_stdio_output@@@__crt_stdio_output@@IEAA_NXZ 000000018003da50 f i libucrtd:output.obj
 0001:0003ca50       ?advance_to_next_pass@?$standard_base@_WV?$string_output_adapter@_W@__crt_stdio_output@@@__crt_stdio_output@@IEAA_NXZ 000000018003da50 f i libucrtd:output.obj
 0001:0003ca50       ?advance_to_next_pass@?$standard_base@_WV?$stream_output_adapter@_W@__crt_stdio_output@@@__crt_stdio_output@@IEAA_NXZ 000000018003da50 f i libucrtd:output.obj
 0001:0003caa0       ?crop_zeroes@__crt_stdio_output@@YAXPEADQEAU__crt_locale_pointers@@@Z 000000018003daa0 f i libucrtd:output.obj
 0001:0003cbe0       ?find_next_state@?$output_processor@DV?$string_output_adapter@D@__crt_stdio_output@@V?$format_validation_base@DV?$string_output_adapter@D@__crt_stdio_output@@@2@@__crt_stdio_output@@AEBA?AW4state@2@DW432@@Z 000000018003dbe0 f i libucrtd:output.obj
 0001:0003cc80       ?find_next_state@?$output_processor@_WV?$string_output_adapter@_W@__crt_stdio_output@@V?$format_validation_base@_WV?$string_output_adapter@_W@__crt_stdio_output@@@2@@__crt_stdio_output@@AEBA?AW4state@2@_WW432@@Z 000000018003dc80 f i libucrtd:output.obj
 0001:0003cd20       ?find_next_state@?$output_processor@_WV?$string_output_adapter@_W@__crt_stdio_output@@V?$standard_base@_WV?$string_output_adapter@_W@__crt_stdio_output@@@2@@__crt_stdio_output@@AEBA?AW4state@2@_WW432@@Z 000000018003dd20 f i libucrtd:output.obj
 0001:0003cd20       ?find_next_state@?$output_processor@_WV?$stream_output_adapter@_W@__crt_stdio_output@@V?$standard_base@_WV?$stream_output_adapter@_W@__crt_stdio_output@@@2@@__crt_stdio_output@@AEBA?AW4state@2@_WW432@@Z 000000018003dd20 f i libucrtd:output.obj
 0001:0003cdc0       ?force_decimal_point@__crt_stdio_output@@YAXPEADQEAU__crt_locale_pointers@@@Z 000000018003ddc0 f i libucrtd:output.obj
 0001:0003cea0       ?has_flag@?$output_processor@_WV?$stream_output_adapter@_W@__crt_stdio_output@@V?$standard_base@_WV?$stream_output_adapter@_W@__crt_stdio_output@@@2@@__crt_stdio_output@@AEBA_NI@Z 000000018003dea0 f i libucrtd:output.obj
 0001:0003cea0       ?has_flag@?$output_processor@_WV?$string_output_adapter@_W@__crt_stdio_output@@V?$format_validation_base@_WV?$string_output_adapter@_W@__crt_stdio_output@@@2@@__crt_stdio_output@@AEBA_NI@Z 000000018003dea0 f i libucrtd:output.obj
 0001:0003cea0       ?has_flag@?$output_processor@DV?$string_output_adapter@D@__crt_stdio_output@@V?$format_validation_base@DV?$string_output_adapter@D@__crt_stdio_output@@@2@@__crt_stdio_output@@AEBA_NI@Z 000000018003dea0 f i libucrtd:output.obj
 0001:0003cea0       ?has_flag@?$output_processor@_WV?$string_output_adapter@_W@__crt_stdio_output@@V?$standard_base@_WV?$string_output_adapter@_W@__crt_stdio_output@@@2@@__crt_stdio_output@@AEBA_NI@Z 000000018003dea0 f i libucrtd:output.obj
 0001:0003cee0       ?narrow_null_string@?$output_processor@DV?$string_output_adapter@D@__crt_stdio_output@@V?$format_validation_base@DV?$string_output_adapter@D@__crt_stdio_output@@@2@@__crt_stdio_output@@CAPEADXZ 000000018003dee0 f i libucrtd:output.obj
 0001:0003cee0       ?narrow_null_string@?$output_processor@_WV?$string_output_adapter@_W@__crt_stdio_output@@V?$standard_base@_WV?$string_output_adapter@_W@__crt_stdio_output@@@2@@__crt_stdio_output@@CAPEADXZ 000000018003dee0 f i libucrtd:output.obj
 0001:0003cee0       ?narrow_null_string@?$output_processor@_WV?$stream_output_adapter@_W@__crt_stdio_output@@V?$standard_base@_WV?$stream_output_adapter@_W@__crt_stdio_output@@@2@@__crt_stdio_output@@CAPEADXZ 000000018003dee0 f i libucrtd:output.obj
 0001:0003cee0       ?narrow_null_string@?$output_processor@_WV?$string_output_adapter@_W@__crt_stdio_output@@V?$format_validation_base@_WV?$string_output_adapter@_W@__crt_stdio_output@@@2@@__crt_stdio_output@@CAPEADXZ 000000018003dee0 f i libucrtd:output.obj
 0001:0003cef0       ?parse_int_from_format_string@?$output_processor@DV?$string_output_adapter@D@__crt_stdio_output@@V?$format_validation_base@DV?$string_output_adapter@D@__crt_stdio_output@@@2@@__crt_stdio_output@@AEAA_NQEAH@Z 000000018003def0 f i libucrtd:output.obj
 0001:0003cfd0       ?parse_int_from_format_string@?$output_processor@_WV?$stream_output_adapter@_W@__crt_stdio_output@@V?$standard_base@_WV?$stream_output_adapter@_W@__crt_stdio_output@@@2@@__crt_stdio_output@@AEAA_NQEAH@Z 000000018003dfd0 f i libucrtd:output.obj
 0001:0003cfd0       ?parse_int_from_format_string@?$output_processor@_WV?$string_output_adapter@_W@__crt_stdio_output@@V?$standard_base@_WV?$string_output_adapter@_W@__crt_stdio_output@@@2@@__crt_stdio_output@@AEAA_NQEAH@Z 000000018003dfd0 f i libucrtd:output.obj
 0001:0003cfd0       ?parse_int_from_format_string@?$output_processor@_WV?$string_output_adapter@_W@__crt_stdio_output@@V?$format_validation_base@_WV?$string_output_adapter@_W@__crt_stdio_output@@@2@@__crt_stdio_output@@AEAA_NQEAH@Z 000000018003dfd0 f i libucrtd:output.obj
 0001:0003d0b0       ?process@?$output_processor@DV?$string_output_adapter@D@__crt_stdio_output@@V?$format_validation_base@DV?$string_output_adapter@D@__crt_stdio_output@@@2@@__crt_stdio_output@@QEAAHXZ 000000018003e0b0 f i libucrtd:output.obj
 0001:0003d410       ?process@?$output_processor@_WV?$stream_output_adapter@_W@__crt_stdio_output@@V?$standard_base@_WV?$stream_output_adapter@_W@__crt_stdio_output@@@2@@__crt_stdio_output@@QEAAHXZ 000000018003e410 f i libucrtd:output.obj
 0001:0003d770       ?process@?$output_processor@_WV?$string_output_adapter@_W@__crt_stdio_output@@V?$format_validation_base@_WV?$string_output_adapter@_W@__crt_stdio_output@@@2@@__crt_stdio_output@@QEAAHXZ 000000018003e770 f i libucrtd:output.obj
 0001:0003dad0       ?process@?$output_processor@_WV?$string_output_adapter@_W@__crt_stdio_output@@V?$standard_base@_WV?$string_output_adapter@_W@__crt_stdio_output@@@2@@__crt_stdio_output@@QEAAHXZ 000000018003ead0 f i libucrtd:output.obj
 0001:0003de30       ?set_flag@?$output_processor@_WV?$string_output_adapter@_W@__crt_stdio_output@@V?$format_validation_base@_WV?$string_output_adapter@_W@__crt_stdio_output@@@2@@__crt_stdio_output@@AEAAXI@Z 000000018003ee30 f i libucrtd:output.obj
 0001:0003de30       ?set_flag@?$output_processor@DV?$string_output_adapter@D@__crt_stdio_output@@V?$format_validation_base@DV?$string_output_adapter@D@__crt_stdio_output@@@2@@__crt_stdio_output@@AEAAXI@Z 000000018003ee30 f i libucrtd:output.obj
 0001:0003de30       ?set_flag@?$output_processor@_WV?$stream_output_adapter@_W@__crt_stdio_output@@V?$standard_base@_WV?$stream_output_adapter@_W@__crt_stdio_output@@@2@@__crt_stdio_output@@AEAAXI@Z 000000018003ee30 f i libucrtd:output.obj
[...]
 0004:00003894       $pdata$__dcrt_terminate_console_output 0000000180090894     libucrtd:initcon.obj
 0004:000038a0       $pdata$_log10_special      00000001800908a0     libucrtd:log_special.obj
 0004:000038ac       $pdata$_log_special_common 00000001800908ac     libucrtd:log_special.obj
 0004:000038b8       $pdata$_FindPESection      00000001800908b8     LIBCMTD:pesect.obj
 0004:000038c4       $pdata$_IsNonwritableInCurrentImage 00000001800908c4     LIBCMTD:pesect.obj
 0004:000038d0       $pdata$_ValidateImageBase  00000001800908d0     LIBCMTD:pesect.obj
 0004:000038dc       $pdata$??_Gtype_info@@UEAAPEAXI@Z 00000001800908dc     LIBCMTD:std_type_info_static.obj
 0004:000038e8       $pdata$__GSHandlerCheck_SEH 00000001800908e8     LIBCMTD:_gshandlerseh_.obj
 0004:000038f4       $pdata$__GSHandlerCheck_EH 00000001800908f4     LIBCMTD:gshandlereh.obj
 0004:00003900       $pdata$??3@YAXPEAX_K@Z     0000000180090900     LIBCMTD:delete_scalar_size.obj
 0004:0000390c       $pdata$??3@YAXPEAX@Z       000000018009090c     LIBCMTD:delete_scalar.obj
 0004:0000393c       $pdata$strrchr             000000018009093c     libvcruntimed:strrchr.obj
 0004:00003948       $pdata$?_CatchTryBlock@@YAPEBU_s_TryBlockMapEntry@@PEBU_s_FuncInfo@@H@Z 0000000180090948     libvcruntimed:trnsctrl.obj
 0004:00003954       $pdata$?_GetEstablisherFrame@@YAPEA_KPEA_KPEAU_xDISPATCHER_CONTEXT@@PEBU_s_FuncInfo@@0@Z 0000000180090954     libvcruntimed:trnsctrl.obj
 0004:00003960       $pdata$?_GetRangeOfTrysToCheck@@YAPEBU_s_TryBlockMapEntry@@PEA_KPEBU_s_FuncInfo@@HHPEAI2PEAU_xDISPATCHER_CONTEXT@@@Z 0000000180090960     libvcruntimed:trnsctrl.obj
 0004:0000396c       $pdata$?__FrameUnwindToEmptyState@@YAXPEA_KPEAU_xDISPATCHER_CONTEXT@@PEBU_s_FuncInfo@@@Z 000000018009096c     libvcruntimed:trnsctrl.obj
 0004:00003978       $pdata$?__SehTransFilter@@YAHPEAU_EXCEPTION_POINTERS@@PEAUEHExceptionRecord@@PEA_KPEAU_CONTEXT@@PEAU_xDISPATCHER_CONTEXT@@PEBU_s_FuncInfo@@PEAH@Z 0000000180090978     libvcruntimed:trnsctrl.obj
 0004:00003984       $pdata$_CallSETranslator   0000000180090984     libvcruntimed:trnsctrl.obj
 0004:00003990       $pdata$_CreateFrameInfo    0000000180090990     libvcruntimed:trnsctrl.obj
 0004:0000399c       $pdata$_FindAndUnlinkFrame 000000018009099c     libvcruntimed:trnsctrl.obj
 0004:000039a8       $pdata$_GetImageBase       00000001800909a8     libvcruntimed:trnsctrl.obj
 0004:000039b4       $pdata$_GetThrowImageBase  00000001800909b4     libvcruntimed:trnsctrl.obj
 0004:000039c0       $pdata$_IsExceptionObjectToBeDestroyed 00000001800909c0     libvcruntimed:trnsctrl.obj
 0004:000039cc       $pdata$_SetImageBase       00000001800909cc     libvcruntimed:trnsctrl.obj
 0004:000039d8       $pdata$_SetThrowImageBase  00000001800909d8     libvcruntimed:trnsctrl.obj
 0004:000039e4       $pdata$_UnwindNestedFrames 00000001800909e4     libvcruntimed:trnsctrl.obj
 0004:000039f0       $pdata$__CxxFrameHandler3  00000001800909f0     libvcruntimed:trnsctrl.obj
 0004:000039fc       $pdata$?__GetCurrentState@@YAHPEA_KPEAU_xDISPATCHER_CONTEXT@@PEBU_s_FuncInfo@@@Z 00000001800909fc     libvcruntimed:ehstate.obj
 0004:00003a08       $pdata$?__GetUnwindTryBlock@@YAHPEA_KPEAU_xDISPATCHER_CONTEXT@@PEBU_s_FuncInfo@@@Z 0000000180090a08     libvcruntimed:ehstate.obj
 0004:00003a14       $pdata$?__SetUnwindTryBlock@@YAXPEA_KPEAU_xDISPATCHER_CONTEXT@@PEBU_s_FuncInfo@@H@Z 0000000180090a14     libvcruntimed:ehstate.obj
 0004:00003a20       $pdata$?__StateFromControlPc@@YAHPEBU_s_FuncInfo@@PEAU_xDISPATCHER_CONTEXT@@@Z 0000000180090a20     libvcruntimed:ehstate.obj
 0004:00003a2c       $pdata$?__StateFromIp@@YAHPEBU_s_FuncInfo@@PEAU_xDISPATCHER_CONTEXT@@_J@Z 0000000180090a2c     libvcruntimed:ehstate.obj
 0004:00003a38       $pdata$__DestructExceptionObject 0000000180090a38     libvcruntimed:frame.obj
 0004:00003a44       $pdata$??0bad_exception@std@@QEAA@AEBV01@@Z 0000000180090a44     libvcruntimed:frame.obj
 0004:00003a50       $pdata$??0bad_exception@std@@QEAA@XZ 0000000180090a50     libvcruntimed:frame.obj
 0004:00003a5c       $pdata$??0exception@std@@QEAA@AEBV01@@Z 0000000180090a5c     libvcruntimed:frame.obj
 0004:00003a68       $pdata$??0exception@std@@QEAA@QEBDH@Z 0000000180090a68     libvcruntimed:frame.obj
 0004:00003a74       $pdata$??1bad_exception@std@@UEAA@XZ 0000000180090a74     libvcruntimed:frame.obj
 0004:00003a80       $pdata$??1exception@std@@UEAA@XZ 0000000180090a80     libvcruntimed:frame.obj
 0004:00003a8c       $pdata$??8type_info@@QEBA_NAEBV0@@Z 0000000180090a8c     libvcruntimed:frame.obj
 0004:00003a98       $pdata$??_Gbad_exception@std@@UEAAPEAXI@Z 0000000180090a98     libvcruntimed:frame.obj
 0004:00003aa4       $pdata$??_Gexception@std@@UEAAPEAXI@Z 0000000180090aa4     libvcruntimed:frame.obj
 0004:00003ab0       $pdata$?CatchIt@@YAXPEAUEHExceptionRecord@@PEA_KPEAU_CONTEXT@@PEAU_xDISPATCHER_CONTEXT@@PEBU_s_FuncInfo@@PEBU_s_HandlerType@@PEBU_s_CatchableType@@PEBU_s_TryBlockMapEntry@@H1EE@Z 0000000180090ab0     libvcruntimed:frame.obj
 0004:00003abc       $pdata$?ExFilterRethrow@@YAHPEAU_EXCEPTION_POINTERS@@PEAUEHExceptionRecord@@PEAH@Z 0000000180090abc     libvcruntimed:frame.obj
 0004:00003ac8       $pdata$?FindHandler@@YAXPEAUEHExceptionRecord@@PEA_KPEAU_CONTEXT@@PEAU_xDISPATCHER_CONTEXT@@PEBU_s_FuncInfo@@EH1@Z 0000000180090ac8     libvcruntimed:frame.obj
 0004:00003ad4       $pdata$?FindHandlerForForeignException@@YAXPEAUEHExceptionRecord@@PEA_KPEAU_CONTEXT@@PEAU_xDISPATCHER_CONTEXT@@PEBU_s_FuncInfo@@HH1@Z 0000000180090ad4     libvcruntimed:frame.obj
 0004:00003ae0       $pdata$?IsInExceptionSpec@@YAEPEAUEHExceptionRecord@@PEBU_s_ESTypeList@@@Z 0000000180090ae0     libvcruntimed:frame.obj
 0004:00003aec       $pdata$?Is_bad_exception_allowed@@YAEPEBU_s_ESTypeList@@@Z 0000000180090aec     libvcruntimed:frame.obj
 0004:00003af8       $pdata$?_CallMemberFunction0@@YAXPEAXP6AX0@Z@Z 0000000180090af8     libvcruntimed:frame.obj
 0004:00003b04       $pdata$?_CallMemberFunction1@@YAXPEAXP6AX0@Z0@Z 0000000180090b04     libvcruntimed:frame.obj
 0004:00003b10       $pdata$?_CallMemberFunction2@@YAXPEAXP6AX0@Z0H@Z 0000000180090b10     libvcruntimed:frame.obj
 0004:00003b1c       $pdata$?__RethrowException@@YAXPEAUEHExceptionRecord@@@Z 0000000180090b1c     libvcruntimed:frame.obj
 0004:00003b28       $pdata$?what@exception@std@@UEBAPEBDXZ 0000000180090b28     libvcruntimed:frame.obj
 0004:00003b34       $pdata$__AdjustPointer     0000000180090b34     libvcruntimed:frame.obj
 0004:00003b40       $pdata$__BuildCatchObject  0000000180090b40     libvcruntimed:frame.obj
 0004:00003b4c       $pdata$__BuildCatchObjectHelper 0000000180090b4c     libvcruntimed:frame.obj
 0004:00003b58       $pdata$__CxxCallCatchBlock 0000000180090b58     libvcruntimed:frame.obj
 0004:00003b64       $pdata$__FrameUnwindFilter 0000000180090b64     libvcruntimed:frame.obj
 0004:00003b70       $pdata$__FrameUnwindToState 0000000180090b70     libvcruntimed:frame.obj
 0004:00003b7c       $pdata$__InternalCxxFrameHandler 0000000180090b7c     libvcruntimed:frame.obj
 0004:00003b88       $pdata$__TypeMatch         0000000180090b88     libvcruntimed:frame.obj
 0004:00003ba0       $pdata$??$?RD@__crt_public_free_policy@@QEBAXQEBD@Z 0000000180090ba0     libvcruntimed:std_exception.obj
 0004:00003bac       $pdata$??1?$__crt_unique_heap_ptr@DU__crt_public_free_policy@@@@QEAA@XZ 0000000180090bac     libvcruntimed:std_exception.obj
 0004:00003bb8       $pdata$?is_valid@?$__crt_unique_heap_ptr@U__vcrt_ptd@@U__crt_internal_free_policy@@@@QEBA_NXZ 0000000180090bb8     libvcruntimed:per_thread_data.obj
 0004:00003bb8       $pdata$?is_valid@?$__crt_unique_heap_ptr@U__crt_multibyte_data@@U__crt_internal_free_policy@@@@QEBA_NXZ 0000000180090bb8     libucrtd:wsetlocale.obj
 0004:00003bb8       $pdata$?is_valid@?$__crt_unique_heap_ptr@DU__crt_public_free_policy@@@@QEBA_NXZ 0000000180090bb8     libvcruntimed:std_exception.obj
 0004:00003bb8       $pdata$?is_valid@?$__crt_unique_heap_ptr@U__acrt_ptd@@U__crt_internal_free_policy@@@@QEBA_NXZ 0000000180090bb8     libucrtd:per_thread_data.obj
 0004:00003bb8       $pdata$?is_valid@?$__crt_unique_heap_ptr@U__crt_lowio_handle_data@@U__crt_internal_free_policy@@@@QEBA_NXZ 0000000180090bb8     libucrtd:osfinfo.obj
 0004:00003bb8       $pdata$??B?$__crt_scoped_stack_ptr@_W@@QEBA_NXZ 0000000180090bb8     libucrtd:lcmapstringa.obj
 0004:00003bb8       $pdata$?valid@__crt_stdio_stream@@QEBA_NXZ 0000000180090bb8     libucrtd:fopen.obj
 0004:00003bb8       $pdata$?is_valid@?$__crt_unique_heap_ptr@DU__crt_internal_free_policy@@@@QEBA_NXZ 0000000180090bb8     libvcruntimed:std_type_info.obj
 0004:00003bc4       $pdata$?release@?$__crt_unique_heap_ptr@DU__crt_public_free_policy@@@@QEAAXXZ 0000000180090bc4     libvcruntimed:std_exception.obj
 0004:00003bd0       $pdata$__std_exception_copy 0000000180090bd0     libvcruntimed:std_exception.obj
 0004:00003bdc       $pdata$__std_exception_destroy 0000000180090bdc     libvcruntimed:std_exception.obj
 0004:00003be8       $pdata$_CxxThrowException  0000000180090be8     libvcruntimed:throw.obj
 0004:00003c00       $pdata$?fin$0@?0??dllmain_crt_process_attach@@YAHQEAUHINSTANCE__@@QEAX@Z@4HA 0000000180090c00     LIBCMTD:dll_dllmain.obj
 0004:00003c0c       $pdata$?fin$0@?0??dllmain_crt_process_detach@@YAH_N@Z@4HA 0000000180090c0c     LIBCMTD:dll_dllmain.obj
 0004:00003c18       $pdata$?filt$0@?0??dllmain_dispatch@@YAHQEAUHINSTANCE__@@KQEAX@Z@4HA 0000000180090c18     LIBCMTD:dll_dllmain.obj
 0004:00003c24       $pdata$__scrt_is_nonwritable_in_current_image$filt$0 0000000180090c24     LIBCMTD:utility.obj
 0004:00003c30       $pdata$?fin$0@?0???$common_fsopen@D@@YAPEAU_iobuf@@QEBD0H@Z@4HA 0000000180090c30     libucrtd:fopen.obj
 0004:00003c3c       $pdata$fclose$fin$0        0000000180090c3c     libucrtd:fclose.obj
 0004:00003c48       $pdata$fread_s$fin$0       0000000180090c48     libucrtd:fread.obj
 0004:00003c54       $pdata$?fin$0@?0??common_fseek@@YAHV__crt_stdio_stream@@_JH@Z@4HA 0000000180090c54     libucrtd:fseek.obj
 0004:00003c60       $pdata$?fin$0@?0???$common_ftell@J@@YAJV__crt_stdio_stream@@@Z@4HA 0000000180090c60     libucrtd:ftell.obj
 0004:00003c6c       $pdata$?filt$0@?0??common_exit@@YAXHW4_crt_exit_cleanup_mode@@W4_crt_exit_return_mode@@@Z@4HA 0000000180090c6c     libucrtd:exit.obj
 0004:00003c78       $pdata$?fin$1@?0??common_exit@@YAXHW4_crt_exit_cleanup_mode@@W4_crt_exit_return_mode@@@Z@4HA 0000000180090c78     libucrtd:exit.obj
 0004:00003c84       $pdata$?fin$0@?0???$?RV<lambda_d22e02de4d14401f49897516b29a2b7c>@@AEAV<lambda_e971338317bfa523bb8920b43d823727>@@V<lambda_b0b8599c9027f5b14541fbbd6863d1f1>@@@?$__crt_seh_guarded_call@H@@QEAAH$$QEAV<lambda_d22e02de4d14401f49897516b29a2b7c>@@AEAV<lambda_e971338317bfa523bb8920b43d823727>@@$$QEAV<lambda_b0b8599c9027f5b14541fbbd6863d1f1>@@@Z@4HA 0000000180090c84     libucrtd:onexit.obj
 0004:00003c84       $pdata$?fin$0@?0???$?RV<lambda_b0d8f1f77f5878de4f648f281b223c15>@@AEAV<lambda_942beefa13ab35ff55f86422493ffd6a>@@V<lambda_7adb6fc9c0d6a5bd4e2d9c212ec7cdcc>@@@?$__crt_seh_guarded_call@H@@QEAAH$$QEAV<lambda_b0d8f1f77f5878de4f648f281b223c15>@@AEAV<lambda_942beefa13ab35ff55f86422493ffd6a>@@$$QEAV<lambda_7adb6fc9c0d6a5bd4e2d9c212ec7cdcc>@@@Z@4HA 0000000180090c84     libucrtd:onexit.obj
 0004:00003c84       $pdata$?fin$0@?0???$?RV<lambda_c36588078e9f5dfd39652860aa6b3aaf>@@AEAV<lambda_ec61778202f4f5fc7e7711acc23c3bca>@@V<lambda_dc9d2797ccde5d239b4a0efae8ebd7db>@@@?$__crt_seh_guarded_call@P6AXH@Z@@QEAAP6AXH@Z$$QEAV<lambda_c36588078e9f5dfd39652860aa6b3aaf>@@AEAV<lambda_ec61778202f4f5fc7e7711acc23c3bca>@@$$QEAV<lambda_dc9d2797ccde5d239b4a0efae8ebd7db>@@@Z@4HA 0000000180090c84     libucrtd:signal.obj
 0004:00003c90       $pdata$?fin$0@?0??heap_alloc_dbg_internal@@YAPEAX_KHQEBDH@Z@4HA 0000000180090c90     libucrtd:debug_heap.obj
 0004:00003c90       $pdata$_CrtMemCheckpoint$fin$0 0000000180090c90     libucrtd:debug_heap.obj
 0004:00003c9c       $pdata$__BuildCatchObject$filt$0 0000000180090c9c     libvcruntimed:frame.obj
 0004:00003c9c       $pdata$terminate$filt$0    0000000180090c9c     libucrtd:terminate.obj
 0004:00003c9c       $pdata$?filt$0@?0??is_bad_read_pointer@@YA_NQEBX_K@Z@4HA 0000000180090c9c     libucrtd:debug_heap.obj
 0004:00003c9c       $pdata$__BuildCatchObjectHelper$filt$0 0000000180090c9c     libvcruntimed:frame.obj
 0004:00003ca8       $pdata$?fin$0@?0??validate_heap_if_required_nolock@@YAXXZ@4HA 0000000180090ca8     libucrtd:debug_heap.obj
 0004:00003cb4       $pdata$_CrtCheckMemory$fin$0 0000000180090cb4     libucrtd:debug_heap.obj
 0004:00003cb4       $pdata$_realloc_dbg$fin$0  0000000180090cb4     libucrtd:debug_heap.obj
 0004:00003cb4       $pdata$_msize_dbg$fin$0    0000000180090cb4     libucrtd:debug_heap.obj
 0004:00003cb4       $pdata$_CrtSetDbgFlag$fin$0 0000000180090cb4     libucrtd:debug_heap.obj
 0004:00003cb4       $pdata$_CrtMemDumpAllObjectsSince$fin$0 0000000180090cb4     libucrtd:debug_heap.obj
 0004:00003cc0       $pdata$common_flush_all$fin$0 0000000180090cc0     libucrtd:fflush.obj
 0004:00003ccc       $pdata$common_flush_all$fin$1 0000000180090ccc     libucrtd:fflush.obj
 0004:00003cd8       $pdata$fflush$fin$0        0000000180090cd8     libucrtd:fflush.obj
 0004:00003ce4       $pdata$?fin$0@?0???$?RV<lambda_7b91131dde12e1c3dfc74ff76b3f2eac>@@AEAV<lambda_dd75445284c072d0bd3768540cc698fa>@@V<lambda_16bc4ecb55b4718497c16bceaea2ceaf>@@@?$__crt_seh_guarded_call@H@@QEAAH$$QEAV<lambda_7b91131dde12e1c3dfc74ff76b3f2eac>@@AEAV<lambda_dd75445284c072d0bd3768540cc698fa>@@$$QEAV<lambda_16bc4ecb55b4718497c16bceaea2ceaf>@@@Z@4HA 0000000180090ce4     libucrtd:output.obj
 0004:00003ce4       $pdata$?fin$0@?0???$?RV<lambda_e8c63f3eaa5b5d1d090047a93e563945>@@AEAV<lambda_108d78a972a15edee025c8b3efe121dc>@@V<lambda_d99a45a39bf155923106577f928afec0>@@@?$__crt_seh_guarded_call@H@@QEAAH$$QEAV<lambda_e8c63f3eaa5b5d1d090047a93e563945>@@AEAV<lambda_108d78a972a15edee025c8b3efe121dc>@@$$QEAV<lambda_d99a45a39bf155923106577f928afec0>@@@Z@4HA 0000000180090ce4     libucrtd:setvbuf.obj
 0004:00003cf0       $pdata$raise$fin$0         0000000180090cf0     libucrtd:signal.obj
 0004:00003cfc       $pdata$_write$fin$0        0000000180090cfc     libucrtd:write.obj
 0004:00003cfc       $pdata$?fin$0@?0???$common_lseek@_J@@YA_JH_JH@Z@4HA 0000000180090cfc     libucrtd:lseek.obj
 0004:00003cfc       $pdata$_read$fin$0         0000000180090cfc     libucrtd:read.obj
 0004:00003d08       $pdata$__acrt_initialize_lowio$fin$0 0000000180090d08     libucrtd:ioinit.obj
 0004:00003d08       $pdata$_alloc_osfhnd$fin$0 0000000180090d08     libucrtd:osfinfo.obj
 0004:00003d14       $pdata$_ctrlfp$filt$0      0000000180090d14     libucrtd:fpctrl.obj
 0004:00003d20       $pdata$?fin$0@?0???$?RV<lambda_441f2315ac0f593d45428a8fceb6abe6>@@AEAV<lambda_2f900415df1f7f624cdaaefe86d0b1c0>@@V<lambda_1d10a5a8ccb596b49763520e59d5af47>@@@?$__crt_seh_guarded_call@X@@QEAAX$$QEAV<lambda_441f2315ac0f593d45428a8fceb6abe6>@@AEAV<lambda_2f900415df1f7f624cdaaefe86d0b1c0>@@$$QEAV<lambda_1d10a5a8ccb596b49763520e59d5af47>@@@Z@4HA 0000000180090d20     libucrtd:mbctype.obj
 0004:00003d20       $pdata$?fin$0@?0???$?RV<lambda_72d1df2b273a38828b1ce30cbf4cdab5>@@AEAV<lambda_876a65b173b8412d3a47c70a915b0cf4>@@V<lambda_41932305e351933ebe8f8be3ed8bb5dc>@@@?$__crt_seh_guarded_call@X@@QEAAX$$QEAV<lambda_72d1df2b273a38828b1ce30cbf4cdab5>@@AEAV<lambda_876a65b173b8412d3a47c70a915b0cf4>@@$$QEAV<lambda_41932305e351933ebe8f8be3ed8bb5dc>@@@Z@4HA 0000000180090d20     libucrtd:per_thread_data.obj
 0004:00003d20       $pdata$?fin$0@?0???$?RV<lambda_8773731b9ba2edf4362dda13ebc82854>@@AEAV<lambda_6ac21da2756cd333d25ba1adc9a0001e>@@V<lambda_2c95662d60720604e97e3009a1ee1859>@@@?$__crt_seh_guarded_call@X@@QEAAX$$QEAV<lambda_8773731b9ba2edf4362dda13ebc82854>@@AEAV<lambda_6ac21da2756cd333d25ba1adc9a0001e>@@$$QEAV<lambda_2c95662d60720604e97e3009a1ee1859>@@@Z@4HA 0000000180090d20     libucrtd:per_thread_data.obj
 0004:00003d20       $pdata$?fin$0@?0???$?RV<lambda_fb3a7dec4e47f37f22dae91bb15c9095>@@AEAV<lambda_698284760c8add0bfb0756c19673e34b>@@V<lambda_dfb8eca1e75fef3034a8fb18dd509707>@@@?$__crt_seh_guarded_call@X@@QEAAX$$QEAV<lambda_fb3a7dec4e47f37f22dae91bb15c9095>@@AEAV<lambda_698284760c8add0bfb0756c19673e34b>@@$$QEAV<lambda_dfb8eca1e75fef3034a8fb18dd509707>@@@Z@4HA 0000000180090d20     libucrtd:per_thread_data.obj
 0004:00003d20       $pdata$?fin$0@?0???$?RV<lambda_5e887d1dcbef67a5eb4283622ba103bf>@@AEAV<lambda_4466841279450cc726390878d4a41900>@@V<lambda_341c25c0346d94847f1f3c463c57e077>@@@?$__crt_seh_guarded_call@X@@QEAAX$$QEAV<lambda_5e887d1dcbef67a5eb4283622ba103bf>@@AEAV<lambda_4466841279450cc726390878d4a41900>@@$$QEAV<lambda_341c25c0346d94847f1f3c463c57e077>@@@Z@4HA 0000000180090d20     libucrtd:per_thread_data.obj
 0004:00003d2c       $pdata$__acrt_update_thread_multibyte_data$fin$0 0000000180090d2c     libucrtd:mbctype.obj
 0004:00003d38       $pdata$_query_new_handler$fin$0 0000000180090d38     libucrtd:new_handler.obj
 0004:00003d38       $pdata$_free_dbg$fin$0     0000000180090d38     libucrtd:debug_heap.obj
 0004:00003d44       $pdata$_VCrtDbgReportA$fin$0 0000000180090d44     libucrtd:dbgrptt.obj
 0004:00003d50       $pdata$_VCrtDbgReportA$fin$1 0000000180090d50     libucrtd:dbgrptt.obj
 0004:00003d5c       $pdata$_VCrtDbgReportW$fin$0 0000000180090d5c     libucrtd:dbgrptt.obj
 0004:00003d68       $pdata$_VCrtDbgReportW$fin$1 0000000180090d68     libucrtd:dbgrptt.obj
 0004:00003d74       $pdata$?dtor$0@?0??fp_format_a@@YAHQEBNPEAD_KQEAD2H_NIQEAU__crt_locale_pointers@@@Z@4HA 0000000180090d74     libucrtd:cvt.obj
 0004:00003d80       $pdata$?fin$0@?0??__acrt_stdio_allocate_stream@@YA?AV__crt_stdio_stream@@XZ@4HA 0000000180090d80     libucrtd:stream.obj
 0004:00003d80       $pdata$_fcloseall$fin$0    0000000180090d80     libucrtd:closeall.obj
 0004:00003d8c       $pdata$?fin$0@?0???$?RV<lambda_4f1f1a84956f0d44b74de224c960ff76>@@AEAV<lambda_a8f98972ebaa5f7148d35bffe53bd70d>@@V<lambda_f6ca65dda28655a1cf758c1c4e38e52a>@@@?$__crt_seh_guarded_call@H@@QEAAH$$QEAV<lambda_4f1f1a84956f0d44b74de224c960ff76>@@AEAV<lambda_a8f98972ebaa5f7148d35bffe53bd70d>@@$$QEAV<lambda_f6ca65dda28655a1cf758c1c4e38e52a>@@@Z@4HA 0000000180090d8c     libucrtd:close.obj
 0004:00003d8c       $pdata$?fin$0@?0???$?RV<lambda_2ce24b26f23dade10250ef086380d911>@@AEAV<lambda_e9ab68cc08dfd839979545c079379e6e>@@V<lambda_6262c464c96e4c69799ed44814c7c457>@@@?$__crt_seh_guarded_call@H@@QEAAH$$QEAV<lambda_2ce24b26f23dade10250ef086380d911>@@AEAV<lambda_e9ab68cc08dfd839979545c079379e6e>@@$$QEAV<lambda_6262c464c96e4c69799ed44814c7c457>@@@Z@4HA 0000000180090d8c     libucrtd:commit.obj
 0004:00003d98       $pdata$?fin$0@?0???$common_sopen_dispatch@D@@YAHQEBDHHHQEAHH@Z@4HA 0000000180090d98     libucrtd:open.obj
 0004:00003da4       $pdata$__acrt_lowio_ensure_fh_exists$fin$0 0000000180090da4     libucrtd:osfinfo.obj
 0004:00003db0       $pdata$__acrt_update_thread_locale_data$fin$0 0000000180090db0     libucrtd:locale_refcounting.obj
 0004:00003db0       $pdata$__acrt_uninitialize_locale$fin$0 0000000180090db0     libucrtd:wsetlocale.obj
 0004:00003dbc       $pdata$?dtor$0@?0??_wcstombs_l_helper@@YA_KPEADPEB_W_KPEAU__crt_locale_pointers@@@Z@4HA 0000000180090dbc     libucrtd:wcstombs.obj
 0004:00003dc8       $pdata$common_control87$filt$0 0000000180090dc8     libucrtd:ieee.obj
 0004:00003dd4       $pdata$_IsNonwritableInCurrentImage$filt$0 0000000180090dd4     LIBCMTD:pesect.obj
 0004:00003de0       $pdata$_CallSETranslator$filt$0 0000000180090de0     libvcruntimed:trnsctrl.obj
 0004:00003dec       $pdata$__CxxCallCatchBlock$filt$0 0000000180090dec     libvcruntimed:frame.obj
 0004:00003df8       $pdata$__CxxCallCatchBlock$fin$1 0000000180090df8     libvcruntimed:frame.obj
 0004:00003e04       $pdata$__DestructExceptionObject$filt$0 0000000180090e04     libvcruntimed:frame.obj
 0004:00003e10       $pdata$__FrameUnwindToState$filt$0 0000000180090e10     libvcruntimed:frame.obj
 0004:00003e1c       $pdata$__FrameUnwindToState$fin$1 0000000180090e1c     libvcruntimed:frame.obj
