 GameCode

 Timestamp is 58b7a608 (Thu Mar  2 10:26:40 2017)

 Preferred load address is 0000000180000000

 Start         Length     Name                   Class
 0001:00000000 00000627H .text                   CODE
 0001:00000630 000387baH .text$mn                CODE
 0001:00038df0 00000012H .text$mn$00             CODE
 0001:00038e10 000006c9H .text$x                 CODE
 0002:00000000 00000260H .idata$5                DATA
 0002:00000260 00000010H .00cfg                  DATA
 0002:00000270 00000008H .CRT$XCA                DATA
 0002:00000278 00000008H .CRT$XCZ                DATA
 0002:00000280 00000008H .CRT$XIA                DATA
 0002:00000288 00000018H .CRT$XIC                DATA
 0002:000002a0 00000008H .CRT$XIZ                DATA
 0002:000002a8 00000008H .CRT$XPA                DATA
 0002:000002b0 00000010H .CRT$XPX                DATA
 0002:000002c0 00000008H .CRT$XPXA               DATA
 0002:000002c8 00000008H .CRT$XPZ                DATA
 0002:000002d0 00000008H .CRT$XTA                DATA
 0002:000002d8 00000008H .CRT$XTZ                DATA
 0002:000002e0 00000000H .gfids$x                DATA
 0002:000002e0 0000f1c4H .rdata                  DATA
 0002:0000f4a8 0000016cH .rdata$r                DATA
 0002:0000f618 00000010H .rdata$zETW0            DATA
 0002:0000f628 00000077H .rdata$zETW1            DATA
 0002:0000f69f 0000002cH .rdata$zETW2            DATA
 0002:0000f6cb 00000001H .rdata$zETW9            DATA
 0002:0000f6cc 0000035cH .rdata$zzzdbg           DATA
 0002:0000fa28 00000008H .rtc$IAA                DATA
 0002:0000fa30 00000008H .rtc$IZZ                DATA
 0002:0000fa38 00000008H .rtc$TAA                DATA
 0002:0000fa40 00000008H .rtc$TZZ                DATA
 0002:0000fa50 000011f4H .xdata                  DATA
 0002:00010c48 00000084H .xdata$x                DATA
 0002:00010cd0 00000053H .edata                  DATA
 0002:00010d24 00000028H .idata$2                DATA
 0002:00010d4c 00000014H .idata$3                DATA
 0002:00010d60 00000260H .idata$4                DATA
 0002:00010fc0 0000059aH .idata$6                DATA
 0003:00000000 00000980H .data                   DATA
 0003:00000980 0000006cH .data$r                 DATA
 0003:000009f0 00001740H .bss                    DATA
 0004:00000000 00002b5cH .pdata                  DATA

  Address         Publics by Value              Rva+Base               Lib:Object

 0000:00000000       __guard_fids_count         0000000000000000     <absolute>
 0000:00000000       ___safe_se_handler_count   0000000000000000     <absolute>
 0000:00000000       ___safe_se_handler_table   0000000000000000     <absolute>
 0000:00000000       __guard_fids_table         0000000000000000     <absolute>
 0000:00000100       __guard_flags              0000000000000100     <absolute>
 0000:00000000       __ImageBase                0000000180000000     <linker-defined>
 0001:00000000       ?TraceLoggingRegister@__vcrt_trace_logging_provider@@YAJPEBU_TlgProvider_t@1@PEBU_GUID@@P6AX1KE_K2PEAU_EVENT_FILTER_DESCRIPTOR@@PEAX@Z4@Z 0000000180001000 f i libvcruntimed:telemetry.obj
 0001:000000f0       ?TraceLoggingSetInformation@__vcrt_trace_logging_provider@@YAJPEBU_TlgProvider_t@1@W4_EVENT_INFO_CLASS@@PEAXK@Z 00000001800010f0 f i libvcruntimed:telemetry.obj
 0001:00000140       ?TraceLoggingUnregister@__vcrt_trace_logging_provider@@YAXPEBU_TlgProvider_t@1@@Z 0000000180001140 f i libvcruntimed:telemetry.obj
 0001:00000170       ?_TlgCreateSz@__vcrt_trace_logging_provider@@YAXPEAU_EVENT_DATA_DESCRIPTOR@@PEBD@Z 0000000180001170 f i libvcruntimed:telemetry.obj
 0001:000001e0       ?_TlgCreateWsz@__vcrt_trace_logging_provider@@YAXPEAU_EVENT_DATA_DESCRIPTOR@@PEB_W@Z 00000001800011e0 f i libvcruntimed:telemetry.obj
 0001:00000250       ?_TlgEnableCallback@__vcrt_trace_logging_provider@@YAXPEBU_GUID@@KE_K1PEAU_EVENT_FILTER_DESCRIPTOR@@PEAX@Z 0000000180001250 f i libvcruntimed:telemetry.obj
 0001:00000370       ?_TlgKeywordOn@__vcrt_trace_logging_provider@@YAEPEBU_TlgProvider_t@1@_K@Z 0000000180001370 f i libvcruntimed:telemetry.obj
 0001:000003e0       ?_TlgWrite@__vcrt_trace_logging_provider@@YAJPEBU_TlgProvider_t@1@PEFBXPEBU_GUID@@2IPEAU_EVENT_DATA_DESCRIPTOR@@@Z 00000001800013e0 f i libvcruntimed:telemetry.obj
 0001:00000630       ?c2CircletoCircle@@YAHUc2Circle@@0@Z 0000000180001630 f   gamecode.obj
 0001:000006e0       ?c2CircletoAABB@@YAHUc2Circle@@Uc2AABB@@@Z 00000001800016e0 f   gamecode.obj
 0001:000007a0       ?c2CircletoCapsule@@YAHUc2Circle@@Uc2Capsule@@@Z 00000001800017a0 f   gamecode.obj
 0001:00000990       ?c2AABBtoAABB@@YAHUc2AABB@@0@Z 0000000180001990 f   gamecode.obj
 0001:00000a90       ?c2AABBtoCapsule@@YAHUc2AABB@@Uc2Capsule@@@Z 0000000180001a90 f   gamecode.obj
 0001:00000b00       ?c2CapsuletoCapsule@@YAHUc2Capsule@@0@Z 0000000180001b00 f   gamecode.obj
 0001:00000b70       ?c2CircletoPoly@@YAHUc2Circle@@PEBUc2Poly@@PEBUc2x@@@Z 0000000180001b70 f   gamecode.obj
 0001:00000be0       ?c2AABBtoPoly@@YAHUc2AABB@@PEBUc2Poly@@PEBUc2x@@@Z 0000000180001be0 f   gamecode.obj
 0001:00000c60       ?c2CapsuletoPoly@@YAHUc2Capsule@@PEBUc2Poly@@PEBUc2x@@@Z 0000000180001c60 f   gamecode.obj
 0001:00000ce0       ?c2PolytoPoly@@YAHPEBUc2Poly@@PEBUc2x@@01@Z 0000000180001ce0 f   gamecode.obj
 0001:00000d60       ?c2RaytoCircle@@YAHUc2Ray@@Uc2Circle@@PEAUc2Raycast@@@Z 0000000180001d60 f   gamecode.obj
 0001:00000f20       ?c2RaytoAABB@@YAHUc2Ray@@Uc2AABB@@PEAUc2Raycast@@@Z 0000000180001f20 f   gamecode.obj
 0001:00001270       ?c2RaytoCapsule@@YAHUc2Ray@@Uc2Capsule@@PEAUc2Raycast@@@Z 0000000180002270 f   gamecode.obj
 0001:00001820       ?c2RaytoPoly@@YAHUc2Ray@@PEBUc2Poly@@PEBUc2x@@PEAUc2Raycast@@@Z 0000000180002820 f   gamecode.obj
 0001:00001b40       ?c2CircletoCircleManifold@@YAXUc2Circle@@0PEAUc2Manifold@@@Z 0000000180002b40 f   gamecode.obj
 0001:00001d10       ?c2CircletoAABBManifold@@YAXUc2Circle@@Uc2AABB@@PEAUc2Manifold@@@Z 0000000180002d10 f   gamecode.obj
 0001:00002180       ?c2CircletoCapsuleManifold@@YAXUc2Circle@@Uc2Capsule@@PEAUc2Manifold@@@Z 0000000180003180 f   gamecode.obj
 0001:00002360       ?c2AABBtoAABBManifold@@YAXUc2AABB@@0PEAUc2Manifold@@@Z 0000000180003360 f   gamecode.obj
 0001:00002800       ?c2AABBtoCapsuleManifold@@YAXUc2AABB@@Uc2Capsule@@PEAUc2Manifold@@@Z 0000000180003800 f   gamecode.obj
 0001:000028c0       ?c2CapsuletoCapsuleManifold@@YAXUc2Capsule@@0PEAUc2Manifold@@@Z 00000001800038c0 f   gamecode.obj
 0001:00002ad0       ?c2CircletoPolyManifold@@YAXUc2Circle@@PEBUc2Poly@@PEBUc2x@@PEAUc2Manifold@@@Z 0000000180003ad0 f   gamecode.obj
 0001:00002fe0       ?c2AABBtoPolyManifold@@YAXUc2AABB@@PEBUc2Poly@@PEBUc2x@@PEAUc2Manifold@@@Z 0000000180003fe0 f   gamecode.obj
 0001:000030a0       ?c2CapsuletoPolyManifold@@YAXUc2Capsule@@PEBUc2Poly@@PEBUc2x@@PEAUc2Manifold@@@Z 00000001800040a0 f   gamecode.obj
 0001:00003760       ?c2PolytoPolyManifold@@YAXPEBUc2Poly@@PEBUc2x@@01PEAUc2Manifold@@@Z 0000000180004760 f   gamecode.obj
 0001:00003bf0       ?c2GJK@@YAMPEBXW4C2_TYPE@@PEBUc2x@@012PEAUc2v@@3H@Z 0000000180004bf0 f   gamecode.obj
 0001:00004480       ?c2Hull@@YAHPEAUc2v@@H@Z   0000000180005480 f   gamecode.obj
 0001:000047b0       ?c2Norms@@YAXPEAUc2v@@0H@Z 00000001800057b0 f   gamecode.obj
 0001:00004890       ?c2MakePoly@@YAXPEAUc2Poly@@@Z 0000000180005890 f   gamecode.obj
 0001:000048f0       ?c2Collided@@YAHPEBXPEBUc2x@@W4C2_TYPE@@012@Z 00000001800058f0 f   gamecode.obj
 0001:00004e80       ?c2Collide@@YAXPEBXPEBUc2x@@W4C2_TYPE@@012PEAUc2Manifold@@@Z 0000000180005e80 f   gamecode.obj
 0001:00007960       ?DrawFilledCircle@@YAXMMMPEAUgame_offscreen_buffer@@MMMM@Z 0000000180008960 f   gamecode.obj
 0001:00007e90       GameUpdateAndRender        0000000180008e90 f   gamecode.obj
 0001:00008d60       GameGetSoundSamples        0000000180009d60 f   gamecode.obj
 0001:00008d80       ??G@YA?ATv2@@T0@0@Z        0000000180009d80 f i gamecode.obj
 0001:00008de0       ??H@YA?ATv2@@T0@0@Z        0000000180009de0 f i gamecode.obj
 0001:00008e40       ?AbsoluteValue@@YAMM@Z     0000000180009e40 f i gamecode.obj
 0001:00008e70       ?GetController@@YAPEAUgame_controller_input@@PEAUgame_input@@_K@Z 0000000180009e70 f i gamecode.obj
 0001:00008e90       ?Intersect@@YA?AUrectangle2i@@U1@0@Z 0000000180009e90 f i gamecode.obj
 0001:00008fb0       ?RectCenterHalfDim@@YA?AUrectangle2@@Tv2@@0@Z 0000000180009fb0 f i gamecode.obj
 0001:00009050       ?RectanglesIntersect@@YAHUrectangle2@@0@Z 000000018000a050 f i gamecode.obj
 0001:000090d0       ?RoundReal32ToInt32@@YAHM@Z 000000018000a0d0 f i gamecode.obj
 0001:00009100       ?RoundReal32ToUInt32@@YAIM@Z 000000018000a100 f i gamecode.obj
 0001:00009130       ?SignOf@@YAMM@Z            000000018000a130 f i gamecode.obj
 0001:00009180       ?c2Absv@@YA?AUc2v@@U1@@Z   000000018000a180 f i gamecode.obj
 0001:00009210       ?c2Add@@YA?AUc2v@@U1@0@Z   000000018000a210 f i gamecode.obj
 0001:00009250       ?c2BBVerts@@YAXPEAUc2v@@PEAUc2AABB@@@Z 000000018000a250 f i gamecode.obj
 0001:00009310       ?c2CCW90@@YA?AUc2v@@U1@@Z  000000018000a310 f i gamecode.obj
 0001:00009340       ?c2Clampv@@YA?AUc2v@@U1@00@Z 000000018000a340 f i gamecode.obj
 0001:00009390       ?c2Det2@@YAMUc2v@@0@Z      000000018000a390 f i gamecode.obj
 0001:000093c0       ?c2Dist@@YAMUc2h@@Uc2v@@@Z 000000018000a3c0 f i gamecode.obj
 0001:000093f0       ?c2Div@@YA?AUc2v@@U1@M@Z   000000018000a3f0 f i gamecode.obj
 0001:00009430       ?c2Dot@@YAMUc2v@@0@Z       000000018000a430 f i gamecode.obj
 0001:00009460       ?c2Hmax@@YAMUc2v@@@Z       000000018000a460 f i gamecode.obj
 0001:000094a0       ?c2Hmin@@YAMUc2v@@@Z       000000018000a4a0 f i gamecode.obj
 0001:000094e0       ?c2Len@@YAMUc2v@@@Z        000000018000a4e0 f i gamecode.obj
 0001:00009510       ?c2Lerp@@YA?AUc2v@@U1@0M@Z 000000018000a510 f i gamecode.obj
 0001:00009570       ?c2Maxv@@YA?AUc2v@@U1@0@Z  000000018000a570 f i gamecode.obj
 0001:000095f0       ?c2Minv@@YA?AUc2v@@U1@0@Z  000000018000a5f0 f i gamecode.obj
 0001:00009670       ?c2MulmvT@@YA?AUc2v@@Uc2m@@U1@@Z 000000018000a670 f i gamecode.obj
 0001:000096e0       ?c2MulrrT@@YA?AUc2r@@U1@0@Z 000000018000a6e0 f i gamecode.obj
 0001:00009740       ?c2Mulrv@@YA?AUc2v@@Uc2r@@U1@@Z 000000018000a740 f i gamecode.obj
 0001:000097b0       ?c2MulrvT@@YA?AUc2v@@Uc2r@@U1@@Z 000000018000a7b0 f i gamecode.obj
 0001:00009820       ?c2Mulvs@@YA?AUc2v@@U1@M@Z 000000018000a820 f i gamecode.obj
 0001:00009860       ?c2Mulvv@@YA?AUc2v@@U1@0@Z 000000018000a860 f i gamecode.obj
 0001:000098a0       ?c2Mulxh@@YA?AUc2h@@Uc2x@@U1@@Z 000000018000a8a0 f i gamecode.obj
 0001:00009990       ?c2Mulxv@@YA?AUc2v@@Uc2x@@U1@@Z 000000018000a990 f i gamecode.obj
 0001:000099e0       ?c2MulxvT@@YA?AUc2v@@Uc2x@@U1@@Z 000000018000a9e0 f i gamecode.obj
 0001:00009a30       ?c2MulxxT@@YA?AUc2x@@U1@0@Z 000000018000aa30 f i gamecode.obj
 0001:00009af0       ?c2Neg@@YA?AUc2v@@U1@@Z    000000018000aaf0 f i gamecode.obj
 0001:00009b40       ?c2Norm@@YA?AUc2v@@U1@@Z   000000018000ab40 f i gamecode.obj
 0001:00009b70       ?c2Origin@@YA?AUc2v@@Uc2h@@@Z 000000018000ab70 f i gamecode.obj
 0001:00009ba0       ?c2Parallel@@YAHUc2v@@0M@Z 000000018000aba0 f i gamecode.obj
 0001:00009cb0       ?c2Project@@YA?AUc2v@@Uc2h@@U1@@Z 000000018000acb0 f i gamecode.obj
 0001:00009d20       ?c2RotIdentity@@YA?AUc2r@@XZ 000000018000ad20 f i gamecode.obj
 0001:00009d50       ?c2Skew@@YA?AUc2v@@U1@@Z   000000018000ad50 f i gamecode.obj
 0001:00009d80       ?c2Sub@@YA?AUc2v@@U1@0@Z   000000018000ad80 f i gamecode.obj
 0001:00009dc0       ?c2V@@YA?AUc2v@@MM@Z       000000018000adc0 f i gamecode.obj
 0001:00009df0       ?c2xIdentity@@YA?AUc2x@@XZ 000000018000adf0 f i gamecode.obj
 0001:00009e70       fabsf                      000000018000ae70 f i gamecode.obj
 0001:00009e90       __GSHandlerCheck           000000018000ae90 f   LIBCMTD:_gshandler_.obj
 0001:00009ed0       __GSHandlerCheckCommon     000000018000aed0 f   LIBCMTD:_gshandler_.obj
 0001:00009fe0       __security_check_cookie    000000018000afe0 f   LIBCMTD:_amdsecgs_.obj
 0001:0000a410       _DllMainCRTStartup         000000018000b410 f   LIBCMTD:dll_dllmain.obj
 0001:0000a450       __raise_securityfailure    000000018000b450 f   LIBCMTD:gs_report.obj
 0001:0000a490       __report_gsfailure         000000018000b490 f   LIBCMTD:gs_report.obj
 0001:0000a570       __report_rangecheckfailure 000000018000b570 f   LIBCMTD:gs_report.obj
 0001:0000a590       __report_securityfailure   000000018000b590 f   LIBCMTD:gs_report.obj
 0001:0000a6f0       ?__crt_rotate_pointer_value@@YA_K_KH@Z 000000018000b6f0 f i LIBCMTD:utility.obj
 0001:0000a870       NtCurrentTeb               000000018000b870 f i LIBCMTD:utility.obj
 0001:0000a880       __scrt_acquire_startup_lock 000000018000b880 f   LIBCMTD:utility.obj
 0001:0000a8f0       __scrt_dllmain_after_initialize_c 000000018000b8f0 f   LIBCMTD:utility.obj
 0001:0000a910       __scrt_dllmain_before_initialize_c 000000018000b910 f   LIBCMTD:utility.obj
 0001:0000a930       __scrt_dllmain_crt_thread_attach 000000018000b930 f   LIBCMTD:utility.obj
 0001:0000a960       __scrt_dllmain_crt_thread_detach 000000018000b960 f   LIBCMTD:utility.obj
 0001:0000a980       __scrt_dllmain_exception_filter 000000018000b980 f   LIBCMTD:utility.obj
 0001:0000a9e0       __scrt_dllmain_uninitialize_c 000000018000b9e0 f   LIBCMTD:utility.obj
 0001:0000aa10       __scrt_dllmain_uninitialize_critical 000000018000ba10 f   LIBCMTD:utility.obj
 0001:0000aa30       __scrt_initialize_crt      000000018000ba30 f   LIBCMTD:utility.obj
 0001:0000aa80       __scrt_initialize_onexit_tables 000000018000ba80 f   LIBCMTD:utility.obj
 0001:0000ab80       __scrt_is_nonwritable_in_current_image 000000018000bb80 f   LIBCMTD:utility.obj
 0001:0000ac10       __scrt_release_startup_lock 000000018000bc10 f   LIBCMTD:utility.obj
 0001:0000ac40       __scrt_uninitialize_crt    000000018000bc40 f   LIBCMTD:utility.obj
 0001:0000ac80       _onexit                    000000018000bc80 f   LIBCMTD:utility.obj
 0001:0000ad10       atexit                     000000018000bd10 f   LIBCMTD:utility.obj
 0001:0000ad50       __security_init_cookie     000000018000bd50 f   LIBCMTD:gs_support.obj
 0001:0000ae70       DllMain                    000000018000be70 f   LIBCMTD:dll_dllmain_stub.obj
 0001:0000ae90       ?__scrt_initialize_type_info@@YAXXZ 000000018000be90 f   LIBCMTD:tncleanup.obj
 0001:0000aeb0       ?__scrt_uninitialize_type_info@@YAXXZ 000000018000beb0 f   LIBCMTD:tncleanup.obj
 0001:0000aed0       __local_stdio_printf_options 000000018000bed0 f i LIBCMTD:default_local_stdio_options.obj
 0001:0000aee0       __local_stdio_scanf_options 000000018000bee0 f i LIBCMTD:default_local_stdio_options.obj
 0001:0000aef0       __scrt_initialize_default_local_stdio_options 000000018000bef0 f   LIBCMTD:default_local_stdio_options.obj
 0001:0000af40       __scrt_get_dyn_tls_init_callback 000000018000bf40 f   LIBCMTD:dyn_tls_init.obj
 0001:0000af50       __crt_debugger_hook        000000018000bf50 f   LIBCMTD:utility_desktop.obj
 0001:0000af60       __scrt_fastfail            000000018000bf60 f   LIBCMTD:utility_desktop.obj
 0001:0000b100       _RTC_Initialize            000000018000c100 f   LIBCMTD:_initsect_.obj
 0001:0000b150       _RTC_Terminate             000000018000c150 f   LIBCMTD:_initsect_.obj
 0001:0000b1a0       _guard_check_icall         000000018000c1a0 f i LIBCMTD:checkcfg.obj
 0001:0000b1c0       __isa_available_init       000000018000c1c0 f   LIBCMTD:_cpu_disp_.obj
 0001:0000b540       __scrt_is_ucrt_dll_in_use  000000018000c540 f   LIBCMTD:ucrt_detection.obj
 0001:0000b570       ??1?$__crt_simd_cleanup_guard@$0A@@@QEAA@XZ 000000018000c570 f i libucrtd:strnlen.obj
 0001:0000b570       _guard_check_icall_nop     000000018000c570 f i LIBCMTD:guard_support.obj
 0001:0000b580       _guard_icall_checks_enforced 000000018000c580 f i LIBCMTD:guard_support.obj
 0001:0000b5b0       IsProcessorFeaturePresent  000000018000c5b0 f   kernel32:KERNEL32.dll
 0001:0000b650       EventDataDescCreate        000000018000c650 f i libvcruntimed:telemetry.obj
 0001:0000b690       HRESULT_FROM_WIN32         000000018000c690 f i libvcruntimed:telemetry.obj
 0001:0000b6d0       __telemetry_main_invoke_trigger 000000018000c6d0 f   libvcruntimed:telemetry.obj
 0001:0000b810       __telemetry_main_return_trigger 000000018000c810 f   libvcruntimed:telemetry.obj
 0001:0000b950       __vcrt_initialize_telemetry_provider 000000018000c950 f   libvcruntimed:telemetry.obj
 0001:0000b970       __vcrt_uninitialize_telemetry_provider 000000018000c970 f   libvcruntimed:telemetry.obj
 0001:0000b990       __C_specific_handler       000000018000c990 f   libvcruntimed:_chandler_.obj
 0001:0000bdc0       __vcrt_initialize          000000018000cdc0 f   libvcruntimed:initialization.obj
 0001:0000be10       __vcrt_thread_attach       000000018000ce10 f   libvcruntimed:initialization.obj
 0001:0000be30       __vcrt_thread_detach       000000018000ce30 f   libvcruntimed:initialization.obj
 0001:0000be50       __vcrt_uninitialize        000000018000ce50 f   libvcruntimed:initialization.obj
 0001:0000be80       __vcrt_uninitialize_critical 000000018000ce80 f   libvcruntimed:initialization.obj
 0001:0000be90       ??$__vcrt_va_start_verify_argument_type@QEBD@@YAXXZ 000000018000ce90 f   libvcruntimed:undname.obj
 0001:0000be90       ??$__vcrt_va_start_verify_argument_type@QEB_W@@YAXXZ 000000018000ce90 f   libucrtd:dbgrpt.obj
 0001:0000bea0       __std_type_info_compare    000000018000cea0 f   libvcruntimed:std_type_info.obj
 0001:0000bee0       __std_type_info_destroy_list 000000018000cee0 f   libvcruntimed:std_type_info.obj
 0001:0000bf40       ??$__crt_interlocked_compare_exchange_pointer@X$$T$$T@@YAPEAXPEDSEAX$$T1@Z 000000018000cf40 f i libvcruntimed:winapi_downlevel.obj
 0001:0000bf40       ??$__crt_interlocked_compare_exchange_pointer@UHINSTANCE__@@$$T$$T@@YAPEAUHINSTANCE__@@PEDSEAU0@$$T1@Z 000000018000cf40 f i libvcruntimed:winapi_downlevel.obj
 0001:0000bf80       ??$__crt_interlocked_exchange_pointer@UHINSTANCE__@@PEAU1@@@YAPEAUHINSTANCE__@@PEDSEAU0@QEAU0@@Z 000000018000cf80 f i libvcruntimed:winapi_downlevel.obj
 0001:0000bf80       ??$__crt_interlocked_exchange_pointer@XPEAX@@YAPEAXPEDSEAXQEAX@Z 000000018000cf80 f i libvcruntimed:winapi_downlevel.obj
 0001:0000bf80       ??$__crt_interlocked_exchange_pointer@UHINSTANCE__@@PEAX@@YAPEAUHINSTANCE__@@PEDSEAU0@QEAX@Z 000000018000cf80 f i libvcruntimed:winapi_downlevel.obj
 0001:0000bfa0       ??$__crt_interlocked_read_pointer@X@@YAPEAXPEDSEAX@Z 000000018000cfa0 f i libvcruntimed:winapi_downlevel.obj
 0001:0000bfa0       ??$__crt_interlocked_read_pointer@UHINSTANCE__@@@@YAPEAUHINSTANCE__@@PEDSEAU0@@Z 000000018000cfa0 f i libvcruntimed:winapi_downlevel.obj
 0001:0000bfc0       ?__crt_fast_encode_pointer@@YA?AU__crt_fast_encoded_nullptr_t@@$$T@Z 000000018000cfc0 f i libvcruntimed:winapi_downlevel.obj
 0001:0000c5a0       __vcrt_EventRegister       000000018000d5a0 f   libvcruntimed:winapi_downlevel.obj
 0001:0000c610       __vcrt_EventSetInformation 000000018000d610 f   libvcruntimed:winapi_downlevel.obj
 0001:0000c670       __vcrt_EventUnregister     000000018000d670 f   libvcruntimed:winapi_downlevel.obj
 0001:0000c6c0       __vcrt_EventWriteTransfer  000000018000d6c0 f   libvcruntimed:winapi_downlevel.obj
 0001:0000c740       __vcrt_FlsAlloc            000000018000d740 f   libvcruntimed:winapi_downlevel.obj
 0001:0000c790       __vcrt_FlsFree             000000018000d790 f   libvcruntimed:winapi_downlevel.obj
 0001:0000c7e0       __vcrt_FlsGetValue         000000018000d7e0 f   libvcruntimed:winapi_downlevel.obj
 0001:0000c830       __vcrt_FlsSetValue         000000018000d830 f   libvcruntimed:winapi_downlevel.obj
 0001:0000c890       __vcrt_InitializeCriticalSectionEx 000000018000d890 f   libvcruntimed:winapi_downlevel.obj
 0001:0000c8f0       __vcrt_initialize_winapi_thunks 000000018000d8f0 f   libvcruntimed:winapi_downlevel.obj
 0001:0000c970       __vcrt_uninitialize_winapi_thunks 000000018000d970 f   libvcruntimed:winapi_downlevel.obj
 0001:0000ca20       _local_unwind              000000018000da20 f   libvcruntimed:_jmpuwind_.obj
 0001:0000ca50       _NLG_Notify                000000018000da50 f   libvcruntimed:_jmpuwind_.obj
 0001:0000ca70       __NLG_Dispatch2            000000018000da70 f   libvcruntimed:_jmpuwind_.obj
 0001:0000ca80       __NLG_Return2              000000018000da80 f   libvcruntimed:_jmpuwind_.obj
 0001:0000ca90       __except_validate_context_record 000000018000da90 f   libvcruntimed:jbcxrval.obj
 0001:0000caf0       ??$?RD@__crt_internal_free_policy@@QEBAXQEBD@Z 000000018000daf0 f i libvcruntimed:std_type_info.obj
 0001:0000caf0       ??$?RU__acrt_ptd@@@__crt_internal_free_policy@@QEBAXQEBU__acrt_ptd@@@Z 000000018000daf0 f i libucrtd:per_thread_data.obj
 0001:0000caf0       ??$?RU__crt_multibyte_data@@@__crt_internal_free_policy@@QEBAXQEBU__crt_multibyte_data@@@Z 000000018000daf0 f i libucrtd:mbctype.obj
 0001:0000caf0       ??$?RP6AXXZ@__crt_internal_free_policy@@QEBAXQEBQ6AXXZ@Z 000000018000daf0 f i libucrtd:onexit.obj
 0001:0000caf0       ??$?RU__vcrt_ptd@@@__crt_internal_free_policy@@QEBAXQEBU__vcrt_ptd@@@Z 000000018000daf0 f i libvcruntimed:per_thread_data.obj
 0001:0000caf0       ??$?RU__crt_lowio_handle_data@@@__crt_internal_free_policy@@QEBAXQEBU__crt_lowio_handle_data@@@Z 000000018000daf0 f i libucrtd:osfinfo.obj
 0001:0000caf0       ??$?RPEAU__crt_stdio_stream_data@@@__crt_internal_free_policy@@QEBAXQEBQEAU__crt_stdio_stream_data@@@Z 000000018000daf0 f i libucrtd:_file.obj
 0001:0000cb20       ??1?$__crt_unique_heap_ptr@U__vcrt_ptd@@U__crt_internal_free_policy@@@@QEAA@XZ 000000018000db20 f i libvcruntimed:per_thread_data.obj
 0001:0000cb20       ??1?$__crt_unique_heap_ptr@DU__crt_internal_free_policy@@@@QEAA@XZ 000000018000db20 f i libvcruntimed:std_type_info.obj
 0001:0000cb40       ?release@?$__crt_unique_heap_ptr@U__vcrt_ptd@@U__crt_internal_free_policy@@@@QEAAXXZ 000000018000db40 f i libvcruntimed:per_thread_data.obj
 0001:0000cb40       ?release@?$__crt_unique_heap_ptr@DU__crt_internal_free_policy@@@@QEAAXXZ 000000018000db40 f i libvcruntimed:std_type_info.obj
 0001:0000cba0       __vcrt_freefls             000000018000dba0 f   libvcruntimed:per_thread_data.obj
 0001:0000cbe0       __vcrt_freeptd             000000018000dbe0 f   libvcruntimed:per_thread_data.obj
 0001:0000cc40       __vcrt_getptd              000000018000dc40 f   libvcruntimed:per_thread_data.obj
 0001:0000cc70       __vcrt_getptd_noexit       000000018000dc70 f   libvcruntimed:per_thread_data.obj
 0001:0000cd90       __vcrt_initialize_ptd      000000018000dd90 f   libvcruntimed:per_thread_data.obj
 0001:0000cde0       __vcrt_uninitialize_ptd    000000018000dde0 f   libvcruntimed:per_thread_data.obj
 0001:0000ce10       __vcrt_initialize_locks    000000018000de10 f   libvcruntimed:locks.obj
 0001:0000ce80       __vcrt_uninitialize_locks  000000018000de80 f   libvcruntimed:locks.obj
 0001:0000cee0       __vcrt_initialize_pure_virtual_call_handler 000000018000dee0 f   libvcruntimed:purevirt_data.obj
 0001:0000cf10       _vsprintf_s_l              000000018000df10 f i libvcruntimed:undname.obj
 0001:0000cf80       sprintf_s                  000000018000df80 f i libvcruntimed:undname.obj
 0001:0000cfe0       roundf                     000000018000dfe0 f   libucrtd:roundf.obj
 0001:0000d070       sqrtf                      000000018000e070 f   libucrtd:sqrtf.obj
 0001:0000d1b0       _initterm                  000000018000e1b0 f   libucrtd:initterm.obj
 0001:0000d220       _initterm_e                000000018000e220 f   libucrtd:initterm.obj
 0001:0000d310       _seh_filter_dll            000000018000e310 f   libucrtd:exception_filter.obj
 0001:0000d340       _seh_filter_exe            000000018000e340 f   libucrtd:exception_filter.obj
 0001:0000d5f0       ??$__crt_get_proc_address@P6AXI@Z@@YAP6AXI@ZQEAUHINSTANCE__@@QEBD@Z 000000018000e5f0 f i libucrtd:exit.obj
 0001:0000d620       ??$__crt_interlocked_read@J@@YAJPEDJ@Z 000000018000e620 f i libucrtd:exit.obj
 0001:0000d640       ??1?$__crt_unique_handle_t@U__crt_hmodule_traits@@@@QEAA@XZ 000000018000e640 f i libucrtd:exit.obj
 0001:0000d660       ?__crt_interlocked_read_32@@YAHPEDH@Z 000000018000e660 f i libucrtd:exit.obj
 0001:0000d6a0       ?close@?$__crt_unique_handle_t@U__crt_hmodule_traits@@@@QEAAXXZ 000000018000e6a0 f i libucrtd:exit.obj
 0001:0000d6e0       ?close@__crt_hmodule_traits@@SA_NPEAUHINSTANCE__@@@Z 000000018000e6e0 f i libucrtd:exit.obj
 0001:0000da70       __acrt_initialize_thread_local_exit_callback 000000018000ea70 f   libucrtd:exit.obj
 0001:0000da90       _cexit                     000000018000ea90 f   libucrtd:exit.obj
 0001:0000dab0       _exit                      000000018000eab0 f   libucrtd:exit.obj
 0001:0000dad0       _is_c_termination_complete 000000018000ead0 f   libucrtd:exit.obj
 0001:0000dd30       ?get_invalid_value@__crt_hmodule_traits@@SAPEAUHINSTANCE__@@XZ 000000018000ed30 f i libucrtd:exit.obj
 0001:0000dd30       ?get_current_state_index@__crt_state_management@@YA_KXZ 000000018000ed30 f i libucrtd:environment_initialization.obj
 0001:0000dd34       __dcrt_uninitialize_environments_nolock 000000018000ed34 f   libucrtd:environment_initialization.obj
 0001:0000dd6c       _initialize_narrow_environment 000000018000ed6c f   libucrtd:environment_initialization.obj
 0001:0000dd74       _invoke_watson_if_error    000000018000ed74 f i libucrtd:environment_initialization.obj
 0001:0000ddb0       ??$?RV<lambda_b0d8f1f77f5878de4f648f281b223c15>@@AEAV<lambda_942beefa13ab35ff55f86422493ffd6a>@@V<lambda_7adb6fc9c0d6a5bd4e2d9c212ec7cdcc>@@@?$__crt_seh_guarded_call@H@@QEAAH$$QEAV<lambda_b0d8f1f77f5878de4f648f281b223c15>@@AEAV<lambda_942beefa13ab35ff55f86422493ffd6a>@@$$QEAV<lambda_7adb6fc9c0d6a5bd4e2d9c212ec7cdcc>@@@Z 000000018000edb0 f i libucrtd:onexit.obj
 0001:0000de00       ??$?RV<lambda_d22e02de4d14401f49897516b29a2b7c>@@AEAV<lambda_e971338317bfa523bb8920b43d823727>@@V<lambda_b0b8599c9027f5b14541fbbd6863d1f1>@@@?$__crt_seh_guarded_call@H@@QEAAH$$QEAV<lambda_d22e02de4d14401f49897516b29a2b7c>@@AEAV<lambda_e971338317bfa523bb8920b43d823727>@@$$QEAV<lambda_b0b8599c9027f5b14541fbbd6863d1f1>@@@Z 000000018000ee00 f i libucrtd:onexit.obj
 0001:0000de50       ??$__acrt_lock_and_call@V<lambda_942beefa13ab35ff55f86422493ffd6a>@@@@YAHW4__acrt_lock_id@@$$QEAV<lambda_942beefa13ab35ff55f86422493ffd6a>@@@Z 000000018000ee50 f i libucrtd:onexit.obj
 0001:0000dec0       ??$__acrt_lock_and_call@V<lambda_e971338317bfa523bb8920b43d823727>@@@@YAHW4__acrt_lock_id@@$$QEAV<lambda_e971338317bfa523bb8920b43d823727>@@@Z 000000018000eec0 f i libucrtd:onexit.obj
 0001:0000e4a0       _crt_atexit                000000018000f4a0 f   libucrtd:onexit.obj
 0001:0000e4c0       _execute_onexit_table      000000018000f4c0 f   libucrtd:onexit.obj
 0001:0000e4f0       _initialize_onexit_table   000000018000f4f0 f   libucrtd:onexit.obj
 0001:0000e570       _register_onexit_function  000000018000f570 f   libucrtd:onexit.obj
 0001:0000e7c0       ?initialize@?$dual_state_global@P6AXPEB_W00I_K@Z@__crt_state_management@@QEAAXQ6AXPEB_W00I_K@Z@Z 000000018000f7c0 f i libucrtd:invalid_parameter.obj
 0001:0000e7c0       ?initialize@?$dual_state_global@P6AHPEAU_exception@@@Z@__crt_state_management@@QEAAXQ6AHPEAU_exception@@@Z@Z 000000018000f7c0 f i libucrtd:matherr.obj
 0001:0000e7c0       ?initialize@?$dual_state_global@PEAU__crt_locale_data@@@__crt_state_management@@QEAAXQEAU__crt_locale_data@@@Z 000000018000f7c0 f i libucrtd:initialization.obj
 0001:0000e7c0       ?initialize@?$dual_state_global@P6AXH@Z@__crt_state_management@@QEAAXQ6AXH@Z@Z 000000018000f7c0 f i libucrtd:signal.obj
 0001:0000e7c0       ?initialize@?$dual_state_global@P6AH_K@Z@__crt_state_management@@QEAAXQ6AH_K@Z@Z 000000018000f7c0 f i libucrtd:new_handler.obj
 0001:0000e810       __acrt_initialize          000000018000f810 f   libucrtd:initialization.obj
 0001:0000e840       __acrt_thread_attach       000000018000f840 f   libucrtd:initialization.obj
 0001:0000e860       __acrt_thread_detach       000000018000f860 f   libucrtd:initialization.obj
 0001:0000e870       __acrt_uninitialize        000000018000f870 f   libucrtd:initialization.obj
 0001:0000e8a0       __acrt_uninitialize_critical 000000018000f8a0 f   libucrtd:initialization.obj
 0001:0000e8c0       terminate                  000000018000f8c0 f   libucrtd:terminate.obj
 0001:0000e900       wcslen                     000000018000f900 f   libucrtd:wcslen.obj
 0001:0000e960       strlen                     000000018000f960 f   libucrtd:strlen.obj
 0001:0000ea10       ??0_LocaleUpdate@@QEAA@QEAU__crt_locale_pointers@@@Z 000000018000fa10 f i libucrtd:debug_heap.obj
 0001:0000eb30       ??1_LocaleUpdate@@QEAA@XZ  000000018000fb30 f i libucrtd:debug_heap.obj
 0001:0000eb70       ?GetLocaleT@_LocaleUpdate@@QEAAPEAU__crt_locale_pointers@@XZ 000000018000fb70 f i libucrtd:debug_heap.obj
 0001:00010b60       _CrtCheckMemory            0000000180011b60 f   libucrtd:debug_heap.obj
 0001:00010cf0       _CrtDumpMemoryLeaks        0000000180011cf0 f   libucrtd:debug_heap.obj
 0001:00010db0       _CrtIsValidHeapPointer     0000000180011db0 f   libucrtd:debug_heap.obj
 0001:00010df0       _CrtIsValidPointer         0000000180011df0 f   libucrtd:debug_heap.obj
 0001:00010e30       _CrtMemCheckpoint          0000000180011e30 f   libucrtd:debug_heap.obj
 0001:000110b0       _CrtMemDumpAllObjectsSince 00000001800120b0 f   libucrtd:debug_heap.obj
 0001:00011110       _CrtSetDbgFlag             0000000180012110 f   libucrtd:debug_heap.obj
 0001:00011270       _CrtSetDumpClient          0000000180012270 f   libucrtd:debug_heap.obj
 0001:000112a0       __acrt_get_locale_data_prefix 00000001800122a0 f i libucrtd:debug_heap.obj
 0001:000112c0       __acrt_locale_changed      00000001800122c0 f i libucrtd:debug_heap.obj
 0001:000112f0       _calloc_dbg                00000001800122f0 f   libucrtd:debug_heap.obj
 0001:00011390       _chvalidchk_l              0000000180012390 f i libucrtd:debug_heap.obj
 0001:000113c0       _free_dbg                  00000001800123c0 f   libucrtd:debug_heap.obj
 0001:00011430       _invoke_watson_if_oneof    0000000180012430 f i libucrtd:debug_heap.obj
 0001:00011490       _ischartype_l              0000000180012490 f i libucrtd:debug_heap.obj
 0001:000114f0       _malloc_dbg                00000001800124f0 f   libucrtd:debug_heap.obj
 0001:00011530       _msize_dbg                 0000000180012530 f   libucrtd:debug_heap.obj
 0001:000116d0       _realloc_dbg               00000001800126d0 f   libucrtd:debug_heap.obj
 0001:00011740       _recalloc_dbg              0000000180012740 f   libucrtd:debug_heap.obj
 0001:00011d10       strcpy_s                   0000000180012d10 f   libucrtd:strcpy_s.obj
 0001:00011d50       strcmp                     0000000180012d50 f   libucrtd:strcmp.obj
 0001:00012b30       ??$get_module_file_name@AEAPEAUHINSTANCE__@@AEAY0BAF@DK@?$__crt_char_traits@D@@SAKAEAPEAUHINSTANCE__@@AEAY0BAF@D$$QEAK@Z 0000000180013b30 f i libucrtd:dbgrpt.obj
 0001:00012b70       ??$get_module_file_name@AEAPEAUHINSTANCE__@@AEAY0BAF@_WK@?$__crt_char_traits@_W@@SAKAEAPEAUHINSTANCE__@@AEAY0BAF@_W$$QEAK@Z 0000000180013b70 f i libucrtd:dbgrpt.obj
 0001:00012bb0       ??$tcscpy_s@AEAY0BAF@D_KPEBD@?$__crt_char_traits@D@@SAHAEAY0BAF@D$$QEA_K$$QEAPEBD@Z 0000000180013bb0 f i libucrtd:dbgrpt.obj
 0001:00012bf0       ??$tcscpy_s@AEAY0BAF@_W_KPEB_W@?$__crt_char_traits@_W@@SAHAEAY0BAF@_W$$QEA_K$$QEAPEB_W@Z 0000000180013bf0 f i libucrtd:dbgrpt.obj
 0001:00012c30       ??$tcslen@AEAY0BAF@D@?$__crt_char_traits@D@@SA_KAEAY0BAF@D@Z 0000000180013c30 f i libucrtd:dbgrpt.obj
 0001:00012c50       ??$tcslen@AEAY0BAF@_W@?$__crt_char_traits@_W@@SA_KAEAY0BAF@_W@Z 0000000180013c50 f i libucrtd:dbgrpt.obj
 0001:00012c70       ??$tcslen@AEBQEBD@?$__crt_char_traits@D@@SA_KAEBQEBD@Z 0000000180013c70 f i libucrtd:dbgrpt.obj
 0001:00012c90       ??$tcslen@AEBQEB_W@?$__crt_char_traits@_W@@SA_KAEBQEB_W@Z 0000000180013c90 f i libucrtd:dbgrpt.obj
 0001:00012cf0       _CrtDbgReport              0000000180013cf0 f   libucrtd:dbgrpt.obj
 0001:00012d70       _CrtDbgReportW             0000000180013d70 f   libucrtd:dbgrpt.obj
 0001:00012df0       __acrt_MessageWindowA      0000000180013df0 f   libucrtd:dbgrpt.obj
 0001:00012e40       __acrt_MessageWindowW      0000000180013e40 f   libucrtd:dbgrpt.obj
 0001:00012e90       _snwprintf_s               0000000180013e90 f i libucrtd:dbgrpt.obj
 0001:00012f00       _vsnwprintf_s_l            0000000180013f00 f i libucrtd:dbgrpt.obj
 0001:00012f80       abort                      0000000180013f80 f   libucrtd:abort.obj
 0001:00013000       ??$?0AEBV?$string_output_adapter@D@__crt_stdio_output@@AEB_KAEBQEBDAEBQEAU__crt_locale_pointers@@AEBQEAD@?$format_validation_base@DV?$string_output_adapter@D@__crt_stdio_output@@@__crt_stdio_output@@IEAA@AEBV?$string_output_adapter@D@1@AEB_KAEBQEBDAEBQEAU__crt_locale_pointers@@AEBQEAD@Z 0000000180014000 f i libucrtd:output.obj
 0001:00013050       ??$?0AEBV?$string_output_adapter@D@__crt_stdio_output@@AEB_KAEBQEBDAEBQEAU__crt_locale_pointers@@AEBQEAD@?$standard_base@DV?$string_output_adapter@D@__crt_stdio_output@@@__crt_stdio_output@@IEAA@AEBV?$string_output_adapter@D@1@AEB_KAEBQEBDAEBQEAU__crt_locale_pointers@@AEBQEAD@Z 0000000180014050 f i libucrtd:output.obj
 0001:000130c0       ??$?0AEBV?$string_output_adapter@_W@__crt_stdio_output@@AEB_KAEBQEB_WAEBQEAU__crt_locale_pointers@@AEBQEAD@?$format_validation_base@_WV?$string_output_adapter@_W@__crt_stdio_output@@@__crt_stdio_output@@IEAA@AEBV?$string_output_adapter@_W@1@AEB_KAEBQEB_WAEBQEAU__crt_locale_pointers@@AEBQEAD@Z 00000001800140c0 f i libucrtd:output.obj
 0001:00013110       ??$?0AEBV?$string_output_adapter@_W@__crt_stdio_output@@AEB_KAEBQEB_WAEBQEAU__crt_locale_pointers@@AEBQEAD@?$standard_base@_WV?$string_output_adapter@_W@__crt_stdio_output@@@__crt_stdio_output@@IEAA@AEBV?$string_output_adapter@_W@1@AEB_KAEBQEB_WAEBQEAU__crt_locale_pointers@@AEBQEAD@Z 0000000180014110 f i libucrtd:output.obj
 0001:00014a90       ??$count@D@formatting_buffer@__crt_stdio_output@@QEBA_KXZ 0000000180015a90 f i libucrtd:output.obj
 0001:00014ae0       ??$data@D@formatting_buffer@__crt_stdio_output@@QEAAPEADXZ 0000000180015ae0 f i libucrtd:output.obj
 0001:00014ae0       ??$data@_W@formatting_buffer@__crt_stdio_output@@QEAAPEA_WXZ 0000000180015ae0 f i libucrtd:output.obj
 0001:00014b30       ??$ensure_buffer_is_big_enough@D@formatting_buffer@__crt_stdio_output@@QEAA_N_K@Z 0000000180015b30 f i libucrtd:output.obj
 0001:00014c60       ??$extract_argument_from_va_list@C_J@?$standard_base@_WV?$string_output_adapter@_W@__crt_stdio_output@@@__crt_stdio_output@@IEAA_NAEA_J@Z 0000000180015c60 f i libucrtd:output.obj
 0001:00014c60       ??$extract_argument_from_va_list@C_J@?$standard_base@DV?$string_output_adapter@D@__crt_stdio_output@@@__crt_stdio_output@@IEAA_NAEA_J@Z 0000000180015c60 f i libucrtd:output.obj
 0001:00014ca0       ??$extract_argument_from_va_list@E_J@?$standard_base@DV?$string_output_adapter@D@__crt_stdio_output@@@__crt_stdio_output@@IEAA_NAEA_J@Z 0000000180015ca0 f i libucrtd:output.obj
 0001:00014ca0       ??$extract_argument_from_va_list@E_J@?$standard_base@_WV?$string_output_adapter@_W@__crt_stdio_output@@@__crt_stdio_output@@IEAA_NAEA_J@Z 0000000180015ca0 f i libucrtd:output.obj
 0001:00014ce0       ??$extract_argument_from_va_list@F_J@?$standard_base@DV?$string_output_adapter@D@__crt_stdio_output@@@__crt_stdio_output@@IEAA_NAEA_J@Z 0000000180015ce0 f i libucrtd:output.obj
 0001:00014ce0       ??$extract_argument_from_va_list@F_J@?$standard_base@_WV?$string_output_adapter@_W@__crt_stdio_output@@@__crt_stdio_output@@IEAA_NAEA_J@Z 0000000180015ce0 f i libucrtd:output.obj
 0001:00014d20       ??$extract_argument_from_va_list@GD@?$standard_base@DV?$string_output_adapter@D@__crt_stdio_output@@@__crt_stdio_output@@IEAA_NAEAD@Z 0000000180015d20 f i libucrtd:output.obj
 0001:00014d50       ??$extract_argument_from_va_list@G_J@?$standard_base@DV?$string_output_adapter@D@__crt_stdio_output@@@__crt_stdio_output@@IEAA_NAEA_J@Z 0000000180015d50 f i libucrtd:output.obj
 0001:00014d50       ??$extract_argument_from_va_list@G_J@?$standard_base@_WV?$string_output_adapter@_W@__crt_stdio_output@@@__crt_stdio_output@@IEAA_NAEA_J@Z 0000000180015d50 f i libucrtd:output.obj
 0001:00014d90       ??$extract_argument_from_va_list@H_J@?$standard_base@_WV?$string_output_adapter@_W@__crt_stdio_output@@@__crt_stdio_output@@IEAA_NAEA_J@Z 0000000180015d90 f i libucrtd:output.obj
 0001:00014d90       ??$extract_argument_from_va_list@H_J@?$standard_base@DV?$string_output_adapter@D@__crt_stdio_output@@@__crt_stdio_output@@IEAA_NAEA_J@Z 0000000180015d90 f i libucrtd:output.obj
 0001:00014dc0       ??$extract_argument_from_va_list@I_J@?$standard_base@DV?$string_output_adapter@D@__crt_stdio_output@@@__crt_stdio_output@@IEAA_NAEA_J@Z 0000000180015dc0 f i libucrtd:output.obj
 0001:00014dc0       ??$extract_argument_from_va_list@I_J@?$standard_base@_WV?$string_output_adapter@_W@__crt_stdio_output@@@__crt_stdio_output@@IEAA_NAEA_J@Z 0000000180015dc0 f i libucrtd:output.obj
 0001:00014df0       ??$extract_argument_from_va_list@_J_J@?$standard_base@_WV?$string_output_adapter@_W@__crt_stdio_output@@@__crt_stdio_output@@IEAA_NAEA_J@Z 0000000180015df0 f i libucrtd:output.obj
 0001:00014df0       ??$extract_argument_from_va_list@PEADPEAD@?$standard_base@DV?$string_output_adapter@D@__crt_stdio_output@@@__crt_stdio_output@@IEAA_NAEAPEAD@Z 0000000180015df0 f i libucrtd:output.obj
 0001:00014df0       ??$extract_argument_from_va_list@PEAXPEAX@?$standard_base@_WV?$string_output_adapter@_W@__crt_stdio_output@@@__crt_stdio_output@@IEAA_NAEAPEAX@Z 0000000180015df0 f i libucrtd:output.obj
 0001:00014df0       ??$extract_argument_from_va_list@PEAUansi_string@?1??type_case_Z@?$output_processor@_WV?$string_output_adapter@_W@__crt_stdio_output@@V?$format_validation_base@_WV?$string_output_adapter@_W@__crt_stdio_output@@@2@@__crt_stdio_output@@AEAA_NXZ@PEAU1?1??234@AEAA_NXZ@@?$standard_base@_WV?$string_output_adapter@_W@__crt_stdio_output@@@__crt_stdio_output@@IEAA_NAEAPEAUansi_string@?1??type_case_Z@?$output_processor@_WV?$string_output_adapter@_W@__crt_stdio_output@@V?$format_validation_base@_WV?$string_output_adapter@_W@__crt_stdio_output@@@2@@1@AEAA_NXZ@@Z 0000000180015df0 f i libucrtd:output.obj
 0001:00014df0       ??$extract_argument_from_va_list@PEADPEAD@?$standard_base@_WV?$string_output_adapter@_W@__crt_stdio_output@@@__crt_stdio_output@@IEAA_NAEAPEAD@Z 0000000180015df0 f i libucrtd:output.obj
 0001:00014df0       ??$extract_argument_from_va_list@PEAXPEAX@?$standard_base@DV?$string_output_adapter@D@__crt_stdio_output@@@__crt_stdio_output@@IEAA_NAEAPEAX@Z 0000000180015df0 f i libucrtd:output.obj
 0001:00014df0       ??$extract_argument_from_va_list@_K_J@?$standard_base@DV?$string_output_adapter@D@__crt_stdio_output@@@__crt_stdio_output@@IEAA_NAEA_J@Z 0000000180015df0 f i libucrtd:output.obj
 0001:00014df0       ??$extract_argument_from_va_list@_K_J@?$standard_base@_WV?$string_output_adapter@_W@__crt_stdio_output@@@__crt_stdio_output@@IEAA_NAEA_J@Z 0000000180015df0 f i libucrtd:output.obj
 0001:00014df0       ??$extract_argument_from_va_list@PEAUansi_string@?1??type_case_Z@?$output_processor@DV?$string_output_adapter@D@__crt_stdio_output@@V?$format_validation_base@DV?$string_output_adapter@D@__crt_stdio_output@@@2@@__crt_stdio_output@@AEAA_NXZ@PEAU1?1??234@AEAA_NXZ@@?$standard_base@DV?$string_output_adapter@D@__crt_stdio_output@@@__crt_stdio_output@@IEAA_NAEAPEAUansi_string@?1??type_case_Z@?$output_processor@DV?$string_output_adapter@D@__crt_stdio_output@@V?$format_validation_base@DV?$string_output_adapter@D@__crt_stdio_output@@@2@@1@AEAA_NXZ@@Z 0000000180015df0 f i libucrtd:output.obj
 0001:00014df0       ??$extract_argument_from_va_list@_J_J@?$standard_base@DV?$string_output_adapter@D@__crt_stdio_output@@@__crt_stdio_output@@IEAA_NAEA_J@Z 0000000180015df0 f i libucrtd:output.obj
 0001:00014e20       ??$extract_argument_from_va_list@U_CRT_DOUBLE@@U1@@?$standard_base@DV?$string_output_adapter@D@__crt_stdio_output@@@__crt_stdio_output@@IEAA_NAEAU_CRT_DOUBLE@@@Z 0000000180015e20 f i libucrtd:output.obj
 0001:00014e20       ??$extract_argument_from_va_list@U_CRT_DOUBLE@@U1@@?$standard_base@_WV?$string_output_adapter@_W@__crt_stdio_output@@@__crt_stdio_output@@IEAA_NAEAU_CRT_DOUBLE@@@Z 0000000180015e20 f i libucrtd:output.obj
 0001:00014e70       ??$extract_argument_from_va_list@_W_W@?$standard_base@DV?$string_output_adapter@D@__crt_stdio_output@@@__crt_stdio_output@@IEAA_NAEA_W@Z 0000000180015e70 f i libucrtd:output.obj
 0001:00014e70       ??$extract_argument_from_va_list@_W_W@?$standard_base@_WV?$string_output_adapter@_W@__crt_stdio_output@@@__crt_stdio_output@@IEAA_NAEA_W@Z 0000000180015e70 f i libucrtd:output.obj
 0001:00014ea0       ??$is_wide_character_specifier@D@__crt_stdio_output@@YA_N_KDW4length_modifier@0@@Z 0000000180015ea0 f i libucrtd:output.obj
 0001:00014f40       ??$is_wide_character_specifier@_W@__crt_stdio_output@@YA_N_K_WW4length_modifier@0@@Z 0000000180015f40 f i libucrtd:output.obj
 0001:00015010       ??$read_va_arg@C@__crt_stdio_output@@YACAEAPEAD@Z 0000000180016010 f i libucrtd:output.obj
 0001:00015010       ??$read_va_arg@E@__crt_stdio_output@@YAEAEAPEAD@Z 0000000180016010 f i libucrtd:output.obj
 0001:00015080       ??$read_va_arg@H@__crt_stdio_output@@YAHAEAPEAD@Z 0000000180016080 f i libucrtd:output.obj
 0001:00015080       ??$read_va_arg@I@__crt_stdio_output@@YAIAEAPEAD@Z 0000000180016080 f i libucrtd:output.obj
 0001:000150e0       ??$read_va_arg@PEAUansi_string@?1??type_case_Z@?$output_processor@_WV?$string_output_adapter@_W@__crt_stdio_output@@V?$format_validation_base@_WV?$string_output_adapter@_W@__crt_stdio_output@@@2@@__crt_stdio_output@@AEAA_NXZ@@__crt_stdio_output@@YAPEAUansi_string@?1??type_case_Z@?$output_processor@_WV?$string_output_adapter@_W@__crt_stdio_output@@V?$format_validation_base@_WV?$string_output_adapter@_W@__crt_stdio_output@@@2@@0@AEAA_NXZ@AEAPEAD@Z 00000001800160e0 f i libucrtd:output.obj
 0001:000150e0       ??$read_va_arg@PEAD@__crt_stdio_output@@YAPEADAEAPEAD@Z 00000001800160e0 f i libucrtd:output.obj
 0001:000150e0       ??$read_va_arg@PEAUansi_string@?1??type_case_Z@?$output_processor@DV?$string_output_adapter@D@__crt_stdio_output@@V?$format_validation_base@DV?$string_output_adapter@D@__crt_stdio_output@@@2@@__crt_stdio_output@@AEAA_NXZ@@__crt_stdio_output@@YAPEAUansi_string@?1??type_case_Z@?$output_processor@DV?$string_output_adapter@D@__crt_stdio_output@@V?$format_validation_base@DV?$string_output_adapter@D@__crt_stdio_output@@@2@@0@AEAA_NXZ@AEAPEAD@Z 00000001800160e0 f i libucrtd:output.obj
 0001:000150e0       ??$read_va_arg@PEAX@__crt_stdio_output@@YAPEAXAEAPEAD@Z 00000001800160e0 f i libucrtd:output.obj
 0001:000150e0       ??$read_va_arg@_K@__crt_stdio_output@@YA_KAEAPEAD@Z 00000001800160e0 f i libucrtd:output.obj
 0001:000150e0       ??$read_va_arg@_J@__crt_stdio_output@@YA_JAEAPEAD@Z 00000001800160e0 f i libucrtd:output.obj
 0001:000150e0       ??$read_va_arg@U_CRT_DOUBLE@@@__crt_stdio_output@@YA?AU_CRT_DOUBLE@@AEAPEAD@Z 00000001800160e0 f i libucrtd:output.obj
 0001:00015150       ??$read_va_arg@_W@__crt_stdio_output@@YA_WAEAPEAD@Z 0000000180016150 f i libucrtd:output.obj
 0001:00015150       ??$read_va_arg@F@__crt_stdio_output@@YAFAEAPEAD@Z 0000000180016150 f i libucrtd:output.obj
 0001:00015150       ??$read_va_arg@G@__crt_stdio_output@@YAGAEAPEAD@Z 0000000180016150 f i libucrtd:output.obj
 0001:000151c0       ??$scratch_count@D@formatting_buffer@__crt_stdio_output@@QEBA_KXZ 00000001800161c0 f i libucrtd:output.obj
 0001:000151e0       ??$scratch_data@D@formatting_buffer@__crt_stdio_output@@QEAAPEADXZ 00000001800161e0 f i libucrtd:output.obj
 0001:00015250       ??$tcstol@PEBDPEAPEADH@?$__crt_char_traits@D@@SAJ$$QEAPEBD$$QEAPEAPEAD$$QEAH@Z 0000000180016250 f i libucrtd:output.obj
 0001:00015290       ??$tcstol@PEB_WPEAPEA_WH@?$__crt_char_traits@_W@@SAJ$$QEAPEB_W$$QEAPEAPEA_W$$QEAH@Z 0000000180016290 f i libucrtd:output.obj
 0001:000152d0       ??$type_case_integer_parse_into_buffer@I@?$output_processor@DV?$string_output_adapter@D@__crt_stdio_output@@V?$format_validation_base@DV?$string_output_adapter@D@__crt_stdio_output@@@2@@__crt_stdio_output@@AEAAXII_N@Z 00000001800162d0 f i libucrtd:output.obj
 0001:000153f0       ??$type_case_integer_parse_into_buffer@I@?$output_processor@_WV?$string_output_adapter@_W@__crt_stdio_output@@V?$format_validation_base@_WV?$string_output_adapter@_W@__crt_stdio_output@@@2@@__crt_stdio_output@@AEAAXII_N@Z 00000001800163f0 f i libucrtd:output.obj
 0001:00015520       ??$type_case_integer_parse_into_buffer@_K@?$output_processor@DV?$string_output_adapter@D@__crt_stdio_output@@V?$format_validation_base@DV?$string_output_adapter@D@__crt_stdio_output@@@2@@__crt_stdio_output@@AEAAX_KI_N@Z 0000000180016520 f i libucrtd:output.obj
 0001:00015670       ??$type_case_integer_parse_into_buffer@_K@?$output_processor@_WV?$string_output_adapter@_W@__crt_stdio_output@@V?$format_validation_base@_WV?$string_output_adapter@_W@__crt_stdio_output@@@2@@__crt_stdio_output@@AEAAX_KI_N@Z 0000000180016670 f i libucrtd:output.obj
 0001:000157c0       ??$write_multiple_characters@V?$string_output_adapter@D@__crt_stdio_output@@D@__crt_stdio_output@@YAXAEBV?$string_output_adapter@D@0@DHQEAH@Z 00000001800167c0 f i libucrtd:output.obj
 0001:00015820       ??$write_multiple_characters@V?$string_output_adapter@_W@__crt_stdio_output@@D@__crt_stdio_output@@YAXAEBV?$string_output_adapter@_W@0@DHQEAH@Z 0000000180016820 f i libucrtd:output.obj
 0001:00015880       ??0?$common_data@D@__crt_stdio_output@@IEAA@XZ 0000000180016880 f i libucrtd:output.obj
 0001:00015950       ??0?$common_data@_W@__crt_stdio_output@@IEAA@XZ 0000000180016950 f i libucrtd:output.obj
 0001:00015a20       ??0?$output_adapter_data@DV?$string_output_adapter@D@__crt_stdio_output@@@__crt_stdio_output@@IEAA@AEBV?$string_output_adapter@D@1@_KQEBDQEAU__crt_locale_pointers@@QEAD@Z 0000000180016a20 f i libucrtd:output.obj
 0001:00015aa0       ??0?$output_adapter_data@_WV?$string_output_adapter@_W@__crt_stdio_output@@@__crt_stdio_output@@IEAA@AEBV?$string_output_adapter@_W@1@_KQEB_WQEAU__crt_locale_pointers@@QEAD@Z 0000000180016aa0 f i libucrtd:output.obj
 0001:00015b20       ??0?$output_processor@DV?$string_output_adapter@D@__crt_stdio_output@@V?$format_validation_base@DV?$string_output_adapter@D@__crt_stdio_output@@@2@@__crt_stdio_output@@QEAA@AEBV?$string_output_adapter@D@1@_KQEBDQEAU__crt_locale_pointers@@QEAD@Z 0000000180016b20 f i libucrtd:output.obj
 0001:00015b80       ??0?$output_processor@_WV?$string_output_adapter@_W@__crt_stdio_output@@V?$format_validation_base@_WV?$string_output_adapter@_W@__crt_stdio_output@@@2@@__crt_stdio_output@@QEAA@AEBV?$string_output_adapter@_W@1@_KQEB_WQEAU__crt_locale_pointers@@QEAD@Z 0000000180016b80 f i libucrtd:output.obj
 0001:00015be0       ??0__crt_errno_guard@@QEAA@QEAH@Z 0000000180016be0 f i libucrtd:output.obj
 0001:00015c20       ??0formatting_buffer@__crt_stdio_output@@QEAA@XZ 0000000180016c20 f i libucrtd:output.obj
 0001:00015c60       ??1?$common_data@_W@__crt_stdio_output@@QEAA@XZ 0000000180016c60 f i libucrtd:output.obj
 0001:00015c60       ??1?$common_data@D@__crt_stdio_output@@QEAA@XZ 0000000180016c60 f i libucrtd:output.obj
 0001:00015c80       ??1?$format_validation_base@_WV?$string_output_adapter@_W@__crt_stdio_output@@@__crt_stdio_output@@QEAA@XZ 0000000180016c80 f i libucrtd:output.obj
 0001:00015c80       ??1?$format_validation_base@DV?$string_output_adapter@D@__crt_stdio_output@@@__crt_stdio_output@@QEAA@XZ 0000000180016c80 f i libucrtd:output.obj
 0001:00015ca0       ??1?$output_adapter_data@_WV?$string_output_adapter@_W@__crt_stdio_output@@@__crt_stdio_output@@QEAA@XZ 0000000180016ca0 f i libucrtd:output.obj
 0001:00015ca0       ??1?$output_adapter_data@DV?$string_output_adapter@D@__crt_stdio_output@@@__crt_stdio_output@@QEAA@XZ 0000000180016ca0 f i libucrtd:output.obj
 0001:00015cc0       ??1?$output_processor@_WV?$string_output_adapter@_W@__crt_stdio_output@@V?$format_validation_base@_WV?$string_output_adapter@_W@__crt_stdio_output@@@2@@__crt_stdio_output@@QEAA@XZ 0000000180016cc0 f i libucrtd:output.obj
 0001:00015cc0       ??1?$output_processor@DV?$string_output_adapter@D@__crt_stdio_output@@V?$format_validation_base@DV?$string_output_adapter@D@__crt_stdio_output@@@2@@__crt_stdio_output@@QEAA@XZ 0000000180016cc0 f i libucrtd:output.obj
 0001:00015ce0       ??1?$standard_base@_WV?$string_output_adapter@_W@__crt_stdio_output@@@__crt_stdio_output@@QEAA@XZ 0000000180016ce0 f i libucrtd:output.obj
 0001:00015ce0       ??1?$standard_base@DV?$string_output_adapter@D@__crt_stdio_output@@@__crt_stdio_output@@QEAA@XZ 0000000180016ce0 f i libucrtd:output.obj
 0001:00015d00       ??1__crt_errno_guard@@QEAA@XZ 0000000180016d00 f i libucrtd:output.obj
 0001:00015d30       ??1formatting_buffer@__crt_stdio_output@@QEAA@XZ 0000000180016d30 f i libucrtd:output.obj
 0001:00015d60       ??4?$__crt_unique_heap_ptr@DU__crt_internal_free_policy@@@@QEAAAEAV0@$$QEAV0@@Z 0000000180016d60 f i libucrtd:output.obj
 0001:00015da0       ?adjust_hexit@?$output_processor@_WV?$string_output_adapter@_W@__crt_stdio_output@@V?$format_validation_base@_WV?$string_output_adapter@_W@__crt_stdio_output@@@2@@__crt_stdio_output@@CADH_N@Z 0000000180016da0 f i libucrtd:output.obj
 0001:00015da0       ?adjust_hexit@?$output_processor@DV?$string_output_adapter@D@__crt_stdio_output@@V?$format_validation_base@DV?$string_output_adapter@D@__crt_stdio_output@@@2@@__crt_stdio_output@@CADH_N@Z 0000000180016da0 f i libucrtd:output.obj
 0001:00015df0       ?advance_to_next_pass@?$standard_base@DV?$string_output_adapter@D@__crt_stdio_output@@@__crt_stdio_output@@IEAA_NXZ 0000000180016df0 f i libucrtd:output.obj
 0001:00015df0       ?advance_to_next_pass@?$standard_base@_WV?$string_output_adapter@_W@__crt_stdio_output@@@__crt_stdio_output@@IEAA_NXZ 0000000180016df0 f i libucrtd:output.obj
 0001:00015e40       ?crop_zeroes@__crt_stdio_output@@YAXPEADQEAU__crt_locale_pointers@@@Z 0000000180016e40 f i libucrtd:output.obj
 0001:00015f80       ?find_next_state@?$output_processor@DV?$string_output_adapter@D@__crt_stdio_output@@V?$format_validation_base@DV?$string_output_adapter@D@__crt_stdio_output@@@2@@__crt_stdio_output@@AEBA?AW4state@2@DW432@@Z 0000000180016f80 f i libucrtd:output.obj
 0001:00016020       ?find_next_state@?$output_processor@_WV?$string_output_adapter@_W@__crt_stdio_output@@V?$format_validation_base@_WV?$string_output_adapter@_W@__crt_stdio_output@@@2@@__crt_stdio_output@@AEBA?AW4state@2@_WW432@@Z 0000000180017020 f i libucrtd:output.obj
 0001:000160c0       ?force_decimal_point@__crt_stdio_output@@YAXPEADQEAU__crt_locale_pointers@@@Z 00000001800170c0 f i libucrtd:output.obj
 0001:000161a0       ?get_flags@__crt_stdio_stream@@QEBAJXZ 00000001800171a0 f i libucrtd:output.obj
 0001:000161d0       ?has_flag@?$output_processor@DV?$string_output_adapter@D@__crt_stdio_output@@V?$format_validation_base@DV?$string_output_adapter@D@__crt_stdio_output@@@2@@__crt_stdio_output@@AEBA_NI@Z 00000001800171d0 f i libucrtd:output.obj
 0001:000161d0       ?has_flag@?$output_processor@_WV?$string_output_adapter@_W@__crt_stdio_output@@V?$format_validation_base@_WV?$string_output_adapter@_W@__crt_stdio_output@@@2@@__crt_stdio_output@@AEBA_NI@Z 00000001800171d0 f i libucrtd:output.obj
 0001:00016210       ?is_string_backed@__crt_stdio_stream@@QEBA_NXZ 0000000180017210 f i libucrtd:output.obj
 0001:00016250       ?narrow_null_string@?$output_processor@_WV?$string_output_adapter@_W@__crt_stdio_output@@V?$format_validation_base@_WV?$string_output_adapter@_W@__crt_stdio_output@@@2@@__crt_stdio_output@@CAPEADXZ 0000000180017250 f i libucrtd:output.obj
 0001:00016250       ?narrow_null_string@?$output_processor@DV?$string_output_adapter@D@__crt_stdio_output@@V?$format_validation_base@DV?$string_output_adapter@D@__crt_stdio_output@@@2@@__crt_stdio_output@@CAPEADXZ 0000000180017250 f i libucrtd:output.obj
 0001:00016260       ?parse_int_from_format_string@?$output_processor@DV?$string_output_adapter@D@__crt_stdio_output@@V?$format_validation_base@DV?$string_output_adapter@D@__crt_stdio_output@@@2@@__crt_stdio_output@@AEAA_NQEAH@Z 0000000180017260 f i libucrtd:output.obj
 0001:00016340       ?parse_int_from_format_string@?$output_processor@_WV?$string_output_adapter@_W@__crt_stdio_output@@V?$format_validation_base@_WV?$string_output_adapter@_W@__crt_stdio_output@@@2@@__crt_stdio_output@@AEAA_NQEAH@Z 0000000180017340 f i libucrtd:output.obj
 0001:00016420       ?process@?$output_processor@DV?$string_output_adapter@D@__crt_stdio_output@@V?$format_validation_base@DV?$string_output_adapter@D@__crt_stdio_output@@@2@@__crt_stdio_output@@QEAAHXZ 0000000180017420 f i libucrtd:output.obj
 0001:00016780       ?process@?$output_processor@_WV?$string_output_adapter@_W@__crt_stdio_output@@V?$format_validation_base@_WV?$string_output_adapter@_W@__crt_stdio_output@@@2@@__crt_stdio_output@@QEAAHXZ 0000000180017780 f i libucrtd:output.obj
 0001:00016ae0       ?set_flag@?$output_processor@DV?$string_output_adapter@D@__crt_stdio_output@@V?$format_validation_base@DV?$string_output_adapter@D@__crt_stdio_output@@@2@@__crt_stdio_output@@AEAAXI@Z 0000000180017ae0 f i libucrtd:output.obj
 0001:00016ae0       ?set_flag@?$output_processor@_WV?$string_output_adapter@_W@__crt_stdio_output@@V?$format_validation_base@_WV?$string_output_adapter@_W@__crt_stdio_output@@@2@@__crt_stdio_output@@AEAAXI@Z 0000000180017ae0 f i libucrtd:output.obj
 0001:00016b00       ?validate_and_update_state_at_beginning_of_format_character@?$standard_base@_WV?$string_output_adapter@_W@__crt_stdio_output@@@__crt_stdio_output@@IEAA_NXZ 0000000180017b00 f i libucrtd:output.obj
 0001:00016b00       ?should_format@?$standard_base@DV?$string_output_adapter@D@__crt_stdio_output@@@__crt_stdio_output@@IEAA_NXZ 0000000180017b00 f i libucrtd:output.obj
 0001:00016b00       ?validate_and_update_state_at_beginning_of_format_character@?$standard_base@DV?$string_output_adapter@D@__crt_stdio_output@@@__crt_stdio_output@@IEAA_NXZ 0000000180017b00 f i libucrtd:output.obj
 0001:00016b00       ?validate_state_for_type_case_a@?$standard_base@DV?$string_output_adapter@D@__crt_stdio_output@@@__crt_stdio_output@@IEBA_NXZ 0000000180017b00 f i libucrtd:output.obj
 0001:00016b00       ?should_format@?$standard_base@_WV?$string_output_adapter@_W@__crt_stdio_output@@@__crt_stdio_output@@IEAA_NXZ 0000000180017b00 f i libucrtd:output.obj
 0001:00016b00       ?validate_state_for_type_case_a@?$standard_base@_WV?$string_output_adapter@_W@__crt_stdio_output@@@__crt_stdio_output@@IEBA_NXZ 0000000180017b00 f i libucrtd:output.obj
 0001:00016b10       ?should_skip_type_state_output@?$standard_base@_WV?$string_output_adapter@_W@__crt_stdio_output@@@__crt_stdio_output@@IEBA_NXZ 0000000180017b10 f i libucrtd:output.obj
 0001:00016b10       ?should_skip_normal_state_processing@?$standard_base@DV?$string_output_adapter@D@__crt_stdio_output@@@__crt_stdio_output@@IEAA_NXZ 0000000180017b10 f i libucrtd:output.obj
 0001:00016b10       ?should_skip_normal_state_processing@?$standard_base@_WV?$string_output_adapter@_W@__crt_stdio_output@@@__crt_stdio_output@@IEAA_NXZ 0000000180017b10 f i libucrtd:output.obj
 0001:00016b10       ?should_skip_type_state_output@?$standard_base@DV?$string_output_adapter@D@__crt_stdio_output@@@__crt_stdio_output@@IEBA_NXZ 0000000180017b10 f i libucrtd:output.obj
 0001:00016b20       ?state_case_dot@?$output_processor@DV?$string_output_adapter@D@__crt_stdio_output@@V?$format_validation_base@DV?$string_output_adapter@D@__crt_stdio_output@@@2@@__crt_stdio_output@@AEAA_NXZ 0000000180017b20 f i libucrtd:output.obj
 0001:00016b20       ?state_case_dot@?$output_processor@_WV?$string_output_adapter@_W@__crt_stdio_output@@V?$format_validation_base@_WV?$string_output_adapter@_W@__crt_stdio_output@@@2@@__crt_stdio_output@@AEAA_NXZ 0000000180017b20 f i libucrtd:output.obj
 0001:00016b40       ?state_case_flag@?$output_processor@DV?$string_output_adapter@D@__crt_stdio_output@@V?$format_validation_base@DV?$string_output_adapter@D@__crt_stdio_output@@@2@@__crt_stdio_output@@AEAA_NXZ 0000000180017b40 f i libucrtd:output.obj
 0001:00016be0       ?state_case_flag@?$output_processor@_WV?$string_output_adapter@_W@__crt_stdio_output@@V?$format_validation_base@_WV?$string_output_adapter@_W@__crt_stdio_output@@@2@@__crt_stdio_output@@AEAA_NXZ 0000000180017be0 f i libucrtd:output.obj
 0001:00016c80       ?state_case_normal@?$output_processor@DV?$string_output_adapter@D@__crt_stdio_output@@V?$format_validation_base@DV?$string_output_adapter@D@__crt_stdio_output@@@2@@__crt_stdio_output@@AEAA_NXZ 0000000180017c80 f i libucrtd:output.obj
 0001:00016d60       ?state_case_normal@?$output_processor@_WV?$string_output_adapter@_W@__crt_stdio_output@@V?$format_validation_base@_WV?$string_output_adapter@_W@__crt_stdio_output@@@2@@__crt_stdio_output@@AEAA_NXZ 0000000180017d60 f i libucrtd:output.obj
 0001:00016e40       ?state_case_normal_common@?$output_processor@DV?$string_output_adapter@D@__crt_stdio_output@@V?$format_validation_base@DV?$string_output_adapter@D@__crt_stdio_output@@@2@@__crt_stdio_output@@AEAA_NXZ 0000000180017e40 f i libucrtd:output.obj
 0001:00016e90       ?state_case_normal_common@?$output_processor@_WV?$string_output_adapter@_W@__crt_stdio_output@@V?$format_validation_base@_WV?$string_output_adapter@_W@__crt_stdio_output@@@2@@__crt_stdio_output@@AEAA_NXZ 0000000180017e90 f i libucrtd:output.obj
 0001:00016ee0       ?state_case_normal_tchar@?$output_processor@DV?$string_output_adapter@D@__crt_stdio_output@@V?$format_validation_base@DV?$string_output_adapter@D@__crt_stdio_output@@@2@@__crt_stdio_output@@AEAA_ND@Z 0000000180017ee0 f i libucrtd:output.obj
 0001:00017020       ?state_case_normal_tchar@?$output_processor@_WV?$string_output_adapter@_W@__crt_stdio_output@@V?$format_validation_base@_WV?$string_output_adapter@_W@__crt_stdio_output@@@2@@__crt_stdio_output@@AEAA_N_W@Z 0000000180018020 f i libucrtd:output.obj
 0001:00017040       ?state_case_percent@?$output_processor@DV?$string_output_adapter@D@__crt_stdio_output@@V?$format_validation_base@DV?$string_output_adapter@D@__crt_stdio_output@@@2@@__crt_stdio_output@@AEAA_NXZ 0000000180018040 f i libucrtd:output.obj
 0001:00017040       ?state_case_percent@?$output_processor@_WV?$string_output_adapter@_W@__crt_stdio_output@@V?$format_validation_base@_WV?$string_output_adapter@_W@__crt_stdio_output@@@2@@__crt_stdio_output@@AEAA_NXZ 0000000180018040 f i libucrtd:output.obj
 0001:00017090       ?state_case_precision@?$output_processor@DV?$string_output_adapter@D@__crt_stdio_output@@V?$format_validation_base@DV?$string_output_adapter@D@__crt_stdio_output@@@2@@__crt_stdio_output@@AEAA_NXZ 0000000180018090 f i libucrtd:output.obj
 0001:00017110       ?state_case_precision@?$output_processor@_WV?$string_output_adapter@_W@__crt_stdio_output@@V?$format_validation_base@_WV?$string_output_adapter@_W@__crt_stdio_output@@@2@@__crt_stdio_output@@AEAA_NXZ 0000000180018110 f i libucrtd:output.obj
 0001:00017190       ?state_case_size@?$output_processor@DV?$string_output_adapter@D@__crt_stdio_output@@V?$format_validation_base@DV?$string_output_adapter@D@__crt_stdio_output@@@2@@__crt_stdio_output@@AEAA_NXZ 0000000180018190 f i libucrtd:output.obj
 0001:00017610       ?state_case_size@?$output_processor@_WV?$string_output_adapter@_W@__crt_stdio_output@@V?$format_validation_base@_WV?$string_output_adapter@_W@__crt_stdio_output@@@2@@__crt_stdio_output@@AEAA_NXZ 0000000180018610 f i libucrtd:output.obj
 0001:00017a90       ?state_case_type@?$output_processor@DV?$string_output_adapter@D@__crt_stdio_output@@V?$format_validation_base@DV?$string_output_adapter@D@__crt_stdio_output@@@2@@__crt_stdio_output@@AEAA_NXZ 0000000180018a90 f i libucrtd:output.obj
 0001:00017f20       ?state_case_type@?$output_processor@_WV?$string_output_adapter@_W@__crt_stdio_output@@V?$format_validation_base@_WV?$string_output_adapter@_W@__crt_stdio_output@@@2@@__crt_stdio_output@@AEAA_NXZ 0000000180018f20 f i libucrtd:output.obj
 0001:000183f0       ?state_case_width@?$output_processor@DV?$string_output_adapter@D@__crt_stdio_output@@V?$format_validation_base@DV?$string_output_adapter@D@__crt_stdio_output@@@2@@__crt_stdio_output@@AEAA_NXZ 00000001800193f0 f i libucrtd:output.obj
 0001:00018480       ?state_case_width@?$output_processor@_WV?$string_output_adapter@_W@__crt_stdio_output@@V?$format_validation_base@_WV?$string_output_adapter@_W@__crt_stdio_output@@@2@@__crt_stdio_output@@AEAA_NXZ 0000000180019480 f i libucrtd:output.obj
 0001:00018510       ?state_count@?$format_validation_base@DV?$string_output_adapter@D@__crt_stdio_output@@@__crt_stdio_output@@KAIXZ 0000000180019510 f i libucrtd:output.obj
 0001:00018510       ?state_count@?$format_validation_base@_WV?$string_output_adapter@_W@__crt_stdio_output@@@__crt_stdio_output@@KAIXZ 0000000180019510 f i libucrtd:output.obj
 0001:00018520       ?state_transition_table@?$format_validation_base@DV?$string_output_adapter@D@__crt_stdio_output@@@__crt_stdio_output@@KAPEBEXZ 0000000180019520 f i libucrtd:output.obj
 0001:00018520       ?state_transition_table@?$format_validation_base@_WV?$string_output_adapter@_W@__crt_stdio_output@@@__crt_stdio_output@@KAPEBEXZ 0000000180019520 f i libucrtd:output.obj
 0001:00018530       ?to_integer_size@__crt_stdio_output@@YA_KW4length_modifier@1@@Z 0000000180019530 f i libucrtd:output.obj
 0001:000185e0       ?type_case_X@?$output_processor@DV?$string_output_adapter@D@__crt_stdio_output@@V?$format_validation_base@DV?$string_output_adapter@D@__crt_stdio_output@@@2@@__crt_stdio_output@@AEAA_NXZ 00000001800195e0 f i libucrtd:output.obj
 0001:00018600       ?type_case_X@?$output_processor@_WV?$string_output_adapter@_W@__crt_stdio_output@@V?$format_validation_base@_WV?$string_output_adapter@_W@__crt_stdio_output@@@2@@__crt_stdio_output@@AEAA_NXZ 0000000180019600 f i libucrtd:output.obj
 0001:00018620       ?type_case_Z@?$output_processor@DV?$string_output_adapter@D@__crt_stdio_output@@V?$format_validation_base@DV?$string_output_adapter@D@__crt_stdio_output@@@2@@__crt_stdio_output@@AEAA_NXZ 0000000180019620 f i libucrtd:output.obj
 0001:00018740       ?type_case_Z@?$output_processor@_WV?$string_output_adapter@_W@__crt_stdio_output@@V?$format_validation_base@_WV?$string_output_adapter@_W@__crt_stdio_output@@@2@@__crt_stdio_output@@AEAA_NXZ 0000000180019740 f i libucrtd:output.obj
 0001:00018860       ?type_case_a@?$output_processor@DV?$string_output_adapter@D@__crt_stdio_output@@V?$format_validation_base@DV?$string_output_adapter@D@__crt_stdio_output@@@2@@__crt_stdio_output@@AEAA_NXZ 0000000180019860 f i libucrtd:output.obj
 0001:00018c10       ?type_case_a@?$output_processor@_WV?$string_output_adapter@_W@__crt_stdio_output@@V?$format_validation_base@_WV?$string_output_adapter@_W@__crt_stdio_output@@@2@@__crt_stdio_output@@AEAA_NXZ 0000000180019c10 f i libucrtd:output.obj
 0001:00018fc0       ?type_case_c@?$output_processor@DV?$string_output_adapter@D@__crt_stdio_output@@V?$format_validation_base@DV?$string_output_adapter@D@__crt_stdio_output@@@2@@__crt_stdio_output@@AEAA_NXZ 0000000180019fc0 f i libucrtd:output.obj
 0001:00018fe0       ?type_case_c@?$output_processor@_WV?$string_output_adapter@_W@__crt_stdio_output@@V?$format_validation_base@_WV?$string_output_adapter@_W@__crt_stdio_output@@@2@@__crt_stdio_output@@AEAA_NXZ 0000000180019fe0 f i libucrtd:output.obj
 0001:00019000       ?type_case_c_tchar@?$output_processor@DV?$string_output_adapter@D@__crt_stdio_output@@V?$format_validation_base@DV?$string_output_adapter@D@__crt_stdio_output@@@2@@__crt_stdio_output@@AEAA_ND@Z 000000018001a000 f i libucrtd:output.obj
 0001:00019150       ?type_case_c_tchar@?$output_processor@_WV?$string_output_adapter@_W@__crt_stdio_output@@V?$format_validation_base@_WV?$string_output_adapter@_W@__crt_stdio_output@@@2@@__crt_stdio_output@@AEAA_N_W@Z 000000018001a150 f i libucrtd:output.obj
 0001:00019280       ?type_case_d@?$output_processor@DV?$string_output_adapter@D@__crt_stdio_output@@V?$format_validation_base@DV?$string_output_adapter@D@__crt_stdio_output@@@2@@__crt_stdio_output@@AEAA_NXZ 000000018001a280 f i libucrtd:output.obj
 0001:000192b0       ?type_case_d@?$output_processor@_WV?$string_output_adapter@_W@__crt_stdio_output@@V?$format_validation_base@_WV?$string_output_adapter@_W@__crt_stdio_output@@@2@@__crt_stdio_output@@AEAA_NXZ 000000018001a2b0 f i libucrtd:output.obj
 0001:000192e0       ?type_case_integer@?$output_processor@DV?$string_output_adapter@D@__crt_stdio_output@@V?$format_validation_base@DV?$string_output_adapter@D@__crt_stdio_output@@@2@@__crt_stdio_output@@AEAA_NI_N@Z 000000018001a2e0 f i libucrtd:output.obj
 0001:00019710       ?type_case_integer@?$output_processor@_WV?$string_output_adapter@_W@__crt_stdio_output@@V?$format_validation_base@_WV?$string_output_adapter@_W@__crt_stdio_output@@@2@@__crt_stdio_output@@AEAA_NI_N@Z 000000018001a710 f i libucrtd:output.obj
 0001:00019b40       ?type_case_n@?$output_processor@DV?$string_output_adapter@D@__crt_stdio_output@@V?$format_validation_base@DV?$string_output_adapter@D@__crt_stdio_output@@@2@@__crt_stdio_output@@AEAA_NXZ 000000018001ab40 f i libucrtd:output.obj
 0001:00019d80       ?type_case_n@?$output_processor@_WV?$string_output_adapter@_W@__crt_stdio_output@@V?$format_validation_base@_WV?$string_output_adapter@_W@__crt_stdio_output@@@2@@__crt_stdio_output@@AEAA_NXZ 000000018001ad80 f i libucrtd:output.obj
 0001:00019fc0       ?type_case_o@?$output_processor@DV?$string_output_adapter@D@__crt_stdio_output@@V?$format_validation_base@DV?$string_output_adapter@D@__crt_stdio_output@@@2@@__crt_stdio_output@@AEAA_NXZ 000000018001afc0 f i libucrtd:output.obj
 0001:0001a010       ?type_case_o@?$output_processor@_WV?$string_output_adapter@_W@__crt_stdio_output@@V?$format_validation_base@_WV?$string_output_adapter@_W@__crt_stdio_output@@@2@@__crt_stdio_output@@AEAA_NXZ 000000018001b010 f i libucrtd:output.obj
 0001:0001a060       ?type_case_p@?$output_processor@DV?$string_output_adapter@D@__crt_stdio_output@@V?$format_validation_base@DV?$string_output_adapter@D@__crt_stdio_output@@@2@@__crt_stdio_output@@AEAA_NXZ 000000018001b060 f i libucrtd:output.obj
 0001:0001a0a0       ?type_case_p@?$output_processor@_WV?$string_output_adapter@_W@__crt_stdio_output@@V?$format_validation_base@_WV?$string_output_adapter@_W@__crt_stdio_output@@@2@@__crt_stdio_output@@AEAA_NXZ 000000018001b0a0 f i libucrtd:output.obj
 0001:0001a0e0       ?type_case_s@?$output_processor@DV?$string_output_adapter@D@__crt_stdio_output@@V?$format_validation_base@DV?$string_output_adapter@D@__crt_stdio_output@@@2@@__crt_stdio_output@@AEAA_NXZ 000000018001b0e0 f i libucrtd:output.obj
 0001:0001a200       ?type_case_s@?$output_processor@_WV?$string_output_adapter@_W@__crt_stdio_output@@V?$format_validation_base@_WV?$string_output_adapter@_W@__crt_stdio_output@@@2@@__crt_stdio_output@@AEAA_NXZ 000000018001b200 f i libucrtd:output.obj
 0001:0001a320       ?type_case_s_compute_narrow_string_length@?$output_processor@DV?$string_output_adapter@D@__crt_stdio_output@@V?$format_validation_base@DV?$string_output_adapter@D@__crt_stdio_output@@@2@@__crt_stdio_output@@AEBAHHD@Z 000000018001b320 f i libucrtd:output.obj
 0001:0001a350       ?type_case_s_compute_narrow_string_length@?$output_processor@_WV?$string_output_adapter@_W@__crt_stdio_output@@V?$format_validation_base@_WV?$string_output_adapter@_W@__crt_stdio_output@@@2@@__crt_stdio_output@@AEBAHH_W@Z 000000018001b350 f i libucrtd:output.obj
 0001:0001a3e0       ?type_case_u@?$output_processor@DV?$string_output_adapter@D@__crt_stdio_output@@V?$format_validation_base@DV?$string_output_adapter@D@__crt_stdio_output@@@2@@__crt_stdio_output@@AEAA_NXZ 000000018001b3e0 f i libucrtd:output.obj
 0001:0001a400       ?type_case_u@?$output_processor@_WV?$string_output_adapter@_W@__crt_stdio_output@@V?$format_validation_base@_WV?$string_output_adapter@_W@__crt_stdio_output@@@2@@__crt_stdio_output@@AEAA_NXZ 000000018001b400 f i libucrtd:output.obj
 0001:0001a420       ?type_case_x@?$output_processor@DV?$string_output_adapter@D@__crt_stdio_output@@V?$format_validation_base@DV?$string_output_adapter@D@__crt_stdio_output@@@2@@__crt_stdio_output@@AEAA_NXZ 000000018001b420 f i libucrtd:output.obj
 0001:0001a440       ?type_case_x@?$output_processor@_WV?$string_output_adapter@_W@__crt_stdio_output@@V?$format_validation_base@_WV?$string_output_adapter@_W@__crt_stdio_output@@@2@@__crt_stdio_output@@AEAA_NXZ 000000018001b440 f i libucrtd:output.obj
 0001:0001a460       ?unset_flag@?$output_processor@_WV?$string_output_adapter@_W@__crt_stdio_output@@V?$format_validation_base@_WV?$string_output_adapter@_W@__crt_stdio_output@@@2@@__crt_stdio_output@@AEAAXI@Z 000000018001b460 f i libucrtd:output.obj
 0001:0001a460       ?unset_flag@?$output_processor@DV?$string_output_adapter@D@__crt_stdio_output@@V?$format_validation_base@DV?$string_output_adapter@D@__crt_stdio_output@@@2@@__crt_stdio_output@@AEAAXI@Z 000000018001b460 f i libucrtd:output.obj
 0001:0001a490       ?update_field_width@?$standard_base@_WV?$string_output_adapter@_W@__crt_stdio_output@@@__crt_stdio_output@@IEAA_NXZ 000000018001b490 f i libucrtd:output.obj
 0001:0001a490       ?update_field_width@?$standard_base@DV?$string_output_adapter@D@__crt_stdio_output@@@__crt_stdio_output@@IEAA_NXZ 000000018001b490 f i libucrtd:output.obj
 0001:0001a4c0       ?update_precision@?$standard_base@DV?$string_output_adapter@D@__crt_stdio_output@@@__crt_stdio_output@@IEAA_NXZ 000000018001b4c0 f i libucrtd:output.obj
 0001:0001a4c0       ?update_precision@?$standard_base@_WV?$string_output_adapter@_W@__crt_stdio_output@@@__crt_stdio_output@@IEAA_NXZ 000000018001b4c0 f i libucrtd:output.obj
 0001:0001a4f0       ?validate@?$string_output_adapter@D@__crt_stdio_output@@QEBA_NXZ 000000018001b4f0 f i libucrtd:output.obj
 0001:0001a5b0       ?validate@?$string_output_adapter@_W@__crt_stdio_output@@QEBA_NXZ 000000018001b5b0 f i libucrtd:output.obj
 0001:0001a670       ?validate_and_update_state_at_end_of_format_string@?$format_validation_base@DV?$string_output_adapter@D@__crt_stdio_output@@@__crt_stdio_output@@IEBA_NXZ 000000018001b670 f i libucrtd:output.obj
 0001:0001a730       ?validate_and_update_state_at_end_of_format_string@?$format_validation_base@_WV?$string_output_adapter@_W@__crt_stdio_output@@@__crt_stdio_output@@IEBA_NXZ 000000018001b730 f i libucrtd:output.obj
 0001:0001a7f0       ?wide_null_string@?$output_processor@_WV?$string_output_adapter@_W@__crt_stdio_output@@V?$format_validation_base@_WV?$string_output_adapter@_W@__crt_stdio_output@@@2@@__crt_stdio_output@@CAPEA_WXZ 000000018001b7f0 f i libucrtd:output.obj
 0001:0001a7f0       ?wide_null_string@?$output_processor@DV?$string_output_adapter@D@__crt_stdio_output@@V?$format_validation_base@DV?$string_output_adapter@D@__crt_stdio_output@@@2@@__crt_stdio_output@@CAPEA_WXZ 000000018001b7f0 f i libucrtd:output.obj
 0001:0001a800       ?write_character@?$string_output_adapter@D@__crt_stdio_output@@QEBA_NDQEAH@Z 000000018001b800 f i libucrtd:output.obj
 0001:0001a8c0       ?write_character@?$string_output_adapter@_W@__crt_stdio_output@@QEBA_N_WQEAH@Z 000000018001b8c0 f i libucrtd:output.obj
 0001:0001a980       ?write_stored_string_tchar@?$output_processor@DV?$string_output_adapter@D@__crt_stdio_output@@V?$format_validation_base@DV?$string_output_adapter@D@__crt_stdio_output@@@2@@__crt_stdio_output@@AEAA_ND@Z 000000018001b980 f i libucrtd:output.obj
 0001:0001aae0       ?write_stored_string_tchar@?$output_processor@_WV?$string_output_adapter@_W@__crt_stdio_output@@V?$format_validation_base@_WV?$string_output_adapter@_W@__crt_stdio_output@@@2@@__crt_stdio_output@@AEAA_N_W@Z 000000018001bae0 f i libucrtd:output.obj
 0001:0001ac20       ?write_string@?$string_output_adapter@D@__crt_stdio_output@@QEBAXQEBDHQEAH1@Z 000000018001bc20 f i libucrtd:output.obj
 0001:0001ada0       ?write_string@?$string_output_adapter@_W@__crt_stdio_output@@QEBAXQEB_WHQEAH1@Z 000000018001bda0 f i libucrtd:output.obj
 0001:0001af30       __acrt_isleadbyte_l_noupdate 000000018001bf30 f i libucrtd:output.obj
 0001:0001af60       __stdio_common_vsnprintf_s 000000018001bf60 f   libucrtd:output.obj
 0001:0001afc0       __stdio_common_vsnwprintf_s 000000018001bfc0 f   libucrtd:output.obj
 0001:0001b020       __stdio_common_vsprintf_s  000000018001c020 f   libucrtd:output.obj
 0001:0001b070       ??$is_overflow_condition@K@__crt_strtox@@YA_NIK@Z 000000018001c070 f i libucrtd:atox.obj
 0001:0001b0e0       ??$parse_integer@KV?$c_string_character_source@D@__crt_strtox@@@__crt_strtox@@YAKQEAU__crt_locale_pointers@@V?$c_string_character_source@D@0@H_N@Z 000000018001c0e0 f i libucrtd:atox.obj
 0001:0001b570       ??$parse_integer@KV?$c_string_character_source@_W@__crt_strtox@@@__crt_strtox@@YAKQEAU__crt_locale_pointers@@V?$c_string_character_source@_W@0@H_N@Z 000000018001c570 f i libucrtd:atox.obj
 0001:0001ba20       ??0?$c_string_character_source@D@__crt_strtox@@QEAA@QEBDQEAPEBD@Z 000000018001ca20 f i libucrtd:atox.obj
 0001:0001ba20       ??0?$c_string_character_source@_W@__crt_strtox@@QEAA@QEB_WQEAPEB_W@Z 000000018001ca20 f i libucrtd:atox.obj
 0001:0001ba70       ??1?$c_string_character_source@_W@__crt_strtox@@QEAA@XZ 000000018001ca70 f i libucrtd:atox.obj
 0001:0001ba70       ??1?$c_string_character_source@D@__crt_strtox@@QEAA@XZ 000000018001ca70 f i libucrtd:atox.obj
 0001:0001baa0       ?get@?$c_string_character_source@D@__crt_strtox@@QEAADXZ 000000018001caa0 f i libucrtd:atox.obj
 0001:0001bae0       ?get@?$c_string_character_source@_W@__crt_strtox@@QEAA_WXZ 000000018001cae0 f i libucrtd:atox.obj
 0001:0001bb20       ?is_space@__crt_strtox@@YA_NDQEAU__crt_locale_pointers@@@Z 000000018001cb20 f i libucrtd:atox.obj
 0001:0001bb70       ?is_space@__crt_strtox@@YA_N_WPEAU__crt_locale_pointers@@@Z 000000018001cb70 f i libucrtd:atox.obj
 0001:0001bbb0       ?maximum_signed_value@__crt_strtox@@YAJK@Z 000000018001cbb0 f i libucrtd:atox.obj
 0001:0001bbc0       ?minimum_signed_value@__crt_strtox@@YAJK@Z 000000018001cbc0 f i libucrtd:atox.obj
 0001:0001bbd0       ?parse_digit@__crt_strtox@@YAID@Z 000000018001cbd0 f i libucrtd:atox.obj
 0001:0001bc40       ?parse_digit@__crt_strtox@@YAI_W@Z 000000018001cc40 f i libucrtd:atox.obj
 0001:0001bcd0       ?restore_state@?$c_string_character_source@D@__crt_strtox@@QEAA_NQEBD@Z 000000018001ccd0 f i libucrtd:atox.obj
 0001:0001bcd0       ?restore_state@?$c_string_character_source@_W@__crt_strtox@@QEAA_NQEB_W@Z 000000018001ccd0 f i libucrtd:atox.obj
 0001:0001bcf0       ?unget@?$c_string_character_source@D@__crt_strtox@@QEAAXD@Z 000000018001ccf0 f i libucrtd:atox.obj
 0001:0001bdd0       ?unget@?$c_string_character_source@_W@__crt_strtox@@QEAAX_W@Z 000000018001cdd0 f i libucrtd:atox.obj
 0001:0001beb0       ?validate@?$c_string_character_source@D@__crt_strtox@@QEBA_NXZ 000000018001ceb0 f i libucrtd:atox.obj
 0001:0001bf70       ?validate@?$c_string_character_source@_W@__crt_strtox@@QEBA_NXZ 000000018001cf70 f i libucrtd:atox.obj
 0001:0001c030       ?wide_character_to_digit@__crt_strtox@@YAH_W@Z 000000018001d030 f i libucrtd:atox.obj
 0001:0001c3a0       _fd_int                    000000018001d3a0 f   libucrtd:_test.obj
 0001:0001c7a0       _handle_error              000000018001d7a0 f   libucrtd:libm_error.obj
 0001:0001c930       _handle_errorf             000000018001d930 f   libucrtd:libm_error.obj
 0001:0001cac0       _handle_nan                000000018001dac0 f   libucrtd:libm_error.obj
 0001:0001cb10       _handle_nanf               000000018001db10 f   libucrtd:libm_error.obj
 0001:0001cb50       ??$?RV<lambda_5e887d1dcbef67a5eb4283622ba103bf>@@AEAV<lambda_4466841279450cc726390878d4a41900>@@V<lambda_341c25c0346d94847f1f3c463c57e077>@@@?$__crt_seh_guarded_call@X@@QEAAX$$QEAV<lambda_5e887d1dcbef67a5eb4283622ba103bf>@@AEAV<lambda_4466841279450cc726390878d4a41900>@@$$QEAV<lambda_341c25c0346d94847f1f3c463c57e077>@@@Z 000000018001db50 f i libucrtd:per_thread_data.obj
 0001:0001cb90       ??$?RV<lambda_72d1df2b273a38828b1ce30cbf4cdab5>@@AEAV<lambda_876a65b173b8412d3a47c70a915b0cf4>@@V<lambda_41932305e351933ebe8f8be3ed8bb5dc>@@@?$__crt_seh_guarded_call@X@@QEAAX$$QEAV<lambda_72d1df2b273a38828b1ce30cbf4cdab5>@@AEAV<lambda_876a65b173b8412d3a47c70a915b0cf4>@@$$QEAV<lambda_41932305e351933ebe8f8be3ed8bb5dc>@@@Z 000000018001db90 f i libucrtd:per_thread_data.obj
 0001:0001cbd0       ??$?RV<lambda_8773731b9ba2edf4362dda13ebc82854>@@AEAV<lambda_6ac21da2756cd333d25ba1adc9a0001e>@@V<lambda_2c95662d60720604e97e3009a1ee1859>@@@?$__crt_seh_guarded_call@X@@QEAAX$$QEAV<lambda_8773731b9ba2edf4362dda13ebc82854>@@AEAV<lambda_6ac21da2756cd333d25ba1adc9a0001e>@@$$QEAV<lambda_2c95662d60720604e97e3009a1ee1859>@@@Z 000000018001dbd0 f i libucrtd:per_thread_data.obj
 0001:0001cc10       ??$?RV<lambda_fb3a7dec4e47f37f22dae91bb15c9095>@@AEAV<lambda_698284760c8add0bfb0756c19673e34b>@@V<lambda_dfb8eca1e75fef3034a8fb18dd509707>@@@?$__crt_seh_guarded_call@X@@QEAAX$$QEAV<lambda_fb3a7dec4e47f37f22dae91bb15c9095>@@AEAV<lambda_698284760c8add0bfb0756c19673e34b>@@$$QEAV<lambda_dfb8eca1e75fef3034a8fb18dd509707>@@@Z 000000018001dc10 f i libucrtd:per_thread_data.obj
 0001:0001cc50       ??$__acrt_lock_and_call@V<lambda_4466841279450cc726390878d4a41900>@@@@YAXW4__acrt_lock_id@@$$QEAV<lambda_4466841279450cc726390878d4a41900>@@@Z 000000018001dc50 f i libucrtd:per_thread_data.obj
 0001:0001ccc0       ??$__acrt_lock_and_call@V<lambda_698284760c8add0bfb0756c19673e34b>@@@@YAXW4__acrt_lock_id@@$$QEAV<lambda_698284760c8add0bfb0756c19673e34b>@@@Z 000000018001dcc0 f i libucrtd:per_thread_data.obj
 0001:0001cd30       ??$__acrt_lock_and_call@V<lambda_6ac21da2756cd333d25ba1adc9a0001e>@@@@YAXW4__acrt_lock_id@@$$QEAV<lambda_6ac21da2756cd333d25ba1adc9a0001e>@@@Z 000000018001dd30 f i libucrtd:per_thread_data.obj
 0001:0001cda0       ??$__acrt_lock_and_call@V<lambda_876a65b173b8412d3a47c70a915b0cf4>@@@@YAXW4__acrt_lock_id@@$$QEAV<lambda_876a65b173b8412d3a47c70a915b0cf4>@@@Z 000000018001dda0 f i libucrtd:per_thread_data.obj
 0001:0001ce40       ??0?$string_output_adapter@D@__crt_stdio_output@@QEAA@QEAU?$string_output_adapter_context@D@1@@Z 000000018001de40 f   libucrtd:output.obj
 0001:0001ce40       ??0?$__crt_unique_heap_ptr@DU__crt_internal_free_policy@@@@QEAA@QEAD@Z 000000018001de40 f   libvcruntimed:std_type_info.obj
 0001:0001ce40       ??0?$__crt_unique_heap_ptr@DU__crt_public_free_policy@@@@QEAA@QEAD@Z 000000018001de40 f   libvcruntimed:std_exception.obj
 0001:0001ce40       ??0__crt_stdio_stream@@QEAA@QEAU__crt_stdio_stream_data@@@Z 000000018001de40 f   libucrtd:fflush.obj
 0001:0001ce40       ??0?$__crt_scoped_stack_ptr@_W@@QEAA@U?$__crt_scoped_stack_ptr_tag@_W@@@Z 000000018001de40 f   libucrtd:getstringtypea.obj
 0001:0001ce40       ??0?$__crt_unique_heap_ptr@U__crt_lowio_handle_data@@U__crt_internal_free_policy@@@@QEAA@QEAU__crt_lowio_handle_data@@@Z 000000018001de40 f   libucrtd:osfinfo.obj
 0001:0001ce40       ??0?$string_output_adapter@_W@__crt_stdio_output@@QEAA@QEAU?$string_output_adapter_context@_W@1@@Z 000000018001de40 f   libucrtd:output.obj
 0001:0001ce40       ??0?$__crt_unique_heap_ptr@U__acrt_ptd@@U__crt_internal_free_policy@@@@QEAA@QEAU__acrt_ptd@@@Z 000000018001de40 f   libucrtd:per_thread_data.obj
 0001:0001ce40       ??0?$__crt_scoped_stack_ptr_tag@_W@@QEAA@QEA_W@Z 000000018001de40 f   libucrtd:getstringtypea.obj
 0001:0001ce40       ??0?$__crt_unique_heap_ptr@U__vcrt_ptd@@U__crt_internal_free_policy@@@@QEAA@QEAU__vcrt_ptd@@@Z 000000018001de40 f   libvcruntimed:per_thread_data.obj
 0001:0001ce40       ??0?$__crt_unique_handle_t@U__crt_handle_traits@@@@QEAA@QEAX@Z 000000018001de40 f   libucrtd:crtmbox.obj
 0001:0001ce40       ??0?$__crt_unique_heap_ptr@PEAU__crt_stdio_stream_data@@U__crt_internal_free_policy@@@@QEAA@QEAPEAU__crt_stdio_stream_data@@@Z 000000018001de40 f   libucrtd:_file.obj
[...]
 0004:00002550       $pdata$??$common_lseek_nolock@_J@@YA_JH_JH@Z 0000000180052550     libucrtd:lseek.obj
 0004:0000255c       $pdata$?common_lseek_do_seek_nolock@@YA_JQEAX_JH@Z 000000018005255c     libucrtd:lseek.obj
 0004:00002568       $pdata$_lseeki64_nolock    0000000180052568     libucrtd:lseek.obj
 0004:00002574       $pdata$_fclose_nolock      0000000180052574     libucrtd:fclose.obj
 0004:00002580       $pdata$fclose              0000000180052580     libucrtd:fclose.obj
 0004:0000258c       $pdata$_putwch_nolock      000000018005258c     libucrtd:putwch.obj
 0004:00002598       $pdata$__acrt_initialize_fma3 0000000180052598     libucrtd:fma3_available.obj
 0004:000025a4       $pdata$_log10_special      00000001800525a4     libucrtd:log_special.obj
 0004:000025b0       $pdata$_log_special_common 00000001800525b0     libucrtd:log_special.obj
 0004:000025bc       $pdata$??$?RV<lambda_4f1f1a84956f0d44b74de224c960ff76>@@AEAV<lambda_a8f98972ebaa5f7148d35bffe53bd70d>@@V<lambda_f6ca65dda28655a1cf758c1c4e38e52a>@@@?$__crt_seh_guarded_call@H@@QEAAH$$QEAV<lambda_4f1f1a84956f0d44b74de224c960ff76>@@AEAV<lambda_a8f98972ebaa5f7148d35bffe53bd70d>@@$$QEAV<lambda_f6ca65dda28655a1cf758c1c4e38e52a>@@@Z 00000001800525bc     libucrtd:close.obj
 0004:000025c8       $pdata$??$__acrt_lowio_lock_fh_and_call@V<lambda_a8f98972ebaa5f7148d35bffe53bd70d>@@@@YAHH$$QEAV<lambda_a8f98972ebaa5f7148d35bffe53bd70d>@@@Z 00000001800525c8     libucrtd:close.obj
 0004:000025d4       $pdata$??R<lambda_a8f98972ebaa5f7148d35bffe53bd70d>@@QEBAHXZ 00000001800525d4     libucrtd:close.obj
 0004:000025e0       $pdata$??R<lambda_6262c464c96e4c69799ed44814c7c457>@@QEBAXXZ 00000001800525e0     libucrtd:commit.obj
 0004:000025e0       $pdata$??R<lambda_f6ca65dda28655a1cf758c1c4e38e52a>@@QEBAXXZ 00000001800525e0     libucrtd:close.obj
 0004:000025ec       $pdata$?close_os_handle_nolock@@YAKH@Z 00000001800525ec     libucrtd:close.obj
 0004:000025f8       $pdata$_close              00000001800525f8     libucrtd:close.obj
 0004:00002604       $pdata$_close_nolock       0000000180052604     libucrtd:close.obj
 0004:00002610       $pdata$?__acrt_stdio_free_stream@@YAXV__crt_stdio_stream@@@Z 0000000180052610     libucrtd:stream.obj
 0004:0000261c       $pdata$__dcrt_lowio_initialize_console_output 000000018005261c     libucrtd:initcon.obj
 0004:00002628       $pdata$__dcrt_terminate_console_output 0000000180052628     libucrtd:initcon.obj
 0004:00002634       $pdata$_FindPESection      0000000180052634     LIBCMTD:pesect.obj
 0004:00002640       $pdata$_IsNonwritableInCurrentImage 0000000180052640     LIBCMTD:pesect.obj
 0004:0000264c       $pdata$_ValidateImageBase  000000018005264c     LIBCMTD:pesect.obj
 0004:00002658       $pdata$??_Gtype_info@@UEAAPEAXI@Z 0000000180052658     LIBCMTD:std_type_info_static.obj
 0004:00002670       $pdata$__GSHandlerCheck_SEH 0000000180052670     LIBCMTD:_gshandlerseh_.obj
 0004:0000267c       $pdata$__GSHandlerCheck_EH 000000018005267c     LIBCMTD:gshandlereh.obj
 0004:00002688       $pdata$??3@YAXPEAX_K@Z     0000000180052688     LIBCMTD:delete_scalar_size.obj
 0004:00002694       $pdata$??3@YAXPEAX@Z       0000000180052694     LIBCMTD:delete_scalar.obj
 0004:000026c4       $pdata$strrchr             00000001800526c4     libvcruntimed:strrchr.obj
 0004:000026d0       $pdata$?_CatchTryBlock@@YAPEBU_s_TryBlockMapEntry@@PEBU_s_FuncInfo@@H@Z 00000001800526d0     libvcruntimed:trnsctrl.obj
 0004:000026dc       $pdata$?_GetEstablisherFrame@@YAPEA_KPEA_KPEAU_xDISPATCHER_CONTEXT@@PEBU_s_FuncInfo@@0@Z 00000001800526dc     libvcruntimed:trnsctrl.obj
 0004:000026e8       $pdata$?_GetRangeOfTrysToCheck@@YAPEBU_s_TryBlockMapEntry@@PEA_KPEBU_s_FuncInfo@@HHPEAI2PEAU_xDISPATCHER_CONTEXT@@@Z 00000001800526e8     libvcruntimed:trnsctrl.obj
 0004:000026f4       $pdata$?__FrameUnwindToEmptyState@@YAXPEA_KPEAU_xDISPATCHER_CONTEXT@@PEBU_s_FuncInfo@@@Z 00000001800526f4     libvcruntimed:trnsctrl.obj
 0004:00002700       $pdata$?__SehTransFilter@@YAHPEAU_EXCEPTION_POINTERS@@PEAUEHExceptionRecord@@PEA_KPEAU_CONTEXT@@PEAU_xDISPATCHER_CONTEXT@@PEBU_s_FuncInfo@@PEAH@Z 0000000180052700     libvcruntimed:trnsctrl.obj
 0004:0000270c       $pdata$_CallSETranslator   000000018005270c     libvcruntimed:trnsctrl.obj
 0004:00002718       $pdata$_CreateFrameInfo    0000000180052718     libvcruntimed:trnsctrl.obj
 0004:00002724       $pdata$_FindAndUnlinkFrame 0000000180052724     libvcruntimed:trnsctrl.obj
 0004:00002730       $pdata$_GetImageBase       0000000180052730     libvcruntimed:trnsctrl.obj
 0004:0000273c       $pdata$_GetThrowImageBase  000000018005273c     libvcruntimed:trnsctrl.obj
 0004:00002748       $pdata$_IsExceptionObjectToBeDestroyed 0000000180052748     libvcruntimed:trnsctrl.obj
 0004:00002754       $pdata$_SetImageBase       0000000180052754     libvcruntimed:trnsctrl.obj
 0004:00002760       $pdata$_SetThrowImageBase  0000000180052760     libvcruntimed:trnsctrl.obj
 0004:0000276c       $pdata$_UnwindNestedFrames 000000018005276c     libvcruntimed:trnsctrl.obj
 0004:00002778       $pdata$__CxxFrameHandler3  0000000180052778     libvcruntimed:trnsctrl.obj
 0004:00002784       $pdata$?__GetCurrentState@@YAHPEA_KPEAU_xDISPATCHER_CONTEXT@@PEBU_s_FuncInfo@@@Z 0000000180052784     libvcruntimed:ehstate.obj
 0004:00002790       $pdata$?__GetUnwindTryBlock@@YAHPEA_KPEAU_xDISPATCHER_CONTEXT@@PEBU_s_FuncInfo@@@Z 0000000180052790     libvcruntimed:ehstate.obj
 0004:0000279c       $pdata$?__SetUnwindTryBlock@@YAXPEA_KPEAU_xDISPATCHER_CONTEXT@@PEBU_s_FuncInfo@@H@Z 000000018005279c     libvcruntimed:ehstate.obj
 0004:000027a8       $pdata$?__StateFromControlPc@@YAHPEBU_s_FuncInfo@@PEAU_xDISPATCHER_CONTEXT@@@Z 00000001800527a8     libvcruntimed:ehstate.obj
 0004:000027b4       $pdata$?__StateFromIp@@YAHPEBU_s_FuncInfo@@PEAU_xDISPATCHER_CONTEXT@@_J@Z 00000001800527b4     libvcruntimed:ehstate.obj
 0004:000027c0       $pdata$__DestructExceptionObject 00000001800527c0     libvcruntimed:frame.obj
 0004:000027cc       $pdata$??0bad_exception@std@@QEAA@AEBV01@@Z 00000001800527cc     libvcruntimed:frame.obj
 0004:000027d8       $pdata$??0bad_exception@std@@QEAA@XZ 00000001800527d8     libvcruntimed:frame.obj
 0004:000027e4       $pdata$??0exception@std@@QEAA@AEBV01@@Z 00000001800527e4     libvcruntimed:frame.obj
 0004:000027f0       $pdata$??0exception@std@@QEAA@QEBDH@Z 00000001800527f0     libvcruntimed:frame.obj
 0004:000027fc       $pdata$??1bad_exception@std@@UEAA@XZ 00000001800527fc     libvcruntimed:frame.obj
 0004:00002808       $pdata$??1exception@std@@UEAA@XZ 0000000180052808     libvcruntimed:frame.obj
 0004:00002814       $pdata$??8type_info@@QEBA_NAEBV0@@Z 0000000180052814     libvcruntimed:frame.obj
 0004:00002820       $pdata$??_Gbad_exception@std@@UEAAPEAXI@Z 0000000180052820     libvcruntimed:frame.obj
 0004:0000282c       $pdata$??_Gexception@std@@UEAAPEAXI@Z 000000018005282c     libvcruntimed:frame.obj
 0004:00002838       $pdata$?CatchIt@@YAXPEAUEHExceptionRecord@@PEA_KPEAU_CONTEXT@@PEAU_xDISPATCHER_CONTEXT@@PEBU_s_FuncInfo@@PEBU_s_HandlerType@@PEBU_s_CatchableType@@PEBU_s_TryBlockMapEntry@@H1EE@Z 0000000180052838     libvcruntimed:frame.obj
 0004:00002844       $pdata$?ExFilterRethrow@@YAHPEAU_EXCEPTION_POINTERS@@PEAUEHExceptionRecord@@PEAH@Z 0000000180052844     libvcruntimed:frame.obj
 0004:00002850       $pdata$?FindHandler@@YAXPEAUEHExceptionRecord@@PEA_KPEAU_CONTEXT@@PEAU_xDISPATCHER_CONTEXT@@PEBU_s_FuncInfo@@EH1@Z 0000000180052850     libvcruntimed:frame.obj
 0004:0000285c       $pdata$?FindHandlerForForeignException@@YAXPEAUEHExceptionRecord@@PEA_KPEAU_CONTEXT@@PEAU_xDISPATCHER_CONTEXT@@PEBU_s_FuncInfo@@HH1@Z 000000018005285c     libvcruntimed:frame.obj
 0004:00002868       $pdata$?IsInExceptionSpec@@YAEPEAUEHExceptionRecord@@PEBU_s_ESTypeList@@@Z 0000000180052868     libvcruntimed:frame.obj
 0004:00002874       $pdata$?Is_bad_exception_allowed@@YAEPEBU_s_ESTypeList@@@Z 0000000180052874     libvcruntimed:frame.obj
 0004:00002880       $pdata$?_CallMemberFunction0@@YAXPEAXP6AX0@Z@Z 0000000180052880     libvcruntimed:frame.obj
 0004:0000288c       $pdata$?_CallMemberFunction1@@YAXPEAXP6AX0@Z0@Z 000000018005288c     libvcruntimed:frame.obj
 0004:00002898       $pdata$?_CallMemberFunction2@@YAXPEAXP6AX0@Z0H@Z 0000000180052898     libvcruntimed:frame.obj
 0004:000028a4       $pdata$?__RethrowException@@YAXPEAUEHExceptionRecord@@@Z 00000001800528a4     libvcruntimed:frame.obj
 0004:000028b0       $pdata$?what@exception@std@@UEBAPEBDXZ 00000001800528b0     libvcruntimed:frame.obj
 0004:000028bc       $pdata$__AdjustPointer     00000001800528bc     libvcruntimed:frame.obj
 0004:000028c8       $pdata$__BuildCatchObject  00000001800528c8     libvcruntimed:frame.obj
 0004:000028d4       $pdata$__BuildCatchObjectHelper 00000001800528d4     libvcruntimed:frame.obj
 0004:000028e0       $pdata$__CxxCallCatchBlock 00000001800528e0     libvcruntimed:frame.obj
 0004:000028ec       $pdata$__FrameUnwindFilter 00000001800528ec     libvcruntimed:frame.obj
 0004:000028f8       $pdata$__FrameUnwindToState 00000001800528f8     libvcruntimed:frame.obj
 0004:00002904       $pdata$__InternalCxxFrameHandler 0000000180052904     libvcruntimed:frame.obj
 0004:00002910       $pdata$__TypeMatch         0000000180052910     libvcruntimed:frame.obj
 0004:00002928       $pdata$??$?RD@__crt_public_free_policy@@QEBAXQEBD@Z 0000000180052928     libvcruntimed:std_exception.obj
 0004:00002934       $pdata$??1?$__crt_unique_heap_ptr@DU__crt_public_free_policy@@@@QEAA@XZ 0000000180052934     libvcruntimed:std_exception.obj
 0004:00002940       $pdata$??B?$__crt_unique_heap_ptr@U__acrt_ptd@@U__crt_internal_free_policy@@@@QEBA_NXZ 0000000180052940     libucrtd:per_thread_data.obj
 0004:00002940       $pdata$??B?$__crt_unique_heap_ptr@DU__crt_internal_free_policy@@@@QEBA_NXZ 0000000180052940     libvcruntimed:std_type_info.obj
 0004:00002940       $pdata$??B?$__crt_unique_heap_ptr@DU__crt_public_free_policy@@@@QEBA_NXZ 0000000180052940     libvcruntimed:std_exception.obj
 0004:00002940       $pdata$??B?$__crt_unique_heap_ptr@U__crt_lowio_handle_data@@U__crt_internal_free_policy@@@@QEBA_NXZ 0000000180052940     libucrtd:osfinfo.obj
 0004:00002940       $pdata$??B?$__crt_unique_heap_ptr@U__vcrt_ptd@@U__crt_internal_free_policy@@@@QEBA_NXZ 0000000180052940     libvcruntimed:per_thread_data.obj
 0004:00002940       $pdata$??B?$__crt_unique_heap_ptr@U__crt_multibyte_data@@U__crt_internal_free_policy@@@@QEBA_NXZ 0000000180052940     libucrtd:mbctype.obj
 0004:0000294c       $pdata$?release@?$__crt_unique_heap_ptr@DU__crt_public_free_policy@@@@QEAAXXZ 000000018005294c     libvcruntimed:std_exception.obj
 0004:00002958       $pdata$__std_exception_copy 0000000180052958     libvcruntimed:std_exception.obj
 0004:00002964       $pdata$__std_exception_destroy 0000000180052964     libvcruntimed:std_exception.obj
 0004:00002970       $pdata$_CxxThrowException  0000000180052970     libvcruntimed:throw.obj
 0004:00002988       $pdata$?fin$0@?0??dllmain_crt_process_attach@@YAHQEAUHINSTANCE__@@QEAX@Z@4HA 0000000180052988     LIBCMTD:dll_dllmain.obj
 0004:00002994       $pdata$?fin$0@?0??dllmain_crt_process_detach@@YAH_N@Z@4HA 0000000180052994     LIBCMTD:dll_dllmain.obj
 0004:000029a0       $pdata$?filt$0@?0??dllmain_dispatch@@YAHQEAUHINSTANCE__@@KQEAX@Z@4HA 00000001800529a0     LIBCMTD:dll_dllmain.obj
 0004:000029ac       $pdata$__scrt_is_nonwritable_in_current_image$filt$0 00000001800529ac     LIBCMTD:utility.obj
 0004:000029b8       $pdata$?filt$0@?0??common_exit@@YAXHW4_crt_exit_cleanup_mode@@W4_crt_exit_return_mode@@@Z@4HA 00000001800529b8     libucrtd:exit.obj
 0004:000029c4       $pdata$?fin$1@?0??common_exit@@YAXHW4_crt_exit_cleanup_mode@@W4_crt_exit_return_mode@@@Z@4HA 00000001800529c4     libucrtd:exit.obj
 0004:000029d0       $pdata$?fin$0@?0???$?RV<lambda_d22e02de4d14401f49897516b29a2b7c>@@AEAV<lambda_e971338317bfa523bb8920b43d823727>@@V<lambda_b0b8599c9027f5b14541fbbd6863d1f1>@@@?$__crt_seh_guarded_call@H@@QEAAH$$QEAV<lambda_d22e02de4d14401f49897516b29a2b7c>@@AEAV<lambda_e971338317bfa523bb8920b43d823727>@@$$QEAV<lambda_b0b8599c9027f5b14541fbbd6863d1f1>@@@Z@4HA 00000001800529d0     libucrtd:onexit.obj
 0004:000029d0       $pdata$?fin$0@?0???$?RV<lambda_c36588078e9f5dfd39652860aa6b3aaf>@@AEAV<lambda_ec61778202f4f5fc7e7711acc23c3bca>@@V<lambda_dc9d2797ccde5d239b4a0efae8ebd7db>@@@?$__crt_seh_guarded_call@P6AXH@Z@@QEAAP6AXH@Z$$QEAV<lambda_c36588078e9f5dfd39652860aa6b3aaf>@@AEAV<lambda_ec61778202f4f5fc7e7711acc23c3bca>@@$$QEAV<lambda_dc9d2797ccde5d239b4a0efae8ebd7db>@@@Z@4HA 00000001800529d0     libucrtd:signal.obj
 0004:000029d0       $pdata$?fin$0@?0???$?RV<lambda_b0d8f1f77f5878de4f648f281b223c15>@@AEAV<lambda_942beefa13ab35ff55f86422493ffd6a>@@V<lambda_7adb6fc9c0d6a5bd4e2d9c212ec7cdcc>@@@?$__crt_seh_guarded_call@H@@QEAAH$$QEAV<lambda_b0d8f1f77f5878de4f648f281b223c15>@@AEAV<lambda_942beefa13ab35ff55f86422493ffd6a>@@$$QEAV<lambda_7adb6fc9c0d6a5bd4e2d9c212ec7cdcc>@@@Z@4HA 00000001800529d0     libucrtd:onexit.obj
 0004:000029dc       $pdata$__BuildCatchObjectHelper$filt$0 00000001800529dc     libvcruntimed:frame.obj
 0004:000029dc       $pdata$__BuildCatchObject$filt$0 00000001800529dc     libvcruntimed:frame.obj
 0004:000029dc       $pdata$terminate$filt$0    00000001800529dc     libucrtd:terminate.obj
 0004:000029dc       $pdata$?filt$0@?0??is_bad_read_pointer@@YA_NQEBX_K@Z@4HA 00000001800529dc     libucrtd:debug_heap.obj
 0004:000029e8       $pdata$?fin$0@?0??validate_heap_if_required_nolock@@YAXXZ@4HA 00000001800529e8     libucrtd:debug_heap.obj
 0004:000029f4       $pdata$?fin$0@?0??heap_alloc_dbg_internal@@YAPEAX_KHQEBDH@Z@4HA 00000001800529f4     libucrtd:debug_heap.obj
 0004:000029f4       $pdata$_CrtMemCheckpoint$fin$0 00000001800529f4     libucrtd:debug_heap.obj
 0004:00002a00       $pdata$_query_new_handler$fin$0 0000000180052a00     libucrtd:new_handler.obj
 0004:00002a00       $pdata$_free_dbg$fin$0     0000000180052a00     libucrtd:debug_heap.obj
 0004:00002a0c       $pdata$_msize_dbg$fin$0    0000000180052a0c     libucrtd:debug_heap.obj
 0004:00002a0c       $pdata$_realloc_dbg$fin$0  0000000180052a0c     libucrtd:debug_heap.obj
 0004:00002a0c       $pdata$_CrtSetDbgFlag$fin$0 0000000180052a0c     libucrtd:debug_heap.obj
 0004:00002a0c       $pdata$_CrtMemDumpAllObjectsSince$fin$0 0000000180052a0c     libucrtd:debug_heap.obj
 0004:00002a0c       $pdata$_CrtCheckMemory$fin$0 0000000180052a0c     libucrtd:debug_heap.obj
 0004:00002a18       $pdata$?fin$0@?0???$?RV<lambda_5e887d1dcbef67a5eb4283622ba103bf>@@AEAV<lambda_4466841279450cc726390878d4a41900>@@V<lambda_341c25c0346d94847f1f3c463c57e077>@@@?$__crt_seh_guarded_call@X@@QEAAX$$QEAV<lambda_5e887d1dcbef67a5eb4283622ba103bf>@@AEAV<lambda_4466841279450cc726390878d4a41900>@@$$QEAV<lambda_341c25c0346d94847f1f3c463c57e077>@@@Z@4HA 0000000180052a18     libucrtd:per_thread_data.obj
 0004:00002a18       $pdata$?fin$0@?0???$?RV<lambda_441f2315ac0f593d45428a8fceb6abe6>@@AEAV<lambda_2f900415df1f7f624cdaaefe86d0b1c0>@@V<lambda_1d10a5a8ccb596b49763520e59d5af47>@@@?$__crt_seh_guarded_call@X@@QEAAX$$QEAV<lambda_441f2315ac0f593d45428a8fceb6abe6>@@AEAV<lambda_2f900415df1f7f624cdaaefe86d0b1c0>@@$$QEAV<lambda_1d10a5a8ccb596b49763520e59d5af47>@@@Z@4HA 0000000180052a18     libucrtd:mbctype.obj
 0004:00002a18       $pdata$?fin$0@?0???$?RV<lambda_72d1df2b273a38828b1ce30cbf4cdab5>@@AEAV<lambda_876a65b173b8412d3a47c70a915b0cf4>@@V<lambda_41932305e351933ebe8f8be3ed8bb5dc>@@@?$__crt_seh_guarded_call@X@@QEAAX$$QEAV<lambda_72d1df2b273a38828b1ce30cbf4cdab5>@@AEAV<lambda_876a65b173b8412d3a47c70a915b0cf4>@@$$QEAV<lambda_41932305e351933ebe8f8be3ed8bb5dc>@@@Z@4HA 0000000180052a18     libucrtd:per_thread_data.obj
 0004:00002a18       $pdata$?fin$0@?0???$?RV<lambda_8773731b9ba2edf4362dda13ebc82854>@@AEAV<lambda_6ac21da2756cd333d25ba1adc9a0001e>@@V<lambda_2c95662d60720604e97e3009a1ee1859>@@@?$__crt_seh_guarded_call@X@@QEAAX$$QEAV<lambda_8773731b9ba2edf4362dda13ebc82854>@@AEAV<lambda_6ac21da2756cd333d25ba1adc9a0001e>@@$$QEAV<lambda_2c95662d60720604e97e3009a1ee1859>@@@Z@4HA 0000000180052a18     libucrtd:per_thread_data.obj
 0004:00002a18       $pdata$?fin$0@?0???$?RV<lambda_fb3a7dec4e47f37f22dae91bb15c9095>@@AEAV<lambda_698284760c8add0bfb0756c19673e34b>@@V<lambda_dfb8eca1e75fef3034a8fb18dd509707>@@@?$__crt_seh_guarded_call@X@@QEAAX$$QEAV<lambda_fb3a7dec4e47f37f22dae91bb15c9095>@@AEAV<lambda_698284760c8add0bfb0756c19673e34b>@@$$QEAV<lambda_dfb8eca1e75fef3034a8fb18dd509707>@@@Z@4HA 0000000180052a18     libucrtd:per_thread_data.obj
 0004:00002a24       $pdata$__acrt_update_thread_multibyte_data$fin$0 0000000180052a24     libucrtd:mbctype.obj
 0004:00002a30       $pdata$__acrt_initialize_lowio$fin$0 0000000180052a30     libucrtd:ioinit.obj
 0004:00002a3c       $pdata$raise$fin$0         0000000180052a3c     libucrtd:signal.obj
 0004:00002a48       $pdata$_VCrtDbgReportA$fin$0 0000000180052a48     libucrtd:dbgrptt.obj
 0004:00002a54       $pdata$_VCrtDbgReportA$fin$1 0000000180052a54     libucrtd:dbgrptt.obj
 0004:00002a60       $pdata$_VCrtDbgReportW$fin$0 0000000180052a60     libucrtd:dbgrptt.obj
 0004:00002a6c       $pdata$_VCrtDbgReportW$fin$1 0000000180052a6c     libucrtd:dbgrptt.obj
 0004:00002a78       $pdata$?dtor$0@?0??fp_format_a@@YAHQEBNPEAD_KQEAD2H_NIQEAU__crt_locale_pointers@@@Z@4HA 0000000180052a78     libucrtd:cvt.obj
 0004:00002a84       $pdata$_ctrlfp$filt$0      0000000180052a84     libucrtd:fpctrl.obj
 0004:00002a90       $pdata$__acrt_uninitialize_locale$fin$0 0000000180052a90     libucrtd:wsetlocale.obj
 0004:00002a90       $pdata$__acrt_update_thread_locale_data$fin$0 0000000180052a90     libucrtd:locale_refcounting.obj
 0004:00002a9c       $pdata$__acrt_lowio_ensure_fh_exists$fin$0 0000000180052a9c     libucrtd:osfinfo.obj
 0004:00002aa8       $pdata$common_flush_all$fin$0 0000000180052aa8     libucrtd:fflush.obj
 0004:00002ab4       $pdata$common_flush_all$fin$1 0000000180052ab4     libucrtd:fflush.obj
 0004:00002ac0       $pdata$?dtor$0@?0??_wcstombs_l_helper@@YA_KPEADPEB_W_KPEAU__crt_locale_pointers@@@Z@4HA 0000000180052ac0     libucrtd:wcstombs.obj
 0004:00002acc       $pdata$_fcloseall$fin$0    0000000180052acc     libucrtd:closeall.obj
 0004:00002ad8       $pdata$common_control87$filt$0 0000000180052ad8     libucrtd:ieee.obj
 0004:00002ae4       $pdata$_write$fin$0        0000000180052ae4     libucrtd:write.obj
 0004:00002af0       $pdata$fclose$fin$0        0000000180052af0     libucrtd:fclose.obj
 0004:00002afc       $pdata$?fin$0@?0???$?RV<lambda_4f1f1a84956f0d44b74de224c960ff76>@@AEAV<lambda_a8f98972ebaa5f7148d35bffe53bd70d>@@V<lambda_f6ca65dda28655a1cf758c1c4e38e52a>@@@?$__crt_seh_guarded_call@H@@QEAAH$$QEAV<lambda_4f1f1a84956f0d44b74de224c960ff76>@@AEAV<lambda_a8f98972ebaa5f7148d35bffe53bd70d>@@$$QEAV<lambda_f6ca65dda28655a1cf758c1c4e38e52a>@@@Z@4HA 0000000180052afc     libucrtd:close.obj
 0004:00002afc       $pdata$?fin$0@?0???$?RV<lambda_2ce24b26f23dade10250ef086380d911>@@AEAV<lambda_e9ab68cc08dfd839979545c079379e6e>@@V<lambda_6262c464c96e4c69799ed44814c7c457>@@@?$__crt_seh_guarded_call@H@@QEAAH$$QEAV<lambda_2ce24b26f23dade10250ef086380d911>@@AEAV<lambda_e9ab68cc08dfd839979545c079379e6e>@@$$QEAV<lambda_6262c464c96e4c69799ed44814c7c457>@@@Z@4HA 0000000180052afc     libucrtd:commit.obj
 0004:00002b08       $pdata$_IsNonwritableInCurrentImage$filt$0 0000000180052b08     LIBCMTD:pesect.obj
 0004:00002b14       $pdata$_CallSETranslator$filt$0 0000000180052b14     libvcruntimed:trnsctrl.obj
 0004:00002b20       $pdata$__CxxCallCatchBlock$filt$0 0000000180052b20     libvcruntimed:frame.obj
 0004:00002b2c       $pdata$__CxxCallCatchBlock$fin$1 0000000180052b2c     libvcruntimed:frame.obj
 0004:00002b38       $pdata$__DestructExceptionObject$filt$0 0000000180052b38     libvcruntimed:frame.obj
 0004:00002b44       $pdata$__FrameUnwindToState$filt$0 0000000180052b44     libvcruntimed:frame.obj
 0004:00002b50       $pdata$__FrameUnwindToState$fin$1 0000000180052b50     libvcruntimed:frame.obj
